 cgamex86

 Timestamp is 54b9fe52 (Sat Jan 17 00:16:50 2015)

 Preferred load address is 30000000

 Start         Length     Name                   Class
 0001:00000000 00028a88H .text                   CODE
 0002:00000000 000000dcH .idata$5                DATA
 0002:000000e0 00006a08H .rdata                  DATA
 0002:00006af0 00000008H .rdata$sxdata           DATA
 0002:00006af8 00000004H .rtc$IAA                DATA
 0002:00006afc 00000004H .rtc$IZZ                DATA
 0002:00006b00 00000004H .rtc$TAA                DATA
 0002:00006b04 00000004H .rtc$TZZ                DATA
 0002:00006b08 00000014H .idata$2                DATA
 0002:00006b1c 00000014H .idata$3                DATA
 0002:00006b30 000000dcH .idata$4                DATA
 0002:00006c0c 000003d8H .idata$6                DATA
 0002:00006ff0 00000059H .edata                  DATA
 0003:00000000 00000004H .CRT$XCA                DATA
 0003:00000004 00000004H .CRT$XCAA               DATA
 0003:00000008 00000004H .CRT$XCZ                DATA
 0003:0000000c 00000004H .CRT$XIA                DATA
 0003:00000010 00000010H .CRT$XIC                DATA
 0003:00000020 00000004H .CRT$XIZ                DATA
 0003:00000024 00000004H .CRT$XPA                DATA
 0003:00000028 00000004H .CRT$XPX                DATA
 0003:0000002c 00000004H .CRT$XPZ                DATA
 0003:00000030 00000004H .CRT$XTA                DATA
 0003:00000034 00000004H .CRT$XTZ                DATA
 0003:00000040 000038a4H .data                   DATA
 0003:00003900 002e18a0H .bss                    DATA

  Address         Publics by Value              Rva+Base     Lib:Object

 0000:00000000       __except_list              00000000     <absolute>
 0000:00000002       ___safe_se_handler_count   00000002     <absolute>
 0001:00000000       _BG_FindItemForPowerup     30001000 f   bg_misc.obj
 0001:00000050       _BG_FindItemForHoldable    30001050 f   bg_misc.obj
 0001:000000a0       _BG_CanItemBeGrabbed       300010a0 f   bg_misc.obj
 0001:00000230       _BG_EvaluateTrajectory     30001230 f   bg_misc.obj
 0001:000003c0       _BG_EvaluateTrajectoryDelta 300013c0 f   bg_misc.obj
 0001:000004c0       _BG_AddPredictableEventToPlayerstate 300014c0 f   bg_misc.obj
 0001:000004f0       _BG_TouchJumpPad           300014f0 f   bg_misc.obj
 0001:000005a0       _BG_PlayerStateToEntityState 300015a0 f   bg_misc.obj
 0001:00000810       _BG_PlayerTouchesItem      30001810 f   bg_misc.obj
 0001:000008b0       _PM_AddEvent               300018b0 f   bg_pmove.obj
 0001:000008d0       _PM_AddTouchEnt            300018d0 f   bg_pmove.obj
 0001:000009b0       _PM_ClipVelocity           300019b0 f   bg_pmove.obj
 0001:00002df0       _PM_UpdateViewAngles       30003df0 f   bg_pmove.obj
 0001:00002ec0       _PmoveSingle               30003ec0 f   bg_pmove.obj
 0001:00003220       _Pmove                     30004220 f   bg_pmove.obj
 0001:000032b0       _PM_SlideMove              300042b0 f   bg_slidemove.obj
 0001:000039a0       _PM_StepSlideMove          300049a0 f   bg_slidemove.obj
 0001:00003cf0       _CG_TargetCommand_f        30004cf0 f   cg_consolecmds.obj
 0001:00004070       _CG_ConsoleCommand         30005070 f   cg_consolecmds.obj
 0001:000040b0       _CG_InitConsoleCommands    300050b0 f   cg_consolecmds.obj
 0001:000041f0       _CG_Draw3DModel            300051f0 f   cg_draw.obj
 0001:00004320       _CG_DrawHead               30005320 f   cg_draw.obj
 0001:00004430       _CG_DrawFlagModel          30005430 f   cg_draw.obj
 0001:00004890       _CG_DrawTeamBackground     30005890 f   cg_draw.obj
 0001:000065d0       _CG_AddLagometerFrameInfo  300075d0 f   cg_draw.obj
 0001:00006600       _CG_AddLagometerSnapshotInfo 30007600 f   cg_draw.obj
 0001:00006a80       _CG_CenterPrint            30007a80 f   cg_draw.obj
 0001:00007560       _CG_DrawActive             30008560 f   cg_draw.obj
 0001:000076a0       _CG_AdjustFrom640          300086a0 f   cg_drawtools.obj
 0001:000076e0       _CG_FillRect               300086e0 f   cg_drawtools.obj
 0001:00007750       _CG_DrawPic                30008750 f   cg_drawtools.obj
 0001:000077b0       _CG_DrawChar               300087b0 f   cg_drawtools.obj
 0001:00007870       _CG_DrawStringExt          30008870 f   cg_drawtools.obj
 0001:000079f0       _CG_DrawBigString          300089f0 f   cg_drawtools.obj
 0001:00007a40       _CG_DrawBigStringColor     30008a40 f   cg_drawtools.obj
 0001:00007a70       _CG_DrawSmallString        30008a70 f   cg_drawtools.obj
 0001:00007ac0       _CG_DrawSmallStringColor   30008ac0 f   cg_drawtools.obj
 0001:00007af0       _CG_DrawStrlen             30008af0 f   cg_drawtools.obj
 0001:00007ba0       _CG_TileClear              30008ba0 f   cg_drawtools.obj
 0001:00007c40       _CG_FadeColor              30008c40 f   cg_drawtools.obj
 0001:00007cb0       _CG_GetColorForHealth      30008cb0 f   cg_drawtools.obj
 0001:00007d60       _CG_ColorForHealth         30008d60 f   cg_drawtools.obj
 0001:00007d90       _UI_ProportionalStringWidth 30008d90 f   cg_drawtools.obj
 0001:00007f20       _UI_DrawProportionalString 30008f20 f   cg_drawtools.obj
 0001:00008100       _CG_BubbleTrail            30009100 f   cg_effects.obj
 0001:000083b0       _CG_SmokePuff              300093b0 f   cg_effects.obj
 0001:00008540       _CG_SpawnEffect            30009540 f   cg_effects.obj
 0001:00008600       _CG_ScorePlum              30009600 f   cg_effects.obj
 0001:00008730       _CG_MakeExplosion          30009730 f   cg_effects.obj
 0001:000088d0       _CG_Bleed                  300098d0 f   cg_effects.obj
 0001:00008980       _CG_LaunchGib              30009980 f   cg_effects.obj
 0001:00008a70       _CG_GibPlayer              30009a70 f   cg_effects.obj
 0001:00009170       _CG_PositionEntityOnTag    3000a170 f   cg_ents.obj
 0001:00009250       _CG_PositionRotatedEntityOnTag 3000a250 f   cg_ents.obj
 0001:00009340       _CG_SetEntitySoundPosition 3000a340 f   cg_ents.obj
 0001:00009ea0       _CG_Beam                   3000aea0 f   cg_ents.obj
 0001:0000a040       _CG_AdjustPositionForMover 3000b040 f   cg_ents.obj
 0001:0000a610       _CG_AddPacketEntities      3000b610 f   cg_ents.obj
 0001:0000a770       _CG_PlaceString            3000b770 f   cg_event.obj
 0001:0000ad90       _CG_PainEvent              3000bd90 f   cg_event.obj
 0001:0000ae10       _CG_EntityEvent            3000be10 f   cg_event.obj
 0001:0000c0f0       _CG_CheckEvents            3000d0f0 f   cg_event.obj
 0001:0000c250       _CG_LoadingString          3000d250 f   cg_info.obj
 0001:0000c270       _CG_LoadingItem            3000d270 f   cg_info.obj
 0001:0000c2d0       _CG_LoadingClient          3000d2d0 f   cg_info.obj
 0001:0000c470       _CG_DrawInformation        3000d470 f   cg_info.obj
 0001:0000c7e0       _CG_InitLocalEntities      3000d7e0 f   cg_localents.obj
 0001:0000c830       _CG_FreeLocalEntity        3000d830 f   cg_localents.obj
 0001:0000c870       _CG_AllocLocalEntity       3000d870 f   cg_localents.obj
 0001:0000c8f0       _CG_BloodTrail             3000d8f0 f   cg_localents.obj
 0001:0000c9c0       _CG_FragmentBounceMark     3000d9c0 f   cg_localents.obj
 0001:0000caa0       _CG_FragmentBounceSound    3000daa0 f   cg_localents.obj
 0001:0000cb00       _CG_ReflectVelocity        3000db00 f   cg_localents.obj
 0001:0000cc20       _CG_AddFragment            3000dc20 f   cg_localents.obj
 0001:0000cdf0       _CG_AddFadeRGB             3000ddf0 f   cg_localents.obj
 0001:0000d300       _CG_AddScorePlum           3000e300 f   cg_localents.obj
 0001:0000d5a0       _CG_AddLocalEntities       3000e5a0 f   cg_localents.obj
 0001:0000d690       _CG_RegisterCvars          3000e690 f   cg_main.obj
 0001:0000d760       _CG_CrosshairPlayer        3000e760 f   cg_main.obj
 0001:0000d780       _CG_LastAttacker           3000e780 f   cg_main.obj
 0001:0000d7a0       _CG_Printf                 3000e7a0 f   cg_main.obj
 0001:0000d7d0       _CG_Error                  3000e7d0 f   cg_main.obj
 0001:0000d800       _Com_Error                 3000e800 f   cg_main.obj
 0001:0000d840       _Com_Printf                3000e840 f   cg_main.obj
 0001:0000d880       _CG_Argv                   3000e880 f   cg_main.obj
 0001:0000d970       _CG_BuildSpectatorString   3000e970 f   cg_main.obj
 0001:0000d9f0       _CG_ConfigString           3000e9f0 f   cg_main.obj
 0001:0000da20       _CG_StartMusic             3000ea20 f   cg_main.obj
 0001:0000dae0       _CG_UpdateCvars            3000eae0 f   cg_main.obj
 0001:0000ea20       _CG_Init                   3000fa20 f   cg_main.obj
 0001:0000ec00       _vmMain                    3000fc00 f   cg_main.obj
 0001:0000ec90       _CG_InitMarkPolys          3000fc90 f   cg_marks.obj
 0001:0000ece0       _CG_AllocMark              3000fce0 f   cg_marks.obj
 0001:0000eda0       _CG_AddMarks               3000fda0 f   cg_marks.obj
 0001:0000ef70       _CG_ClearParticles         3000ff70 f   cg_marks.obj
 0001:0000f070       _CG_AddParticleToScene     30010070 f   cg_marks.obj
 0001:00010a30       _CG_AddParticles           30011a30 f   cg_marks.obj
 0001:00010d10       _CG_ParticleExplosion      30011d10 f   cg_marks.obj
 0001:00010e60       _CG_ImpactMark             30011e60 f   cg_marks.obj
 0001:00011280       _CG_CustomSound            30012280 f   cg_players.obj
 0001:00013600       _CG_AddRefEntityWithPowerups 30014600 f   cg_players.obj
 0001:000136c0       _CG_Player                 300146c0 f   cg_players.obj
 0001:000139d0       _CG_ResetPlayerEntity      300149d0 f   cg_players.obj
 0001:00013f20       _CG_NewClientInfo          30014f20 f   cg_players.obj
 0001:00014370       _CG_LoadDeferredPlayers    30015370 f   cg_players.obj
 0001:000143d0       _CG_CheckAmmo              300153d0 f   cg_playerstate.obj
 0001:00014470       _CG_DamageFeedback         30015470 f   cg_playerstate.obj
 0001:00014750       _CG_Respawn                30015750 f   cg_playerstate.obj
 0001:00014780       _CG_CheckPlayerstateEvents 30015780 f   cg_playerstate.obj
 0001:000148a0       _CG_CheckLocalSounds       300158a0 f   cg_playerstate.obj
 0001:00014c50       _CG_TransitionPlayerState  30015c50 f   cg_playerstate.obj
 0001:00014d70       _CG_BuildSolidList         30015d70 f   cg_predict.obj
 0001:00014ff0       _CG_Trace                  30015ff0 f   cg_predict.obj
 0001:00015080       _CG_PointContents          30016080 f   cg_predict.obj
 0001:00015460       _CG_PredictPlayerState     30016460 f   cg_predict.obj
 0001:00015ec0       _CG_DrawOldScoreboard      30016ec0 f   cg_scoreboard.obj
 0001:00016390       _CG_DrawOldTourneyScoreboard 30017390 f   cg_scoreboard.obj
 0001:00016870       _CG_ParseServerinfo        30017870 f   cg_servercmds.obj
 0001:00016a00       _CG_SetConfigValues        30017a00 f   cg_servercmds.obj
 0001:00016a80       _CG_ShaderStateChanged     30017a80 f   cg_servercmds.obj
 0001:00016f90       _CG_PlayBufferedVoiceChats 30017f90 f   cg_servercmds.obj
 0001:000172a0       _CG_ExecuteNewServerCommands 300182a0 f   cg_servercmds.obj
 0001:00017360       _CG_SetInitialSnapshot     30018360 f   cg_snapshot.obj
 0001:000177b0       _CG_ProcessSnapshots       300187b0 f   cg_snapshot.obj
 0001:000178d0       _dllEntry                  300188d0 f   cg_syscalls.obj
 0001:000178e0       _trap_Print                300188e0 f   cg_syscalls.obj
 0001:00017900       _trap_Error                30018900 f   cg_syscalls.obj
 0001:00017920       _trap_Milliseconds         30018920 f   cg_syscalls.obj
 0001:00017930       _trap_Cvar_Register        30018930 f   cg_syscalls.obj
 0001:00017950       _trap_Cvar_Update          30018950 f   cg_syscalls.obj
 0001:00017970       _trap_Cvar_Set             30018970 f   cg_syscalls.obj
 0001:00017990       _trap_Cvar_VariableStringBuffer 30018990 f   cg_syscalls.obj
 0001:000179b0       _trap_Argc                 300189b0 f   cg_syscalls.obj
 0001:000179c0       _trap_Argv                 300189c0 f   cg_syscalls.obj
 0001:000179e0       _trap_Args                 300189e0 f   cg_syscalls.obj
 0001:00017a00       _trap_FS_FOpenFile         30018a00 f   cg_syscalls.obj
 0001:00017a20       _trap_FS_Read              30018a20 f   cg_syscalls.obj
 0001:00017a40       _trap_FS_FCloseFile        30018a40 f   cg_syscalls.obj
 0001:00017a60       _trap_SendConsoleCommand   30018a60 f   cg_syscalls.obj
 0001:00017a80       _trap_AddCommand           30018a80 f   cg_syscalls.obj
 0001:00017aa0       _trap_SendClientCommand    30018aa0 f   cg_syscalls.obj
 0001:00017ac0       _trap_UpdateScreen         30018ac0 f   cg_syscalls.obj
 0001:00017ad0       _trap_CM_LoadMap           30018ad0 f   cg_syscalls.obj
 0001:00017af0       _trap_CM_NumInlineModels   30018af0 f   cg_syscalls.obj
 0001:00017b00       _trap_CM_InlineModel       30018b00 f   cg_syscalls.obj
 0001:00017b20       _trap_CM_TempBoxModel      30018b20 f   cg_syscalls.obj
 0001:00017b40       _trap_CM_PointContents     30018b40 f   cg_syscalls.obj
 0001:00017b60       _trap_CM_TransformedPointContents 30018b60 f   cg_syscalls.obj
 0001:00017b80       _trap_CM_BoxTrace          30018b80 f   cg_syscalls.obj
 0001:00017bb0       _trap_CM_TransformedBoxTrace 30018bb0 f   cg_syscalls.obj
 0001:00017bf0       _trap_CM_MarkFragments     30018bf0 f   cg_syscalls.obj
 0001:00017c20       _trap_S_StartSound         30018c20 f   cg_syscalls.obj
 0001:00017c40       _trap_S_StartLocalSound    30018c40 f   cg_syscalls.obj
 0001:00017c60       _trap_S_ClearLoopingSounds 30018c60 f   cg_syscalls.obj
 0001:00017c80       _trap_S_AddLoopingSound    30018c80 f   cg_syscalls.obj
 0001:00017ca0       _trap_S_AddRealLoopingSound 30018ca0 f   cg_syscalls.obj
 0001:00017cc0       _trap_S_StopLoopingSound   30018cc0 f   cg_syscalls.obj
 0001:00017ce0       _trap_S_UpdateEntityPosition 30018ce0 f   cg_syscalls.obj
 0001:00017d00       _trap_S_Respatialize       30018d00 f   cg_syscalls.obj
 0001:00017d20       _trap_S_RegisterSound      30018d20 f   cg_syscalls.obj
 0001:00017d40       _trap_S_StartBackgroundTrack 30018d40 f   cg_syscalls.obj
 0001:00017d60       _trap_R_LoadWorldMap       30018d60 f   cg_syscalls.obj
 0001:00017d80       _trap_R_RegisterModel      30018d80 f   cg_syscalls.obj
 0001:00017da0       _trap_R_RegisterSkin       30018da0 f   cg_syscalls.obj
 0001:00017dc0       _trap_R_RegisterShader     30018dc0 f   cg_syscalls.obj
 0001:00017de0       _trap_R_RegisterShaderNoMip 30018de0 f   cg_syscalls.obj
 0001:00017e00       _trap_R_ClearScene         30018e00 f   cg_syscalls.obj
 0001:00017e10       _trap_R_AddRefEntityToScene 30018e10 f   cg_syscalls.obj
 0001:00017e30       _trap_R_AddPolyToScene     30018e30 f   cg_syscalls.obj
 0001:00017e50       _trap_R_AddLightToScene    30018e50 f   cg_syscalls.obj
 0001:00017ea0       _trap_R_RenderScene        30018ea0 f   cg_syscalls.obj
 0001:00017ec0       _trap_R_SetColor           30018ec0 f   cg_syscalls.obj
 0001:00017ee0       _trap_R_DrawStretchPic     30018ee0 f   cg_syscalls.obj
 0001:00017f60       _trap_R_ModelBounds        30018f60 f   cg_syscalls.obj
 0001:00017f80       _trap_R_LerpTag            30018f80 f   cg_syscalls.obj
 0001:00017fb0       _trap_R_RemapShader        30018fb0 f   cg_syscalls.obj
 0001:00017fd0       _trap_GetGlconfig          30018fd0 f   cg_syscalls.obj
 0001:00017ff0       _trap_GetGameState         30018ff0 f   cg_syscalls.obj
 0001:00018010       _trap_GetCurrentSnapshotNumber 30019010 f   cg_syscalls.obj
 0001:00018030       _trap_GetSnapshot          30019030 f   cg_syscalls.obj
 0001:00018050       _trap_GetServerCommand     30019050 f   cg_syscalls.obj
 0001:00018070       _trap_GetCurrentCmdNumber  30019070 f   cg_syscalls.obj
 0001:00018080       _trap_GetUserCmd           30019080 f   cg_syscalls.obj
 0001:000180a0       _trap_SetUserCmdValue      300190a0 f   cg_syscalls.obj
 0001:000180c0       _trap_MemoryRemaining      300190c0 f   cg_syscalls.obj
 0001:000180d0       _trap_PC_ReadToken         300190d0 f   cg_syscalls.obj
 0001:000180f0       _trap_PC_SourceFileAndLine 300190f0 f   cg_syscalls.obj
 0001:00018110       _trap_SnapVector           30019110 f   cg_syscalls.obj
 0001:00018130       _CG_TestModel_f            30019130 f   cg_view.obj
 0001:00018250       _CG_TestGun_f              30019250 f   cg_view.obj
 0001:00018270       _CG_TestModelNextFrame_f   30019270 f   cg_view.obj
 0001:00018290       _CG_TestModelPrevFrame_f   30019290 f   cg_view.obj
 0001:000182c0       _CG_TestModelNextSkin_f    300192c0 f   cg_view.obj
 0001:000182e0       _CG_TestModelPrevSkin_f    300192e0 f   cg_view.obj
 0001:00018b00       _CG_ZoomDown_f             30019b00 f   cg_view.obj
 0001:00018b20       _CG_ZoomUp_f               30019b20 f   cg_view.obj
 0001:00019140       _CG_AddBufferedSound       3001a140 f   cg_view.obj
 0001:000191f0       _CG_DrawActiveFrame        3001a1f0 f   cg_view.obj
 0001:00019a80       _CG_RailTrail              3001aa80 f   cg_weapons.obj
 0001:0001a380       _CG_GrappleTrail           3001b380 f   cg_weapons.obj
 0001:0001a500       _CG_RegisterItemVisuals    3001b500 f   cg_weapons.obj
 0001:0001acc0       _CG_NextWeapon_f           3001bcc0 f   cg_weapons.obj
 0001:0001ae00       _CG_PrevWeapon_f           3001be00 f   cg_weapons.obj
 0001:0001af50       _CG_Weapon_f               3001bf50 f   cg_weapons.obj
 0001:0001afb0       _CG_OutOfAmmoChange        3001bfb0 f   cg_weapons.obj
 0001:0001b000       _CG_FireWeapon             3001c000 f   cg_weapons.obj
 0001:0001b0d0       _CG_MissileHitWall         3001c0d0 f   cg_weapons.obj
 0001:0001b470       _CG_MissileHitPlayer       3001c470 f   cg_weapons.obj
 0001:0001b710       _CG_ShotgunFire            3001c710 f   cg_weapons.obj
 0001:0001b820       _CG_Tracer                 3001c820 f   cg_weapons.obj
 0001:0001bcb0       _CG_Bullet                 3001ccb0 f   cg_weapons.obj
 0001:0001bdf0       _CG_RegisterWeapon         3001cdf0 f   cg_weapons.obj
 0001:0001c4c0       _CG_AddPlayerWeapon        3001d4c0 f   cg_weapons.obj
 0001:0001c930       _CG_AddViewWeapon          3001d930 f   cg_weapons.obj
 0001:0001cbb0       _CG_DrawWeaponSelect       3001dbb0 f   cg_weapons.obj
 0001:0001cd80       _Q_random                  3001dd80 f   q_math.obj
 0001:0001cdb0       _Q_crandom                 3001ddb0 f   q_math.obj
 0001:0001cde0       _ByteToDir                 3001dde0 f   q_math.obj
 0001:0001ce40       _vectoangles               3001de40 f   q_math.obj
 0001:0001cf50       _AxisClear                 3001df50 f   q_math.obj
 0001:0001cf80       _AxisCopy                  3001df80 f   q_math.obj
 0001:0001cfc0       _ProjectPointOnPlane       3001dfc0 f   q_math.obj
 0001:0001d040       _LerpAngle                 3001e040 f   q_math.obj
 0001:0001d090       _AngleSubtract             3001e090 f   q_math.obj
 0001:0001d0f0       _AnglesSubtract            3001e0f0 f   q_math.obj
 0001:0001d130       _AngleMod                  3001e130 f   q_math.obj
 0001:0001d160       _AngleNormalize180         3001e160 f   q_math.obj
 0001:0001d1a0       _VectorNormalize           3001e1a0 f   q_math.obj
 0001:0001d200       _VectorNormalize2          3001e200 f   q_math.obj
 0001:0001d270       _MatrixMultiply            3001e270 f   q_math.obj
 0001:0001d360       _AngleVectors              3001e360 f   q_math.obj
 0001:0001d4a0       _PerpendicularVector       3001e4a0 f   q_math.obj
 0001:0001d590       _RotatePointAroundVector   3001e590 f   q_math.obj
 0001:0001d790       _RotateAroundDirection     3001e790 f   q_math.obj
 0001:0001d820       _AnglesToAxis              3001e820 f   q_math.obj
 0001:0001d870       _COM_StripExtension        3001e870 f   q_shared.obj
 0001:0001d8a0       _COM_ParseExt              3001e8a0 f   q_shared.obj
 0001:0001da10       _Q_strrchr                 3001ea10 f   q_shared.obj
 0001:0001da40       _Q_strncpyz                3001ea40 f   q_shared.obj
 0001:0001daa0       _Q_stricmpn                3001eaa0 f   q_shared.obj
 0001:0001db20       _Q_stricmp                 3001eb20 f   q_shared.obj
 0001:0001db50       _Q_strcat                  3001eb50 f   q_shared.obj
 0001:0001dba0       _Q_PrintStrlen             3001eba0 f   q_shared.obj
 0001:0001dbe0       _Q_CleanStr                3001ebe0 f   q_shared.obj
 0001:0001dc30       _Com_sprintf               3001ec30 f   q_shared.obj
 0001:0001dcb0       _va                        3001ecb0 f   q_shared.obj
 0001:0001dcf0       _Info_ValueForKey          3001ecf0 f   q_shared.obj
 0001:0001ddf0       _COM_Parse                 3001edf0 f   q_shared.obj
 0001:0001de00       _UI_Alloc                  3001ee00 f   ui_shared.obj
 0001:0001de90       _String_Alloc              3001ee90 f   ui_shared.obj
 0001:0001dfa0       _PC_SourceError            3001efa0 f   ui_shared.obj
 0001:0001e010       _Float_Parse               3001f010 f   ui_shared.obj
 0001:0001e040       _PC_Float_Parse            3001f040 f   ui_shared.obj
 0001:0001e0e0       _Color_Parse               3001f0e0 f   ui_shared.obj
 0001:0001e130       _PC_Color_Parse            3001f130 f   ui_shared.obj
 0001:0001e180       _Int_Parse                 3001f180 f   ui_shared.obj
 0001:0001e1b0       _PC_Int_Parse              3001f1b0 f   ui_shared.obj
 0001:0001e240       _Rect_Parse                3001f240 f   ui_shared.obj
 0001:0001e2c0       _PC_Rect_Parse             3001f2c0 f   ui_shared.obj
 0001:0001e320       _PC_Script_Parse           3001f320 f   ui_shared.obj
 0001:0001e450       _Item_SetScreenCoords      3001f450 f   ui_shared.obj
 0001:0001e4a0       _Menu_ItemsMatchingGroup   3001f4a0 f   ui_shared.obj
 0001:0001e510       _Menu_GetMatchingItemByNumber 3001f510 f   ui_shared.obj
 0001:0001e590       _Script_SetColor           3001f590 f   ui_shared.obj
 0001:0001e660       _Script_SetAsset           3001f660 f   ui_shared.obj
 0001:0001e680       _Script_SetBackground      3001f680 f   ui_shared.obj
 0001:0001e6c0       _Menu_FindItemByName       3001f6c0 f   ui_shared.obj
 0001:0001e720       _Script_SetTeamColor       3001f720 f   ui_shared.obj
 0001:0001e770       _Script_SetItemColor       3001f770 f   ui_shared.obj
 0001:0001e8b0       _Menu_ShowItemByName       3001f8b0 f   ui_shared.obj
 0001:0001e930       _Menu_FadeItemByName       3001f930 f   ui_shared.obj
 0001:0001e990       _Menus_FindByName          3001f990 f   ui_shared.obj
 0001:0001e9e0       _Script_Show               3001f9e0 f   ui_shared.obj
 0001:0001ea20       _Script_Hide               3001fa20 f   ui_shared.obj
 0001:0001ea60       _Script_FadeIn             3001fa60 f   ui_shared.obj
 0001:0001eaa0       _Script_FadeOut            3001faa0 f   ui_shared.obj
 0001:0001eae0       _Menu_TransitionItemByName 3001fae0 f   ui_shared.obj
 0001:0001ec70       _Script_Transition         3001fc70 f   ui_shared.obj
 0001:0001ed60       _Menu_OrbitItemByName      3001fd60 f   ui_shared.obj
 0001:0001ee30       _Script_Orbit              3001fe30 f   ui_shared.obj
 0001:0001ef10       _Script_SetPlayerModel     3001ff10 f   ui_shared.obj
 0001:0001ef50       _Script_SetPlayerHead      3001ff50 f   ui_shared.obj
 0001:0001ef90       _Script_SetCvar            3001ff90 f   ui_shared.obj
 0001:0001efe0       _Script_Exec               3001ffe0 f   ui_shared.obj
 0001:0001f020       _Script_Play               30020020 f   ui_shared.obj
 0001:0001f070       _Script_playLooped         30020070 f   ui_shared.obj
 0001:0001f0b0       _Item_RunScript            300200b0 f   ui_shared.obj
 0001:0001f230       _Menus_Activate            30020230 f   ui_shared.obj
 0001:0001f2c0       _Menu_GetFocused           300202c0 f   ui_shared.obj
 0001:0001f300       _Menus_ActivateByName      30020300 f   ui_shared.obj
 0001:0001f3a0       _Item_ValidateTypeData     300203a0 f   ui_shared.obj
 0001:0001f480       _KeywordHash_Key           30020480 f   ui_shared.obj
 0001:0001f4d0       _ItemParse_name            300204d0 f   ui_shared.obj
 0001:0001f520       _ItemParse_focusSound      30020520 f   ui_shared.obj
 0001:0001f580       _ItemParse_group           30020580 f   ui_shared.obj
 0001:0001f5d0       _ItemParse_asset_model     300205d0 f   ui_shared.obj
 0001:0001f650       _ItemParse_asset_shader    30020650 f   ui_shared.obj
 0001:0001f6b0       _ItemParse_model_origin    300206b0 f   ui_shared.obj
 0001:0001f710       _ItemParse_elementwidth    30020710 f   ui_shared.obj
 0001:0001f710       _ItemParse_model_fovx      30020710 f   ui_shared.obj
 0001:0001f740       _ItemParse_elementheight   30020740 f   ui_shared.obj
 0001:0001f740       _ItemParse_model_fovy      30020740 f   ui_shared.obj
 0001:0001f770       _ItemParse_model_rotation  30020770 f   ui_shared.obj
 0001:0001f7a0       _ItemParse_model_angle     300207a0 f   ui_shared.obj
 0001:0001f7d0       _ItemParse_rect            300207d0 f   ui_shared.obj
 0001:0001f7f0       _MenuParse_style           300207f0 f   ui_shared.obj
 0001:0001f7f0       _ItemParse_style           300207f0 f   ui_shared.obj
 0001:0001f810       _ItemParse_decoration      30020810 f   ui_shared.obj
 0001:0001f820       _ItemParse_notselectable   30020820 f   ui_shared.obj
 0001:0001f860       _ItemParse_wrapped         30020860 f   ui_shared.obj
 0001:0001f880       _ItemParse_autowrapped     30020880 f   ui_shared.obj
 0001:0001f8a0       _ItemParse_horizontalscroll 300208a0 f   ui_shared.obj
 0001:0001f8c0       _ItemParse_type            300208c0 f   ui_shared.obj
 0001:0001f8f0       _ItemParse_elementtype     300208f0 f   ui_shared.obj
 0001:0001f930       _ItemParse_columns         30020930 f   ui_shared.obj
 0001:0001fa10       _MenuParse_border          30020a10 f   ui_shared.obj
 0001:0001fa10       _ItemParse_border          30020a10 f   ui_shared.obj
 0001:0001fa30       _ItemParse_bordersize      30020a30 f   ui_shared.obj
 0001:0001fa30       _MenuParse_borderSize      30020a30 f   ui_shared.obj
 0001:0001fa50       _ItemParse_ownerdraw       30020a50 f   ui_shared.obj
 0001:0001fa80       _ItemParse_textalign       30020a80 f   ui_shared.obj
 0001:0001faa0       _ItemParse_textaligny      30020aa0 f   ui_shared.obj
 0001:0001fac0       _ItemParse_textscale       30020ac0 f   ui_shared.obj
 0001:0001fae0       _ItemParse_textstyle       30020ae0 f   ui_shared.obj
 0001:0001fb00       _ItemParse_backcolor       30020b00 f   ui_shared.obj
 0001:0001fb50       _ItemParse_forecolor       30020b50 f   ui_shared.obj
 0001:0001fbb0       _ItemParse_bordercolor     30020bb0 f   ui_shared.obj
 0001:0001fc00       _MenuParse_outlinecolor    30020c00 f   ui_shared.obj
 0001:0001fc00       _ItemParse_outlinecolor    30020c00 f   ui_shared.obj
 0001:0001fc20       _ItemParse_cinematic       30020c20 f   ui_shared.obj
 0001:0001fc20       _MenuParse_cinematic       30020c20 f   ui_shared.obj
 0001:0001fc70       _ItemParse_doubleClick     30020c70 f   ui_shared.obj
 0001:0001fcb0       _ItemParse_onFocus         30020cb0 f   ui_shared.obj
 0001:0001fcd0       _ItemParse_leaveFocus      30020cd0 f   ui_shared.obj
 0001:0001fcf0       _ItemParse_mouseEnter      30020cf0 f   ui_shared.obj
 0001:0001fd10       _ItemParse_mouseExit       30020d10 f   ui_shared.obj
 0001:0001fd30       _ItemParse_mouseEnterText  30020d30 f   ui_shared.obj
 0001:0001fd50       _ItemParse_mouseExitText   30020d50 f   ui_shared.obj
 0001:0001fd70       _ItemParse_action          30020d70 f   ui_shared.obj
 0001:0001fd90       _ItemParse_feeder          30020d90 f   ui_shared.obj
 0001:0001fd90       _ItemParse_special         30020d90 f   ui_shared.obj
 0001:0001fdb0       _ItemParse_cvarTest        30020db0 f   ui_shared.obj
 0001:0001fe00       _ItemParse_cvar            30020e00 f   ui_shared.obj
 0001:0001fe70       _ItemParse_maxChars        30020e70 f   ui_shared.obj
 0001:0001fec0       _ItemParse_maxPaintChars   30020ec0 f   ui_shared.obj
 0001:0001ff10       _ItemParse_cvarFloat       30020f10 f   ui_shared.obj
 0001:0001ffc0       _ItemParse_cvarStrList     30020fc0 f   ui_shared.obj
 0001:000200d0       _ItemParse_cvarFloatList   300210d0 f   ui_shared.obj
 0001:000201d0       _ItemParse_addColorRange   300211d0 f   ui_shared.obj
 0001:00020270       _MenuParse_ownerdrawFlag   30021270 f   ui_shared.obj
 0001:00020270       _ItemParse_ownerdrawFlag   30021270 f   ui_shared.obj
 0001:000202a0       _ItemParse_enableCvar      300212a0 f   ui_shared.obj
 0001:000202d0       _ItemParse_disableCvar     300212d0 f   ui_shared.obj
 0001:00020310       _ItemParse_showCvar        30021310 f   ui_shared.obj
 0001:00020350       _ItemParse_hideCvar        30021350 f   ui_shared.obj
 0001:00020390       _Item_Parse                30021390 f   ui_shared.obj
 0001:000204a0       _MenuParse_font            300214a0 f   ui_shared.obj
 0001:00020520       _MenuParse_name            30021520 f   ui_shared.obj
 0001:00020580       _MenuParse_fullscreen      30021580 f   ui_shared.obj
 0001:000205a0       _MenuParse_rect            300215a0 f   ui_shared.obj
 0001:000205c0       _ItemParse_visible         300215c0 f   ui_shared.obj
 0001:000205c0       _MenuParse_visible         300215c0 f   ui_shared.obj
 0001:000205f0       _MenuParse_onOpen          300215f0 f   ui_shared.obj
 0001:00020610       _MenuParse_onClose         30021610 f   ui_shared.obj
 0001:00020630       _MenuParse_onESC           30021630 f   ui_shared.obj
 0001:00020650       _MenuParse_backcolor       30021650 f   ui_shared.obj
 0001:000206a0       _MenuParse_forecolor       300216a0 f   ui_shared.obj
 0001:000206f0       _MenuParse_bordercolor     300216f0 f   ui_shared.obj
 0001:00020740       _MenuParse_focuscolor      30021740 f   ui_shared.obj
 0001:00020790       _MenuParse_disablecolor    30021790 f   ui_shared.obj
 0001:000207e0       _MenuParse_background      300217e0 f   ui_shared.obj
 0001:000207e0       _ItemParse_background      300217e0 f   ui_shared.obj
 0001:00020840       _MenuParse_ownerdraw       30021840 f   ui_shared.obj
 0001:00020860       _MenuParse_popup           30021860 f   ui_shared.obj
 0001:00020880       _MenuParse_outOfBounds     30021880 f   ui_shared.obj
 0001:000208a0       _ItemParse_text            300218a0 f   ui_shared.obj
 0001:000208a0       _MenuParse_soundLoop       300218a0 f   ui_shared.obj
 0001:000208f0       _MenuParse_fadeClamp       300218f0 f   ui_shared.obj
 0001:00020910       _ItemParse_textalignx      30021910 f   ui_shared.obj
 0001:00020910       _MenuParse_fadeAmount      30021910 f   ui_shared.obj
 0001:00020930       _ItemParse_align           30021930 f   ui_shared.obj
 0001:00020930       _MenuParse_fadeCycle       30021930 f   ui_shared.obj
 0001:00020950       _MenuParse_itemDef         30021950 f   ui_shared.obj
 0001:00020a40       _Menu_ClearFocus           30021a40 f   ui_shared.obj
 0001:00020ab0       _Menus_CloseByName         30021ab0 f   ui_shared.obj
 0001:00020b00       _Script_Open               30021b00 f   ui_shared.obj
 0001:00020b30       _Script_ConditionalOpen    30021b30 f   ui_shared.obj
 0001:00020bc0       _Script_Close              30021bc0 f   ui_shared.obj
 0001:00020bf0       _Script_SetFocus           30021bf0 f   ui_shared.obj
 0001:00020c80       __fpclear                  30021c80 f   LIBC:fpinit.obj
 0001:00020c81       __cfltcvt_init             30021c81 f   LIBC:fpinit.obj
 0001:00020cb9       __fpmath                   30021cb9 f   LIBC:fpinit.obj
 0001:00020cd8       __ftol2                    30021cd8 f   LIBC:ftol2.obj
 0001:00020d4d       _atol                      30021d4d f   LIBC:atox.obj
 0001:00020da5       _atoi                      30021da5 f   LIBC:atox.obj
 0001:00020daa       _rand                      30021daa f   LIBC:rand.obj
 0001:00020dcd       _vsprintf                  30021dcd f   LIBC:vsprintf.obj
 0001:00020e30       _floor                     30021e30 f   LIBC:floor_pentium4.obj
 0001:00020e70       __floor_pentium4           30021e70 f   LIBC:floor_pentium4.obj
 0001:00020f51       _atof                      30021f51 f   LIBC:atof.obj
 0001:00020fa0       __alloca_probe             30021fa0     LIBC:chkstk.obj
 0001:00020fa0       __chkstk                   30021fa0 f   LIBC:chkstk.obj
 0001:00020fe0       __CIacos                   30021fe0 f   LIBC:acos.obj
 0001:00020ff4       _acos                      30021ff4     LIBC:acos.obj
 0001:000210c0       _strchr                    300220c0 f   LIBC:strchr.obj
 0001:000210c6       ___from_strstr_to_strchr   300220c6     LIBC:strchr.obj
 0001:00021180       _strncpy                   30022180 f   LIBC:strncpy.obj
 0001:000212b0       _strstr                    300222b0 f   LIBC:strstr.obj
 0001:00021336       _tolower                   30022336 f   LIBC:tolower.obj
 0001:00021410       _memmove                   30022410 f   LIBC:memmove.obj
 0001:0002174d       __CRT_INIT@12              3002274d f   LIBC:dllcrt0.obj
 0001:00021858       __DllMainCRTStartup@12     30022858 f   LIBC:dllcrt0.obj
 0001:0002193c       __amsg_exit                3002293c f   LIBC:dllcrt0.obj
 0001:0002196f       __forcdecpt                3002296f f   LIBC:cvt.obj
 0001:000219c7       __cropzeros                300229c7 f   LIBC:cvt.obj
 0001:00021a12       __positive                 30022a12 f   LIBC:cvt.obj
 0001:00021a2c       __fassign                  30022a2c f   LIBC:cvt.obj
 0001:00021a87       __cftoe                    30022a87 f   LIBC:cvt.obj
 0001:00021b78       __cftof                    30022b78 f   LIBC:cvt.obj
 0001:00021c55       __cftog                    30022c55 f   LIBC:cvt.obj
 0001:00021cff       __cfltcvt                  30022cff f   LIBC:cvt.obj
 0001:00021d50       __setdefaultprecision      30022d50 f   LIBC:fp8.obj
 0001:00021d62       __ms_p5_test_fdiv          30022d62 f   LIBC:testfdiv.obj
 0001:00021da2       __ms_p5_mp_test_fdiv       30022da2 f   LIBC:testfdiv.obj
 0001:00021dcb       __ismbcspace               30022dcb f   LIBC:ismbspc.obj
 0001:00021e60       __allmul                   30022e60 f   LIBC:llmul.obj
 0001:00021e94       __flsbuf                   30022e94 f   LIBC:_flsbuf.obj
 0001:00022038       __output                   30023038 f   LIBC:output.obj
 0001:00022832       ___libm_error_support      30023832 f   LIBC:libm_error.obj
 0001:00022af3       ___sse2_available_init     30023af3 f   LIBC:cpu_disp.obj
 0001:00022bc1       __floor_default            30023bc1 f   LIBC:floor.obj
 0001:00022c94       __fltin                    30023c94 f   LIBC:cfin.obj
 0001:00022d30       _strlen                    30023d30 f   LIBC:strlen.obj
 0001:00022dbb       __isctype                  30023dbb f   LIBC:isctype.obj
 0001:00022e40       __trandisp1                30023e40 f   LIBC:87disp.obj
 0001:00022ea7       __trandisp2                30023ea7 f   LIBC:87disp.obj
 0001:00022f33       __rttospopde               30023f33     LIBC:87disp.obj
 0001:00022f38       __rttospop                 30023f38     LIBC:87disp.obj
 0001:00022f3a       __rtnospop                 30023f3a     LIBC:87disp.obj
 0001:00022f3c       __rttosnpop                30023f3c     LIBC:87disp.obj
 0001:00022f3d       __rtnospopde               30023f3d     LIBC:87disp.obj
 0001:00022f44       __rtzeropop                30023f44     LIBC:87disp.obj
 0001:00022f46       __rtzeronpop               30023f46     LIBC:87disp.obj
 0001:00022f4b       __rtonepop                 30023f4b     LIBC:87disp.obj
 0001:00022f4d       __rtonenpop                30023f4d     LIBC:87disp.obj
 0001:00022f52       __tosnan1                  30023f52     LIBC:87disp.obj
 0001:00022f7d       __nosnan2                  30023f7d     LIBC:87disp.obj
 0001:00022f7f       __tosnan2                  30023f7f     LIBC:87disp.obj
 0001:00022fa7       __nan2                     30023fa7     LIBC:87disp.obj
 0001:00022fe6       __rtindfpop                30023fe6     LIBC:87disp.obj
 0001:00022fe8       __rtindfnpop               30023fe8     LIBC:87disp.obj
 0001:00022ff9       __rttosnpopde              30023ff9     LIBC:87disp.obj
 0001:00023003       __rtchsifneg               30024003     LIBC:87disp.obj
 0001:00023010       __startTwoArgErrorHandling 30024010 f   LIBC:genexcep.obj
 0001:00023027       __startOneArgErrorHandling 30024027 f   LIBC:genexcep.obj
 0001:00023070       __twoToTOS                 30024070 f   LIBC:common.obj
 0001:00023085       __load_CW                  30024085 f   LIBC:common.obj
 0001:0002309c       __convertTOStoQNaN         3002409c f   LIBC:common.obj
 0001:000230b5       __fload_withFB             300240b5 f   LIBC:common.obj
 0001:000230f8       __checkTOS_withFB          300240f8 f   LIBC:common.obj
 0001:0002310e       __fast_exit                3002410e f   LIBC:common.obj
 0001:0002311b       __math_exit                3002411b f   LIBC:common.obj
 0001:00023145       __check_overflow_exit      30024145 f   LIBC:common.obj
 0001:00023159       __check_range_exit         30024159 f   LIBC:common.obj
 0001:000231fc       ___crtLCMapStringA         300241fc f   LIBC:a_map.obj
 0001:000235b8       ___crtExitProcess          300245b8 f   LIBC:crt0dat.obj
 0001:000235e8       __cinit                    300245e8 f   LIBC:crt0dat.obj
 0001:00023713       __exit                     30024713 f   LIBC:crt0dat.obj
 0001:00023724       __cexit                    30024724 f   LIBC:crt0dat.obj
 0001:00023733       __ioinit                   30024733 f   LIBC:ioinit.obj
 0001:000238de       __ioterm                   300248de f   LIBC:ioinit.obj
 0001:00023901       __setenvp                  30024901 f   LIBC:stdenvp.obj
 0001:00023b34       __setargv                  30024b34 f   LIBC:stdargv.obj
 0001:00023bd6       ___heap_select             30024bd6 f   LIBC:heapinit.obj
 0001:00023bf0       __heap_init                30024bf0 f   LIBC:heapinit.obj
 0001:00023c41       __heap_term                30024c41 f   LIBC:heapinit.obj
 0001:00023cc0       ___crtGetEnvironmentStringsA 30024cc0 f   LIBC:a_env.obj
 0001:00023de2       __RTC_Initialize           30024de2 f   LIBC:initsect.obj
 0001:00023e26       __RTC_Terminate            30024e26 f   LIBC:initsect.obj
 0001:00023e6a       __XcptFilter               30024e6a f   LIBC:winxfltr.obj
 0001:00023fdb       ___CppXcptFilter           30024fdb f   LIBC:winxfltr.obj
 0001:00023ff6       _DllMain@12                30024ff6 f   LIBC:dllmain.obj
 0001:00024018       __SEH_prolog               30025018 f   LIBC:sehprolg.obj
 0001:00024053       __SEH_epilog               30025053 f   LIBC:sehprolg.obj
 0001:0002406c       __except_handler3          3002506c f   LIBC:exsup3.obj
 0001:00024152       __seh_longjmp_unwind@4     30025152 f   LIBC:exsup3.obj
 0001:0002416d       __NMSG_WRITE               3002516d f   LIBC:crt0msg.obj
 0001:000242e4       __FF_MSGBANNER             300252e4 f   LIBC:crt0msg.obj
 0001:0002431d       __ZeroTail                 3002531d f   LIBC:intrncvt.obj
 0001:0002434f       __IncMan                   3002534f f   LIBC:intrncvt.obj
 0001:0002439c       __RoundMan                 3002539c f   LIBC:intrncvt.obj
 0001:0002440e       __CopyMan                  3002540e f   LIBC:intrncvt.obj
 0001:00024429       __IsZeroMan                30025429 f   LIBC:intrncvt.obj
 0001:00024442       __ShrMan                   30025442 f   LIBC:intrncvt.obj
 0001:000244bd       __ld12cvt                  300254bd f   LIBC:intrncvt.obj
 0001:00024615       __ld12tod                  30025615 f   LIBC:intrncvt.obj
 0001:0002462b       __ld12tof                  3002562b f   LIBC:intrncvt.obj
 0001:00024641       __atodbl                   30025641 f   LIBC:intrncvt.obj
 0001:0002467e       __atoflt                   3002567e f   LIBC:intrncvt.obj
 0001:000246c0       _strcpy                    300256c0 f   LIBC:strcat.obj
 0001:000246d0       _strcat                    300256d0 f   LIBC:strcat.obj
 0001:000247b8       __fptostr                  300257b8 f   LIBC:_fptostr.obj
 0001:0002482f       ___dtold                   3002582f f   LIBC:cfout.obj
 0001:000248e9       __fltout                   300258e9 f   LIBC:cfout.obj
 0001:00024960       _memset                    30025960 f   LIBC:memset.obj
 0001:000249c0       __fptrap                   300259c0 f   LIBC:crt0fp.obj
 0001:00024ae9       __control87                30025ae9 f   LIBC:ieee87.obj
 0001:00024b1b       __controlfp                30025b1b f   LIBC:ieee87.obj
 0001:00024b31       ___crtGetStringTypeA       30025b31 f   LIBC:a_str.obj
 0001:00024ecf       __setmbcp                  30025ecf f   LIBC:mbctype.obj
 0001:000250b5       ___initmbctable            300260b5 f   LIBC:mbctype.obj
 0001:000250d3       __lseek                    300260d3 f   LIBC:lseek.obj
 0001:0002515f       __write                    3002615f f   LIBC:write.obj
 0001:0002534f       __getbuf                   3002634f f   LIBC:_getbuf.obj
 0001:00025393       __isatty                   30026393 f   LIBC:isatty.obj
 0001:000253ba       ___initstdio               300263ba f   LIBC:_file.obj
 0001:00025460       ___endstdio                30026460 f   LIBC:_file.obj
 0001:00025474       _free                      30026474 f   LIBC:free.obj
 0001:000254ac       __heap_alloc               300264ac f   LIBC:malloc.obj
 0001:000254f2       __nh_malloc                300264f2 f   LIBC:malloc.obj
 0001:0002551e       _malloc                    3002651e f   LIBC:malloc.obj
 0001:00025530       _wctomb                    30026530 f   LIBC:wctomb.obj
 0001:000255c7       @__security_check_cookie@4 300265c7 f   LIBC:secchk.obj
 0001:000255e0       __aulldvrm                 300265e0 f   LIBC:ulldvrm.obj
 0001:00025675       __matherr                  30026675 f   LIBC:matherr.obj
 0001:00025680       _strncmp                   30026680 f   LIBC:strncmp.obj
 0001:000256b9       __raise_exc                300266b9 f   LIBC:fpexcept.obj
 0001:0002595e       __handle_exc               3002695e f   LIBC:fpexcept.obj
 0001:00025b82       __set_errno                30026b82 f   LIBC:fpexcept.obj
 0001:00025ba8       __errcode                  30026ba8 f   LIBC:fpexcept.obj
 0001:00025bd5       __umatherr                 30026bd5 f   LIBC:fpexcept.obj
 0001:00025c75       __handle_qnan1             30026c75 f   LIBC:fpexcept.obj
 0001:00025cc7       __except1                  30026cc7 f   LIBC:fpexcept.obj
 0001:00025d7f       __frnd                     30026d7f f   LIBC:frnd.obj
 0001:00025d90       __set_exp                  30026d90 f   LIBC:util.obj
 0001:00025dba       __sptype                   30026dba f   LIBC:util.obj
 0001:00025e15       __decomp                   30026e15 f   LIBC:util.obj
 0001:00025ed1       __statfp                   30026ed1 f   LIBC:fpctrl.obj
 0001:00025edc       __clrfp                    30026edc f   LIBC:fpctrl.obj
 0001:00025ee8       __ctrlfp                   30026ee8 f   LIBC:fpctrl.obj
 0001:00025f0c       __set_statfp               30026f0c f   LIBC:fpctrl.obj
 0001:00025f62       ___strgtold12              30026f62 f   LIBC:strgtold.obj
 0001:000263e9       __87except                 300273e9 f   LIBC:87except.obj
 0001:000264e1       ___ansicp                  300274e1 f   LIBC:convrtcp.obj
 0001:00026524       ___convertcp               30027524 f   LIBC:convrtcp.obj
 0001:000266ed       __resetstkoflw             300276ed f   LIBC:resetstk.obj
 0001:000267d0       __onexit                   300277d0 f   LIBC:onexit.obj
 0001:00026852       _atexit                    30027852 f   LIBC:onexit.obj
 0001:00026864       ___onexitinit              30027864 f   LIBC:onexit.obj
 0001:0002688c       ___sbh_heap_init           3002788c f   LIBC:sbheap.obj
 0001:000268d4       ___sbh_find_block          300278d4 f   LIBC:sbheap.obj
 0001:000268ff       ___sbh_free_block          300278ff f   LIBC:sbheap.obj
 0001:00026c17       ___sbh_alloc_new_region    30027c17 f   LIBC:sbheap.obj
 0001:00026cce       ___sbh_alloc_new_group     30027cce f   LIBC:sbheap.obj
 0001:00026dd4       ___sbh_resize_block        30027dd4 f   LIBC:sbheap.obj
 0001:000270b3       ___sbh_alloc_block         300280b3 f   LIBC:sbheap.obj
 0001:000273b0       _memcpy                    300283b0 f   LIBC:memcpy.obj
 0001:000276f0       __global_unwind2           300286f0 f   LIBC:exsup.obj
 0001:00027732       __local_unwind2            30028732 f   LIBC:exsup.obj
 0001:0002778a       __NLG_Return2              3002878a     LIBC:exsup.obj
 0001:0002779a       __abnormal_termination     3002879a f   LIBC:exsup.obj
 0001:000277bd       __NLG_Notify1              300287bd f   LIBC:exsup.obj
 0001:000277c6       __NLG_Notify               300287c6 f   LIBC:exsup.obj
 0001:000277d9       __NLG_Dispatch             300287d9     LIBC:exsup.obj
 0001:000277de       __ValidateEH3RN            300287de f   LIBC:eh3valid.obj
 0001:00027a07       ___crtMessageBoxA          30028a07 f   LIBC:crtmbox.obj
 0001:00027b00       ___addl                    30028b00 f   LIBC:mantold.obj
 0001:00027b21       ___add_12                  30028b21 f   LIBC:mantold.obj
 0001:00027b7f       ___shl_12                  30028b7f f   LIBC:mantold.obj
 0001:00027bad       ___shr_12                  30028bad f   LIBC:mantold.obj
 0001:00027bda       ___mtold12                 30028bda f   LIBC:mantold.obj
 0001:00027cb8       _$I10_OUTPUT               30028cb8 f   LIBC:x10fout.obj
 0001:00027f46       _calloc                    30028f46 f   LIBC:calloc.obj
 0001:00027fc1       __dosmaperr                30028fc1 f   LIBC:dosmap.obj
 0001:00028020       __free_osfhnd              30029020 f   LIBC:osfinfo.obj
 0001:0002809a       __get_osfhandle            3002909a f   LIBC:osfinfo.obj
 0001:000280d6       __lseeki64                 300290d6 f   LIBC:lseeki64.obj
 0001:00028175       __fcloseall                30029175 f   LIBC:closeall.obj
 0001:000281cd       __flush                    300291cd f   LIBC:fflush.obj
 0001:0002822a       _fflush                    3002922a f   LIBC:fflush.obj
 0001:000282d2       __flushall                 300292d2 f   LIBC:fflush.obj
 0001:000282db       __callnewh                 300292db f   LIBC:handler.obj
 0001:000282f6       ___security_init_cookie    300292f6 f   LIBC:seccinit.obj
 0001:0002835c       ___security_error_handler  3002935c f   LIBC:secfail.obj
 0001:000284a4       ___ld12mul                 300294a4 f   LIBC:tenpow.obj
 0001:000286d6       ___multtenpow12            300296d6 f   LIBC:tenpow.obj
 0001:0002875c       _realloc                   3002975c f   LIBC:realloc.obj
 0001:000288be       __msize                    300298be f   LIBC:msize.obj
 0001:000288f6       _fclose                    300298f6 f   LIBC:fclose.obj
 0001:0002894c       __commit                   3002994c f   LIBC:commit.obj
 0001:000289a3       __close                    300299a3 f   LIBC:close.obj
 0001:00028a56       __freebuf                  30029a56 f   LIBC:_freebuf.obj
 0001:00028a82       _RtlUnwind@16              30029a82 f   kernel32:KERNEL32.dll
 0002:00000000       __imp__GetCommandLineA@0   3002a000     kernel32:KERNEL32.dll
 0002:00000004       __imp__GetVersionExA@4     3002a004     kernel32:KERNEL32.dll
 0002:00000008       __imp__GetProcAddress@8    3002a008     kernel32:KERNEL32.dll
 0002:0000000c       __imp__GetModuleHandleA@4  3002a00c     kernel32:KERNEL32.dll
 0002:00000010       __imp__LCMapStringA@24     3002a010     kernel32:KERNEL32.dll
 0002:00000014       __imp__WideCharToMultiByte@32 3002a014     kernel32:KERNEL32.dll
 0002:00000018       __imp__MultiByteToWideChar@24 3002a018     kernel32:KERNEL32.dll
 0002:0000001c       __imp__GetLastError@0      3002a01c     kernel32:KERNEL32.dll
 0002:00000020       __imp__LCMapStringW@24     3002a020     kernel32:KERNEL32.dll
 0002:00000024       __imp__ExitProcess@4       3002a024     kernel32:KERNEL32.dll
 0002:00000028       __imp__TerminateProcess@8  3002a028     kernel32:KERNEL32.dll
 0002:0000002c       __imp__GetCurrentProcess@0 3002a02c     kernel32:KERNEL32.dll
 0002:00000030       __imp__SetHandleCount@4    3002a030     kernel32:KERNEL32.dll
 0002:00000034       __imp__GetStdHandle@4      3002a034     kernel32:KERNEL32.dll
 0002:00000038       __imp__GetFileType@4       3002a038     kernel32:KERNEL32.dll
 0002:0000003c       __imp__GetStartupInfoA@4   3002a03c     kernel32:KERNEL32.dll
 0002:00000040       __imp__GetModuleFileNameA@12 3002a040     kernel32:KERNEL32.dll
 0002:00000044       __imp__HeapDestroy@4       3002a044     kernel32:KERNEL32.dll
 0002:00000048       __imp__HeapCreate@12       3002a048     kernel32:KERNEL32.dll
 0002:0000004c       __imp__VirtualFree@12      3002a04c     kernel32:KERNEL32.dll
 0002:00000050       __imp__HeapFree@12         3002a050     kernel32:KERNEL32.dll
 0002:00000054       __imp__FreeEnvironmentStringsA@4 3002a054     kernel32:KERNEL32.dll
 0002:00000058       __imp__GetEnvironmentStrings@0 3002a058     kernel32:KERNEL32.dll
 0002:0000005c       __imp__FreeEnvironmentStringsW@4 3002a05c     kernel32:KERNEL32.dll
 0002:00000060       __imp__GetEnvironmentStringsW@0 3002a060     kernel32:KERNEL32.dll
 0002:00000064       __imp__UnhandledExceptionFilter@4 3002a064     kernel32:KERNEL32.dll
 0002:00000068       __imp__DisableThreadLibraryCalls@4 3002a068     kernel32:KERNEL32.dll
 0002:0000006c       __imp__WriteFile@20        3002a06c     kernel32:KERNEL32.dll
 0002:00000070       __imp__GetStringTypeA@20   3002a070     kernel32:KERNEL32.dll
 0002:00000074       __imp__GetStringTypeW@16   3002a074     kernel32:KERNEL32.dll
 0002:00000078       __imp__GetACP@0            3002a078     kernel32:KERNEL32.dll
 0002:0000007c       __imp__GetOEMCP@0          3002a07c     kernel32:KERNEL32.dll
 0002:00000080       __imp__GetCPInfo@8         3002a080     kernel32:KERNEL32.dll
 0002:00000084       __imp__SetFilePointer@16   3002a084     kernel32:KERNEL32.dll
 0002:00000088       __imp__HeapAlloc@12        3002a088     kernel32:KERNEL32.dll
 0002:0000008c       __imp__RaiseException@16   3002a08c     kernel32:KERNEL32.dll
 0002:00000090       __imp__GetLocaleInfoA@16   3002a090     kernel32:KERNEL32.dll
 0002:00000094       __imp__VirtualProtect@16   3002a094     kernel32:KERNEL32.dll
 0002:00000098       __imp__VirtualAlloc@16     3002a098     kernel32:KERNEL32.dll
 0002:0000009c       __imp__GetSystemInfo@4     3002a09c     kernel32:KERNEL32.dll
 0002:000000a0       __imp__VirtualQuery@12     3002a0a0     kernel32:KERNEL32.dll
 0002:000000a4       __imp__HeapReAlloc@16      3002a0a4     kernel32:KERNEL32.dll
 0002:000000a8       __imp__RtlUnwind@16        3002a0a8     kernel32:KERNEL32.dll
 0002:000000ac       __imp__InterlockedExchange@8 3002a0ac     kernel32:KERNEL32.dll
 0002:000000b0       __imp__LoadLibraryA@4      3002a0b0     kernel32:KERNEL32.dll
 0002:000000b4       __imp__SetStdHandle@8      3002a0b4     kernel32:KERNEL32.dll
 0002:000000b8       __imp__QueryPerformanceCounter@4 3002a0b8     kernel32:KERNEL32.dll
 0002:000000bc       __imp__GetTickCount@0      3002a0bc     kernel32:KERNEL32.dll
 0002:000000c0       __imp__GetCurrentThreadId@0 3002a0c0     kernel32:KERNEL32.dll
 0002:000000c4       __imp__GetCurrentProcessId@0 3002a0c4     kernel32:KERNEL32.dll
 0002:000000c8       __imp__GetSystemTimeAsFileTime@4 3002a0c8     kernel32:KERNEL32.dll
 0002:000000cc       __imp__HeapSize@12         3002a0cc     kernel32:KERNEL32.dll
 0002:000000d0       __imp__FlushFileBuffers@4  3002a0d0     kernel32:KERNEL32.dll
 0002:000000d4       __imp__CloseHandle@4       3002a0d4     kernel32:KERNEL32.dll
 0002:000000d8       \177KERNEL32_NULL_THUNK_DATA 3002a0d8     kernel32:KERNEL32.dll
 0002:000000e0       ??_C@_08GBKLDCBE@EV_TAUNT?$AA@ 3002a0e0     bg_misc.obj
 0002:000000ec       ??_C@_0BE@OHJHDFJH@EV_STOPLOOPINGSOUND?$AA@ 3002a0ec     bg_misc.obj
 0002:00000100       ??_C@_0O@PBPAKHP@EV_DEBUG_LINE?$AA@ 3002a100     bg_misc.obj
 0002:00000110       ??_C@_0BB@HHACOGHI@EV_LIGHTNINGBOLT?$AA@ 3002a110     bg_misc.obj
 0002:00000124       ??_C@_09GLJGDJEJ@EV_JUICED?$AA@ 3002a124     bg_misc.obj
 0002:00000130       ??_C@_0BA@NHKGBGBA@EV_INVUL_IMPACT?$AA@ 3002a130     bg_misc.obj
 0002:00000140       ??_C@_0BC@LMKNBBLF@EV_OBELISKEXPLODE?$AA@ 3002a140     bg_misc.obj
 0002:00000154       ??_C@_0M@KACLGFEA@EV_KAMIKAZE?$AA@ 3002a154     bg_misc.obj
 0002:00000160       ??_C@_0BK@PIFCIJEJ@EV_PROXIMITY_MINE_TRIGGER?$AA@ 3002a160     bg_misc.obj
 0002:0000017c       ??_C@_0BI@KNJAKDGK@EV_PROXIMITY_MINE_STICK?$AA@ 3002a17c     bg_misc.obj
 0002:00000194       ??_C@_0N@GAJBP@EV_SCOREPLUM?$AA@ 3002a194     bg_misc.obj
 0002:000001a4       ??_C@_0O@JLGFLKBE@EV_GIB_PLAYER?$AA@ 3002a1a4     bg_misc.obj
 0002:000001b4       ??_C@_0BB@EGIJIDAN@EV_POWERUP_REGEN?$AA@ 3002a1b4     bg_misc.obj
 0002:000001c8       ??_C@_0BG@CHAMNADK@EV_POWERUP_BATTLESUIT?$AA@ 3002a1c8     bg_misc.obj
 0002:000001e0       ??_C@_0BA@HLHGHIIE@EV_POWERUP_QUAD?$AA@ 3002a1e0     bg_misc.obj
 0002:000001f0       ??_C@_0M@PPLCDPP@EV_OBITUARY?$AA@ 3002a1f0     bg_misc.obj
 0002:000001fc       ??_C@_09KNGHBIAK@EV_DEATH3?$AA@ 3002a1fc     bg_misc.obj
 0002:00000208       ??_C@_09LEHMCJEL@EV_DEATH2?$AA@ 3002a208     bg_misc.obj
 0002:00000214       ??_C@_09JPFBHKII@EV_DEATH1?$AA@ 3002a214     bg_misc.obj
 0002:00000220       ??_C@_07EMHHKOOH@EV_PAIN?$AA@ 3002a220     bg_misc.obj
 0002:00000228       ??_C@_09ICDIPKFJ@EV_BULLET?$AA@ 3002a228     bg_misc.obj
 0002:00000234       ??_C@_0L@LHBIHDML@EV_SHOTGUN?$AA@ 3002a234     bg_misc.obj
 0002:00000240       ??_C@_0N@HMLLJFGF@EV_RAILTRAIL?$AA@ 3002a240     bg_misc.obj
 0002:00000250       ??_C@_0BG@LPAHEABB@EV_MISSILE_MISS_METAL?$AA@ 3002a250     bg_misc.obj
 0002:00000268       ??_C@_0BA@CAHALNAE@EV_MISSILE_MISS?$AA@ 3002a268     bg_misc.obj
 0002:00000278       ??_C@_0P@JFMFNBMO@EV_MISSILE_HIT?$AA@ 3002a278     bg_misc.obj
 0002:00000288       ??_C@_0BD@MFLMCLPN@EV_BULLET_HIT_WALL?$AA@ 3002a288     bg_misc.obj
 0002:0000029c       ??_C@_0BE@KBABEJMP@EV_BULLET_HIT_FLESH?$AA@ 3002a29c     bg_misc.obj
 0002:000002b0       ??_C@_0BF@DDOIKLHD@EV_GLOBAL_TEAM_SOUND?$AA@ 3002a2b0     bg_misc.obj
 0002:000002c8       ??_C@_0BA@JAMKLOPJ@EV_GLOBAL_SOUND?$AA@ 3002a2c8     bg_misc.obj
 0002:000002d8       ??_C@_0BB@LJGGMAII@EV_GENERAL_SOUND?$AA@ 3002a2d8     bg_misc.obj
 0002:000002ec       ??_C@_0BC@ECIIAFLJ@EV_GRENADE_BOUNCE?$AA@ 3002a2ec     bg_misc.obj
 0002:00000300       ??_C@_0BH@FNNILPIN@EV_PLAYER_TELEPORT_OUT?$AA@ 3002a300     bg_misc.obj
 0002:00000318       ??_C@_0BG@HBBJKNDP@EV_PLAYER_TELEPORT_IN?$AA@ 3002a318     bg_misc.obj
 0002:00000330       ??_C@_0M@ECGFPIMP@EV_ITEM_POP?$AA@ 3002a330     bg_misc.obj
 0002:0000033c       ??_C@_0BA@GJNCODNG@EV_ITEM_RESPAWN?$AA@ 3002a33c     bg_misc.obj
 0002:0000034c       ??_C@_0O@HHGOLJPJ@EV_USE_ITEM15?$AA@ 3002a34c     bg_misc.obj
 0002:0000035c       ??_C@_0O@GOHFIILI@EV_USE_ITEM14?$AA@ 3002a35c     bg_misc.obj
 0002:0000036c       ??_C@_0O@CBDEBOHP@EV_USE_ITEM13?$AA@ 3002a36c     bg_misc.obj
 0002:0000037c       ??_C@_0O@DICPCPDO@EV_USE_ITEM12?$AA@ 3002a37c     bg_misc.obj
 0002:0000038c       ??_C@_0O@BDACHMPN@EV_USE_ITEM11?$AA@ 3002a38c     bg_misc.obj
 0002:0000039c       ??_C@_0O@KBJENLM@EV_USE_ITEM10?$AA@ 3002a39c     bg_misc.obj
 0002:000003ac       ??_C@_0N@PHODCBCK@EV_USE_ITEM9?$AA@ 3002a3ac     bg_misc.obj
 0002:000003bc       ??_C@_0N@OOPIBAGL@EV_USE_ITEM8?$AA@ 3002a3bc     bg_misc.obj
 0002:000003cc       ??_C@_0N@GJGAAMKE@EV_USE_ITEM7?$AA@ 3002a3cc     bg_misc.obj
 0002:000003dc       ??_C@_0N@HAHLDNOF@EV_USE_ITEM6?$AA@ 3002a3dc     bg_misc.obj
 0002:000003ec       ??_C@_0N@FLFGGOCG@EV_USE_ITEM5?$AA@ 3002a3ec     bg_misc.obj
 0002:000003fc       ??_C@_0N@ECENFPGH@EV_USE_ITEM4?$AA@ 3002a3fc     bg_misc.obj
 0002:0000040c       ??_C@_0N@NAMMJKA@EV_USE_ITEM3?$AA@ 3002a40c     bg_misc.obj
 0002:0000041c       ??_C@_0N@BEBHPIOB@EV_USE_ITEM2?$AA@ 3002a41c     bg_misc.obj
 0002:0000042c       ??_C@_0N@DPDKKLCC@EV_USE_ITEM1?$AA@ 3002a42c     bg_misc.obj
 0002:0000043c       ??_C@_0N@CGCBJKGD@EV_USE_ITEM0?$AA@ 3002a43c     bg_misc.obj
 0002:0000044c       ??_C@_0P@PFJPAFGH@EV_FIRE_WEAPON?$AA@ 3002a44c     bg_misc.obj
 0002:0000045c       ??_C@_0BB@ENKPHJLP@EV_CHANGE_WEAPON?$AA@ 3002a45c     bg_misc.obj
 0002:00000470       ??_C@_09NMIICG@EV_NOAMMO?$AA@ 3002a470     bg_misc.obj
 0002:0000047c       ??_C@_0BG@KFILGAMN@EV_GLOBAL_ITEM_PICKUP?$AA@ 3002a47c     bg_misc.obj
 0002:00000494       ??_C@_0P@BGIOEPCB@EV_ITEM_PICKUP?$AA@ 3002a494     bg_misc.obj
 0002:000004a4       ??_C@_0P@NIPCJOBG@EV_WATER_CLEAR?$AA@ 3002a4a4     bg_misc.obj
 0002:000004b4       ??_C@_0P@MIAIODEJ@EV_WATER_UNDER?$AA@ 3002a4b4     bg_misc.obj
 0002:000004c4       ??_C@_0P@LHDMOIIG@EV_WATER_LEAVE?$AA@ 3002a4c4     bg_misc.obj
 0002:000004d4       ??_C@_0P@GCDBKPMP@EV_WATER_TOUCH?$AA@ 3002a4d4     bg_misc.obj
 0002:000004e4       ??_C@_07GKBEHGAP@EV_JUMP?$AA@ 3002a4e4     bg_misc.obj
 0002:000004ec       ??_C@_0M@BPNFGBOJ@EV_JUMP_PAD?$AA@ 3002a4ec     bg_misc.obj
 0002:000004f8       ??_C@_0M@LKJJNJOM@EV_FALL_FAR?$AA@ 3002a4f8     bg_misc.obj
 0002:00000504       ??_C@_0P@MGFLMCKC@EV_FALL_MEDIUM?$AA@ 3002a504     bg_misc.obj
 0002:00000514       ??_C@_0O@EAFDHAJM@EV_FALL_SHORT?$AA@ 3002a514     bg_misc.obj
 0002:00000524       ??_C@_0L@HOOIOPKF@EV_STEP_16?$AA@ 3002a524     bg_misc.obj
 0002:00000530       ??_C@_0L@BKIECKKB@EV_STEP_12?$AA@ 3002a530     bg_misc.obj
 0002:0000053c       ??_C@_09EHOLDGNN@EV_STEP_8?$AA@ 3002a53c     bg_misc.obj
 0002:00000548       ??_C@_09OLFOHJNB@EV_STEP_4?$AA@ 3002a548     bg_misc.obj
 0002:00000554       ??_C@_07FFIIIPLH@EV_SWIM?$AA@ 3002a554     bg_misc.obj
 0002:0000055c       ??_C@_0M@NPJBGELA@EV_FOOTWADE?$AA@ 3002a55c     bg_misc.obj
 0002:00000568       ??_C@_0O@HLJHKIDH@EV_FOOTSPLASH?$AA@ 3002a568     bg_misc.obj
 0002:00000578       ??_C@_0BC@DIJMAMMI@EV_FOOTSTEP_METAL?$AA@ 3002a578     bg_misc.obj
 0002:0000058c       ??_C@_0M@HLKBOJPO@EV_FOOTSTEP?$AA@ 3002a58c     bg_misc.obj
 0002:00000598       ??_C@_07JFMDDPHJ@EV_NONE?$AA@ 3002a598     bg_misc.obj
 0002:000005a0       ??_C@_09MDBFHCAB@Blue?5Flag?$AA@ 3002a5a0     bg_misc.obj
 0002:000005ac       ??_C@_0BB@EMIIAFKA@icons?1iconf_blu1?$AA@ 3002a5ac     bg_misc.obj
 0002:000005c0       ??_C@_0BI@FKICCNIF@models?1flags?1b_flag?4md3?$AA@ 3002a5c0     bg_misc.obj
 0002:000005d8       ??_C@_0BC@NLKCOFAB@team_CTF_blueflag?$AA@ 3002a5d8     bg_misc.obj
 0002:000005ec       ??_C@_08GAOGPIJL@Red?5Flag?$AA@ 3002a5ec     bg_misc.obj
 0002:000005f8       ??_C@_0BB@EMIEBEOP@icons?1iconf_red1?$AA@ 3002a5f8     bg_misc.obj
 0002:0000060c       ??_C@_0BI@PEHEOJEO@models?1flags?1r_flag?4md3?$AA@ 3002a60c     bg_misc.obj
 0002:00000624       ??_C@_0BB@JNMMCIHG@team_CTF_redflag?$AA@ 3002a624     bg_misc.obj
 0002:00000638       ??_C@_06FDKFDAP@Flight?$AA@ 3002a638     bg_misc.obj
 0002:00000640       ??_C@_0N@GLEPEEPG@icons?1flight?$AA@ 3002a640     bg_misc.obj
 0002:00000650       ??_C@_0CI@IADFFEDP@models?1powerups?1instant?1flight_r@ 3002a650     bg_misc.obj
 0002:00000678       ??_C@_0CD@MKDGJOMG@models?1powerups?1instant?1flight?4m@ 3002a678     bg_misc.obj
 0002:0000069c       ??_C@_0BH@COLFHEAE@sound?1items?1flight?4wav?$AA@ 3002a69c     bg_misc.obj
 0002:000006b4       ??_C@_0M@MBNKEMMH@item_flight?$AA@ 3002a6b4     bg_misc.obj
 0002:000006c0       ??_C@_0BG@LHDLOKKN@sound?1items?1regen?4wav?$AA@ 3002a6c0     bg_misc.obj
 0002:000006d8       ??_C@_0N@CBPBLBHG@Regeneration?$AA@ 3002a6d8     bg_misc.obj
 0002:000006e8       ??_C@_0M@FDCLJBFC@icons?1regen?$AA@ 3002a6e8     bg_misc.obj
 0002:000006f4       ??_C@_0CH@FANACKJM@models?1powerups?1instant?1regen_ri@ 3002a6f4     bg_misc.obj
 0002:0000071c       ??_C@_0CC@OEAPIKIN@models?1powerups?1instant?1regen?4md@ 3002a71c     bg_misc.obj
 0002:00000740       ??_C@_0BN@OBGKHNFF@sound?1items?1regeneration?4wav?$AA@ 3002a740     bg_misc.obj
 0002:00000760       ??_C@_0L@MMGPPPDM@item_regen?$AA@ 3002a760     bg_misc.obj
 0002:0000076c       ??_C@_0N@LCCEENAK@Invisibility?$AA@ 3002a76c     bg_misc.obj
 0002:0000077c       ??_C@_0M@FDDJPHJJ@icons?1invis?$AA@ 3002a77c     bg_misc.obj
 0002:00000788       ??_C@_0CH@IMIHJDNC@models?1powerups?1instant?1invis_ri@ 3002a788     bg_misc.obj
 0002:000007b0       ??_C@_0CC@HBONCEML@models?1powerups?1instant?1invis?4md@ 3002a7b0     bg_misc.obj
 0002:000007d4       ??_C@_0BN@OJBEBLGB@sound?1items?1invisibility?4wav?$AA@ 3002a7d4     bg_misc.obj
 0002:000007f4       ??_C@_0L@MMHNJJPH@item_invis?$AA@ 3002a7f4     bg_misc.obj
 0002:00000800       ??_C@_05HOIAGEJD@Speed?$AA@ 3002a800     bg_misc.obj
 0002:00000808       ??_C@_0M@CFINMGCL@icons?1haste?$AA@ 3002a808     bg_misc.obj
 0002:00000814       ??_C@_0CH@KKDDKNEF@models?1powerups?1instant?1haste_ri@ 3002a814     bg_misc.obj
 0002:0000083c       ??_C@_0CC@NKPAJCMI@models?1powerups?1instant?1haste?4md@ 3002a83c     bg_misc.obj
 0002:00000860       ??_C@_0BG@IJMEPCOI@sound?1items?1haste?4wav?$AA@ 3002a860     bg_misc.obj
 0002:00000878       ??_C@_0L@LKMJKIEF@item_haste?$AA@ 3002a878     bg_misc.obj
 0002:00000884       ??_C@_0DA@OCPACKGN@sound?1items?1airout?4wav?5sound?1ite@ 3002a884     bg_misc.obj
 0002:000008b4       ??_C@_0M@ONKEJEFE@Battle?5Suit?$AA@ 3002a8b4     bg_misc.obj
 0002:000008c0       ??_C@_0BB@MGICBJOH@icons?1envirosuit?$AA@ 3002a8c0     bg_misc.obj
 0002:000008d4       ??_C@_0CI@KAEDJDGE@models?1powerups?1instant?1enviro_r@ 3002a8d4     bg_misc.obj
 0002:000008fc       ??_C@_0CD@JLGNIGLA@models?1powerups?1instant?1enviro?4m@ 3002a8fc     bg_misc.obj
 0002:00000920       ??_C@_0BI@DEKBIKDD@sound?1items?1protect?4wav?$AA@ 3002a920     bg_misc.obj
 0002:00000938       ??_C@_0M@HBCGNAN@item_enviro?$AA@ 3002a938     bg_misc.obj
 0002:00000944       ??_C@_0DA@PPPPKFJI@sound?1items?1damage2?4wav?5sound?1it@ 3002a944     bg_misc.obj
 0002:00000974       ??_C@_0M@KOJLOALK@Quad?5Damage?$AA@ 3002a974     bg_misc.obj
 0002:00000980       ??_C@_0L@DICHEOBB@icons?1quad?$AA@ 3002a980     bg_misc.obj
 0002:0000098c       ??_C@_0CG@JNMBMLHJ@models?1powerups?1instant?1quad_rin@ 3002a98c     bg_misc.obj
 0002:000009b4       ??_C@_0CB@HIFGFDGN@models?1powerups?1instant?1quad?4md3@ 3002a9b4     bg_misc.obj
 0002:000009d8       ??_C@_0BL@GLEJLOCA@sound?1items?1quaddamage?4wav?$AA@ 3002a9d8     bg_misc.obj
 0002:000009f4       ??_C@_09MDKNIFFH@item_quad?$AA@ 3002a9f4     bg_misc.obj
 0002:00000a00       ??_C@_0BL@GLIFPGGG@sound?1items?1use_medkit?4wav?$AA@ 3002aa00     bg_misc.obj
 0002:00000a1c       ??_C@_06JDLGEHAD@Medkit?$AA@ 3002aa1c     bg_misc.obj
 0002:00000a24       ??_C@_0N@PNMDFAPK@icons?1medkit?$AA@ 3002aa24     bg_misc.obj
 0002:00000a34       ??_C@_0CL@LOBKLABC@models?1powerups?1holdable?1medkit_@ 3002aa34     bg_misc.obj
 0002:00000a60       ??_C@_0CE@NKMJILL@models?1powerups?1holdable?1medkit?4@ 3002aa60     bg_misc.obj
 0002:00000a84       ??_C@_0BA@PDDMBOCP@holdable_medkit?$AA@ 3002aa84     bg_misc.obj
 0002:00000a94       ??_C@_0BE@PCKJDFFA@Personal?5Teleporter?$AA@ 3002aa94     bg_misc.obj
 0002:00000aa8       ??_C@_0BB@HCFICFKF@icons?1teleporter?$AA@ 3002aaa8     bg_misc.obj
 0002:00000abc       ??_C@_0CI@FHEOFFOB@models?1powerups?1holdable?1telepor@ 3002aabc     bg_misc.obj
 0002:00000ae4       ??_C@_0BJ@PNIOAJDI@sound?1items?1holdable?4wav?$AA@ 3002aae4     bg_misc.obj
 0002:00000b00       ??_C@_0BE@GNEKBMLB@holdable_teleporter?$AA@ 3002ab00     bg_misc.obj
 0002:00000b14       ??_C@_08LIBOGPIN@Bfg?5Ammo?$AA@ 3002ab14     bg_misc.obj
 0002:00000b20       ??_C@_0BA@NIKNDLKG@icons?1icona_bfg?$AA@ 3002ab20     bg_misc.obj
 0002:00000b30       ??_C@_0BP@BOBKFIKJ@models?1powerups?1ammo?1bfgam?4md3?$AA@ 3002ab30     bg_misc.obj
 0002:00000b50       ??_C@_08EHEJHGBG@ammo_bfg?$AA@ 3002ab50     bg_misc.obj
 0002:00000b5c       ??_C@_05INIOBJHH@Slugs?$AA@ 3002ab5c     bg_misc.obj
 0002:00000b64       ??_C@_0BE@DPOADFL@icons?1icona_railgun?$AA@ 3002ab64     bg_misc.obj
 0002:00000b78       ??_C@_0CD@CAJEPMME@models?1powerups?1ammo?1railgunam?4m@ 3002ab78     bg_misc.obj
 0002:00000b9c       ??_C@_0L@JEFOIHIM@ammo_slugs?$AA@ 3002ab9c     bg_misc.obj
 0002:00000ba8       ??_C@_07MLLADOAB@Rockets?$AA@ 3002aba8     bg_misc.obj
 0002:00000bb0       ??_C@_0BD@BFBJLPJK@icons?1icona_rocket?$AA@ 3002abb0     bg_misc.obj
 0002:00000bc4       ??_C@_0CC@KCOEDLFM@models?1powerups?1ammo?1rocketam?4md@ 3002abc4     bg_misc.obj
 0002:00000be8       ??_C@_0N@CLEPKBOE@ammo_rockets?$AA@ 3002abe8     bg_misc.obj
 0002:00000bf8       ??_C@_09JCCOMJEA@Lightning?$AA@ 3002abf8     bg_misc.obj
 0002:00000c04       ??_C@_0BG@MEGMAGOM@icons?1icona_lightning?$AA@ 3002ac04     bg_misc.obj
 0002:00000c1c       ??_C@_0CF@HDAADIIL@models?1powerups?1ammo?1lightningam@ 3002ac1c     bg_misc.obj
 0002:00000c44       ??_C@_0P@NBJHKAMD@ammo_lightning?$AA@ 3002ac44     bg_misc.obj
 0002:00000c54       ??_C@_05KCAMIOGJ@Cells?$AA@ 3002ac54     bg_misc.obj
 0002:00000c5c       ??_C@_0BD@NCNJEHKB@icons?1icona_plasma?$AA@ 3002ac5c     bg_misc.obj
 0002:00000c70       ??_C@_0CC@FGLALJGN@models?1powerups?1ammo?1plasmaam?4md@ 3002ac70     bg_misc.obj
 0002:00000c94       ??_C@_0L@LLNMBAJC@ammo_cells?$AA@ 3002ac94     bg_misc.obj
 0002:00000ca0       ??_C@_08PMBIADEN@Grenades?$AA@ 3002aca0     bg_misc.obj
 0002:00000cac       ??_C@_0BE@LHOKGGAM@icons?1icona_grenade?$AA@ 3002acac     bg_misc.obj
 0002:00000cc0       ??_C@_0CD@HNOBKKLC@models?1powerups?1ammo?1grenadeam?4m@ 3002acc0     bg_misc.obj
 0002:00000ce4       ??_C@_0O@CMJIOKCF@ammo_grenades?$AA@ 3002ace4     bg_misc.obj
 0002:00000cf4       ??_C@_07DHNDKCGP@Bullets?$AA@ 3002acf4     bg_misc.obj
 0002:00000cfc       ??_C@_0BH@HMOAGCNP@icons?1icona_machinegun?$AA@ 3002acfc     bg_misc.obj
 0002:00000d14       ??_C@_0CG@OLENEOKN@models?1powerups?1ammo?1machineguna@ 3002ad14     bg_misc.obj
 0002:00000d3c       ??_C@_0N@NHCMDNIK@ammo_bullets?$AA@ 3002ad3c     bg_misc.obj
 0002:00000d4c       ??_C@_06PBPEPGGL@Shells?$AA@ 3002ad4c     bg_misc.obj
 0002:00000d54       ??_C@_0BE@NMAFHJEI@icons?1icona_shotgun?$AA@ 3002ad54     bg_misc.obj
 0002:00000d68       ??_C@_0CD@MBAGJHDE@models?1powerups?1ammo?1shotgunam?4m@ 3002ad68     bg_misc.obj
 0002:00000d8c       ??_C@_0BH@DPAADLFH@sound?1misc?1am_pkup?4wav?$AA@ 3002ad8c     bg_misc.obj
 0002:00000da4       ??_C@_0M@NLICANGB@ammo_shells?$AA@ 3002ada4     bg_misc.obj
 0002:00000db0       ??_C@_0P@CFJPDDC@Grappling?5Hook?$AA@ 3002adb0     bg_misc.obj
 0002:00000dc0       ??_C@_0BE@DPKNJNBE@icons?1iconw_grapple?$AA@ 3002adc0     bg_misc.obj
 0002:00000dd4       ??_C@_0CE@LFAGANA@models?1weapons2?1grapple?1grapple?4@ 3002add4     bg_misc.obj
 0002:00000df8       ??_C@_0BF@MEMGGPGH@weapon_grapplinghook?$AA@ 3002adf8     bg_misc.obj
 0002:00000e10       ??_C@_06PNKEMFGD@BFG10K?$AA@ 3002ae10     bg_misc.obj
 0002:00000e18       ??_C@_0BA@NCCNKCA@icons?1iconw_bfg?$AA@ 3002ae18     bg_misc.obj
 0002:00000e28       ??_C@_0BM@HHDGGOHP@models?1weapons2?1bfg?1bfg?4md3?$AA@ 3002ae28     bg_misc.obj
 0002:00000e44       ??_C@_0L@JBGNLNGG@weapon_bfg?$AA@ 3002ae44     bg_misc.obj
 0002:00000e50       ??_C@_0L@JFFCGJF@Plasma?5Gun?$AA@ 3002ae50     bg_misc.obj
 0002:00000e5c       ??_C@_0BD@NADHMFK@icons?1iconw_plasma?$AA@ 3002ae5c     bg_misc.obj
 0002:00000e70       ??_C@_0CC@EHGHEDND@models?1weapons2?1plasma?1plasma?4md@ 3002ae70     bg_misc.obj
 0002:00000e94       ??_C@_0BB@LBHAKENA@weapon_plasmagun?$AA@ 3002ae94     bg_misc.obj
 0002:00000ea8       ??_C@_07NMJDHEIK@Railgun?$AA@ 3002aea8     bg_misc.obj
 0002:00000eb0       ??_C@_0BE@CJEOPCPE@icons?1iconw_railgun?$AA@ 3002aeb0     bg_misc.obj
 0002:00000ec4       ??_C@_0CE@JHJFFEBE@models?1weapons2?1railgun?1railgun?4@ 3002aec4     bg_misc.obj
 0002:00000ee8       ??_C@_0P@FEPBKEBF@weapon_railgun?$AA@ 3002aee8     bg_misc.obj
 0002:00000ef8       ??_C@_0O@HOCKKNKE@Lightning?5Gun?$AA@ 3002aef8     bg_misc.obj
 0002:00000f08       ??_C@_0BG@CHEJEOPA@icons?1iconw_lightning?$AA@ 3002af08     bg_misc.obj
 0002:00000f20       ??_C@_0CI@MNAFJDPO@models?1weapons2?1lightning?1lightn@ 3002af20     bg_misc.obj
 0002:00000f48       ??_C@_0BB@OCCEAFCD@weapon_lightning?$AA@ 3002af48     bg_misc.obj
 0002:00000f5c       ??_C@_0BA@DJIGCIDL@Rocket?5Launcher?$AA@ 3002af5c     bg_misc.obj
 0002:00000f6c       ??_C@_0BD@MKMDIEGB@icons?1iconw_rocket?$AA@ 3002af6c     bg_misc.obj
 0002:00000f80       ??_C@_0CE@GGGFLKKE@models?1weapons2?1rocketl?1rocketl?4@ 3002af80     bg_misc.obj
 0002:00000fa4       ??_C@_0BG@HJKONAJE@weapon_rocketlauncher?$AA@ 3002afa4     bg_misc.obj
 0002:00000fc0       ??_C@_0EG@LFEMOCGK@sound?1weapons?1grenade?1hgrenb1a?4w@ 3002afc0     bg_misc.obj
 0002:00001008       ??_C@_0BB@GIEOMMBO@Grenade?5Launcher?$AA@ 3002b008     bg_misc.obj
 0002:0000101c       ??_C@_0BE@JNFKJHKD@icons?1iconw_grenade?$AA@ 3002b01c     bg_misc.obj
 0002:00001030       ??_C@_0CG@INCGOMDL@models?1weapons2?1grenadel?1grenade@ 3002b030     bg_misc.obj
 0002:00001058       ??_C@_0BH@DGCCJPLM@weapon_grenadelauncher?$AA@ 3002b058     bg_misc.obj
 0002:00001070       ??_C@_0L@KDNGMPND@Machinegun?$AA@ 3002b070     bg_misc.obj
 0002:0000107c       ??_C@_0BH@GIACBLNI@icons?1iconw_machinegun?$AA@ 3002b07c     bg_misc.obj
 0002:00001094       ??_C@_0CK@BBPFNIFO@models?1weapons2?1machinegun?1machi@ 3002b094     bg_misc.obj
 0002:000010c0       ??_C@_0BC@HHBNPFPN@weapon_machinegun?$AA@ 3002b0c0     bg_misc.obj
 0002:000010d4       ??_C@_07DGIAOJJ@Shotgun?$AA@ 3002b0d4     bg_misc.obj
 0002:000010dc       ??_C@_0BE@PGLFIIOH@icons?1iconw_shotgun?$AA@ 3002b0dc     bg_misc.obj
 0002:000010f0       ??_C@_0CE@CJGCHKCN@models?1weapons2?1shotgun?1shotgun?4@ 3002b0f0     bg_misc.obj
 0002:00001114       ??_C@_0P@ILAKNOAG@weapon_shotgun?$AA@ 3002b114     bg_misc.obj
 0002:00001124       ??_C@_08ELAHAPJB@Gauntlet?$AA@ 3002b124     bg_misc.obj
 0002:00001130       ??_C@_0BF@PMEPIOCM@icons?1iconw_gauntlet?$AA@ 3002b130     bg_misc.obj
 0002:00001148       ??_C@_0CG@PFPPJBAC@models?1weapons2?1gauntlet?1gauntle@ 3002b148     bg_misc.obj
 0002:00001170       ??_C@_0BG@BBKFHONL@sound?1misc?1w_pkup?4wav?$AA@ 3002b170     bg_misc.obj
 0002:00001188       ??_C@_0BA@CLDPODJE@weapon_gauntlet?$AA@ 3002b188     bg_misc.obj
 0002:00001198       ??_C@_0M@IOJDMPNO@Mega?5Health?$AA@ 3002b198     bg_misc.obj
 0002:000011a4       ??_C@_0BB@EGPGIMOM@icons?1iconh_mega?$AA@ 3002b1a4     bg_misc.obj
 0002:000011b8       ??_C@_0CH@NEGHBKPB@models?1powerups?1health?1mega_sphe@ 3002b1b8     bg_misc.obj
 0002:000011e0       ??_C@_0CG@PDJMMGME@models?1powerups?1health?1mega_cros@ 3002b1e0     bg_misc.obj
 0002:00001208       ??_C@_0BJ@FGLGEHNG@sound?1items?1m_health?4wav?$AA@ 3002b208     bg_misc.obj
 0002:00001224       ??_C@_0BB@PBGAONGH@item_health_mega?$AA@ 3002b224     bg_misc.obj
 0002:00001238       ??_C@_09EBELOOOD@50?5Health?$AA@ 3002b238     bg_misc.obj
 0002:00001244       ??_C@_0BA@IGNANAGL@icons?1iconh_red?$AA@ 3002b244     bg_misc.obj
 0002:00001254       ??_C@_0CI@CEEMEFNH@models?1powerups?1health?1large_sph@ 3002b254     bg_misc.obj
 0002:0000127c       ??_C@_0CH@NHFAKEFE@models?1powerups?1health?1large_cro@ 3002b27c     bg_misc.obj
 0002:000012a4       ??_C@_0BJ@ILCAJOFD@sound?1items?1l_health?4wav?$AA@ 3002b2a4     bg_misc.obj
 0002:000012c0       ??_C@_0BC@JGDLKFIO@item_health_large?$AA@ 3002b2c0     bg_misc.obj
 0002:000012d4       ??_C@_09OJAALANF@25?5Health?$AA@ 3002b2d4     bg_misc.obj
 0002:000012e0       ??_C@_0BD@CDBLAHCA@icons?1iconh_yellow?$AA@ 3002b2e0     bg_misc.obj
 0002:000012f4       ??_C@_0CJ@NCCPDHOD@models?1powerups?1health?1medium_sp@ 3002b2f4     bg_misc.obj
 0002:00001320       ??_C@_0CI@NAEMLIB@models?1powerups?1health?1medium_cr@ 3002b320     bg_misc.obj
 0002:00001348       ??_C@_0BJ@OLHMCLBI@sound?1items?1n_health?4wav?$AA@ 3002b348     bg_misc.obj
 0002:00001364       ??_C@_0M@KCNAKNNL@item_health?$AA@ 3002b364     bg_misc.obj
 0002:00001370       ??_C@_08IAIFJOAI@5?5Health?$AA@ 3002b370     bg_misc.obj
 0002:0000137c       ??_C@_0BC@IMNPBGFF@icons?1iconh_green?$AA@ 3002b37c     bg_misc.obj
 0002:00001390       ??_C@_0CI@MPAPPIIE@models?1powerups?1health?1small_sph@ 3002b390     bg_misc.obj
 0002:000013b8       ??_C@_0CH@JKNLMIJB@models?1powerups?1health?1small_cro@ 3002b3b8     bg_misc.obj
 0002:000013e0       ??_C@_0BJ@BIFHONLM@sound?1items?1s_health?4wav?$AA@ 3002b3e0     bg_misc.obj
 0002:000013fc       ??_C@_0BC@DOHAFEBI@item_health_small?$AA@ 3002b3fc     bg_misc.obj
 0002:00001410       ??_C@_0M@ICCAHGAD@Heavy?5Armor?$AA@ 3002b410     bg_misc.obj
 0002:0000141c       ??_C@_0BA@CEJNPBJG@icons?1iconr_red?$AA@ 3002b41c     bg_misc.obj
 0002:0000142c       ??_C@_0CE@EGJFDJJK@models?1powerups?1armor?1armor_red?4@ 3002b42c     bg_misc.obj
 0002:00001450       ??_C@_0BA@EKKMHIH@item_armor_body?$AA@ 3002b450     bg_misc.obj
 0002:00001460       ??_C@_05JOOFIMIN@Armor?$AA@ 3002b460     bg_misc.obj
 0002:00001468       ??_C@_0BD@BKPFMPMP@icons?1iconr_yellow?$AA@ 3002b468     bg_misc.obj
 0002:0000147c       ??_C@_0CE@PHKMKHKB@models?1powerups?1armor?1armor_yel?4@ 3002b47c     bg_misc.obj
 0002:000014a0       ??_C@_0BI@KNMPECGK@sound?1misc?1ar2_pkup?4wav?$AA@ 3002b4a0     bg_misc.obj
 0002:000014b8       ??_C@_0BC@FPPLPJIL@item_armor_combat?$AA@ 3002b4b8     bg_misc.obj
 0002:000014cc       ??_C@_0M@PJIPIDNH@Armor?5Shard?$AA@ 3002b4cc     bg_misc.obj
 0002:000014d8       ??_C@_0BC@LPFHDODA@icons?1iconr_shard?$AA@ 3002b4d8     bg_misc.obj
 0002:000014ec       ??_C@_0CH@NEKDLKN@models?1powerups?1armor?1shard_sphe@ 3002b4ec     bg_misc.obj
 0002:00001514       ??_C@_0CA@NOFOCCIK@models?1powerups?1armor?1shard?4md3?$AA@ 3002b514     bg_misc.obj
 0002:00001534       ??_C@_0BI@DECNCEGL@sound?1misc?1ar1_pkup?4wav?$AA@ 3002b534     bg_misc.obj
 0002:0000154c       ??_C@_0BB@DDGIAABK@item_armor_shard?$AA@ 3002b54c     bg_misc.obj
 0002:0000155d       ??_C@_00CNPNBAHC@?$AA@     3002b55d     bg_misc.obj
 0002:00001560       ??_C@_0BH@MFGKJDLM@HoldableItem?5not?5found?$AA@ 3002b560     bg_misc.obj
 0002:00001578       ??_C@_0BM@NECGLAIF@BG_CanItemBeGrabbed?3?5IT_BAD?$AA@ 3002b578     bg_misc.obj
 0002:00001594       ??_C@_0CI@MFONMA@BG_CanItemBeGrabbed?3?5index?5out?5o@ 3002b594     bg_misc.obj
 0002:000015bc       ??_C@_0CK@DNBGNAED@BG_EvaluateTrajectory?3?5unknown?5t@ 3002b5bc     bg_misc.obj
 0002:000015e8       __real@4054000000000000    3002b5e8     bg_misc.obj
 0002:000015f0       __real@4079000000000000    3002b5f0     bg_misc.obj
 0002:000015f8       __real@00000000            3002b5f8     bg_misc.obj
 0002:000015fc       __real@40c90fdb            3002b5fc     bg_misc.obj
 0002:00001600       __real@3f50624dd2f1a9fc    3002b600     bg_misc.obj
 0002:00001608       ??_C@_0CP@MCFPOIMF@BG_EvaluateTrajectoryDelta?3?5unkn@ 3002b608     bg_misc.obj
 0002:00001638       __real@44480000            3002b638     bg_misc.obj
 0002:00001640       __real@3fe0000000000000    3002b640     bg_misc.obj
 0002:00001648       __real@42340000            3002b648     bg_misc.obj
 0002:0000164c       __real@c2100000            3002b64c     bg_misc.obj
 0002:00001650       __real@42100000            3002b650     bg_misc.obj
 0002:00001654       __real@c2480000            3002b654     bg_misc.obj
 0002:00001658       __real@42300000            3002b658     bg_misc.obj
 0002:0000165c       __real@3f800000            3002b65c     bg_pmove.obj
 0002:00001660       __real@405fc00000000000    3002b660     bg_pmove.obj
 0002:00001668       __real@43480000            3002b668     bg_pmove.obj
 0002:0000166c       __real@41800000            3002b66c     bg_pmove.obj
 0002:00001670       __real@40800000            3002b670     bg_pmove.obj
 0002:00001674       __real@41f00000            3002b674     bg_pmove.obj
 0002:00001678       __real@3f7fbe87            3002b678     bg_pmove.obj
 0002:0000167c       __real@3f8020c5            3002b67c     bg_pmove.obj
 0002:00001680       __real@41200000            3002b680     bg_pmove.obj
 0002:00001684       __real@42c80000            3002b684     bg_pmove.obj
 0002:00001688       __real@c1800000            3002b688     bg_pmove.obj
 0002:00001690       __real@3ff0000000000000    3002b690     bg_pmove.obj
 0002:00001698       __real@3fd5555555555555    3002b698     bg_pmove.obj
 0002:000016a0       __real@41a00000            3002b6a0     bg_pmove.obj
 0002:000016a8       __real@3ff8000000000000    3002b6a8     bg_pmove.obj
 0002:000016b0       __real@40e00000            3002b6b0     bg_pmove.obj
 0002:000016b4       __real@42200000            3002b6b4     bg_pmove.obj
 0002:000016b8       __real@42700000            3002b6b8     bg_pmove.obj
 0002:000016c0       __real@3fd0000000000000    3002b6c0     bg_pmove.obj
 0002:000016c8       __real@3f1a36e2eb1c432d    3002b6c8     bg_pmove.obj
 0002:000016d0       __real@3f000000            3002b6d0     bg_pmove.obj
 0002:000016d4       ??_C@_0N@KJCNHCBK@?$CFi?3allsolid?6?$AA@ 3002b6d4     bg_pmove.obj
 0002:000016e4       __real@42800000            3002b6e4     bg_pmove.obj
 0002:000016e8       ??_C@_08EOGJDHPF@?$CFi?3lift?6?$AA@ 3002b6e8     bg_pmove.obj
 0002:000016f4       __real@c3480000            3002b6f4     bg_pmove.obj
 0002:000016f8       ??_C@_08KACHPCJN@?$CFi?3Land?6?$AA@ 3002b6f8     bg_pmove.obj
 0002:00001704       ??_C@_09OPMLNNOA@?$CFi?3steep?6?$AA@ 3002b704     bg_pmove.obj
 0002:00001710       __real@3f333333            3002b710     bg_pmove.obj
 0002:00001714       ??_C@_0M@CKJFDFGH@?$CFi?3kickoff?6?$AA@ 3002b714     bg_pmove.obj
 0002:00001720       __real@41c00000            3002b720     bg_pmove.obj
 0002:00001724       __real@41b80000            3002b724     bg_pmove.obj
 0002:00001728       __real@3e99999a            3002b728     bg_pmove.obj
 0002:0000172c       __real@3ecccccd            3002b72c     bg_pmove.obj
 0002:00001730       __real@40a00000            3002b730     bg_pmove.obj
 0002:00001738       __real@3fe89d89d89d89d8    3002b738     bg_pmove.obj
 0002:00001740       __real@3f76800000000000    3002b740     bg_pmove.obj
 0002:00001748       __real@3fb999999999999a    3002b748     bg_slidemove.obj
 0002:00001750       __real@3fefae147ae147ae    3002b750     bg_slidemove.obj
 0002:00001758       ??_C@_0M@CDHDENEF@?$CFi?3stepped?6?$AA@ 3002b758     bg_slidemove.obj
 0002:00001764       __real@41700000            3002b764     bg_slidemove.obj
 0002:00001768       __real@41300000            3002b768     bg_slidemove.obj
 0002:0000176c       __real@40000000            3002b76c     bg_slidemove.obj
 0002:00001770       ??_C@_0BE@FLPNHHPN@?$CFi?3bend?5can?8t?5step?6?$AA@ 3002b770     bg_slidemove.obj
 0002:00001788       __real@3fe6666666666666    3002b788     bg_slidemove.obj
 0002:00001790       __real@41900000            3002b790     bg_slidemove.obj
 0002:00001794       ??_C@_0N@FDCACBMC@loaddeferred?$AA@ 3002b794     cg_consolecmds.obj
 0002:000017a4       ??_C@_0L@FBDGNAPC@startOrbit?$AA@ 3002b7a4     cg_consolecmds.obj
 0002:000017b0       ??_C@_04FNICOANA@tcmd?$AA@ 3002b7b0     cg_consolecmds.obj
 0002:000017b8       ??_C@_0P@KDBBCIM@vtell_attacker?$AA@ 3002b7b8     cg_consolecmds.obj
 0002:000017c8       ??_C@_0N@OKPMAMBK@vtell_target?$AA@ 3002b7c8     cg_consolecmds.obj
 0002:000017d8       ??_C@_0O@CIPPGGPC@tell_attacker?$AA@ 3002b7d8     cg_consolecmds.obj
 0002:000017e8       ??_C@_0M@IEEMCPKO@tell_target?$AA@ 3002b7e8     cg_consolecmds.obj
 0002:000017f4       ??_C@_06GEPNGEJI@weapon?$AA@ 3002b7f4     cg_consolecmds.obj
 0002:000017fc       ??_C@_08DMEBPOGB@weapprev?$AA@ 3002b7fc     cg_consolecmds.obj
 0002:00001808       ??_C@_08IJHOKAF@weapnext?$AA@ 3002b808     cg_consolecmds.obj
 0002:00001814       ??_C@_08KKGKLAHJ@sizedown?$AA@ 3002b814     cg_consolecmds.obj
 0002:00001820       ??_C@_06FCHHJILH@sizeup?$AA@ 3002b820     cg_consolecmds.obj
 0002:00001828       ??_C@_05LGPAMOHI@?9zoom?$AA@ 3002b828     cg_consolecmds.obj
 0002:00001830       ??_C@_05GAKJCNGF@?$CLzoom?$AA@ 3002b830     cg_consolecmds.obj
 0002:00001838       ??_C@_07DLBEELCG@?9scores?$AA@ 3002b838     cg_consolecmds.obj
 0002:00001840       ??_C@_07PNHLECKB@?$CLscores?$AA@ 3002b840     cg_consolecmds.obj
 0002:00001848       ??_C@_07NBKBBFDF@viewpos?$AA@ 3002b848     cg_consolecmds.obj
 0002:00001850       ??_C@_08ONPIGPGM@prevskin?$AA@ 3002b850     cg_consolecmds.obj
[...]
 0003:001e7a40       _cg_ignore                 30219a40     <common>
 0003:001e7b60       _cg_smallFont              30219b60     <common>
 0003:001e7c80       _cg_drawCrosshairNames     30219c80     <common>
 0003:001e7da0       _cg_crosshairX             30219da0     <common>
 0003:001e7ec0       _cg_footsteps              30219ec0     <common>
 0003:001e7fe0       _cg_noVoiceChats           30219fe0     <common>
 0003:001e8100       _cg_teamChatTime           3021a100     <common>
 0003:001e8220       _cg_nopredict              3021a220     <common>
 0003:001e8340       _cg_buildScript            3021a340     <common>
 0003:001e8460       _cg_synchronousClients     3021a460     <common>
 0003:001e8580       _cg_drawAttacker           3021a580     <common>
 0003:001e86a0       _cg_bobpitch               3021a6a0     <common>
 0003:001e87c0       _cg_lagometer              3021a7c0     <common>
 0003:001e88e0       _cg_errorDecay             3021a8e0     <common>
 0003:001e8a00       _cg_teamChatHeight         3021aa00     <common>
 0003:001e8b20       _cg_runroll                3021ab20     <common>
 0003:001e8c40       _cg                        3021ac40     <common>
 0003:00207480       _cg_gibs                   30239480     <common>
 0003:002075a0       _cg_cameraOrbit            302395a0     <common>
 0003:002076c0       _cg_bobup                  302396c0     <common>
 0003:002077e0       _cg_tracerWidth            302397e0     <common>
 0003:00207900       _cg_timescaleFadeSpeed     30239900     <common>
 0003:00207a20       _cg_entities               30239a20     <common>
 0003:002bda20       _pmove_fixed               302efa20     <common>
 0003:002bdb40       _cg_teamOverlayUserinfo    302efb40     <common>
 0003:002bdc60       _cg_brassTime              302efc60     <common>
 0003:002bdd80       _cg_blood                  302efd80     <common>
 0003:002bdea0       _cg_teamChatsOnly          302efea0     <common>
 0003:002bdfc0       _cg_viewsize               302effc0     <common>
 0003:002be0e0       _cg_deferPlayers           302f00e0     <common>
 0003:002be200       _cg_showmiss               302f0200     <common>
 0003:002be320       _cg_noPlayerAnims          302f0320     <common>
 0003:002be440       _cg_crosshairSize          302f0440     <common>
 0003:002be560       _cg_drawIcons              302f0560     <common>
 0003:002be680       _cg_oldRocket              302f0680     <common>
 0003:002be7a0       _cg_predictItems           302f07a0     <common>
 0003:002be8c0       _cg_fov                    302f08c0     <common>
 0003:002be9e0       _cg_paused                 302f09e0     <common>
 0003:002beb00       _cg_thirdPersonAngle       302f0b00     <common>
 0003:002bec20       _cg_tracerLength           302f0c20     <common>
 0003:002bed40       _cg_localEntities          302f0d40     <common>
 0003:002e3540       _cg_freeLocalEntities      30315540     <common>
 0003:002e3560       _cg_activeLocalEntities    30315560     <common>
 0003:002e36a0       _lagometer                 303156a0     <common>
 0003:002e3cc0       _sortedTeamPlayers         30315cc0     <common>
 0003:002e3d40       _numSortedTeamPlayers      30315d40     <common>
 0003:002e3d60       _pml                       30315d60     <common>
 0003:002e3dec       _pm                        30315dec     <common>
 0003:002e3df0       ___sbh_pHeaderDefer        30315df0     <common>
 0003:002e3df4       ___sbh_cntHeaderList       30315df4     <common>
 0003:002e3df8       ___sbh_pHeaderList         30315df8     <common>
 0003:002e3dfc       ___sbh_threshold           30315dfc     <common>
 0003:002e3e00       ___sbh_pHeaderScan         30315e00     <common>
 0003:002e3e04       ___sbh_sizeHeaderList      30315e04     <common>
 0003:002e3e08       ___sbh_indGroupDefer       30315e08     <common>
 0003:002e3e0c       ___piob                    30315e0c     <common>
 0003:002e3e20       __bufin                    30315e20     <common>
 0003:002e4e20       __nstream                  30316e20     <common>
 0003:002e4e24       ___mblcid                  30316e24     <common>
 0003:002e4e28       ___ismbcodepage            30316e28     <common>
 0003:002e4e40       __mbctype                  30316e40     <common>
 0003:002e4f44       ___mbcodepage              30316f44     <common>
 0003:002e4f50       ___mbulinfo                30316f50     <common>
 0003:002e4f60       __mbcasemap                30316f60     <common>
 0003:002e5060       __crtheap                  30317060     <common>
 0003:002e5064       ___active_heap             30317064     <common>
 0003:002e5068       __nhandle                  30317068     <common>
 0003:002e5080       ___pioinfo                 30317080     <common>
 0003:002e5180       ___env_initialized         30317180     <common>
 0003:002e5184       ___onexitend               30317184     <common>
 0003:002e5188       ___onexitbegin             30317188     <common>
 0003:002e518c       ___mbctype_initialized     3031718c     <common>
 0003:002e5190       ___use_sse2_mathfcns       30317190     <common>
 0003:002e5194       ___sse2_available          30317194     <common>
 0003:002e5198       __acmdln                   30317198     <common>
 0003:002e519c       __pRawDllMain              3031719c     <common>

 entry point at        0001:00021858

 Static symbols

 0001:00000910       _PM_StartTorsoAnim         30001910 f   bg_pmove.obj
 0001:00000930       _PM_ContinueLegsAnim       30001930 f   bg_pmove.obj
 0001:00000970       _PM_ForceLegsAnim          30001970 f   bg_pmove.obj
 0001:00000a10       _PM_Friction               30001a10 f   bg_pmove.obj
 0001:00000b40       _PM_Accelerate             30001b40 f   bg_pmove.obj
 0001:00000bc0       _PM_CmdScale               30001bc0 f   bg_pmove.obj
 0001:00000c50       _PM_SetMovementDir         30001c50 f   bg_pmove.obj
 0001:00000d20       _PM_CheckJump              30001d20 f   bg_pmove.obj
 0001:00000de0       _PM_CheckWaterJump         30001de0 f   bg_pmove.obj
 0001:00000f40       _PM_WaterJumpMove          30001f40 f   bg_pmove.obj
 0001:00000f90       _PM_WaterMove              30001f90 f   bg_pmove.obj
 0001:000011b0       _PM_FlyMove                300021b0 f   bg_pmove.obj
 0001:000012c0       _PM_AirMove                300022c0 f   bg_pmove.obj
 0001:00001440       _PM_GrappleMove            30002440 f   bg_pmove.obj
 0001:00001570       _PM_WalkMove               30002570 f   bg_pmove.obj
 0001:00001900       _PM_DeadMove               30002900 f   bg_pmove.obj
 0001:000019c0       _PM_NoclipMove             300029c0 f   bg_pmove.obj
 0001:00001bc0       _PM_FootstepForSurface     30002bc0 f   bg_pmove.obj
 0001:00001be0       _PM_CrashLand              30002be0 f   bg_pmove.obj
 0001:00001de0       _PM_CorrectAllSolid        30002de0 f   bg_pmove.obj
 0001:00001fa0       _PM_GroundTraceMissed      30002fa0 f   bg_pmove.obj
 0001:000020b0       _PM_GroundTrace            300030b0 f   bg_pmove.obj
 0001:00002320       _PM_SetWaterLevel          30003320 f   bg_pmove.obj
 0001:00002440       _PM_CheckDuck              30003440 f   bg_pmove.obj
 0001:00002660       _PM_Footsteps              30003660 f   bg_pmove.obj
 0001:00002870       _PM_WaterEvents            30003870 f   bg_pmove.obj
 0001:00002910       _PM_BeginWeaponChange      30003910 f   bg_pmove.obj
 0001:00002980       _PM_FinishWeaponChange     30003980 f   bg_pmove.obj
 0001:000029f0       _PM_TorsoAnimation         300039f0 f   bg_pmove.obj
 0001:00002a70       _PM_Weapon                 30003a70 f   bg_pmove.obj
 0001:00002d10       _PM_Animate                30003d10 f   bg_pmove.obj
 0001:00002d60       _PM_DropTimers             30003d60 f   bg_pmove.obj
 0001:00003d30       _CG_SizeUp_f               30004d30 f   cg_consolecmds.obj
 0001:00003d60       _CG_SizeDown_f             30004d60 f   cg_consolecmds.obj
 0001:00003d90       _CG_Viewpos_f              30004d90 f   cg_consolecmds.obj
 0001:00003dd0       _CG_ScoresDown_f           30004dd0 f   cg_consolecmds.obj
 0001:00003e20       _CG_ScoresUp_f             30004e20 f   cg_consolecmds.obj
 0001:00003e40       _CG_TellTarget_f           30004e40 f   cg_consolecmds.obj
 0001:00003ea0       _CG_TellAttacker_f         30004ea0 f   cg_consolecmds.obj
 0001:00003f00       _CG_VoiceTellTarget_f      30004f00 f   cg_consolecmds.obj
 0001:00003f60       _CG_VoiceTellAttacker_f    30004f60 f   cg_consolecmds.obj
 0001:00003fc0       _CG_StartOrbit_f           30004fc0 f   cg_consolecmds.obj
 0001:000045a0       _CG_DrawStatusBarHead      300055a0 f   cg_draw.obj
 0001:00004920       _CG_DrawStatusBar          30005920 f   cg_draw.obj
 0001:00005080       _CG_DrawAttacker           30006080 f   cg_draw.obj
 0001:00005180       _CG_DrawSnapshot           30006180 f   cg_draw.obj
 0001:000051f0       _CG_DrawFPS                300061f0 f   cg_draw.obj
 0001:000052b0       _CG_DrawTimer              300062b0 f   cg_draw.obj
 0001:00005350       _CG_DrawTeamOverlay        30006350 f   cg_draw.obj
 0001:00005780       _CG_DrawUpperRight         30006780 f   cg_draw.obj
 0001:00005810       _CG_DrawScores             30006810 f   cg_draw.obj
 0001:00005db0       _CG_DrawPowerups           30006db0 f   cg_draw.obj
 0001:000060d0       _CG_DrawLowerRight         300070d0 f   cg_draw.obj
 0001:00006120       _CG_DrawPickupItem         30007120 f   cg_draw.obj
 0001:000061d0       _CG_DrawLowerLeft          300071d0 f   cg_draw.obj
 0001:00006210       _CG_DrawTeamInfo           30007210 f   cg_draw.obj
 0001:000063d0       _CG_DrawHoldableItem       300073d0 f   cg_draw.obj
 0001:00006410       _CG_DrawReward             30007410 f   cg_draw.obj
 0001:00006650       _CG_DrawDisconnect         30007650 f   cg_draw.obj
 0001:000066f0       _CG_DrawLagometer          300076f0 f   cg_draw.obj
 0001:00006af0       _CG_DrawCenterString       30007af0 f   cg_draw.obj
 0001:00006c20       _CG_DrawCrosshair          30007c20 f   cg_draw.obj
 0001:00006d90       _CG_ScanForCrosshairEntity 30007d90 f   cg_draw.obj
 0001:00006e70       _CG_DrawCrosshairNames     30007e70 f   cg_draw.obj
 0001:00006f20       _CG_DrawSpectator          30007f20 f   cg_draw.obj
 0001:00006f90       _CG_DrawVote               30007f90 f   cg_draw.obj
 0001:00007020       _CG_DrawTeamVote           30008020 f   cg_draw.obj
 0001:000070e0       _CG_DrawFollow             300080e0 f   cg_draw.obj
 0001:00007190       _CG_DrawAmmoWarning        30008190 f   cg_draw.obj
 0001:000071e0       _CG_DrawWarmup             300081e0 f   cg_draw.obj
 0001:00007470       _CG_Draw2D                 30008470 f   cg_draw.obj
 0001:00007b20       _CG_TileClearBox           30008b20 f   cg_drawtools.obj
 0001:00007dd0       _UI_DrawProportionalString2 30008dd0 f   cg_drawtools.obj
 0001:000093c0       _CG_EntityEffects          3000a3c0 f   cg_ents.obj
 0001:00009480       _CG_General                3000a480 f   cg_ents.obj
 0001:00009540       _CG_Speaker                3000a540 f   cg_ents.obj
 0001:000095d0       _CG_Item                   3000a5d0 f   cg_ents.obj
 0001:00009ae0       _CG_Missile                3000aae0 f   cg_ents.obj
 0001:00009cc0       _CG_Grapple                3000acc0 f   cg_ents.obj
 0001:00009db0       _CG_Mover                  3000adb0 f   cg_ents.obj
 0001:00009f20       _CG_Portal                 3000af20 f   cg_ents.obj
 0001:0000a120       _CG_InterpolateEntityPosition 3000b120 f   cg_ents.obj
 0001:0000a240       _CG_CalcEntityLerpPositions 3000b240 f   cg_ents.obj
 0001:0000a2e0       _CG_TeamBase               3000b2e0 f   cg_ents.obj
 0001:0000a3b0       _CG_InfoSight              3000b3b0 f   cg_ents.obj
 0001:0000a470       _CG_LaserSight             3000b470 f   cg_ents.obj
 0001:0000a530       _CG_AddCEntity             3000b530 f   cg_ents.obj
 0001:0000a830       _CG_Obituary               3000b830 f   cg_event.obj
 0001:0000ac80       _CG_UseItem                3000bc80 f   cg_event.obj
 0001:0000ad40       _CG_ItemPickup             3000bd40 f   cg_event.obj
 0001:0000c170       _CG_DrawLoadingIcons       3000d170 f   cg_info.obj
 0001:0000ce60       _CG_AddMoveScaleFade       3000de60 f   cg_localents.obj
 0001:0000cf80       _CG_AddScaleFade           3000df80 f   cg_localents.obj
 0001:0000d040       _CG_AddFallScaleFade       3000e040 f   cg_localents.obj
 0001:0000d120       _CG_AddExplosion           3000e120 f   cg_localents.obj
 0001:0000d1c0       _CG_AddSpriteExplosion     3000e1c0 f   cg_localents.obj
 0001:0000d8a0       _CG_RegisterItemSounds     3000e8a0 f   cg_main.obj
 0001:0000da80       _CG_ForceModelChange       3000ea80 f   cg_main.obj
 0001:0000db70       _CG_RegisterSounds         3000eb70 f   cg_main.obj
 0001:0000e270       _CG_RegisterGraphics       3000f270 f   cg_main.obj
 0001:0000e9a0       _CG_RegisterClients        3000f9a0 f   cg_main.obj
 0001:0000ed70       _Distance                  3000fd70 f   cg_marks.obj
 0001:00011330       _CG_ParseAnimationFile     30012330 f   cg_players.obj
 0001:00011870       _CG_FindClientModelFile    30012870 f   cg_players.obj
 0001:00011a00       _CG_FindClientHeadFile     30012a00 f   cg_players.obj
 0001:00011bb0       _CG_RegisterClientSkin     30012bb0 f   cg_players.obj
 0001:00011cf0       _CG_RegisterClientModelname 30012cf0 f   cg_players.obj
 0001:000120a0       _CG_ColorFromString        300130a0 f   cg_players.obj
 0001:000120f0       _CG_CopyClientInfoModel    300130f0 f   cg_players.obj
 0001:000121c0       _CG_ScanForExistingClientInfo 300131c0 f   cg_players.obj
 0001:000122e0       _CG_SetLerpFrameAnimation  300132e0 f   cg_players.obj
 0001:00012340       _CG_RunLerpFrame           30013340 f   cg_players.obj
 0001:000124c0       _CG_PlayerAnimation        300134c0 f   cg_players.obj
 0001:000125c0       _CG_SwingAngles            300135c0 f   cg_players.obj
 0001:00012730       _CG_PlayerAngles           30013730 f   cg_players.obj
 0001:00012a80       _CG_HasteTrail             30013a80 f   cg_players.obj
 0001:00012b40       _CG_TrailItem              30013b40 f   cg_players.obj
 0001:00012c10       _CG_PlayerFlag             30013c10 f   cg_players.obj
 0001:00012f20       _CG_PlayerPowerups         30013f20 f   cg_players.obj
 0001:00013150       _CG_PlayerFloatSprite      30014150 f   cg_players.obj
 0001:00013200       _CG_PlayerSprites          30014200 f   cg_players.obj
 0001:000132f0       _CG_PlayerShadow           300142f0 f   cg_players.obj
 0001:00013420       _CG_PlayerSplash           30014420 f   cg_players.obj
 0001:00013b70       _CG_LoadClientInfo         30014b70 f   cg_players.obj
 0001:00013da0       _CG_SetDeferredClientInfo  30014da0 f   cg_players.obj
 0001:00014860       _pushReward                30015860 f   cg_playerstate.obj
 0001:00014e20       _CG_ClipMoveToEntities     30015e20 f   cg_predict.obj
 0001:00015100       _CG_InterpolatePlayerState 30016100 f   cg_predict.obj
 0001:00015250       _CG_TouchItem              30016250 f   cg_predict.obj
 0001:00015350       _CG_TouchTriggerPrediction 30016350 f   cg_predict.obj
 0001:00015a20       _CG_DrawClientScore        30016a20 f   cg_scoreboard.obj
 0001:00015e20       _CG_TeamScoreboard         30016e20 f   cg_scoreboard.obj
 0001:00016320       _CG_CenterGiantLine        30017320 f   cg_scoreboard.obj
 0001:000165e0       _CG_ParseScores            300175e0 f   cg_servercmds.obj
 0001:000167a0       _CG_ParseTeamInfo          300177a0 f   cg_servercmds.obj
 0001:000169b0       _CG_ParseWarmup            300179b0 f   cg_servercmds.obj
 0001:00016b60       _CG_ConfigStringModified   30017b60 f   cg_servercmds.obj
 0001:00016dc0       _CG_AddToTeamChat          30017dc0 f   cg_servercmds.obj
 0001:00016ef0       _CG_MapRestart             30017ef0 f   cg_servercmds.obj
 0001:00016fa0       _CG_RemoveChatEscapeChar   30017fa0 f   cg_servercmds.obj
 0001:00016fd0       _CG_ServerCommand          30017fd0 f   cg_servercmds.obj
 0001:000172e0       _CG_ResetEntity            300182e0 f   cg_snapshot.obj
 0001:00017430       _CG_TransitionSnapshot     30018430 f   cg_snapshot.obj
 0001:000175f0       _CG_SetNextSnap            300185f0 f   cg_snapshot.obj
 0001:00017710       _CG_ReadNextSnapshot       30018710 f   cg_snapshot.obj
 0001:00018310       _CG_AddTestModel           30019310 f   cg_view.obj
 0001:00018460       _CG_CalcVrect              30019460 f   cg_view.obj
 0001:00018520       _CG_OffsetThirdPersonView  30019520 f   cg_view.obj
 0001:000187f0       _CG_StepOffset             300197f0 f   cg_view.obj
 0001:00018830       _CG_OffsetFirstPersonView  30019830 f   cg_view.obj
 0001:00018b40       _CG_CalcFov                30019b40 f   cg_view.obj
 0001:00018d00       _CG_DamageBlendBlob        30019d00 f   cg_view.obj
 0001:00018e90       _CG_CalcViewValues         30019e90 f   cg_view.obj
 0001:000190b0       _CG_PowerupTimerSounds     3001a0b0 f   cg_view.obj
 0001:00019180       _CG_PlayBufferedSounds     3001a180 f   cg_view.obj
 0001:00019460       _CG_MachineGunEjectBrass   3001a460 f   cg_weapons.obj
 0001:00019750       _CG_ShotgunEjectBrass      3001a750 f   cg_weapons.obj
 0001:00019ed0       _CG_RocketTrail            3001aed0 f   cg_weapons.obj
 0001:0001a030       _CG_PlasmaTrail            3001b030 f   cg_weapons.obj
 0001:0001a4f0       _CG_GrenadeTrail           3001b4f0 f   cg_weapons.obj
 0001:0001a5b0       _CG_MapTorsoToWeaponFrame  3001b5b0 f   cg_weapons.obj
 0001:0001a600       _CG_CalculateWeaponPosition 3001b600 f   cg_weapons.obj
 0001:0001a720       _CG_LightningBolt          3001b720 f   cg_weapons.obj
 0001:0001ab70       _CG_SpawnRailTrail         3001bb70 f   cg_weapons.obj
 0001:0001abb0       _CG_MachinegunSpinAngle    3001bbb0 f   cg_weapons.obj
 0001:0001ac60       _CG_AddWeaponWithPowerups  3001bc60 f   cg_weapons.obj
 0001:0001b4b0       _CG_ShotgunPellet          3001c4b0 f   cg_weapons.obj
 0001:0001b5d0       _CG_ShotgunPattern         3001c5d0 f   cg_weapons.obj
 0001:0001bba0       _CG_CalcMuzzlePoint        3001cba0 f   cg_weapons.obj
 0001:0001de50       _hashForString             3001ee50 f   ui_shared.obj
 0001:0001f190       _Menu_CloseCinematics      30020190 f   ui_shared.obj
 0001:000210b0       _$$$00001                  300220b0 f   LIBC:strchr.obj
 0001:00021a6a       __shift                    30022a6a f   LIBC:cvt.obj
 0001:00021faa       _write_char                30022faa f   LIBC:output.obj
 0001:00021fdd       _write_multi_char          30022fdd f   LIBC:output.obj
 0001:00022001       _write_string              30023001 f   LIBC:output.obj
 0001:00022abe       _has_osfxsr_set            30023abe f   LIBC:cpu_disp.obj
 0001:00022f33       _$$$00003                  30023f33 f   LIBC:87disp.obj
 0001:00023652       _doexit                    30024652 f   LIBC:crt0dat.obj
 0001:000239c8       _parse_cmdline             300249c8 f   LIBC:stdargv.obj
 0001:0002416d       $$$00003                   3002516d f   LIBC:exsup3.obj
 0001:000249c9       __abstract_cw              300259c9 f   LIBC:ieee87.obj
 0001:00024a5b       __hw_cw                    30025a5b f   LIBC:ieee87.obj
 0001:00024ceb       _CPtoLCID                  30025ceb f   LIBC:mbctype.obj
 0001:00024d1a       _setSBCS                   30025d1a f   LIBC:mbctype.obj
 0001:00024d43       _setSBUpLow                30025d43 f   LIBC:mbctype.obj
 0001:00025596       _report_failure            30026596 f   LIBC:secchk.obj
 0001:000276f0       $$$00001                   300286f0 f   LIBC:exsup.obj
 0001:00027710       $$$00003                   30028710 f   LIBC:exsup.obj
 0001:00027710       __unwind_handler           30028710 f   LIBC:exsup.obj
 0001:00027732       $$$00005                   30028732 f   LIBC:exsup.obj
 0001:0002779a       $$$00007                   3002879a f   LIBC:exsup.obj
 0001:000277de       $$$00011                   300287de f   LIBC:exsup.obj
 0001:00028265       _flsall                    30029265 f   LIBC:fflush.obj
