 cgamex86

 Timestamp is 54ce9806 (Sun Feb 01 15:17:58 2015)

 Preferred load address is 30000000

 Start         Length     Name                   Class
 0001:00000000 000265d8H .text                   CODE
 0002:00000000 000000dcH .idata$5                DATA
 0002:000000e0 00005e98H .rdata                  DATA
 0002:00005f80 00000008H .rdata$sxdata           DATA
 0002:00005f88 00000004H .rtc$IAA                DATA
 0002:00005f8c 00000004H .rtc$IZZ                DATA
 0002:00005f90 00000004H .rtc$TAA                DATA
 0002:00005f94 00000004H .rtc$TZZ                DATA
 0002:00005f98 00000014H .idata$2                DATA
 0002:00005fac 00000014H .idata$3                DATA
 0002:00005fc0 000000dcH .idata$4                DATA
 0002:0000609c 000003d8H .idata$6                DATA
 0002:00006480 00000059H .edata                  DATA
 0003:00000000 00000004H .CRT$XCA                DATA
 0003:00000004 00000004H .CRT$XCAA               DATA
 0003:00000008 00000004H .CRT$XCZ                DATA
 0003:0000000c 00000004H .CRT$XIA                DATA
 0003:00000010 00000010H .CRT$XIC                DATA
 0003:00000020 00000004H .CRT$XIZ                DATA
 0003:00000024 00000004H .CRT$XPA                DATA
 0003:00000028 00000004H .CRT$XPX                DATA
 0003:0000002c 00000004H .CRT$XPZ                DATA
 0003:00000030 00000004H .CRT$XTA                DATA
 0003:00000034 00000004H .CRT$XTZ                DATA
 0003:00000040 00003514H .data                   DATA
 0003:00003560 002e18e0H .bss                    DATA

  Address         Publics by Value              Rva+Base     Lib:Object

 0000:00000000       __except_list              00000000     <absolute>
 0000:00000002       ___safe_se_handler_count   00000002     <absolute>
 0001:00000000       _BG_FindItemForPowerup     30001000 f   bg_misc.obj
 0001:00000050       _BG_FindItemForHoldable    30001050 f   bg_misc.obj
 0001:000000a0       _BG_CanItemBeGrabbed       300010a0 f   bg_misc.obj
 0001:00000230       _BG_EvaluateTrajectory     30001230 f   bg_misc.obj
 0001:000003c0       _BG_EvaluateTrajectoryDelta 300013c0 f   bg_misc.obj
 0001:000004c0       _BG_AddPredictableEventToPlayerstate 300014c0 f   bg_misc.obj
 0001:000004f0       _BG_TouchJumpPad           300014f0 f   bg_misc.obj
 0001:000005a0       _BG_PlayerStateToEntityState 300015a0 f   bg_misc.obj
 0001:00000810       _BG_PlayerTouchesItem      30001810 f   bg_misc.obj
 0001:000008b0       _PM_AddEvent               300018b0 f   bg_pmove.obj
 0001:000008d0       _PM_AddTouchEnt            300018d0 f   bg_pmove.obj
 0001:000009b0       _PM_ClipVelocity           300019b0 f   bg_pmove.obj
 0001:00002d80       _PM_UpdateViewAngles       30003d80 f   bg_pmove.obj
 0001:00002e50       _PmoveSingle               30003e50 f   bg_pmove.obj
 0001:000031b0       _Pmove                     300041b0 f   bg_pmove.obj
 0001:00003240       _PM_SlideMove              30004240 f   bg_slidemove.obj
 0001:00003930       _PM_StepSlideMove          30004930 f   bg_slidemove.obj
 0001:00003c80       _CG_TargetCommand_f        30004c80 f   cg_consolecmds.obj
 0001:00004000       _CG_ConsoleCommand         30005000 f   cg_consolecmds.obj
 0001:00004040       _CG_InitConsoleCommands    30005040 f   cg_consolecmds.obj
 0001:00004180       _CG_Draw3DModel            30005180 f   cg_draw.obj
 0001:000042b0       _CG_DrawHead               300052b0 f   cg_draw.obj
 0001:000043c0       _CG_DrawFlagModel          300053c0 f   cg_draw.obj
 0001:00004820       _CG_DrawTeamBackground     30005820 f   cg_draw.obj
 0001:00006560       _CG_AddLagometerFrameInfo  30007560 f   cg_draw.obj
 0001:00006590       _CG_AddLagometerSnapshotInfo 30007590 f   cg_draw.obj
 0001:00006a10       _CG_CenterPrint            30007a10 f   cg_draw.obj
 0001:000074f0       _CG_DrawActive             300084f0 f   cg_draw.obj
 0001:00007630       _CG_AdjustFrom640          30008630 f   cg_drawtools.obj
 0001:00007670       _CG_FillRect               30008670 f   cg_drawtools.obj
 0001:000076e0       _CG_DrawPic                300086e0 f   cg_drawtools.obj
 0001:00007740       _CG_DrawChar               30008740 f   cg_drawtools.obj
 0001:00007800       _CG_DrawStringExt          30008800 f   cg_drawtools.obj
 0001:00007980       _CG_DrawBigString          30008980 f   cg_drawtools.obj
 0001:000079d0       _CG_DrawBigStringColor     300089d0 f   cg_drawtools.obj
 0001:00007a00       _CG_DrawSmallString        30008a00 f   cg_drawtools.obj
 0001:00007a50       _CG_DrawSmallStringColor   30008a50 f   cg_drawtools.obj
 0001:00007a80       _CG_DrawStrlen             30008a80 f   cg_drawtools.obj
 0001:00007b30       _CG_TileClear              30008b30 f   cg_drawtools.obj
 0001:00007bd0       _CG_FadeColor              30008bd0 f   cg_drawtools.obj
 0001:00007c40       _CG_GetColorForHealth      30008c40 f   cg_drawtools.obj
 0001:00007cf0       _CG_ColorForHealth         30008cf0 f   cg_drawtools.obj
 0001:00007d20       _UI_ProportionalStringWidth 30008d20 f   cg_drawtools.obj
 0001:00007eb0       _UI_DrawProportionalString 30008eb0 f   cg_drawtools.obj
 0001:00008090       _CG_SmokePuff              30009090 f   cg_effects.obj
 0001:00008220       _CG_SpawnEffect            30009220 f   cg_effects.obj
 0001:000082e0       _CG_ScorePlum              300092e0 f   cg_effects.obj
 0001:00008410       _CG_LaunchGib              30009410 f   cg_effects.obj
 0001:00008500       _CG_GibPlayer              30009500 f   cg_effects.obj
 0001:00008c00       _CG_PositionEntityOnTag    30009c00 f   cg_ents.obj
 0001:00008ce0       _CG_PositionRotatedEntityOnTag 30009ce0 f   cg_ents.obj
 0001:00008dd0       _CG_SetEntitySoundPosition 30009dd0 f   cg_ents.obj
 0001:00009920       _CG_Beam                   3000a920 f   cg_ents.obj
 0001:00009ac0       _CG_AdjustPositionForMover 3000aac0 f   cg_ents.obj
 0001:0000a090       _CG_AddPacketEntities      3000b090 f   cg_ents.obj
 0001:0000a1f0       _CG_PlaceString            3000b1f0 f   cg_event.obj
 0001:0000a850       _CG_PainEvent              3000b850 f   cg_event.obj
 0001:0000a8d0       _CG_EntityEvent            3000b8d0 f   cg_event.obj
 0001:0000b9f0       _CG_CheckEvents            3000c9f0 f   cg_event.obj
 0001:0000bb50       _CG_LoadingString          3000cb50 f   cg_info.obj
 0001:0000bb70       _CG_LoadingItem            3000cb70 f   cg_info.obj
 0001:0000bbd0       _CG_LoadingClient          3000cbd0 f   cg_info.obj
 0001:0000bd70       _CG_DrawInformation        3000cd70 f   cg_info.obj
 0001:0000c0e0       _CG_InitLocalEntities      3000d0e0 f   cg_localents.obj
 0001:0000c130       _CG_FreeLocalEntity        3000d130 f   cg_localents.obj
 0001:0000c170       _CG_AllocLocalEntity       3000d170 f   cg_localents.obj
 0001:0000c1f0       _CG_BloodTrail             3000d1f0 f   cg_localents.obj
 0001:0000c2c0       _CG_FragmentBounceMark     3000d2c0 f   cg_localents.obj
 0001:0000c3a0       _CG_FragmentBounceSound    3000d3a0 f   cg_localents.obj
 0001:0000c400       _CG_ReflectVelocity        3000d400 f   cg_localents.obj
 0001:0000c520       _CG_AddFragment            3000d520 f   cg_localents.obj
 0001:0000c6f0       _CG_AddFadeRGB             3000d6f0 f   cg_localents.obj
 0001:0000cc00       _CG_AddScorePlum           3000dc00 f   cg_localents.obj
 0001:0000cea0       _CG_AddLocalEntities       3000dea0 f   cg_localents.obj
 0001:0000cf90       _CG_RegisterCvars          3000df90 f   cg_main.obj
 0001:0000d060       _CG_CrosshairPlayer        3000e060 f   cg_main.obj
 0001:0000d080       _CG_LastAttacker           3000e080 f   cg_main.obj
 0001:0000d0a0       _CG_Printf                 3000e0a0 f   cg_main.obj
 0001:0000d0d0       _CG_Error                  3000e0d0 f   cg_main.obj
 0001:0000d100       _Com_Error                 3000e100 f   cg_main.obj
 0001:0000d140       _Com_Printf                3000e140 f   cg_main.obj
 0001:0000d180       _CG_Argv                   3000e180 f   cg_main.obj
 0001:0000d270       _CG_BuildSpectatorString   3000e270 f   cg_main.obj
 0001:0000d2f0       _CG_ConfigString           3000e2f0 f   cg_main.obj
 0001:0000d320       _CG_StartMusic             3000e320 f   cg_main.obj
 0001:0000d3e0       _CG_UpdateCvars            3000e3e0 f   cg_main.obj
 0001:0000e320       _CG_Init                   3000f320 f   cg_main.obj
 0001:0000e500       _vmMain                    3000f500 f   cg_main.obj
 0001:0000e590       _CG_InitMarkPolys          3000f590 f   cg_marks.obj
 0001:0000e5e0       _CG_AllocMark              3000f5e0 f   cg_marks.obj
 0001:0000e6a0       _CG_AddMarks               3000f6a0 f   cg_marks.obj
 0001:0000e870       _CG_ClearParticles         3000f870 f   cg_marks.obj
 0001:0000e970       _CG_AddParticleToScene     3000f970 f   cg_marks.obj
 0001:00010330       _CG_AddParticles           30011330 f   cg_marks.obj
 0001:00010610       _CG_ImpactMark             30011610 f   cg_marks.obj
 0001:00010a30       _CG_CustomSound            30011a30 f   cg_players.obj
 0001:00012db0       _CG_AddRefEntityWithPowerups 30013db0 f   cg_players.obj
 0001:00012e70       _CG_Player                 30013e70 f   cg_players.obj
 0001:00013180       _CG_ResetPlayerEntity      30014180 f   cg_players.obj
 0001:000136d0       _CG_NewClientInfo          300146d0 f   cg_players.obj
 0001:00013b20       _CG_LoadDeferredPlayers    30014b20 f   cg_players.obj
 0001:00013b80       _CG_CheckAmmo              30014b80 f   cg_playerstate.obj
 0001:00013c10       _CG_Respawn                30014c10 f   cg_playerstate.obj
 0001:00013c40       _CG_CheckPlayerstateEvents 30014c40 f   cg_playerstate.obj
 0001:00013d60       _CG_CheckLocalSounds       30014d60 f   cg_playerstate.obj
 0001:00014110       _CG_DamageFeedback         30015110 f   cg_playerstate.obj
 0001:000143f0       _CG_TransitionPlayerState  300153f0 f   cg_playerstate.obj
 0001:00014510       _CG_BuildSolidList         30015510 f   cg_predict.obj
 0001:00014790       _CG_Trace                  30015790 f   cg_predict.obj
 0001:00014820       _CG_PointContents          30015820 f   cg_predict.obj
 0001:00014c00       _CG_PredictPlayerState     30015c00 f   cg_predict.obj
 0001:00015660       _CG_DrawOldScoreboard      30016660 f   cg_scoreboard.obj
 0001:00015b30       _CG_DrawOldTourneyScoreboard 30016b30 f   cg_scoreboard.obj
 0001:00016010       _CG_ParseServerinfo        30017010 f   cg_servercmds.obj
 0001:000161a0       _CG_SetConfigValues        300171a0 f   cg_servercmds.obj
 0001:00016220       _CG_ShaderStateChanged     30017220 f   cg_servercmds.obj
 0001:00016730       _CG_PlayBufferedVoiceChats 30017730 f   cg_servercmds.obj
 0001:00016a40       _CG_ExecuteNewServerCommands 30017a40 f   cg_servercmds.obj
 0001:00016b00       _CG_SetInitialSnapshot     30017b00 f   cg_snapshot.obj
 0001:00016f50       _CG_ProcessSnapshots       30017f50 f   cg_snapshot.obj
 0001:00017070       _dllEntry                  30018070 f   cg_syscalls.obj
 0001:00017080       _trap_Print                30018080 f   cg_syscalls.obj
 0001:000170a0       _trap_Error                300180a0 f   cg_syscalls.obj
 0001:000170c0       _trap_Milliseconds         300180c0 f   cg_syscalls.obj
 0001:000170d0       _trap_Cvar_Register        300180d0 f   cg_syscalls.obj
 0001:000170f0       _trap_Cvar_Update          300180f0 f   cg_syscalls.obj
 0001:00017110       _trap_Cvar_Set             30018110 f   cg_syscalls.obj
 0001:00017130       _trap_Cvar_VariableStringBuffer 30018130 f   cg_syscalls.obj
 0001:00017150       _trap_Argc                 30018150 f   cg_syscalls.obj
 0001:00017160       _trap_Argv                 30018160 f   cg_syscalls.obj
 0001:00017180       _trap_Args                 30018180 f   cg_syscalls.obj
 0001:000171a0       _trap_FS_FOpenFile         300181a0 f   cg_syscalls.obj
 0001:000171c0       _trap_FS_Read              300181c0 f   cg_syscalls.obj
 0001:000171e0       _trap_FS_FCloseFile        300181e0 f   cg_syscalls.obj
 0001:00017200       _trap_SendConsoleCommand   30018200 f   cg_syscalls.obj
 0001:00017220       _trap_AddCommand           30018220 f   cg_syscalls.obj
 0001:00017240       _trap_SendClientCommand    30018240 f   cg_syscalls.obj
 0001:00017260       _trap_UpdateScreen         30018260 f   cg_syscalls.obj
 0001:00017270       _trap_CM_LoadMap           30018270 f   cg_syscalls.obj
 0001:00017290       _trap_CM_NumInlineModels   30018290 f   cg_syscalls.obj
 0001:000172a0       _trap_CM_InlineModel       300182a0 f   cg_syscalls.obj
 0001:000172c0       _trap_CM_TempBoxModel      300182c0 f   cg_syscalls.obj
 0001:000172e0       _trap_CM_PointContents     300182e0 f   cg_syscalls.obj
 0001:00017300       _trap_CM_TransformedPointContents 30018300 f   cg_syscalls.obj
 0001:00017320       _trap_CM_BoxTrace          30018320 f   cg_syscalls.obj
 0001:00017350       _trap_CM_TransformedBoxTrace 30018350 f   cg_syscalls.obj
 0001:00017390       _trap_CM_MarkFragments     30018390 f   cg_syscalls.obj
 0001:000173c0       _trap_S_StartSound         300183c0 f   cg_syscalls.obj
 0001:000173e0       _trap_S_StartLocalSound    300183e0 f   cg_syscalls.obj
 0001:00017400       _trap_S_ClearLoopingSounds 30018400 f   cg_syscalls.obj
 0001:00017420       _trap_S_AddLoopingSound    30018420 f   cg_syscalls.obj
 0001:00017440       _trap_S_AddRealLoopingSound 30018440 f   cg_syscalls.obj
 0001:00017460       _trap_S_StopLoopingSound   30018460 f   cg_syscalls.obj
 0001:00017480       _trap_S_UpdateEntityPosition 30018480 f   cg_syscalls.obj
 0001:000174a0       _trap_S_Respatialize       300184a0 f   cg_syscalls.obj
 0001:000174c0       _trap_S_RegisterSound      300184c0 f   cg_syscalls.obj
 0001:000174e0       _trap_S_StartBackgroundTrack 300184e0 f   cg_syscalls.obj
 0001:00017500       _trap_R_LoadWorldMap       30018500 f   cg_syscalls.obj
 0001:00017520       _trap_R_RegisterModel      30018520 f   cg_syscalls.obj
 0001:00017540       _trap_R_RegisterSkin       30018540 f   cg_syscalls.obj
 0001:00017560       _trap_R_RegisterShader     30018560 f   cg_syscalls.obj
 0001:00017580       _trap_R_RegisterShaderNoMip 30018580 f   cg_syscalls.obj
 0001:000175a0       _trap_R_ClearScene         300185a0 f   cg_syscalls.obj
 0001:000175b0       _trap_R_AddRefEntityToScene 300185b0 f   cg_syscalls.obj
 0001:000175d0       _trap_R_AddPolyToScene     300185d0 f   cg_syscalls.obj
 0001:000175f0       _trap_R_AddLightToScene    300185f0 f   cg_syscalls.obj
 0001:00017640       _trap_R_RenderScene        30018640 f   cg_syscalls.obj
 0001:00017660       _trap_R_SetColor           30018660 f   cg_syscalls.obj
 0001:00017680       _trap_R_DrawStretchPic     30018680 f   cg_syscalls.obj
 0001:00017700       _trap_R_ModelBounds        30018700 f   cg_syscalls.obj
 0001:00017720       _trap_R_LerpTag            30018720 f   cg_syscalls.obj
 0001:00017750       _trap_R_RemapShader        30018750 f   cg_syscalls.obj
 0001:00017770       _trap_GetGlconfig          30018770 f   cg_syscalls.obj
 0001:00017790       _trap_GetGameState         30018790 f   cg_syscalls.obj
 0001:000177b0       _trap_GetCurrentSnapshotNumber 300187b0 f   cg_syscalls.obj
 0001:000177d0       _trap_GetSnapshot          300187d0 f   cg_syscalls.obj
 0001:000177f0       _trap_GetServerCommand     300187f0 f   cg_syscalls.obj
 0001:00017810       _trap_GetCurrentCmdNumber  30018810 f   cg_syscalls.obj
 0001:00017820       _trap_GetUserCmd           30018820 f   cg_syscalls.obj
 0001:00017840       _trap_SetUserCmdValue      30018840 f   cg_syscalls.obj
 0001:00017860       _trap_MemoryRemaining      30018860 f   cg_syscalls.obj
 0001:00017870       _trap_PC_ReadToken         30018870 f   cg_syscalls.obj
 0001:00017890       _trap_PC_SourceFileAndLine 30018890 f   cg_syscalls.obj
 0001:000178b0       _trap_SnapVector           300188b0 f   cg_syscalls.obj
 0001:000178d0       _CG_TestModel_f            300188d0 f   cg_view.obj
 0001:000179f0       _CG_TestGun_f              300189f0 f   cg_view.obj
 0001:00017a10       _CG_TestModelNextFrame_f   30018a10 f   cg_view.obj
 0001:00017a30       _CG_TestModelPrevFrame_f   30018a30 f   cg_view.obj
 0001:00017a60       _CG_TestModelNextSkin_f    30018a60 f   cg_view.obj
 0001:00017a80       _CG_TestModelPrevSkin_f    30018a80 f   cg_view.obj
 0001:000182a0       _CG_ZoomDown_f             300192a0 f   cg_view.obj
 0001:000182c0       _CG_ZoomUp_f               300192c0 f   cg_view.obj
 0001:000188e0       _CG_AddBufferedSound       300198e0 f   cg_view.obj
 0001:00018990       _CG_DrawActiveFrame        30019990 f   cg_view.obj
 0001:00018c00       _CG_RailTrail              30019c00 f   cg_weapons.obj
 0001:00019050       _CG_GrappleTrail           3001a050 f   cg_weapons.obj
 0001:000191c0       _CG_RegisterItemVisuals    3001a1c0 f   cg_weapons.obj
 0001:00019970       _CG_NextWeapon_f           3001a970 f   cg_weapons.obj
 0001:00019ab0       _CG_PrevWeapon_f           3001aab0 f   cg_weapons.obj
 0001:00019c00       _CG_Weapon_f               3001ac00 f   cg_weapons.obj
 0001:00019c60       _CG_OutOfAmmoChange        3001ac60 f   cg_weapons.obj
 0001:00019cb0       _CG_FireWeapon             3001acb0 f   cg_weapons.obj
 0001:00019d70       _CG_RegisterWeapon         3001ad70 f   cg_weapons.obj
 0001:0001a0a0       _CG_AddPlayerWeapon        3001b0a0 f   cg_weapons.obj
 0001:0001a4b0       _CG_AddViewWeapon          3001b4b0 f   cg_weapons.obj
 0001:0001a730       _CG_DrawWeaponSelect       3001b730 f   cg_weapons.obj
 0001:0001a900       _Q_random                  3001b900 f   q_math.obj
 0001:0001a930       _ByteToDir                 3001b930 f   q_math.obj
 0001:0001a990       _vectoangles               3001b990 f   q_math.obj
 0001:0001aaa0       _AxisClear                 3001baa0 f   q_math.obj
 0001:0001aad0       _AxisCopy                  3001bad0 f   q_math.obj
 0001:0001ab10       _ProjectPointOnPlane       3001bb10 f   q_math.obj
 0001:0001ab90       _LerpAngle                 3001bb90 f   q_math.obj
 0001:0001abe0       _AngleSubtract             3001bbe0 f   q_math.obj
 0001:0001ac40       _AnglesSubtract            3001bc40 f   q_math.obj
 0001:0001ac80       _AngleMod                  3001bc80 f   q_math.obj
 0001:0001acb0       _AngleNormalize180         3001bcb0 f   q_math.obj
 0001:0001acf0       _VectorNormalize           3001bcf0 f   q_math.obj
 0001:0001ad50       _VectorNormalize2          3001bd50 f   q_math.obj
 0001:0001adc0       _MatrixMultiply            3001bdc0 f   q_math.obj
 0001:0001aeb0       _AngleVectors              3001beb0 f   q_math.obj
 0001:0001aff0       _PerpendicularVector       3001bff0 f   q_math.obj
 0001:0001b0e0       _RotatePointAroundVector   3001c0e0 f   q_math.obj
 0001:0001b2e0       _RotateAroundDirection     3001c2e0 f   q_math.obj
 0001:0001b370       _AnglesToAxis              3001c370 f   q_math.obj
 0001:0001b3c0       _COM_StripExtension        3001c3c0 f   q_shared.obj
 0001:0001b3f0       _COM_ParseExt              3001c3f0 f   q_shared.obj
 0001:0001b560       _Q_strrchr                 3001c560 f   q_shared.obj
 0001:0001b590       _Q_strncpyz                3001c590 f   q_shared.obj
 0001:0001b5f0       _Q_stricmpn                3001c5f0 f   q_shared.obj
 0001:0001b670       _Q_stricmp                 3001c670 f   q_shared.obj
 0001:0001b6a0       _Q_strcat                  3001c6a0 f   q_shared.obj
 0001:0001b6f0       _Q_PrintStrlen             3001c6f0 f   q_shared.obj
 0001:0001b730       _Q_CleanStr                3001c730 f   q_shared.obj
 0001:0001b780       _Com_sprintf               3001c780 f   q_shared.obj
 0001:0001b800       _va                        3001c800 f   q_shared.obj
 0001:0001b840       _Info_ValueForKey          3001c840 f   q_shared.obj
 0001:0001b940       _COM_Parse                 3001c940 f   q_shared.obj
 0001:0001b950       _UI_Alloc                  3001c950 f   ui_shared.obj
 0001:0001b9e0       _String_Alloc              3001c9e0 f   ui_shared.obj
 0001:0001baf0       _PC_SourceError            3001caf0 f   ui_shared.obj
 0001:0001bb60       _Float_Parse               3001cb60 f   ui_shared.obj
 0001:0001bb90       _PC_Float_Parse            3001cb90 f   ui_shared.obj
 0001:0001bc30       _Color_Parse               3001cc30 f   ui_shared.obj
 0001:0001bc80       _PC_Color_Parse            3001cc80 f   ui_shared.obj
 0001:0001bcd0       _Int_Parse                 3001ccd0 f   ui_shared.obj
 0001:0001bd00       _PC_Int_Parse              3001cd00 f   ui_shared.obj
 0001:0001bd90       _Rect_Parse                3001cd90 f   ui_shared.obj
 0001:0001be10       _PC_Rect_Parse             3001ce10 f   ui_shared.obj
 0001:0001be70       _PC_Script_Parse           3001ce70 f   ui_shared.obj
 0001:0001bfa0       _Item_SetScreenCoords      3001cfa0 f   ui_shared.obj
 0001:0001bff0       _Menu_ItemsMatchingGroup   3001cff0 f   ui_shared.obj
 0001:0001c060       _Menu_GetMatchingItemByNumber 3001d060 f   ui_shared.obj
 0001:0001c0e0       _Script_SetColor           3001d0e0 f   ui_shared.obj
 0001:0001c1b0       _Script_SetAsset           3001d1b0 f   ui_shared.obj
 0001:0001c1d0       _Script_SetBackground      3001d1d0 f   ui_shared.obj
 0001:0001c210       _Menu_FindItemByName       3001d210 f   ui_shared.obj
 0001:0001c270       _Script_SetTeamColor       3001d270 f   ui_shared.obj
 0001:0001c2c0       _Script_SetItemColor       3001d2c0 f   ui_shared.obj
 0001:0001c400       _Menu_ShowItemByName       3001d400 f   ui_shared.obj
 0001:0001c480       _Menu_FadeItemByName       3001d480 f   ui_shared.obj
 0001:0001c4e0       _Menus_FindByName          3001d4e0 f   ui_shared.obj
 0001:0001c530       _Script_Show               3001d530 f   ui_shared.obj
 0001:0001c570       _Script_Hide               3001d570 f   ui_shared.obj
 0001:0001c5b0       _Script_FadeIn             3001d5b0 f   ui_shared.obj
 0001:0001c5f0       _Script_FadeOut            3001d5f0 f   ui_shared.obj
 0001:0001c630       _Menu_TransitionItemByName 3001d630 f   ui_shared.obj
 0001:0001c7c0       _Script_Transition         3001d7c0 f   ui_shared.obj
 0001:0001c8b0       _Menu_OrbitItemByName      3001d8b0 f   ui_shared.obj
 0001:0001c980       _Script_Orbit              3001d980 f   ui_shared.obj
 0001:0001ca60       _Script_SetPlayerModel     3001da60 f   ui_shared.obj
 0001:0001caa0       _Script_SetPlayerHead      3001daa0 f   ui_shared.obj
 0001:0001cae0       _Script_SetCvar            3001dae0 f   ui_shared.obj
 0001:0001cb30       _Script_Exec               3001db30 f   ui_shared.obj
 0001:0001cb70       _Script_Play               3001db70 f   ui_shared.obj
 0001:0001cbc0       _Script_playLooped         3001dbc0 f   ui_shared.obj
 0001:0001cc00       _Item_RunScript            3001dc00 f   ui_shared.obj
 0001:0001cd80       _Menus_Activate            3001dd80 f   ui_shared.obj
 0001:0001ce10       _Menu_GetFocused           3001de10 f   ui_shared.obj
 0001:0001ce50       _Menus_ActivateByName      3001de50 f   ui_shared.obj
 0001:0001cef0       _Item_ValidateTypeData     3001def0 f   ui_shared.obj
 0001:0001cfd0       _KeywordHash_Key           3001dfd0 f   ui_shared.obj
 0001:0001d020       _ItemParse_name            3001e020 f   ui_shared.obj
 0001:0001d070       _ItemParse_focusSound      3001e070 f   ui_shared.obj
 0001:0001d0d0       _MenuParse_soundLoop       3001e0d0 f   ui_shared.obj
 0001:0001d0d0       _ItemParse_text            3001e0d0 f   ui_shared.obj
 0001:0001d120       _ItemParse_group           3001e120 f   ui_shared.obj
 0001:0001d170       _ItemParse_asset_model     3001e170 f   ui_shared.obj
 0001:0001d1f0       _ItemParse_asset_shader    3001e1f0 f   ui_shared.obj
 0001:0001d250       _ItemParse_model_origin    3001e250 f   ui_shared.obj
 0001:0001d2b0       _ItemParse_model_fovx      3001e2b0 f   ui_shared.obj
 0001:0001d2b0       _ItemParse_elementwidth    3001e2b0 f   ui_shared.obj
 0001:0001d2e0       _ItemParse_model_rotation  3001e2e0 f   ui_shared.obj
 0001:0001d310       _ItemParse_model_angle     3001e310 f   ui_shared.obj
 0001:0001d340       _ItemParse_rect            3001e340 f   ui_shared.obj
 0001:0001d360       _MenuParse_style           3001e360 f   ui_shared.obj
 0001:0001d360       _ItemParse_style           3001e360 f   ui_shared.obj
 0001:0001d380       _ItemParse_decoration      3001e380 f   ui_shared.obj
 0001:0001d390       _ItemParse_notselectable   3001e390 f   ui_shared.obj
 0001:0001d3d0       _ItemParse_wrapped         3001e3d0 f   ui_shared.obj
 0001:0001d3f0       _ItemParse_autowrapped     3001e3f0 f   ui_shared.obj
 0001:0001d410       _ItemParse_horizontalscroll 3001e410 f   ui_shared.obj
 0001:0001d430       _ItemParse_type            3001e430 f   ui_shared.obj
 0001:0001d460       _ItemParse_model_fovy      3001e460 f   ui_shared.obj
 0001:0001d460       _ItemParse_elementheight   3001e460 f   ui_shared.obj
 0001:0001d490       _ItemParse_elementtype     3001e490 f   ui_shared.obj
 0001:0001d4d0       _ItemParse_columns         3001e4d0 f   ui_shared.obj
 0001:0001d5b0       _ItemParse_visible         3001e5b0 f   ui_shared.obj
 0001:0001d5b0       _MenuParse_visible         3001e5b0 f   ui_shared.obj
 0001:0001d5e0       _ItemParse_ownerdraw       3001e5e0 f   ui_shared.obj
 0001:0001d610       _MenuParse_fadeCycle       3001e610 f   ui_shared.obj
 0001:0001d610       _ItemParse_align           3001e610 f   ui_shared.obj
 0001:0001d630       _ItemParse_textalign       3001e630 f   ui_shared.obj
 0001:0001d650       _MenuParse_fadeAmount      3001e650 f   ui_shared.obj
 0001:0001d650       _ItemParse_textalignx      3001e650 f   ui_shared.obj
 0001:0001d670       _ItemParse_textaligny      3001e670 f   ui_shared.obj
 0001:0001d690       _ItemParse_textscale       3001e690 f   ui_shared.obj
 0001:0001d6b0       _ItemParse_textstyle       3001e6b0 f   ui_shared.obj
 0001:0001d6d0       _ItemParse_backcolor       3001e6d0 f   ui_shared.obj
 0001:0001d720       _ItemParse_forecolor       3001e720 f   ui_shared.obj
 0001:0001d780       _ItemParse_bordercolor     3001e780 f   ui_shared.obj
 0001:0001d7d0       _MenuParse_background      3001e7d0 f   ui_shared.obj
 0001:0001d7d0       _ItemParse_background      3001e7d0 f   ui_shared.obj
 0001:0001d830       _ItemParse_doubleClick     3001e830 f   ui_shared.obj
 0001:0001d870       _ItemParse_onFocus         3001e870 f   ui_shared.obj
 0001:0001d890       _ItemParse_leaveFocus      3001e890 f   ui_shared.obj
 0001:0001d8b0       _ItemParse_mouseEnter      3001e8b0 f   ui_shared.obj
 0001:0001d8d0       _ItemParse_mouseExit       3001e8d0 f   ui_shared.obj
 0001:0001d8f0       _ItemParse_mouseEnterText  3001e8f0 f   ui_shared.obj
 0001:0001d910       _ItemParse_mouseExitText   3001e910 f   ui_shared.obj
 0001:0001d930       _ItemParse_action          3001e930 f   ui_shared.obj
 0001:0001d950       _ItemParse_special         3001e950 f   ui_shared.obj
 0001:0001d950       _ItemParse_feeder          3001e950 f   ui_shared.obj
 0001:0001d970       _ItemParse_cvarTest        3001e970 f   ui_shared.obj
 0001:0001d9c0       _ItemParse_cvar            3001e9c0 f   ui_shared.obj
 0001:0001da30       _ItemParse_maxChars        3001ea30 f   ui_shared.obj
 0001:0001da80       _ItemParse_maxPaintChars   3001ea80 f   ui_shared.obj
 0001:0001dad0       _ItemParse_cvarFloat       3001ead0 f   ui_shared.obj
 0001:0001db80       _ItemParse_cvarStrList     3001eb80 f   ui_shared.obj
 0001:0001dc90       _ItemParse_cvarFloatList   3001ec90 f   ui_shared.obj
 0001:0001dd90       _ItemParse_addColorRange   3001ed90 f   ui_shared.obj
 0001:0001de30       _ItemParse_enableCvar      3001ee30 f   ui_shared.obj
 0001:0001de60       _ItemParse_disableCvar     3001ee60 f   ui_shared.obj
 0001:0001dea0       _ItemParse_showCvar        3001eea0 f   ui_shared.obj
 0001:0001dee0       _ItemParse_hideCvar        3001eee0 f   ui_shared.obj
 0001:0001df20       _Item_Parse                3001ef20 f   ui_shared.obj
 0001:0001e030       _MenuParse_font            3001f030 f   ui_shared.obj
 0001:0001e0b0       _MenuParse_name            3001f0b0 f   ui_shared.obj
 0001:0001e110       _MenuParse_fullscreen      3001f110 f   ui_shared.obj
 0001:0001e130       _MenuParse_rect            3001f130 f   ui_shared.obj
 0001:0001e150       _MenuParse_onOpen          3001f150 f   ui_shared.obj
 0001:0001e170       _MenuParse_onClose         3001f170 f   ui_shared.obj
 0001:0001e190       _MenuParse_onESC           3001f190 f   ui_shared.obj
 0001:0001e1b0       _ItemParse_border          3001f1b0 f   ui_shared.obj
 0001:0001e1b0       _MenuParse_border          3001f1b0 f   ui_shared.obj
 0001:0001e1d0       _MenuParse_borderSize      3001f1d0 f   ui_shared.obj
 0001:0001e1d0       _ItemParse_bordersize      3001f1d0 f   ui_shared.obj
 0001:0001e1f0       _MenuParse_backcolor       3001f1f0 f   ui_shared.obj
 0001:0001e240       _MenuParse_forecolor       3001f240 f   ui_shared.obj
 0001:0001e290       _MenuParse_bordercolor     3001f290 f   ui_shared.obj
 0001:0001e2e0       _MenuParse_focuscolor      3001f2e0 f   ui_shared.obj
 0001:0001e330       _MenuParse_disablecolor    3001f330 f   ui_shared.obj
 0001:0001e380       _MenuParse_outlinecolor    3001f380 f   ui_shared.obj
 0001:0001e380       _ItemParse_outlinecolor    3001f380 f   ui_shared.obj
 0001:0001e3a0       _MenuParse_cinematic       3001f3a0 f   ui_shared.obj
 0001:0001e3a0       _ItemParse_cinematic       3001f3a0 f   ui_shared.obj
 0001:0001e3f0       _ItemParse_ownerdrawFlag   3001f3f0 f   ui_shared.obj
 0001:0001e3f0       _MenuParse_ownerdrawFlag   3001f3f0 f   ui_shared.obj
 0001:0001e420       _MenuParse_ownerdraw       3001f420 f   ui_shared.obj
 0001:0001e440       _MenuParse_popup           3001f440 f   ui_shared.obj
 0001:0001e460       _MenuParse_outOfBounds     3001f460 f   ui_shared.obj
 0001:0001e480       _MenuParse_fadeClamp       3001f480 f   ui_shared.obj
 0001:0001e4a0       _MenuParse_itemDef         3001f4a0 f   ui_shared.obj
 0001:0001e590       _Menu_ClearFocus           3001f590 f   ui_shared.obj
 0001:0001e600       _Menus_CloseByName         3001f600 f   ui_shared.obj
 0001:0001e650       _Script_Open               3001f650 f   ui_shared.obj
 0001:0001e680       _Script_ConditionalOpen    3001f680 f   ui_shared.obj
 0001:0001e710       _Script_Close              3001f710 f   ui_shared.obj
 0001:0001e740       _Script_SetFocus           3001f740 f   ui_shared.obj
 0001:0001e7d0       __fpclear                  3001f7d0 f   LIBC:fpinit.obj
 0001:0001e7d1       __cfltcvt_init             3001f7d1 f   LIBC:fpinit.obj
 0001:0001e809       __fpmath                   3001f809 f   LIBC:fpinit.obj
 0001:0001e828       __ftol2                    3001f828 f   LIBC:ftol2.obj
 0001:0001e89d       _atol                      3001f89d f   LIBC:atox.obj
 0001:0001e8f5       _atoi                      3001f8f5 f   LIBC:atox.obj
 0001:0001e8fa       _rand                      3001f8fa f   LIBC:rand.obj
 0001:0001e91d       _vsprintf                  3001f91d f   LIBC:vsprintf.obj
 0001:0001e980       _floor                     3001f980 f   LIBC:floor_pentium4.obj
 0001:0001e9c0       __floor_pentium4           3001f9c0 f   LIBC:floor_pentium4.obj
 0001:0001eaa1       _atof                      3001faa1 f   LIBC:atof.obj
 0001:0001eaf0       __alloca_probe             3001faf0     LIBC:chkstk.obj
 0001:0001eaf0       __chkstk                   3001faf0 f   LIBC:chkstk.obj
 0001:0001eb30       __CIacos                   3001fb30 f   LIBC:acos.obj
 0001:0001eb44       _acos                      3001fb44     LIBC:acos.obj
 0001:0001ec10       _strchr                    3001fc10 f   LIBC:strchr.obj
 0001:0001ec16       ___from_strstr_to_strchr   3001fc16     LIBC:strchr.obj
 0001:0001ecd0       _strncpy                   3001fcd0 f   LIBC:strncpy.obj
 0001:0001ee00       _strstr                    3001fe00 f   LIBC:strstr.obj
 0001:0001ee86       _tolower                   3001fe86 f   LIBC:tolower.obj
 0001:0001ef60       _memmove                   3001ff60 f   LIBC:memmove.obj
 0001:0001f29d       __CRT_INIT@12              3002029d f   LIBC:dllcrt0.obj
 0001:0001f3a8       __DllMainCRTStartup@12     300203a8 f   LIBC:dllcrt0.obj
 0001:0001f48c       __amsg_exit                3002048c f   LIBC:dllcrt0.obj
 0001:0001f4bf       __forcdecpt                300204bf f   LIBC:cvt.obj
 0001:0001f517       __cropzeros                30020517 f   LIBC:cvt.obj
 0001:0001f562       __positive                 30020562 f   LIBC:cvt.obj
 0001:0001f57c       __fassign                  3002057c f   LIBC:cvt.obj
 0001:0001f5d7       __cftoe                    300205d7 f   LIBC:cvt.obj
 0001:0001f6c8       __cftof                    300206c8 f   LIBC:cvt.obj
 0001:0001f7a5       __cftog                    300207a5 f   LIBC:cvt.obj
 0001:0001f84f       __cfltcvt                  3002084f f   LIBC:cvt.obj
 0001:0001f8a0       __setdefaultprecision      300208a0 f   LIBC:fp8.obj
 0001:0001f8b2       __ms_p5_test_fdiv          300208b2 f   LIBC:testfdiv.obj
 0001:0001f8f2       __ms_p5_mp_test_fdiv       300208f2 f   LIBC:testfdiv.obj
 0001:0001f91b       __ismbcspace               3002091b f   LIBC:ismbspc.obj
 0001:0001f9b0       __allmul                   300209b0 f   LIBC:llmul.obj
 0001:0001f9e4       __flsbuf                   300209e4 f   LIBC:_flsbuf.obj
 0001:0001fb88       __output                   30020b88 f   LIBC:output.obj
 0001:00020382       ___libm_error_support      30021382 f   LIBC:libm_error.obj
 0001:00020643       ___sse2_available_init     30021643 f   LIBC:cpu_disp.obj
 0001:00020711       __floor_default            30021711 f   LIBC:floor.obj
 0001:000207e4       __fltin                    300217e4 f   LIBC:cfin.obj
 0001:00020880       _strlen                    30021880 f   LIBC:strlen.obj
 0001:0002090b       __isctype                  3002190b f   LIBC:isctype.obj
 0001:00020990       __trandisp1                30021990 f   LIBC:87disp.obj
 0001:000209f7       __trandisp2                300219f7 f   LIBC:87disp.obj
 0001:00020a83       __rttospopde               30021a83     LIBC:87disp.obj
 0001:00020a88       __rttospop                 30021a88     LIBC:87disp.obj
 0001:00020a8a       __rtnospop                 30021a8a     LIBC:87disp.obj
 0001:00020a8c       __rttosnpop                30021a8c     LIBC:87disp.obj
 0001:00020a8d       __rtnospopde               30021a8d     LIBC:87disp.obj
 0001:00020a94       __rtzeropop                30021a94     LIBC:87disp.obj
 0001:00020a96       __rtzeronpop               30021a96     LIBC:87disp.obj
 0001:00020a9b       __rtonepop                 30021a9b     LIBC:87disp.obj
 0001:00020a9d       __rtonenpop                30021a9d     LIBC:87disp.obj
 0001:00020aa2       __tosnan1                  30021aa2     LIBC:87disp.obj
 0001:00020acd       __nosnan2                  30021acd     LIBC:87disp.obj
 0001:00020acf       __tosnan2                  30021acf     LIBC:87disp.obj
 0001:00020af7       __nan2                     30021af7     LIBC:87disp.obj
 0001:00020b36       __rtindfpop                30021b36     LIBC:87disp.obj
 0001:00020b38       __rtindfnpop               30021b38     LIBC:87disp.obj
 0001:00020b49       __rttosnpopde              30021b49     LIBC:87disp.obj
 0001:00020b53       __rtchsifneg               30021b53     LIBC:87disp.obj
 0001:00020b60       __startTwoArgErrorHandling 30021b60 f   LIBC:genexcep.obj
 0001:00020b77       __startOneArgErrorHandling 30021b77 f   LIBC:genexcep.obj
 0001:00020bc0       __twoToTOS                 30021bc0 f   LIBC:common.obj
 0001:00020bd5       __load_CW                  30021bd5 f   LIBC:common.obj
 0001:00020bec       __convertTOStoQNaN         30021bec f   LIBC:common.obj
 0001:00020c05       __fload_withFB             30021c05 f   LIBC:common.obj
 0001:00020c48       __checkTOS_withFB          30021c48 f   LIBC:common.obj
 0001:00020c5e       __fast_exit                30021c5e f   LIBC:common.obj
 0001:00020c6b       __math_exit                30021c6b f   LIBC:common.obj
 0001:00020c95       __check_overflow_exit      30021c95 f   LIBC:common.obj
 0001:00020ca9       __check_range_exit         30021ca9 f   LIBC:common.obj
 0001:00020d4c       ___crtLCMapStringA         30021d4c f   LIBC:a_map.obj
 0001:00021108       ___crtExitProcess          30022108 f   LIBC:crt0dat.obj
 0001:00021138       __cinit                    30022138 f   LIBC:crt0dat.obj
 0001:00021263       __exit                     30022263 f   LIBC:crt0dat.obj
 0001:00021274       __cexit                    30022274 f   LIBC:crt0dat.obj
 0001:00021283       __ioinit                   30022283 f   LIBC:ioinit.obj
 0001:0002142e       __ioterm                   3002242e f   LIBC:ioinit.obj
 0001:00021451       __setenvp                  30022451 f   LIBC:stdenvp.obj
 0001:00021684       __setargv                  30022684 f   LIBC:stdargv.obj
 0001:00021726       ___heap_select             30022726 f   LIBC:heapinit.obj
 0001:00021740       __heap_init                30022740 f   LIBC:heapinit.obj
 0001:00021791       __heap_term                30022791 f   LIBC:heapinit.obj
 0001:00021810       ___crtGetEnvironmentStringsA 30022810 f   LIBC:a_env.obj
 0001:00021932       __RTC_Initialize           30022932 f   LIBC:initsect.obj
 0001:00021976       __RTC_Terminate            30022976 f   LIBC:initsect.obj
 0001:000219ba       __XcptFilter               300229ba f   LIBC:winxfltr.obj
 0001:00021b2b       ___CppXcptFilter           30022b2b f   LIBC:winxfltr.obj
 0001:00021b46       _DllMain@12                30022b46 f   LIBC:dllmain.obj
 0001:00021b68       __SEH_prolog               30022b68 f   LIBC:sehprolg.obj
 0001:00021ba3       __SEH_epilog               30022ba3 f   LIBC:sehprolg.obj
 0001:00021bbc       __except_handler3          30022bbc f   LIBC:exsup3.obj
 0001:00021ca2       __seh_longjmp_unwind@4     30022ca2 f   LIBC:exsup3.obj
 0001:00021cbd       __NMSG_WRITE               30022cbd f   LIBC:crt0msg.obj
 0001:00021e34       __FF_MSGBANNER             30022e34 f   LIBC:crt0msg.obj
 0001:00021e6d       __ZeroTail                 30022e6d f   LIBC:intrncvt.obj
 0001:00021e9f       __IncMan                   30022e9f f   LIBC:intrncvt.obj
 0001:00021eec       __RoundMan                 30022eec f   LIBC:intrncvt.obj
 0001:00021f5e       __CopyMan                  30022f5e f   LIBC:intrncvt.obj
 0001:00021f79       __IsZeroMan                30022f79 f   LIBC:intrncvt.obj
 0001:00021f92       __ShrMan                   30022f92 f   LIBC:intrncvt.obj
 0001:0002200d       __ld12cvt                  3002300d f   LIBC:intrncvt.obj
 0001:00022165       __ld12tod                  30023165 f   LIBC:intrncvt.obj
 0001:0002217b       __ld12tof                  3002317b f   LIBC:intrncvt.obj
 0001:00022191       __atodbl                   30023191 f   LIBC:intrncvt.obj
 0001:000221ce       __atoflt                   300231ce f   LIBC:intrncvt.obj
 0001:00022210       _strcpy                    30023210 f   LIBC:strcat.obj
 0001:00022220       _strcat                    30023220 f   LIBC:strcat.obj
 0001:00022308       __fptostr                  30023308 f   LIBC:_fptostr.obj
 0001:0002237f       ___dtold                   3002337f f   LIBC:cfout.obj
 0001:00022439       __fltout                   30023439 f   LIBC:cfout.obj
 0001:000224b0       _memset                    300234b0 f   LIBC:memset.obj
 0001:00022510       __fptrap                   30023510 f   LIBC:crt0fp.obj
 0001:00022639       __control87                30023639 f   LIBC:ieee87.obj
 0001:0002266b       __controlfp                3002366b f   LIBC:ieee87.obj
 0001:00022681       ___crtGetStringTypeA       30023681 f   LIBC:a_str.obj
 0001:00022a1f       __setmbcp                  30023a1f f   LIBC:mbctype.obj
 0001:00022c05       ___initmbctable            30023c05 f   LIBC:mbctype.obj
 0001:00022c23       __lseek                    30023c23 f   LIBC:lseek.obj
 0001:00022caf       __write                    30023caf f   LIBC:write.obj
 0001:00022e9f       __getbuf                   30023e9f f   LIBC:_getbuf.obj
 0001:00022ee3       __isatty                   30023ee3 f   LIBC:isatty.obj
 0001:00022f0a       ___initstdio               30023f0a f   LIBC:_file.obj
 0001:00022fb0       ___endstdio                30023fb0 f   LIBC:_file.obj
 0001:00022fc4       _free                      30023fc4 f   LIBC:free.obj
 0001:00022ffc       __heap_alloc               30023ffc f   LIBC:malloc.obj
 0001:00023042       __nh_malloc                30024042 f   LIBC:malloc.obj
 0001:0002306e       _malloc                    3002406e f   LIBC:malloc.obj
 0001:00023080       _wctomb                    30024080 f   LIBC:wctomb.obj
 0001:00023117       @__security_check_cookie@4 30024117 f   LIBC:secchk.obj
 0001:00023130       __aulldvrm                 30024130 f   LIBC:ulldvrm.obj
 0001:000231c5       __matherr                  300241c5 f   LIBC:matherr.obj
 0001:000231d0       _strncmp                   300241d0 f   LIBC:strncmp.obj
 0001:00023209       __raise_exc                30024209 f   LIBC:fpexcept.obj
 0001:000234ae       __handle_exc               300244ae f   LIBC:fpexcept.obj
 0001:000236d2       __set_errno                300246d2 f   LIBC:fpexcept.obj
 0001:000236f8       __errcode                  300246f8 f   LIBC:fpexcept.obj
 0001:00023725       __umatherr                 30024725 f   LIBC:fpexcept.obj
 0001:000237c5       __handle_qnan1             300247c5 f   LIBC:fpexcept.obj
 0001:00023817       __except1                  30024817 f   LIBC:fpexcept.obj
 0001:000238cf       __frnd                     300248cf f   LIBC:frnd.obj
 0001:000238e0       __set_exp                  300248e0 f   LIBC:util.obj
 0001:0002390a       __sptype                   3002490a f   LIBC:util.obj
 0001:00023965       __decomp                   30024965 f   LIBC:util.obj
 0001:00023a21       __statfp                   30024a21 f   LIBC:fpctrl.obj
 0001:00023a2c       __clrfp                    30024a2c f   LIBC:fpctrl.obj
 0001:00023a38       __ctrlfp                   30024a38 f   LIBC:fpctrl.obj
 0001:00023a5c       __set_statfp               30024a5c f   LIBC:fpctrl.obj
 0001:00023ab2       ___strgtold12              30024ab2 f   LIBC:strgtold.obj
 0001:00023f39       __87except                 30024f39 f   LIBC:87except.obj
 0001:00024031       ___ansicp                  30025031 f   LIBC:convrtcp.obj
 0001:00024074       ___convertcp               30025074 f   LIBC:convrtcp.obj
 0001:0002423d       __resetstkoflw             3002523d f   LIBC:resetstk.obj
 0001:00024320       __onexit                   30025320 f   LIBC:onexit.obj
 0001:000243a2       _atexit                    300253a2 f   LIBC:onexit.obj
 0001:000243b4       ___onexitinit              300253b4 f   LIBC:onexit.obj
 0001:000243dc       ___sbh_heap_init           300253dc f   LIBC:sbheap.obj
 0001:00024424       ___sbh_find_block          30025424 f   LIBC:sbheap.obj
 0001:0002444f       ___sbh_free_block          3002544f f   LIBC:sbheap.obj
 0001:00024767       ___sbh_alloc_new_region    30025767 f   LIBC:sbheap.obj
 0001:0002481e       ___sbh_alloc_new_group     3002581e f   LIBC:sbheap.obj
 0001:00024924       ___sbh_resize_block        30025924 f   LIBC:sbheap.obj
 0001:00024c03       ___sbh_alloc_block         30025c03 f   LIBC:sbheap.obj
 0001:00024f00       _memcpy                    30025f00 f   LIBC:memcpy.obj
 0001:00025240       __global_unwind2           30026240 f   LIBC:exsup.obj
 0001:00025282       __local_unwind2            30026282 f   LIBC:exsup.obj
 0001:000252da       __NLG_Return2              300262da     LIBC:exsup.obj
 0001:000252ea       __abnormal_termination     300262ea f   LIBC:exsup.obj
 0001:0002530d       __NLG_Notify1              3002630d f   LIBC:exsup.obj
 0001:00025316       __NLG_Notify               30026316 f   LIBC:exsup.obj
 0001:00025329       __NLG_Dispatch             30026329     LIBC:exsup.obj
 0001:0002532e       __ValidateEH3RN            3002632e f   LIBC:eh3valid.obj
 0001:00025557       ___crtMessageBoxA          30026557 f   LIBC:crtmbox.obj
 0001:00025650       ___addl                    30026650 f   LIBC:mantold.obj
 0001:00025671       ___add_12                  30026671 f   LIBC:mantold.obj
 0001:000256cf       ___shl_12                  300266cf f   LIBC:mantold.obj
 0001:000256fd       ___shr_12                  300266fd f   LIBC:mantold.obj
 0001:0002572a       ___mtold12                 3002672a f   LIBC:mantold.obj
 0001:00025808       _$I10_OUTPUT               30026808 f   LIBC:x10fout.obj
 0001:00025a96       _calloc                    30026a96 f   LIBC:calloc.obj
 0001:00025b11       __dosmaperr                30026b11 f   LIBC:dosmap.obj
 0001:00025b70       __free_osfhnd              30026b70 f   LIBC:osfinfo.obj
 0001:00025bea       __get_osfhandle            30026bea f   LIBC:osfinfo.obj
 0001:00025c26       __lseeki64                 30026c26 f   LIBC:lseeki64.obj
 0001:00025cc5       __fcloseall                30026cc5 f   LIBC:closeall.obj
 0001:00025d1d       __flush                    30026d1d f   LIBC:fflush.obj
 0001:00025d7a       _fflush                    30026d7a f   LIBC:fflush.obj
 0001:00025e22       __flushall                 30026e22 f   LIBC:fflush.obj
 0001:00025e2b       __callnewh                 30026e2b f   LIBC:handler.obj
 0001:00025e46       ___security_init_cookie    30026e46 f   LIBC:seccinit.obj
 0001:00025eac       ___security_error_handler  30026eac f   LIBC:secfail.obj
 0001:00025ff4       ___ld12mul                 30026ff4 f   LIBC:tenpow.obj
 0001:00026226       ___multtenpow12            30027226 f   LIBC:tenpow.obj
 0001:000262ac       _realloc                   300272ac f   LIBC:realloc.obj
 0001:0002640e       __msize                    3002740e f   LIBC:msize.obj
 0001:00026446       _fclose                    30027446 f   LIBC:fclose.obj
 0001:0002649c       __commit                   3002749c f   LIBC:commit.obj
 0001:000264f3       __close                    300274f3 f   LIBC:close.obj
 0001:000265a6       __freebuf                  300275a6 f   LIBC:_freebuf.obj
 0001:000265d2       _RtlUnwind@16              300275d2 f   kernel32:KERNEL32.dll
 0002:00000000       __imp__GetCommandLineA@0   30028000     kernel32:KERNEL32.dll
 0002:00000004       __imp__GetVersionExA@4     30028004     kernel32:KERNEL32.dll
 0002:00000008       __imp__GetProcAddress@8    30028008     kernel32:KERNEL32.dll
 0002:0000000c       __imp__GetModuleHandleA@4  3002800c     kernel32:KERNEL32.dll
 0002:00000010       __imp__LCMapStringA@24     30028010     kernel32:KERNEL32.dll
 0002:00000014       __imp__WideCharToMultiByte@32 30028014     kernel32:KERNEL32.dll
 0002:00000018       __imp__MultiByteToWideChar@24 30028018     kernel32:KERNEL32.dll
 0002:0000001c       __imp__GetLastError@0      3002801c     kernel32:KERNEL32.dll
 0002:00000020       __imp__LCMapStringW@24     30028020     kernel32:KERNEL32.dll
 0002:00000024       __imp__ExitProcess@4       30028024     kernel32:KERNEL32.dll
 0002:00000028       __imp__TerminateProcess@8  30028028     kernel32:KERNEL32.dll
 0002:0000002c       __imp__GetCurrentProcess@0 3002802c     kernel32:KERNEL32.dll
 0002:00000030       __imp__SetHandleCount@4    30028030     kernel32:KERNEL32.dll
 0002:00000034       __imp__GetStdHandle@4      30028034     kernel32:KERNEL32.dll
 0002:00000038       __imp__GetFileType@4       30028038     kernel32:KERNEL32.dll
 0002:0000003c       __imp__GetStartupInfoA@4   3002803c     kernel32:KERNEL32.dll
 0002:00000040       __imp__GetModuleFileNameA@12 30028040     kernel32:KERNEL32.dll
 0002:00000044       __imp__HeapDestroy@4       30028044     kernel32:KERNEL32.dll
 0002:00000048       __imp__HeapCreate@12       30028048     kernel32:KERNEL32.dll
 0002:0000004c       __imp__VirtualFree@12      3002804c     kernel32:KERNEL32.dll
 0002:00000050       __imp__HeapFree@12         30028050     kernel32:KERNEL32.dll
 0002:00000054       __imp__FreeEnvironmentStringsA@4 30028054     kernel32:KERNEL32.dll
 0002:00000058       __imp__GetEnvironmentStrings@0 30028058     kernel32:KERNEL32.dll
 0002:0000005c       __imp__FreeEnvironmentStringsW@4 3002805c     kernel32:KERNEL32.dll
 0002:00000060       __imp__GetEnvironmentStringsW@0 30028060     kernel32:KERNEL32.dll
 0002:00000064       __imp__UnhandledExceptionFilter@4 30028064     kernel32:KERNEL32.dll
 0002:00000068       __imp__DisableThreadLibraryCalls@4 30028068     kernel32:KERNEL32.dll
 0002:0000006c       __imp__WriteFile@20        3002806c     kernel32:KERNEL32.dll
 0002:00000070       __imp__GetStringTypeA@20   30028070     kernel32:KERNEL32.dll
 0002:00000074       __imp__GetStringTypeW@16   30028074     kernel32:KERNEL32.dll
 0002:00000078       __imp__GetACP@0            30028078     kernel32:KERNEL32.dll
 0002:0000007c       __imp__GetOEMCP@0          3002807c     kernel32:KERNEL32.dll
 0002:00000080       __imp__GetCPInfo@8         30028080     kernel32:KERNEL32.dll
 0002:00000084       __imp__SetFilePointer@16   30028084     kernel32:KERNEL32.dll
 0002:00000088       __imp__HeapAlloc@12        30028088     kernel32:KERNEL32.dll
 0002:0000008c       __imp__RaiseException@16   3002808c     kernel32:KERNEL32.dll
 0002:00000090       __imp__GetLocaleInfoA@16   30028090     kernel32:KERNEL32.dll
 0002:00000094       __imp__VirtualProtect@16   30028094     kernel32:KERNEL32.dll
 0002:00000098       __imp__VirtualAlloc@16     30028098     kernel32:KERNEL32.dll
 0002:0000009c       __imp__GetSystemInfo@4     3002809c     kernel32:KERNEL32.dll
 0002:000000a0       __imp__VirtualQuery@12     300280a0     kernel32:KERNEL32.dll
 0002:000000a4       __imp__HeapReAlloc@16      300280a4     kernel32:KERNEL32.dll
 0002:000000a8       __imp__RtlUnwind@16        300280a8     kernel32:KERNEL32.dll
 0002:000000ac       __imp__InterlockedExchange@8 300280ac     kernel32:KERNEL32.dll
 0002:000000b0       __imp__LoadLibraryA@4      300280b0     kernel32:KERNEL32.dll
 0002:000000b4       __imp__SetStdHandle@8      300280b4     kernel32:KERNEL32.dll
 0002:000000b8       __imp__QueryPerformanceCounter@4 300280b8     kernel32:KERNEL32.dll
 0002:000000bc       __imp__GetTickCount@0      300280bc     kernel32:KERNEL32.dll
 0002:000000c0       __imp__GetCurrentThreadId@0 300280c0     kernel32:KERNEL32.dll
 0002:000000c4       __imp__GetCurrentProcessId@0 300280c4     kernel32:KERNEL32.dll
 0002:000000c8       __imp__GetSystemTimeAsFileTime@4 300280c8     kernel32:KERNEL32.dll
 0002:000000cc       __imp__HeapSize@12         300280cc     kernel32:KERNEL32.dll
 0002:000000d0       __imp__FlushFileBuffers@4  300280d0     kernel32:KERNEL32.dll
 0002:000000d4       __imp__CloseHandle@4       300280d4     kernel32:KERNEL32.dll
 0002:000000d8       \177KERNEL32_NULL_THUNK_DATA 300280d8     kernel32:KERNEL32.dll
 0002:000000e0       ??_C@_08GBKLDCBE@EV_TAUNT?$AA@ 300280e0     bg_misc.obj
 0002:000000ec       ??_C@_0BE@OHJHDFJH@EV_STOPLOOPINGSOUND?$AA@ 300280ec     bg_misc.obj
 0002:00000100       ??_C@_0O@PBPAKHP@EV_DEBUG_LINE?$AA@ 30028100     bg_misc.obj
 0002:00000110       ??_C@_0N@GAJBP@EV_SCOREPLUM?$AA@ 30028110     bg_misc.obj
 0002:00000120       ??_C@_0O@JLGFLKBE@EV_GIB_PLAYER?$AA@ 30028120     bg_misc.obj
 0002:00000130       ??_C@_0BB@EGIJIDAN@EV_POWERUP_REGEN?$AA@ 30028130     bg_misc.obj
 0002:00000144       ??_C@_0BG@CHAMNADK@EV_POWERUP_BATTLESUIT?$AA@ 30028144     bg_misc.obj
 0002:0000015c       ??_C@_0BA@HLHGHIIE@EV_POWERUP_QUAD?$AA@ 3002815c     bg_misc.obj
 0002:0000016c       ??_C@_0M@PPLCDPP@EV_OBITUARY?$AA@ 3002816c     bg_misc.obj
 0002:00000178       ??_C@_09KNGHBIAK@EV_DEATH3?$AA@ 30028178     bg_misc.obj
 0002:00000184       ??_C@_09LEHMCJEL@EV_DEATH2?$AA@ 30028184     bg_misc.obj
 0002:00000190       ??_C@_09JPFBHKII@EV_DEATH1?$AA@ 30028190     bg_misc.obj
 0002:0000019c       ??_C@_07EMHHKOOH@EV_PAIN?$AA@ 3002819c     bg_misc.obj
 0002:000001a4       ??_C@_09ICDIPKFJ@EV_BULLET?$AA@ 300281a4     bg_misc.obj
 0002:000001b0       ??_C@_0L@LHBIHDML@EV_SHOTGUN?$AA@ 300281b0     bg_misc.obj
 0002:000001bc       ??_C@_0N@HMLLJFGF@EV_RAILTRAIL?$AA@ 300281bc     bg_misc.obj
 0002:000001cc       ??_C@_0BG@LPAHEABB@EV_MISSILE_MISS_METAL?$AA@ 300281cc     bg_misc.obj
 0002:000001e4       ??_C@_0BA@CAHALNAE@EV_MISSILE_MISS?$AA@ 300281e4     bg_misc.obj
 0002:000001f4       ??_C@_0P@JFMFNBMO@EV_MISSILE_HIT?$AA@ 300281f4     bg_misc.obj
 0002:00000204       ??_C@_0BD@MFLMCLPN@EV_BULLET_HIT_WALL?$AA@ 30028204     bg_misc.obj
 0002:00000218       ??_C@_0BE@KBABEJMP@EV_BULLET_HIT_FLESH?$AA@ 30028218     bg_misc.obj
 0002:0000022c       ??_C@_0BF@DDOIKLHD@EV_GLOBAL_TEAM_SOUND?$AA@ 3002822c     bg_misc.obj
 0002:00000244       ??_C@_0BA@JAMKLOPJ@EV_GLOBAL_SOUND?$AA@ 30028244     bg_misc.obj
 0002:00000254       ??_C@_0BB@LJGGMAII@EV_GENERAL_SOUND?$AA@ 30028254     bg_misc.obj
 0002:00000268       ??_C@_0BC@ECIIAFLJ@EV_GRENADE_BOUNCE?$AA@ 30028268     bg_misc.obj
 0002:0000027c       ??_C@_0BH@FNNILPIN@EV_PLAYER_TELEPORT_OUT?$AA@ 3002827c     bg_misc.obj
 0002:00000294       ??_C@_0BG@HBBJKNDP@EV_PLAYER_TELEPORT_IN?$AA@ 30028294     bg_misc.obj
 0002:000002ac       ??_C@_0M@ECGFPIMP@EV_ITEM_POP?$AA@ 300282ac     bg_misc.obj
 0002:000002b8       ??_C@_0BA@GJNCODNG@EV_ITEM_RESPAWN?$AA@ 300282b8     bg_misc.obj
 0002:000002c8       ??_C@_0O@HHGOLJPJ@EV_USE_ITEM15?$AA@ 300282c8     bg_misc.obj
 0002:000002d8       ??_C@_0O@GOHFIILI@EV_USE_ITEM14?$AA@ 300282d8     bg_misc.obj
 0002:000002e8       ??_C@_0O@CBDEBOHP@EV_USE_ITEM13?$AA@ 300282e8     bg_misc.obj
 0002:000002f8       ??_C@_0O@DICPCPDO@EV_USE_ITEM12?$AA@ 300282f8     bg_misc.obj
 0002:00000308       ??_C@_0O@BDACHMPN@EV_USE_ITEM11?$AA@ 30028308     bg_misc.obj
 0002:00000318       ??_C@_0O@KBJENLM@EV_USE_ITEM10?$AA@ 30028318     bg_misc.obj
 0002:00000328       ??_C@_0N@PHODCBCK@EV_USE_ITEM9?$AA@ 30028328     bg_misc.obj
 0002:00000338       ??_C@_0N@OOPIBAGL@EV_USE_ITEM8?$AA@ 30028338     bg_misc.obj
 0002:00000348       ??_C@_0N@GJGAAMKE@EV_USE_ITEM7?$AA@ 30028348     bg_misc.obj
 0002:00000358       ??_C@_0N@HAHLDNOF@EV_USE_ITEM6?$AA@ 30028358     bg_misc.obj
 0002:00000368       ??_C@_0N@FLFGGOCG@EV_USE_ITEM5?$AA@ 30028368     bg_misc.obj
 0002:00000378       ??_C@_0N@ECENFPGH@EV_USE_ITEM4?$AA@ 30028378     bg_misc.obj
 0002:00000388       ??_C@_0N@NAMMJKA@EV_USE_ITEM3?$AA@ 30028388     bg_misc.obj
 0002:00000398       ??_C@_0N@BEBHPIOB@EV_USE_ITEM2?$AA@ 30028398     bg_misc.obj
 0002:000003a8       ??_C@_0N@DPDKKLCC@EV_USE_ITEM1?$AA@ 300283a8     bg_misc.obj
 0002:000003b8       ??_C@_0N@CGCBJKGD@EV_USE_ITEM0?$AA@ 300283b8     bg_misc.obj
 0002:000003c8       ??_C@_0P@PFJPAFGH@EV_FIRE_WEAPON?$AA@ 300283c8     bg_misc.obj
 0002:000003d8       ??_C@_0BB@ENKPHJLP@EV_CHANGE_WEAPON?$AA@ 300283d8     bg_misc.obj
 0002:000003ec       ??_C@_09NMIICG@EV_NOAMMO?$AA@ 300283ec     bg_misc.obj
 0002:000003f8       ??_C@_0BG@KFILGAMN@EV_GLOBAL_ITEM_PICKUP?$AA@ 300283f8     bg_misc.obj
 0002:00000410       ??_C@_0P@BGIOEPCB@EV_ITEM_PICKUP?$AA@ 30028410     bg_misc.obj
 0002:00000420       ??_C@_0P@NIPCJOBG@EV_WATER_CLEAR?$AA@ 30028420     bg_misc.obj
 0002:00000430       ??_C@_0P@MIAIODEJ@EV_WATER_UNDER?$AA@ 30028430     bg_misc.obj
 0002:00000440       ??_C@_0P@LHDMOIIG@EV_WATER_LEAVE?$AA@ 30028440     bg_misc.obj
 0002:00000450       ??_C@_0P@GCDBKPMP@EV_WATER_TOUCH?$AA@ 30028450     bg_misc.obj
 0002:00000460       ??_C@_07GKBEHGAP@EV_JUMP?$AA@ 30028460     bg_misc.obj
 0002:00000468       ??_C@_0M@BPNFGBOJ@EV_JUMP_PAD?$AA@ 30028468     bg_misc.obj
 0002:00000474       ??_C@_0M@LKJJNJOM@EV_FALL_FAR?$AA@ 30028474     bg_misc.obj
 0002:00000480       ??_C@_0P@MGFLMCKC@EV_FALL_MEDIUM?$AA@ 30028480     bg_misc.obj
 0002:00000490       ??_C@_0O@EAFDHAJM@EV_FALL_SHORT?$AA@ 30028490     bg_misc.obj
 0002:000004a0       ??_C@_0L@HOOIOPKF@EV_STEP_16?$AA@ 300284a0     bg_misc.obj
 0002:000004ac       ??_C@_0L@BKIECKKB@EV_STEP_12?$AA@ 300284ac     bg_misc.obj
 0002:000004b8       ??_C@_09EHOLDGNN@EV_STEP_8?$AA@ 300284b8     bg_misc.obj
 0002:000004c4       ??_C@_09OLFOHJNB@EV_STEP_4?$AA@ 300284c4     bg_misc.obj
 0002:000004d0       ??_C@_07FFIIIPLH@EV_SWIM?$AA@ 300284d0     bg_misc.obj
 0002:000004d8       ??_C@_0M@NPJBGELA@EV_FOOTWADE?$AA@ 300284d8     bg_misc.obj
 0002:000004e4       ??_C@_0O@HLJHKIDH@EV_FOOTSPLASH?$AA@ 300284e4     bg_misc.obj
 0002:000004f4       ??_C@_0BC@DIJMAMMI@EV_FOOTSTEP_METAL?$AA@ 300284f4     bg_misc.obj
 0002:00000508       ??_C@_0M@HLKBOJPO@EV_FOOTSTEP?$AA@ 30028508     bg_misc.obj
 0002:00000514       ??_C@_07JFMDDPHJ@EV_NONE?$AA@ 30028514     bg_misc.obj
 0002:0000051c       ??_C@_09MDBFHCAB@Blue?5Flag?$AA@ 3002851c     bg_misc.obj
 0002:00000528       ??_C@_0BB@EMIIAFKA@icons?1iconf_blu1?$AA@ 30028528     bg_misc.obj
 0002:0000053c       ??_C@_0BI@FKICCNIF@models?1flags?1b_flag?4md3?$AA@ 3002853c     bg_misc.obj
 0002:00000554       ??_C@_0BC@NLKCOFAB@team_CTF_blueflag?$AA@ 30028554     bg_misc.obj
 0002:00000568       ??_C@_08GAOGPIJL@Red?5Flag?$AA@ 30028568     bg_misc.obj
 0002:00000574       ??_C@_0BB@EMIEBEOP@icons?1iconf_red1?$AA@ 30028574     bg_misc.obj
 0002:00000588       ??_C@_0BI@PEHEOJEO@models?1flags?1r_flag?4md3?$AA@ 30028588     bg_misc.obj
 0002:000005a0       ??_C@_0BB@JNMMCIHG@team_CTF_redflag?$AA@ 300285a0     bg_misc.obj
 0002:000005b4       ??_C@_06FDKFDAP@Flight?$AA@ 300285b4     bg_misc.obj
 0002:000005bc       ??_C@_0N@GLEPEEPG@icons?1flight?$AA@ 300285bc     bg_misc.obj
 0002:000005cc       ??_C@_0CI@IADFFEDP@models?1powerups?1instant?1flight_r@ 300285cc     bg_misc.obj
 0002:000005f4       ??_C@_0CD@MKDGJOMG@models?1powerups?1instant?1flight?4m@ 300285f4     bg_misc.obj
 0002:00000618       ??_C@_0BH@COLFHEAE@sound?1items?1flight?4wav?$AA@ 30028618     bg_misc.obj
 0002:00000630       ??_C@_0M@MBNKEMMH@item_flight?$AA@ 30028630     bg_misc.obj
 0002:0000063c       ??_C@_0BG@LHDLOKKN@sound?1items?1regen?4wav?$AA@ 3002863c     bg_misc.obj
 0002:00000654       ??_C@_0N@CBPBLBHG@Regeneration?$AA@ 30028654     bg_misc.obj
 0002:00000664       ??_C@_0M@FDCLJBFC@icons?1regen?$AA@ 30028664     bg_misc.obj
 0002:00000670       ??_C@_0CH@FANACKJM@models?1powerups?1instant?1regen_ri@ 30028670     bg_misc.obj
 0002:00000698       ??_C@_0CC@OEAPIKIN@models?1powerups?1instant?1regen?4md@ 30028698     bg_misc.obj
 0002:000006bc       ??_C@_0BN@OBGKHNFF@sound?1items?1regeneration?4wav?$AA@ 300286bc     bg_misc.obj
 0002:000006dc       ??_C@_0L@MMGPPPDM@item_regen?$AA@ 300286dc     bg_misc.obj
 0002:000006e8       ??_C@_0N@LCCEENAK@Invisibility?$AA@ 300286e8     bg_misc.obj
 0002:000006f8       ??_C@_0M@FDDJPHJJ@icons?1invis?$AA@ 300286f8     bg_misc.obj
 0002:00000704       ??_C@_0CH@IMIHJDNC@models?1powerups?1instant?1invis_ri@ 30028704     bg_misc.obj
 0002:0000072c       ??_C@_0CC@HBONCEML@models?1powerups?1instant?1invis?4md@ 3002872c     bg_misc.obj
 0002:00000750       ??_C@_0BN@OJBEBLGB@sound?1items?1invisibility?4wav?$AA@ 30028750     bg_misc.obj
 0002:00000770       ??_C@_0L@MMHNJJPH@item_invis?$AA@ 30028770     bg_misc.obj
 0002:0000077c       ??_C@_05HOIAGEJD@Speed?$AA@ 3002877c     bg_misc.obj
 0002:00000784       ??_C@_0M@CFINMGCL@icons?1haste?$AA@ 30028784     bg_misc.obj
 0002:00000790       ??_C@_0CH@KKDDKNEF@models?1powerups?1instant?1haste_ri@ 30028790     bg_misc.obj
 0002:000007b8       ??_C@_0CC@NKPAJCMI@models?1powerups?1instant?1haste?4md@ 300287b8     bg_misc.obj
 0002:000007dc       ??_C@_0BG@IJMEPCOI@sound?1items?1haste?4wav?$AA@ 300287dc     bg_misc.obj
 0002:000007f4       ??_C@_0L@LKMJKIEF@item_haste?$AA@ 300287f4     bg_misc.obj
 0002:00000800       ??_C@_0DA@OCPACKGN@sound?1items?1airout?4wav?5sound?1ite@ 30028800     bg_misc.obj
 0002:00000830       ??_C@_0M@ONKEJEFE@Battle?5Suit?$AA@ 30028830     bg_misc.obj
 0002:0000083c       ??_C@_0BB@MGICBJOH@icons?1envirosuit?$AA@ 3002883c     bg_misc.obj
 0002:00000850       ??_C@_0CI@KAEDJDGE@models?1powerups?1instant?1enviro_r@ 30028850     bg_misc.obj
 0002:00000878       ??_C@_0CD@JLGNIGLA@models?1powerups?1instant?1enviro?4m@ 30028878     bg_misc.obj
 0002:0000089c       ??_C@_0BI@DEKBIKDD@sound?1items?1protect?4wav?$AA@ 3002889c     bg_misc.obj
 0002:000008b4       ??_C@_0M@HBCGNAN@item_enviro?$AA@ 300288b4     bg_misc.obj
 0002:000008c0       ??_C@_0DA@PPPPKFJI@sound?1items?1damage2?4wav?5sound?1it@ 300288c0     bg_misc.obj
 0002:000008f0       ??_C@_0M@KOJLOALK@Quad?5Damage?$AA@ 300288f0     bg_misc.obj
 0002:000008fc       ??_C@_0L@DICHEOBB@icons?1quad?$AA@ 300288fc     bg_misc.obj
 0002:00000908       ??_C@_0CG@JNMBMLHJ@models?1powerups?1instant?1quad_rin@ 30028908     bg_misc.obj
 0002:00000930       ??_C@_0CB@HIFGFDGN@models?1powerups?1instant?1quad?4md3@ 30028930     bg_misc.obj
 0002:00000954       ??_C@_0BL@GLEJLOCA@sound?1items?1quaddamage?4wav?$AA@ 30028954     bg_misc.obj
 0002:00000970       ??_C@_09MDKNIFFH@item_quad?$AA@ 30028970     bg_misc.obj
 0002:0000097c       ??_C@_0BL@GLIFPGGG@sound?1items?1use_medkit?4wav?$AA@ 3002897c     bg_misc.obj
 0002:00000998       ??_C@_06JDLGEHAD@Medkit?$AA@ 30028998     bg_misc.obj
 0002:000009a0       ??_C@_0N@PNMDFAPK@icons?1medkit?$AA@ 300289a0     bg_misc.obj
 0002:000009b0       ??_C@_0CL@LOBKLABC@models?1powerups?1holdable?1medkit_@ 300289b0     bg_misc.obj
 0002:000009dc       ??_C@_0CE@NKMJILL@models?1powerups?1holdable?1medkit?4@ 300289dc     bg_misc.obj
 0002:00000a00       ??_C@_0BA@PDDMBOCP@holdable_medkit?$AA@ 30028a00     bg_misc.obj
 0002:00000a10       ??_C@_0BE@PCKJDFFA@Personal?5Teleporter?$AA@ 30028a10     bg_misc.obj
 0002:00000a24       ??_C@_0BB@HCFICFKF@icons?1teleporter?$AA@ 30028a24     bg_misc.obj
 0002:00000a38       ??_C@_0CI@FHEOFFOB@models?1powerups?1holdable?1telepor@ 30028a38     bg_misc.obj
 0002:00000a60       ??_C@_0BJ@PNIOAJDI@sound?1items?1holdable?4wav?$AA@ 30028a60     bg_misc.obj
 0002:00000a7c       ??_C@_0BE@GNEKBMLB@holdable_teleporter?$AA@ 30028a7c     bg_misc.obj
 0002:00000a90       ??_C@_04JBBMMDIF@Hand?$AA@ 30028a90     bg_misc.obj
 0002:00000a98       ??_C@_0BB@OCEELHCG@icons?1iconw_hand?$AA@ 30028a98     bg_misc.obj
 0002:00000aac       ??_C@_0BO@EBOAGCKI@models?1weapons2?1hand?1hand?4md3?$AA@ 30028aac     bg_misc.obj
 0002:00000acc       ??_C@_0BG@BBKFHONL@sound?1misc?1w_pkup?4wav?$AA@ 30028acc     bg_misc.obj
 0002:00000ae4       ??_C@_0M@HNGHBMOE@weapon_hand?$AA@ 30028ae4     bg_misc.obj
 0002:00000af0       ??_C@_0M@IOJDMPNO@Mega?5Health?$AA@ 30028af0     bg_misc.obj
 0002:00000afc       ??_C@_0BB@EGPGIMOM@icons?1iconh_mega?$AA@ 30028afc     bg_misc.obj
 0002:00000b10       ??_C@_0CH@NEGHBKPB@models?1powerups?1health?1mega_sphe@ 30028b10     bg_misc.obj
 0002:00000b38       ??_C@_0CG@PDJMMGME@models?1powerups?1health?1mega_cros@ 30028b38     bg_misc.obj
 0002:00000b60       ??_C@_0BJ@FGLGEHNG@sound?1items?1m_health?4wav?$AA@ 30028b60     bg_misc.obj
 0002:00000b7c       ??_C@_0BB@PBGAONGH@item_health_mega?$AA@ 30028b7c     bg_misc.obj
 0002:00000b90       ??_C@_09EBELOOOD@50?5Health?$AA@ 30028b90     bg_misc.obj
 0002:00000b9c       ??_C@_0BA@IGNANAGL@icons?1iconh_red?$AA@ 30028b9c     bg_misc.obj
 0002:00000bac       ??_C@_0CI@CEEMEFNH@models?1powerups?1health?1large_sph@ 30028bac     bg_misc.obj
 0002:00000bd4       ??_C@_0CH@NHFAKEFE@models?1powerups?1health?1large_cro@ 30028bd4     bg_misc.obj
 0002:00000bfc       ??_C@_0BJ@ILCAJOFD@sound?1items?1l_health?4wav?$AA@ 30028bfc     bg_misc.obj
 0002:00000c18       ??_C@_0BC@JGDLKFIO@item_health_large?$AA@ 30028c18     bg_misc.obj
 0002:00000c2c       ??_C@_09OJAALANF@25?5Health?$AA@ 30028c2c     bg_misc.obj
 0002:00000c38       ??_C@_0BD@CDBLAHCA@icons?1iconh_yellow?$AA@ 30028c38     bg_misc.obj
 0002:00000c4c       ??_C@_0CJ@NCCPDHOD@models?1powerups?1health?1medium_sp@ 30028c4c     bg_misc.obj
 0002:00000c78       ??_C@_0CI@NAEMLIB@models?1powerups?1health?1medium_cr@ 30028c78     bg_misc.obj
 0002:00000ca0       ??_C@_0BJ@OLHMCLBI@sound?1items?1n_health?4wav?$AA@ 30028ca0     bg_misc.obj
 0002:00000cbc       ??_C@_0M@KCNAKNNL@item_health?$AA@ 30028cbc     bg_misc.obj
 0002:00000cc8       ??_C@_08IAIFJOAI@5?5Health?$AA@ 30028cc8     bg_misc.obj
 0002:00000cd4       ??_C@_0BC@IMNPBGFF@icons?1iconh_green?$AA@ 30028cd4     bg_misc.obj
 0002:00000ce8       ??_C@_0CI@MPAPPIIE@models?1powerups?1health?1small_sph@ 30028ce8     bg_misc.obj
 0002:00000d10       ??_C@_0CH@JKNLMIJB@models?1powerups?1health?1small_cro@ 30028d10     bg_misc.obj
 0002:00000d38       ??_C@_0BJ@BIFHONLM@sound?1items?1s_health?4wav?$AA@ 30028d38     bg_misc.obj
 0002:00000d54       ??_C@_0BC@DOHAFEBI@item_health_small?$AA@ 30028d54     bg_misc.obj
 0002:00000d68       ??_C@_0M@ICCAHGAD@Heavy?5Armor?$AA@ 30028d68     bg_misc.obj
 0002:00000d74       ??_C@_0BA@CEJNPBJG@icons?1iconr_red?$AA@ 30028d74     bg_misc.obj
 0002:00000d84       ??_C@_0CE@EGJFDJJK@models?1powerups?1armor?1armor_red?4@ 30028d84     bg_misc.obj
 0002:00000da8       ??_C@_0BA@EKKMHIH@item_armor_body?$AA@ 30028da8     bg_misc.obj
 0002:00000db8       ??_C@_05JOOFIMIN@Armor?$AA@ 30028db8     bg_misc.obj
 0002:00000dc0       ??_C@_0BD@BKPFMPMP@icons?1iconr_yellow?$AA@ 30028dc0     bg_misc.obj
 0002:00000dd4       ??_C@_0CE@PHKMKHKB@models?1powerups?1armor?1armor_yel?4@ 30028dd4     bg_misc.obj
 0002:00000df8       ??_C@_0BI@KNMPECGK@sound?1misc?1ar2_pkup?4wav?$AA@ 30028df8     bg_misc.obj
 0002:00000e10       ??_C@_0BC@FPPLPJIL@item_armor_combat?$AA@ 30028e10     bg_misc.obj
 0002:00000e24       ??_C@_0M@PJIPIDNH@Armor?5Shard?$AA@ 30028e24     bg_misc.obj
 0002:00000e30       ??_C@_0BC@LPFHDODA@icons?1iconr_shard?$AA@ 30028e30     bg_misc.obj
 0002:00000e44       ??_C@_0CH@NEKDLKN@models?1powerups?1armor?1shard_sphe@ 30028e44     bg_misc.obj
 0002:00000e6c       ??_C@_0CA@NOFOCCIK@models?1powerups?1armor?1shard?4md3?$AA@ 30028e6c     bg_misc.obj
 0002:00000e8c       ??_C@_0BI@DECNCEGL@sound?1misc?1ar1_pkup?4wav?$AA@ 30028e8c     bg_misc.obj
 0002:00000ea4       ??_C@_0BB@DDGIAABK@item_armor_shard?$AA@ 30028ea4     bg_misc.obj
 0002:00000eb5       ??_C@_00CNPNBAHC@?$AA@     30028eb5     bg_misc.obj
 0002:00000eb8       ??_C@_0BH@MFGKJDLM@HoldableItem?5not?5found?$AA@ 30028eb8     bg_misc.obj
 0002:00000ed0       ??_C@_0BM@NECGLAIF@BG_CanItemBeGrabbed?3?5IT_BAD?$AA@ 30028ed0     bg_misc.obj
 0002:00000eec       ??_C@_0CI@MFONMA@BG_CanItemBeGrabbed?3?5index?5out?5o@ 30028eec     bg_misc.obj
 0002:00000f14       ??_C@_0CK@DNBGNAED@BG_EvaluateTrajectory?3?5unknown?5t@ 30028f14     bg_misc.obj
 0002:00000f40       __real@4054000000000000    30028f40     bg_misc.obj
 0002:00000f48       __real@4079000000000000    30028f48     bg_misc.obj
 0002:00000f50       __real@00000000            30028f50     bg_misc.obj
 0002:00000f54       __real@40c90fdb            30028f54     bg_misc.obj
 0002:00000f58       __real@3f50624dd2f1a9fc    30028f58     bg_misc.obj
 0002:00000f60       ??_C@_0CP@MCFPOIMF@BG_EvaluateTrajectoryDelta?3?5unkn@ 30028f60     bg_misc.obj
 0002:00000f90       __real@44480000            30028f90     bg_misc.obj
 0002:00000f98       __real@3fe0000000000000    30028f98     bg_misc.obj
 0002:00000fa0       __real@42340000            30028fa0     bg_misc.obj
 0002:00000fa4       __real@c2100000            30028fa4     bg_misc.obj
 0002:00000fa8       __real@42100000            30028fa8     bg_misc.obj
 0002:00000fac       __real@c2480000            30028fac     bg_misc.obj
 0002:00000fb0       __real@42300000            30028fb0     bg_misc.obj
 0002:00000fb4       __real@3f800000            30028fb4     bg_pmove.obj
 0002:00000fb8       __real@405fc00000000000    30028fb8     bg_pmove.obj
 0002:00000fc0       __real@43480000            30028fc0     bg_pmove.obj
 0002:00000fc4       __real@41800000            30028fc4     bg_pmove.obj
 0002:00000fc8       __real@40800000            30028fc8     bg_pmove.obj
 0002:00000fcc       __real@41f00000            30028fcc     bg_pmove.obj
 0002:00000fd0       __real@3f7fbe87            30028fd0     bg_pmove.obj
 0002:00000fd4       __real@3f8020c5            30028fd4     bg_pmove.obj
 0002:00000fd8       __real@41200000            30028fd8     bg_pmove.obj
 0002:00000fdc       __real@42c80000            30028fdc     bg_pmove.obj
 0002:00000fe0       __real@c1800000            30028fe0     bg_pmove.obj
 0002:00000fe8       __real@3ff0000000000000    30028fe8     bg_pmove.obj
 0002:00000ff0       __real@3fd5555555555555    30028ff0     bg_pmove.obj
 0002:00000ff8       __real@41a00000            30028ff8     bg_pmove.obj
 0002:00001000       __real@3ff8000000000000    30029000     bg_pmove.obj
 0002:00001008       __real@40e00000            30029008     bg_pmove.obj
 0002:0000100c       __real@42200000            3002900c     bg_pmove.obj
 0002:00001010       __real@42700000            30029010     bg_pmove.obj
 0002:00001018       __real@3fd0000000000000    30029018     bg_pmove.obj
 0002:00001020       __real@3f1a36e2eb1c432d    30029020     bg_pmove.obj
 0002:00001028       __real@3f000000            30029028     bg_pmove.obj
 0002:0000102c       ??_C@_0N@KJCNHCBK@?$CFi?3allsolid?6?$AA@ 3002902c     bg_pmove.obj
 0002:0000103c       __real@42800000            3002903c     bg_pmove.obj
 0002:00001040       ??_C@_08EOGJDHPF@?$CFi?3lift?6?$AA@ 30029040     bg_pmove.obj
 0002:0000104c       __real@c3480000            3002904c     bg_pmove.obj
 0002:00001050       ??_C@_08KACHPCJN@?$CFi?3Land?6?$AA@ 30029050     bg_pmove.obj
 0002:0000105c       ??_C@_09OPMLNNOA@?$CFi?3steep?6?$AA@ 3002905c     bg_pmove.obj
 0002:00001068       __real@3f333333            30029068     bg_pmove.obj
 0002:0000106c       ??_C@_0M@CKJFDFGH@?$CFi?3kickoff?6?$AA@ 3002906c     bg_pmove.obj
 0002:00001078       __real@41c00000            30029078     bg_pmove.obj
 0002:0000107c       __real@41b80000            3002907c     bg_pmove.obj
 0002:00001080       __real@3e99999a            30029080     bg_pmove.obj
 0002:00001084       __real@3ecccccd            30029084     bg_pmove.obj
 0002:00001088       __real@40a00000            30029088     bg_pmove.obj
 0002:00001090       __real@3f76800000000000    30029090     bg_pmove.obj
 0002:00001098       __real@3fb999999999999a    30029098     bg_slidemove.obj
 0002:000010a0       __real@3fefae147ae147ae    300290a0     bg_slidemove.obj
 0002:000010a8       ??_C@_0M@CDHDENEF@?$CFi?3stepped?6?$AA@ 300290a8     bg_slidemove.obj
 0002:000010b4       __real@41700000            300290b4     bg_slidemove.obj
 0002:000010b8       __real@41300000            300290b8     bg_slidemove.obj
 0002:000010bc       __real@40000000            300290bc     bg_slidemove.obj
 0002:000010c0       ??_C@_0BE@FLPNHHPN@?$CFi?3bend?5can?8t?5step?6?$AA@ 300290c0     bg_slidemove.obj
 0002:000010d8       __real@3fe6666666666666    300290d8     bg_slidemove.obj
 0002:000010e0       __real@41900000            300290e0     bg_slidemove.obj
 0002:000010e4       ??_C@_0N@FDCACBMC@loaddeferred?$AA@ 300290e4     cg_consolecmds.obj
 0002:000010f4       ??_C@_0L@FBDGNAPC@startOrbit?$AA@ 300290f4     cg_consolecmds.obj
 0002:00001100       ??_C@_04FNICOANA@tcmd?$AA@ 30029100     cg_consolecmds.obj
 0002:00001108       ??_C@_0P@KDBBCIM@vtell_attacker?$AA@ 30029108     cg_consolecmds.obj
 0002:00001118       ??_C@_0N@OKPMAMBK@vtell_target?$AA@ 30029118     cg_consolecmds.obj
 0002:00001128       ??_C@_0O@CIPPGGPC@tell_attacker?$AA@ 30029128     cg_consolecmds.obj
 0002:00001138       ??_C@_0M@IEEMCPKO@tell_target?$AA@ 30029138     cg_consolecmds.obj
 0002:00001144       ??_C@_06GEPNGEJI@weapon?$AA@ 30029144     cg_consolecmds.obj
 0002:0000114c       ??_C@_08DMEBPOGB@weapprev?$AA@ 3002914c     cg_consolecmds.obj
 0002:00001158       ??_C@_08IJHOKAF@weapnext?$AA@ 30029158     cg_consolecmds.obj
 0002:00001164       ??_C@_08KKGKLAHJ@sizedown?$AA@ 30029164     cg_consolecmds.obj
 0002:00001170       ??_C@_06FCHHJILH@sizeup?$AA@ 30029170     cg_consolecmds.obj
 0002:00001178       ??_C@_05LGPAMOHI@?9zoom?$AA@ 30029178     cg_consolecmds.obj
 0002:00001180       ??_C@_05GAKJCNGF@?$CLzoom?$AA@ 30029180     cg_consolecmds.obj
 0002:00001188       ??_C@_07DLBEELCG@?9scores?$AA@ 30029188     cg_consolecmds.obj
 0002:00001190       ??_C@_07PNHLECKB@?$CLscores?$AA@ 30029190     cg_consolecmds.obj
 0002:00001198       ??_C@_07NBKBBFDF@viewpos?$AA@ 30029198     cg_consolecmds.obj
 0002:000011a0       ??_C@_08ONPIGPGM@prevskin?$AA@ 300291a0     cg_consolecmds.obj
 0002:000011ac       ??_C@_08LEEFJCLI@nextskin?$AA@ 300291ac     cg_consolecmds.obj
 0002:000011b8       ??_C@_09KFHKLKJD@prevframe?$AA@ 300291b8     cg_consolecmds.obj
 0002:000011c4       ??_C@_09CEJNBBKD@nextframe?$AA@ 300291c4     cg_consolecmds.obj
 0002:000011d0       ??_C@_09FDMDKFOH@testmodel?$AA@ 300291d0     cg_consolecmds.obj
 0002:000011dc       ??_C@_07OFBIMGPG@testgun?$AA@ 300291dc     cg_consolecmds.obj
 0002:000011e4       ??_C@_08FJOFODJK@gc?5?$CFi?5?$CFi?$AA@ 300291e4     cg_consolecmds.obj
 0002:000011f0       ??_C@_0M@NABCNGBA@cg_viewsize?$AA@ 300291f0     cg_consolecmds.obj
 0002:000011fc       ??_C@_02IKAHHCAI@?$CFi?$AA@ 300291fc     cg_consolecmds.obj
 0002:00001200       ??_C@_0BB@MJMOCNNN@?$CI?$CFi?5?$CFi?5?$CFi?$CJ?5?3?5?$CFi?6?$AA@ 30029200     cg_consolecmds.obj
 0002:00001214       ??_C@_05DBKDOICH@score?$AA@ 30029214     cg_consolecmds.obj
 0002:0000121c       ??_C@_0L@EGAGNODH@tell?5?$CFi?5?$CFs?$AA@ 3002921c     cg_consolecmds.obj
 0002:00001228       ??_C@_0M@JNCDINKA@vtell?5?$CFi?5?$CFs?$AA@ 30029228     cg_consolecmds.obj
 0002:00001234       ??_C@_0BE@FKFEAA@cg_thirdPersonRange?$AA@ 30029234     cg_consolecmds.obj
 0002:00001248       ??_C@_03GNABGMEE@100?$AA@  30029248     cg_consolecmds.obj
 0002:0000124c       ??_C@_0BE@HGBFBDIP@cg_thirdPersonAngle?$AA@ 3002924c     cg_consolecmds.obj
 0002:00001260       ??_C@_01HIHLOKLC@1?$AA@    30029260     cg_consolecmds.obj
 0002:00001264       ??_C@_01BMBHCPLG@5?$AA@    30029264     cg_consolecmds.obj
 0002:00001268       ??_C@_0P@OPFJLCMG@cg_thirdPerson?$AA@ 30029268     cg_consolecmds.obj
 0002:00001278       ??_C@_0P@GDCMABHL@cg_cameraOrbit?$AA@ 30029278     cg_consolecmds.obj
 0002:00001288       ??_C@_01GBGANLPD@0?$AA@    30029288     cg_consolecmds.obj
 0002:0000128c       ??_C@_09DNECJBKD@developer?$AA@ 3002928c     cg_consolecmds.obj
 0002:00001298       ??_C@_0M@NJBPNDAH@loaddefered?$AA@ 30029298     cg_consolecmds.obj
 0002:000012a4       ??_C@_08OKGPDOIO@teamtask?$AA@ 300292a4     cg_consolecmds.obj
 0002:000012b0       ??_C@_05BLKJBNOD@stats?$AA@ 300292b0     cg_consolecmds.obj
 0002:000012b8       ??_C@_08OLLMCBNG@teamvote?$AA@ 300292b8     cg_consolecmds.obj
 0002:000012c4       ??_C@_0N@JDBKAFAM@callteamvote?$AA@ 300292c4     cg_consolecmds.obj
 0002:000012d4       ??_C@_04GHHIKFLG@vote?$AA@ 300292d4     cg_consolecmds.obj
 0002:000012dc       ??_C@_08NNMLCPB@callvote?$AA@ 300292dc     cg_consolecmds.obj
 0002:000012e8       ??_C@_0L@CCEFBCKP@setviewpos?$AA@ 300292e8     cg_consolecmds.obj
 0002:000012f4       ??_C@_06CJHCPEHG@addbot?$AA@ 300292f4     cg_consolecmds.obj
 0002:000012fc       ??_C@_09EFOFPGPE@levelshot?$AA@ 300292fc     cg_consolecmds.obj
 0002:00001308       ??_C@_06HNJAFFAK@follow?$AA@ 30029308     cg_consolecmds.obj
 0002:00001310       ??_C@_04KADBPNCB@team?$AA@ 30029310     cg_consolecmds.obj
 0002:00001318       ??_C@_06IHODGGMJ@noclip?$AA@ 30029318     cg_consolecmds.obj
 0002:00001320       ??_C@_08HPLPOCJL@notarget?$AA@ 30029320     cg_consolecmds.obj
 0002:0000132c       ??_C@_03DKFAMNOH@god?$AA@  3002932c     cg_consolecmds.obj
 0002:00001330       ??_C@_04BMBHJADG@give?$AA@ 30029330     cg_consolecmds.obj
 0002:00001338       ??_C@_06JMKGCPMO@votell?$AA@ 30029338     cg_consolecmds.obj
 0002:00001340       ??_C@_0L@GKKIAMHC@vosay_team?$AA@ 30029340     cg_consolecmds.obj
 0002:0000134c       ??_C@_05EGEGDMMG@vosay?$AA@ 3002934c     cg_consolecmds.obj
 0002:00001354       ??_C@_06IMDBNOMM@vtaunt?$AA@ 30029354     cg_consolecmds.obj
 0002:0000135c       ??_C@_05BLGJOHFB@vtell?$AA@ 3002935c     cg_consolecmds.obj
 0002:00001364       ??_C@_09CPIJOHHK@vsay_team?$AA@ 30029364     cg_consolecmds.obj
 0002:00001370       ??_C@_04IBCNHBFH@vsay?$AA@ 30029370     cg_consolecmds.obj
 0002:00001378       ??_C@_04LBPCFPDD@tell?$AA@ 30029378     cg_consolecmds.obj
 0002:00001380       ??_C@_08NBFNGOHN@say_team?$AA@ 30029380     cg_consolecmds.obj
 0002:0000138c       ??_C@_03BANJEMDJ@say?$AA@  3002938c     cg_consolecmds.obj
 0002:00001390       ??_C@_04BJJEOANI@kill?$AA@ 30029390     cg_consolecmds.obj
 0002:00001398       __real@400dd9ca81e9131a    30029398     cg_draw.obj
 0002:000013a0       __real@bfe0000000000000    300293a0     cg_draw.obj
 0002:000013a8       __real@404e000000000000    300293a8     cg_draw.obj
 0002:000013b0       __real@3f40624dd2f1a9fc    300293b0     cg_draw.obj
 0002:000013b8       __real@43f00000            300293b8     cg_draw.obj
 0002:000013bc       __real@40400000            300293bc     cg_draw.obj
 0002:000013c0       __real@44fa0000            300293c0     cg_draw.obj
 0002:000013c8       __real@4014000000000000    300293c8     cg_draw.obj
 0002:000013d0       __real@4066800000000000    300293d0     cg_draw.obj
 0002:000013d8       __real@4034000000000000    300293d8     cg_draw.obj
 0002:000013e0       __real@400921fb60000000    300293e0     cg_draw.obj
 0002:000013e8       __real@38000100            300293e8     cg_draw.obj
 0002:000013ec       __real@43340000            300293ec     cg_draw.obj
 0002:000013f0       __real@3b03126f            300293f0     cg_draw.obj
 0002:000013f4       __real@43fa0000            300293f4     cg_draw.obj
 0002:000013f8       __real@3f40000000000000    300293f8     cg_draw.obj
 0002:00001400       __real@4056800000000000    30029400     cg_draw.obj
 0002:00001408       ??_C@_01EFFIKLCJ@n?$AA@    30029408     cg_draw.obj
 0002:0000140c       ??_C@_0BH@OGHHEKME@time?3?$CFi?5snap?3?$CFi?5cmd?3?$CFi?$AA@ 3002940c     cg_draw.obj
 0002:00001424       ??_C@_05MDNADFFP@?$CFifps?$AA@ 30029424     cg_draw.obj
 0002:0000142c       ??_C@_07FFDCCNEB@?$CFi?3?$CFi?$CFi?$AA@ 3002942c     cg_draw.obj
 0002:00001434       __real@41000000            30029434     cg_draw.obj
 0002:00001438       ??_C@_07FJAEFGNG@?$CF3i?5?$CF3i?$AA@ 30029438     cg_draw.obj
 0002:00001440       ??_C@_07CIFAGBMG@unknown?$AA@ 30029440     cg_draw.obj
 0002:00001448       ??_C@_03NKIHJOPP@?$CF2i?$AA@ 30029448     cg_draw.obj
 0002:0000144c       __real@44200000            3002944c     cg_draw.obj
 0002:00001450       __real@4048000000000000    30029450     cg_draw.obj
 0002:00001458       __real@3ba3d70a            30029458     cg_draw.obj
 0002:0000145c       __real@3a83126f            3002945c     cg_draw.obj
 0002:00001460       __real@42400000            30029460     cg_draw.obj
 0002:00001464       __real@43d80000            30029464     cg_draw.obj
 0002:00001468       ??_C@_02DPKJAMEF@?$CFd?$AA@ 30029468     cg_draw.obj
 0002:0000146c       ??_C@_0P@NNJCDNEK@gfx?12d?1net?4tga?$AA@ 3002946c     cg_draw.obj
 0002:0000147c       ??_C@_0BH@HFDDJIMF@Connection?5Interrupted?$AA@ 3002947c     cg_draw.obj
 0002:00001494       ??_C@_03KLKIPBNP@snc?$AA@  30029494     cg_draw.obj
 0002:00001498       __real@3a91a2b4            30029498     cg_draw.obj
 0002:0000149c       __real@3b5a740e            3002949c     cg_draw.obj
 0002:000014a0       __real@3eaaaaab            300294a0     cg_draw.obj
 0002:000014a4       __real@447a0000            300294a4     cg_draw.obj
 0002:000014a8       __real@48000000            300294a8     cg_draw.obj
 0002:000014ac       __real@43a00000            300294ac     cg_draw.obj
 0002:000014b0       ??_C@_0CI@GGHFPFB@press?5ESC?5and?5use?5the?5JOIN?5menu?5@ 300294b0     cg_draw.obj
 0002:000014d8       ??_C@_0BA@PJMJBMDH@waiting?5to?5play?$AA@ 300294d8     cg_draw.obj
 0002:000014e8       ??_C@_09GNDCBOBP@SPECTATOR?$AA@ 300294e8     cg_draw.obj
 0002:000014f4       ??_C@_0BJ@JAENOHOK@VOTE?$CI?$CFi?$CJ?3?$CFs?5yes?3?$CFi?5no?3?$CFi?$AA@ 300294f4     cg_draw.obj
 0002:00001510       ??_C@_0BN@CPIJHJOL@TEAMVOTE?$CI?$CFi?$CJ?3?$CFs?5yes?3?$CFi?5no?3?$CFi?$AA@ 30029510     cg_draw.obj
 0002:00001530       ??_C@_09BEIPBMDN@following?$AA@ 30029530     cg_draw.obj
[...]
 0003:001e6de0       _cg_simpleItems            30215de0     <common>
 0003:001e6f00       _cg_tracerChance           30215f00     <common>
 0003:001e7020       _cg_thirdPersonRange       30216020     <common>
 0003:001e7140       _cg_oldPlasma              30216140     <common>
 0003:001e7260       _cg_debugEvents            30216260     <common>
 0003:001e7380       _cg_stereoSeparation       30216380     <common>
 0003:001e74a0       _cg_smoothClients          302164a0     <common>
 0003:001e75c0       _cg_bobroll                302165c0     <common>
 0003:001e76e0       _cg_ignore                 302166e0     <common>
 0003:001e7800       _cg_smallFont              30216800     <common>
 0003:001e7920       _cg_drawCrosshairNames     30216920     <common>
 0003:001e7a40       _cg_crosshairX             30216a40     <common>
 0003:001e7b60       _cg_footsteps              30216b60     <common>
 0003:001e7c80       _cg_noVoiceChats           30216c80     <common>
 0003:001e7da0       _cg_teamChatTime           30216da0     <common>
 0003:001e7ec0       _cg_nopredict              30216ec0     <common>
 0003:001e7fe0       _cg_buildScript            30216fe0     <common>
 0003:001e8100       _cg_synchronousClients     30217100     <common>
 0003:001e8220       _cg_drawAttacker           30217220     <common>
 0003:001e8340       _cg_bobpitch               30217340     <common>
 0003:001e8460       _cg_lagometer              30217460     <common>
 0003:001e8580       _cg_errorDecay             30217580     <common>
 0003:001e86a0       _cg_teamChatHeight         302176a0     <common>
 0003:001e87c0       _cg_runroll                302177c0     <common>
 0003:001e88e0       _cg                        302178e0     <common>
 0003:00207120       _cg_gibs                   30236120     <common>
 0003:00207240       _cg_cameraOrbit            30236240     <common>
 0003:00207360       _cg_bobup                  30236360     <common>
 0003:00207480       _cg_tracerWidth            30236480     <common>
 0003:002075a0       _cg_timescaleFadeSpeed     302365a0     <common>
 0003:002076c0       _cg_entities               302366c0     <common>
 0003:002bd6c0       _pmove_fixed               302ec6c0     <common>
 0003:002bd7e0       _cg_teamOverlayUserinfo    302ec7e0     <common>
 0003:002bd900       _cg_brassTime              302ec900     <common>
 0003:002bda20       _cg_blood                  302eca20     <common>
 0003:002bdb40       _cg_teamChatsOnly          302ecb40     <common>
 0003:002bdc60       _cg_viewsize               302ecc60     <common>
 0003:002bdd80       _cg_deferPlayers           302ecd80     <common>
 0003:002bdea0       _cg_showmiss               302ecea0     <common>
 0003:002bdfc0       _cg_noPlayerAnims          302ecfc0     <common>
 0003:002be0e0       _cg_crosshairSize          302ed0e0     <common>
 0003:002be200       _cg_drawIcons              302ed200     <common>
 0003:002be320       _cg_oldRocket              302ed320     <common>
 0003:002be440       _cg_predictItems           302ed440     <common>
 0003:002be560       _cg_fov                    302ed560     <common>
 0003:002be680       _cg_paused                 302ed680     <common>
 0003:002be7a0       _cg_thirdPersonAngle       302ed7a0     <common>
 0003:002be8c0       _cg_tracerLength           302ed8c0     <common>
 0003:002be9e0       _cg_localEntities          302ed9e0     <common>
 0003:002e31e0       _cg_freeLocalEntities      303121e0     <common>
 0003:002e3200       _cg_activeLocalEntities    30312200     <common>
 0003:002e3340       _lagometer                 30312340     <common>
 0003:002e3960       _sortedTeamPlayers         30312960     <common>
 0003:002e39e0       _numSortedTeamPlayers      303129e0     <common>
 0003:002e3a00       _pml                       30312a00     <common>
 0003:002e3a8c       _pm                        30312a8c     <common>
 0003:002e3a90       ___sbh_pHeaderDefer        30312a90     <common>
 0003:002e3a94       ___sbh_cntHeaderList       30312a94     <common>
 0003:002e3a98       ___sbh_pHeaderList         30312a98     <common>
 0003:002e3a9c       ___sbh_threshold           30312a9c     <common>
 0003:002e3aa0       ___sbh_pHeaderScan         30312aa0     <common>
 0003:002e3aa4       ___sbh_sizeHeaderList      30312aa4     <common>
 0003:002e3aa8       ___sbh_indGroupDefer       30312aa8     <common>
 0003:002e3aac       ___piob                    30312aac     <common>
 0003:002e3ac0       __bufin                    30312ac0     <common>
 0003:002e4ac0       __nstream                  30313ac0     <common>
 0003:002e4ac4       ___mblcid                  30313ac4     <common>
 0003:002e4ac8       ___ismbcodepage            30313ac8     <common>
 0003:002e4ae0       __mbctype                  30313ae0     <common>
 0003:002e4be4       ___mbcodepage              30313be4     <common>
 0003:002e4bf0       ___mbulinfo                30313bf0     <common>
 0003:002e4c00       __mbcasemap                30313c00     <common>
 0003:002e4d00       __crtheap                  30313d00     <common>
 0003:002e4d04       ___active_heap             30313d04     <common>
 0003:002e4d08       __nhandle                  30313d08     <common>
 0003:002e4d20       ___pioinfo                 30313d20     <common>
 0003:002e4e20       ___env_initialized         30313e20     <common>
 0003:002e4e24       ___onexitend               30313e24     <common>
 0003:002e4e28       ___onexitbegin             30313e28     <common>
 0003:002e4e2c       ___mbctype_initialized     30313e2c     <common>
 0003:002e4e30       ___use_sse2_mathfcns       30313e30     <common>
 0003:002e4e34       ___sse2_available          30313e34     <common>
 0003:002e4e38       __acmdln                   30313e38     <common>
 0003:002e4e3c       __pRawDllMain              30313e3c     <common>

 entry point at        0001:0001f3a8

 Static symbols

 0001:00000910       _PM_StartTorsoAnim         30001910 f   bg_pmove.obj
 0001:00000930       _PM_ContinueLegsAnim       30001930 f   bg_pmove.obj
 0001:00000970       _PM_ForceLegsAnim          30001970 f   bg_pmove.obj
 0001:00000a10       _PM_Friction               30001a10 f   bg_pmove.obj
 0001:00000b40       _PM_Accelerate             30001b40 f   bg_pmove.obj
 0001:00000bc0       _PM_CmdScale               30001bc0 f   bg_pmove.obj
 0001:00000c50       _PM_SetMovementDir         30001c50 f   bg_pmove.obj
 0001:00000d20       _PM_CheckJump              30001d20 f   bg_pmove.obj
 0001:00000de0       _PM_CheckWaterJump         30001de0 f   bg_pmove.obj
 0001:00000f40       _PM_WaterJumpMove          30001f40 f   bg_pmove.obj
 0001:00000f90       _PM_WaterMove              30001f90 f   bg_pmove.obj
 0001:000011b0       _PM_FlyMove                300021b0 f   bg_pmove.obj
 0001:000012c0       _PM_AirMove                300022c0 f   bg_pmove.obj
 0001:00001440       _PM_HandMove               30002440 f   bg_pmove.obj
 0001:00001570       _PM_WalkMove               30002570 f   bg_pmove.obj
 0001:00001900       _PM_DeadMove               30002900 f   bg_pmove.obj
 0001:000019c0       _PM_NoclipMove             300029c0 f   bg_pmove.obj
 0001:00001bc0       _PM_FootstepForSurface     30002bc0 f   bg_pmove.obj
 0001:00001be0       _PM_CrashLand              30002be0 f   bg_pmove.obj
 0001:00001de0       _PM_CorrectAllSolid        30002de0 f   bg_pmove.obj
 0001:00001fa0       _PM_GroundTraceMissed      30002fa0 f   bg_pmove.obj
 0001:000020b0       _PM_GroundTrace            300030b0 f   bg_pmove.obj
 0001:00002320       _PM_SetWaterLevel          30003320 f   bg_pmove.obj
 0001:00002440       _PM_CheckDuck              30003440 f   bg_pmove.obj
 0001:00002660       _PM_Footsteps              30003660 f   bg_pmove.obj
 0001:00002870       _PM_WaterEvents            30003870 f   bg_pmove.obj
 0001:00002910       _PM_BeginWeaponChange      30003910 f   bg_pmove.obj
 0001:00002980       _PM_FinishWeaponChange     30003980 f   bg_pmove.obj
 0001:00002a00       _PM_TorsoAnimation         30003a00 f   bg_pmove.obj
 0001:00002a80       _PM_Weapon                 30003a80 f   bg_pmove.obj
 0001:00002ca0       _PM_Animate                30003ca0 f   bg_pmove.obj
 0001:00002cf0       _PM_DropTimers             30003cf0 f   bg_pmove.obj
 0001:00003cc0       _CG_SizeUp_f               30004cc0 f   cg_consolecmds.obj
 0001:00003cf0       _CG_SizeDown_f             30004cf0 f   cg_consolecmds.obj
 0001:00003d20       _CG_Viewpos_f              30004d20 f   cg_consolecmds.obj
 0001:00003d60       _CG_ScoresDown_f           30004d60 f   cg_consolecmds.obj
 0001:00003db0       _CG_ScoresUp_f             30004db0 f   cg_consolecmds.obj
 0001:00003dd0       _CG_TellTarget_f           30004dd0 f   cg_consolecmds.obj
 0001:00003e30       _CG_TellAttacker_f         30004e30 f   cg_consolecmds.obj
 0001:00003e90       _CG_VoiceTellTarget_f      30004e90 f   cg_consolecmds.obj
 0001:00003ef0       _CG_VoiceTellAttacker_f    30004ef0 f   cg_consolecmds.obj
 0001:00003f50       _CG_StartOrbit_f           30004f50 f   cg_consolecmds.obj
 0001:00004530       _CG_DrawStatusBarHead      30005530 f   cg_draw.obj
 0001:000048b0       _CG_DrawStatusBar          300058b0 f   cg_draw.obj
 0001:00005010       _CG_DrawAttacker           30006010 f   cg_draw.obj
 0001:00005110       _CG_DrawSnapshot           30006110 f   cg_draw.obj
 0001:00005180       _CG_DrawFPS                30006180 f   cg_draw.obj
 0001:00005240       _CG_DrawTimer              30006240 f   cg_draw.obj
 0001:000052e0       _CG_DrawTeamOverlay        300062e0 f   cg_draw.obj
 0001:00005710       _CG_DrawUpperRight         30006710 f   cg_draw.obj
 0001:000057a0       _CG_DrawScores             300067a0 f   cg_draw.obj
 0001:00005d40       _CG_DrawPowerups           30006d40 f   cg_draw.obj
 0001:00006060       _CG_DrawLowerRight         30007060 f   cg_draw.obj
 0001:000060b0       _CG_DrawPickupItem         300070b0 f   cg_draw.obj
 0001:00006160       _CG_DrawLowerLeft          30007160 f   cg_draw.obj
 0001:000061a0       _CG_DrawTeamInfo           300071a0 f   cg_draw.obj
 0001:00006360       _CG_DrawHoldableItem       30007360 f   cg_draw.obj
 0001:000063a0       _CG_DrawReward             300073a0 f   cg_draw.obj
 0001:000065e0       _CG_DrawDisconnect         300075e0 f   cg_draw.obj
 0001:00006680       _CG_DrawLagometer          30007680 f   cg_draw.obj
 0001:00006a80       _CG_DrawCenterString       30007a80 f   cg_draw.obj
 0001:00006bb0       _CG_DrawCrosshair          30007bb0 f   cg_draw.obj
 0001:00006d20       _CG_ScanForCrosshairEntity 30007d20 f   cg_draw.obj
 0001:00006e00       _CG_DrawCrosshairNames     30007e00 f   cg_draw.obj
 0001:00006eb0       _CG_DrawSpectator          30007eb0 f   cg_draw.obj
 0001:00006f20       _CG_DrawVote               30007f20 f   cg_draw.obj
 0001:00006fb0       _CG_DrawTeamVote           30007fb0 f   cg_draw.obj
 0001:00007070       _CG_DrawFollow             30008070 f   cg_draw.obj
 0001:00007120       _CG_DrawAmmoWarning        30008120 f   cg_draw.obj
 0001:00007170       _CG_DrawWarmup             30008170 f   cg_draw.obj
 0001:00007400       _CG_Draw2D                 30008400 f   cg_draw.obj
 0001:00007ab0       _CG_TileClearBox           30008ab0 f   cg_drawtools.obj
 0001:00007d60       _UI_DrawProportionalString2 30008d60 f   cg_drawtools.obj
 0001:00008e50       _CG_EntityEffects          30009e50 f   cg_ents.obj
 0001:00008f10       _CG_General                30009f10 f   cg_ents.obj
 0001:00008fd0       _CG_Speaker                30009fd0 f   cg_ents.obj
 0001:00009060       _CG_Item                   3000a060 f   cg_ents.obj
 0001:00009570       _CG_Missile                3000a570 f   cg_ents.obj
 0001:00009740       _CG_Grapple                3000a740 f   cg_ents.obj
 0001:00009830       _CG_Mover                  3000a830 f   cg_ents.obj
 0001:000099a0       _CG_Portal                 3000a9a0 f   cg_ents.obj
 0001:00009ba0       _CG_InterpolateEntityPosition 3000aba0 f   cg_ents.obj
 0001:00009cc0       _CG_CalcEntityLerpPositions 3000acc0 f   cg_ents.obj
 0001:00009d60       _CG_TeamBase               3000ad60 f   cg_ents.obj
 0001:00009e30       _CG_InfoSight              3000ae30 f   cg_ents.obj
 0001:00009ef0       _CG_LaserSight             3000aef0 f   cg_ents.obj
 0001:00009fb0       _CG_AddCEntity             3000afb0 f   cg_ents.obj
 0001:0000a2b0       _CG_Obituary               3000b2b0 f   cg_event.obj
 0001:0000a740       _CG_UseItem                3000b740 f   cg_event.obj
 0001:0000a800       _CG_ItemPickup             3000b800 f   cg_event.obj
 0001:0000ba70       _CG_DrawLoadingIcons       3000ca70 f   cg_info.obj
 0001:0000c760       _CG_AddMoveScaleFade       3000d760 f   cg_localents.obj
 0001:0000c880       _CG_AddScaleFade           3000d880 f   cg_localents.obj
 0001:0000c940       _CG_AddFallScaleFade       3000d940 f   cg_localents.obj
 0001:0000ca20       _CG_AddExplosion           3000da20 f   cg_localents.obj
 0001:0000cac0       _CG_AddSpriteExplosion     3000dac0 f   cg_localents.obj
 0001:0000d1a0       _CG_RegisterItemSounds     3000e1a0 f   cg_main.obj
 0001:0000d380       _CG_ForceModelChange       3000e380 f   cg_main.obj
 0001:0000d470       _CG_RegisterSounds         3000e470 f   cg_main.obj
 0001:0000db70       _CG_RegisterGraphics       3000eb70 f   cg_main.obj
 0001:0000e2a0       _CG_RegisterClients        3000f2a0 f   cg_main.obj
 0001:0000e670       _Distance                  3000f670 f   cg_marks.obj
 0001:00010ae0       _CG_ParseAnimationFile     30011ae0 f   cg_players.obj
 0001:00011020       _CG_FindClientModelFile    30012020 f   cg_players.obj
 0001:000111b0       _CG_FindClientHeadFile     300121b0 f   cg_players.obj
 0001:00011360       _CG_RegisterClientSkin     30012360 f   cg_players.obj
 0001:000114a0       _CG_RegisterClientModelname 300124a0 f   cg_players.obj
 0001:00011850       _CG_ColorFromString        30012850 f   cg_players.obj
 0001:000118a0       _CG_CopyClientInfoModel    300128a0 f   cg_players.obj
 0001:00011970       _CG_ScanForExistingClientInfo 30012970 f   cg_players.obj
 0001:00011a90       _CG_SetLerpFrameAnimation  30012a90 f   cg_players.obj
 0001:00011af0       _CG_RunLerpFrame           30012af0 f   cg_players.obj
 0001:00011c70       _CG_PlayerAnimation        30012c70 f   cg_players.obj
 0001:00011d70       _CG_SwingAngles            30012d70 f   cg_players.obj
 0001:00011ee0       _CG_PlayerAngles           30012ee0 f   cg_players.obj
 0001:00012230       _CG_HasteTrail             30013230 f   cg_players.obj
 0001:000122f0       _CG_TrailItem              300132f0 f   cg_players.obj
 0001:000123c0       _CG_PlayerFlag             300133c0 f   cg_players.obj
 0001:000126d0       _CG_PlayerPowerups         300136d0 f   cg_players.obj
 0001:00012900       _CG_PlayerFloatSprite      30013900 f   cg_players.obj
 0001:000129b0       _CG_PlayerSprites          300139b0 f   cg_players.obj
 0001:00012aa0       _CG_PlayerShadow           30013aa0 f   cg_players.obj
 0001:00012bd0       _CG_PlayerSplash           30013bd0 f   cg_players.obj
 0001:00013320       _CG_LoadClientInfo         30014320 f   cg_players.obj
 0001:00013550       _CG_SetDeferredClientInfo  30014550 f   cg_players.obj
 0001:00013d20       _pushReward                30014d20 f   cg_playerstate.obj
 0001:000145c0       _CG_ClipMoveToEntities     300155c0 f   cg_predict.obj
 0001:000148a0       _CG_InterpolatePlayerState 300158a0 f   cg_predict.obj
 0001:000149f0       _CG_TouchItem              300159f0 f   cg_predict.obj
 0001:00014af0       _CG_TouchTriggerPrediction 30015af0 f   cg_predict.obj
 0001:000151c0       _CG_DrawClientScore        300161c0 f   cg_scoreboard.obj
 0001:000155c0       _CG_TeamScoreboard         300165c0 f   cg_scoreboard.obj
 0001:00015ac0       _CG_CenterGiantLine        30016ac0 f   cg_scoreboard.obj
 0001:00015d80       _CG_ParseScores            30016d80 f   cg_servercmds.obj
 0001:00015f40       _CG_ParseTeamInfo          30016f40 f   cg_servercmds.obj
 0001:00016150       _CG_ParseWarmup            30017150 f   cg_servercmds.obj
 0001:00016300       _CG_ConfigStringModified   30017300 f   cg_servercmds.obj
 0001:00016560       _CG_AddToTeamChat          30017560 f   cg_servercmds.obj
 0001:00016690       _CG_MapRestart             30017690 f   cg_servercmds.obj
 0001:00016740       _CG_RemoveChatEscapeChar   30017740 f   cg_servercmds.obj
 0001:00016770       _CG_ServerCommand          30017770 f   cg_servercmds.obj
 0001:00016a80       _CG_ResetEntity            30017a80 f   cg_snapshot.obj
 0001:00016bd0       _CG_TransitionSnapshot     30017bd0 f   cg_snapshot.obj
 0001:00016d90       _CG_SetNextSnap            30017d90 f   cg_snapshot.obj
 0001:00016eb0       _CG_ReadNextSnapshot       30017eb0 f   cg_snapshot.obj
 0001:00017ab0       _CG_AddTestModel           30018ab0 f   cg_view.obj
 0001:00017c00       _CG_CalcVrect              30018c00 f   cg_view.obj
 0001:00017cc0       _CG_OffsetThirdPersonView  30018cc0 f   cg_view.obj
 0001:00017f90       _CG_StepOffset             30018f90 f   cg_view.obj
 0001:00017fd0       _CG_OffsetFirstPersonView  30018fd0 f   cg_view.obj
 0001:000182e0       _CG_CalcFov                300192e0 f   cg_view.obj
 0001:000184a0       _CG_DamageBlendBlob        300194a0 f   cg_view.obj
 0001:00018630       _CG_CalcViewValues         30019630 f   cg_view.obj
 0001:00018850       _CG_PowerupTimerSounds     30019850 f   cg_view.obj
 0001:00018920       _CG_PlayBufferedSounds     30019920 f   cg_view.obj
 0001:00019270       _CG_MapTorsoToWeaponFrame  3001a270 f   cg_weapons.obj
 0001:000192c0       _CG_CalculateWeaponPosition 3001a2c0 f   cg_weapons.obj
 0001:000193e0       _CG_LightningBolt          3001a3e0 f   cg_weapons.obj
 0001:00019820       _CG_SpawnRailTrail         3001a820 f   cg_weapons.obj
 0001:00019860       _CG_MachinegunSpinAngle    3001a860 f   cg_weapons.obj
 0001:00019910       _CG_AddWeaponWithPowerups  3001a910 f   cg_weapons.obj
 0001:0001b9a0       _hashForString             3001c9a0 f   ui_shared.obj
 0001:0001cce0       _Menu_CloseCinematics      3001dce0 f   ui_shared.obj
 0001:0001ec00       _$$$00001                  3001fc00 f   LIBC:strchr.obj
 0001:0001f5ba       __shift                    300205ba f   LIBC:cvt.obj
 0001:0001fafa       _write_char                30020afa f   LIBC:output.obj
 0001:0001fb2d       _write_multi_char          30020b2d f   LIBC:output.obj
 0001:0001fb51       _write_string              30020b51 f   LIBC:output.obj
 0001:0002060e       _has_osfxsr_set            3002160e f   LIBC:cpu_disp.obj
 0001:00020a83       _$$$00003                  30021a83 f   LIBC:87disp.obj
 0001:000211a2       _doexit                    300221a2 f   LIBC:crt0dat.obj
 0001:00021518       _parse_cmdline             30022518 f   LIBC:stdargv.obj
 0001:00021cbd       $$$00003                   30022cbd f   LIBC:exsup3.obj
 0001:00022519       __abstract_cw              30023519 f   LIBC:ieee87.obj
 0001:000225ab       __hw_cw                    300235ab f   LIBC:ieee87.obj
 0001:0002283b       _CPtoLCID                  3002383b f   LIBC:mbctype.obj
 0001:0002286a       _setSBCS                   3002386a f   LIBC:mbctype.obj
 0001:00022893       _setSBUpLow                30023893 f   LIBC:mbctype.obj
 0001:000230e6       _report_failure            300240e6 f   LIBC:secchk.obj
 0001:00025240       $$$00001                   30026240 f   LIBC:exsup.obj
 0001:00025260       $$$00003                   30026260 f   LIBC:exsup.obj
 0001:00025260       __unwind_handler           30026260 f   LIBC:exsup.obj
 0001:00025282       $$$00005                   30026282 f   LIBC:exsup.obj
 0001:000252ea       $$$00007                   300262ea f   LIBC:exsup.obj
 0001:0002532e       $$$00011                   3002632e f   LIBC:exsup.obj
 0001:00025db5       _flsall                    30026db5 f   LIBC:fflush.obj
