 GalleryVirtuality

 Timestamp is 54b9fe5e (Sat Jan 17 00:17:02 2015)

 Preferred load address is 00400000

 Start         Length     Name                   Class
 0001:00000000 000ba298H .text                   CODE
 0002:00000000 000002d4H .idata$5                DATA
 0002:000002e0 0001a700H .rdata                  DATA
 0002:0001a9e0 00000043H .rdata$debug            DATA
 0002:0001aa30 00000008H .rdata$sxdata           DATA
 0002:0001aa38 00000004H .rtc$IAA                DATA
 0002:0001aa3c 00000004H .rtc$IZZ                DATA
 0002:0001aa40 00000004H .rtc$TAA                DATA
 0002:0001aa44 00000004H .rtc$TZZ                DATA
 0002:0001aa48 0000008cH .idata$2                DATA
 0002:0001aad4 00000014H .idata$3                DATA
 0002:0001aae8 000002d4H .idata$4                DATA
 0002:0001adbc 00000af0H .idata$6                DATA
 0002:0001b8ac 00000000H .edata                  DATA
 0003:00000000 00000004H .CRT$XCA                DATA
 0003:00000004 00000004H .CRT$XCAA               DATA
 0003:00000008 00000004H .CRT$XCZ                DATA
 0003:0000000c 00000004H .CRT$XIA                DATA
 0003:00000010 00000014H .CRT$XIC                DATA
 0003:00000024 00000004H .CRT$XIZ                DATA
 0003:00000028 00000004H .CRT$XPA                DATA
 0003:0000002c 00000004H .CRT$XPX                DATA
 0003:00000030 00000004H .CRT$XPZ                DATA
 0003:00000034 00000004H .CRT$XTA                DATA
 0003:00000038 00000004H .CRT$XTZ                DATA
 0003:00000040 000050bcH .data                   DATA
 0003:00005100 00790904H .bss                    DATA
 0004:00000000 000000e8H .rsrc$01                DATA
 0004:000000f0 00001108H .rsrc$02                DATA

  Address         Publics by Value              Rva+Base     Lib:Object

 0000:00000000       __except_list              00000000     <absolute>
 0000:00000002       ___safe_se_handler_count   00000002     <absolute>
 0001:00000000       _CL_GetGameState           00401000 f   cl_cgame.obj
 0001:00000020       _CL_GetGlconfig            00401020 f   cl_cgame.obj
 0001:00000040       _CL_GetUserCmd             00401040 f   cl_cgame.obj
 0001:000000b0       _CL_GetCurrentCmdNumber    004010b0 f   cl_cgame.obj
 0001:000000c0       _CL_GetParseEntityState    004010c0 f   cl_cgame.obj
 0001:00000120       _CL_GetCurrentSnapshotNumber 00401120 f   cl_cgame.obj
 0001:00000140       _CL_GetSnapshot            00401140 f   cl_cgame.obj
 0001:00000250       _CL_SetUserCmdValue        00401250 f   cl_cgame.obj
 0001:00000270       _CL_AddCgameCommand        00401270 f   cl_cgame.obj
 0001:00000280       _CL_CgameError             00401280 f   cl_cgame.obj
 0001:000002a0       _CL_ConfigstringModified   004012a0 f   cl_cgame.obj
 0001:00000400       _CL_GetServerCommand       00401400 f   cl_cgame.obj
 0001:00000700       _CL_CM_LoadMap             00401700 f   cl_cgame.obj
 0001:00000720       _CL_ShutdownCGame          00401720 f   cl_cgame.obj
 0001:00000780       _CL_CgameSystemCalls       00401780 f   cl_cgame.obj
 0001:00001540       _CL_InitCGame              00402540 f   cl_cgame.obj
 0001:00001650       _CL_GameCommand            00402650 f   cl_cgame.obj
 0001:00001670       _CL_CGameRendering         00402670 f   cl_cgame.obj
 0001:000016a0       _CL_AdjustTimeDelta        004026a0 f   cl_cgame.obj
 0001:000017b0       _CL_FirstSnapshot          004027b0 f   cl_cgame.obj
 0001:00001810       _CL_SetCGameTime           00402810 f   cl_cgame.obj
 0001:00001a80       _RllDecodeMonoToMono       00402a80 f   cl_cin.obj
 0001:00001ad0       _RllDecodeMonoToStereo     00402ad0 f   cl_cin.obj
 0001:00001b30       _RllDecodeStereoToStereo   00402b30 f   cl_cin.obj
 0001:00001bd0       _RllDecodeStereoToMono     00402bd0 f   cl_cin.obj
 0001:000037e0       _CIN_StopCinematic         004047e0 f   cl_cin.obj
 0001:00003860       _CIN_SetExtents            00404860 f   cl_cin.obj
 0001:000038b0       _CIN_SetLooping            004048b0 f   cl_cin.obj
 0001:000038e0       _CIN_DrawCinematic         004048e0 f   cl_cin.obj
 0001:00003bf0       _SCR_DrawCinematic         00404bf0 f   cl_cin.obj
 0001:00003c10       _SCR_StopCinematic         00404c10 f   cl_cin.obj
 0001:00003c40       _CIN_UploadCinematic       00404c40 f   cl_cin.obj
 0001:00003d00       _CIN_CloseAllVideos        00404d00 f   cl_cin.obj
 0001:00004290       _CIN_RunCinematic          00405290 f   cl_cin.obj
 0001:000044c0       _CIN_PlayCinematic         004054c0 f   cl_cin.obj
 0001:00004880       _SCR_RunCinematic          00405880 f   cl_cin.obj
 0001:000048a0       _CL_PlayCinematic_f        004058a0 f   cl_cin.obj
 0001:000049a0       _Con_MessageMode_f         004059a0 f   cl_console.obj
 0001:000049e0       _Con_MessageMode2_f        004059e0 f   cl_console.obj
 0001:00004a20       _Con_MessageMode3_f        00405a20 f   cl_console.obj
 0001:00004a80       _Con_MessageMode4_f        00405a80 f   cl_console.obj
 0001:00004ae0       _Con_Dump_f                00405ae0 f   cl_console.obj
 0001:00004c40       _Con_ClearNotify           00405c40 f   cl_console.obj
 0001:00004c60       _Con_CheckResize           00405c60 f   cl_console.obj
 0001:00004d60       _Con_Linefeed              00405d60 f   cl_console.obj
 0001:00004e00       _CL_ConsolePrint           00405e00 f   cl_console.obj
 0001:00004fc0       _Con_DrawInput             00405fc0 f   cl_console.obj
 0001:00005030       _Con_DrawNotify            00406030 f   cl_console.obj
 0001:000051f0       _Con_DrawSolidConsole      004061f0 f   cl_console.obj
 0001:00005510       _Con_DrawConsole           00406510 f   cl_console.obj
 0001:00005570       _Con_RunConsole            00406570 f   cl_console.obj
 0001:00005640       _Con_PageUp                00406640 f   cl_console.obj
 0001:00005670       _Con_PageDown              00406670 f   cl_console.obj
 0001:00005690       _Con_Top                   00406690 f   cl_console.obj
 0001:000056b0       _Con_Bottom                004066b0 f   cl_console.obj
 0001:000056c0       _Con_Close                 004066c0 f   cl_console.obj
 0001:00005710       _Con_ToggleConsole_f       00406710 f   cl_console.obj
 0001:00005770       _Con_Clear_f               00406770 f   cl_console.obj
 0001:00005790       _Con_Init                  00406790 f   cl_console.obj
 0001:00005870       _IN_MLookDown              00406870 f   cl_input.obj
 0001:00005880       _IN_KeyDown                00406880 f   cl_input.obj
 0001:00005900       _IN_KeyUp                  00406900 f   cl_input.obj
 0001:00005990       _CL_KeyState               00406990 f   cl_input.obj
 0001:00005a20       _IN_UpDown                 00406a20 f   cl_input.obj
 0001:00005a30       _IN_UpUp                   00406a30 f   cl_input.obj
 0001:00005a40       _IN_DownDown               00406a40 f   cl_input.obj
 0001:00005a50       _IN_DownUp                 00406a50 f   cl_input.obj
 0001:00005a60       _IN_LeftDown               00406a60 f   cl_input.obj
 0001:00005a70       _IN_LeftUp                 00406a70 f   cl_input.obj
 0001:00005a80       _IN_RightDown              00406a80 f   cl_input.obj
 0001:00005a90       _IN_RightUp                00406a90 f   cl_input.obj
 0001:00005aa0       _IN_ForwardDown            00406aa0 f   cl_input.obj
 0001:00005ab0       _IN_ForwardUp              00406ab0 f   cl_input.obj
 0001:00005ac0       _IN_BackDown               00406ac0 f   cl_input.obj
 0001:00005ad0       _IN_BackUp                 00406ad0 f   cl_input.obj
 0001:00005ae0       _IN_LookupDown             00406ae0 f   cl_input.obj
 0001:00005af0       _IN_LookupUp               00406af0 f   cl_input.obj
 0001:00005b00       _IN_LookdownDown           00406b00 f   cl_input.obj
 0001:00005b10       _IN_LookdownUp             00406b10 f   cl_input.obj
 0001:00005b20       _IN_MoveleftDown           00406b20 f   cl_input.obj
 0001:00005b30       _IN_MoveleftUp             00406b30 f   cl_input.obj
 0001:00005b40       _IN_MoverightDown          00406b40 f   cl_input.obj
 0001:00005b50       _IN_MoverightUp            00406b50 f   cl_input.obj
 0001:00005b60       _IN_SpeedDown              00406b60 f   cl_input.obj
 0001:00005b70       _IN_SpeedUp                00406b70 f   cl_input.obj
 0001:00005b80       _IN_StrafeDown             00406b80 f   cl_input.obj
 0001:00005b90       _IN_StrafeUp               00406b90 f   cl_input.obj
 0001:00005ba0       _IN_Button0Down            00406ba0 f   cl_input.obj
 0001:00005bb0       _IN_Button0Up              00406bb0 f   cl_input.obj
 0001:00005bc0       _IN_Button1Down            00406bc0 f   cl_input.obj
 0001:00005bd0       _IN_Button1Up              00406bd0 f   cl_input.obj
 0001:00005be0       _IN_Button2Down            00406be0 f   cl_input.obj
 0001:00005bf0       _IN_Button2Up              00406bf0 f   cl_input.obj
 0001:00005c00       _IN_Button3Down            00406c00 f   cl_input.obj
 0001:00005c10       _IN_Button3Up              00406c10 f   cl_input.obj
 0001:00005c20       _IN_Button4Down            00406c20 f   cl_input.obj
 0001:00005c30       _IN_Button4Up              00406c30 f   cl_input.obj
 0001:00005c40       _IN_Button5Down            00406c40 f   cl_input.obj
 0001:00005c50       _IN_Button5Up              00406c50 f   cl_input.obj
 0001:00005c60       _IN_Button6Down            00406c60 f   cl_input.obj
 0001:00005c70       _IN_Button6Up              00406c70 f   cl_input.obj
 0001:00005c80       _IN_Button7Down            00406c80 f   cl_input.obj
 0001:00005c90       _IN_Button7Up              00406c90 f   cl_input.obj
 0001:00005ca0       _IN_Button8Down            00406ca0 f   cl_input.obj
 0001:00005cb0       _IN_Button8Up              00406cb0 f   cl_input.obj
 0001:00005cc0       _IN_Button9Down            00406cc0 f   cl_input.obj
 0001:00005cd0       _IN_Button9Up              00406cd0 f   cl_input.obj
 0001:00005ce0       _IN_Button10Down           00406ce0 f   cl_input.obj
 0001:00005cf0       _IN_Button10Up             00406cf0 f   cl_input.obj
 0001:00005d00       _IN_Button11Down           00406d00 f   cl_input.obj
 0001:00005d10       _IN_Button11Up             00406d10 f   cl_input.obj
 0001:00005d20       _IN_Button12Down           00406d20 f   cl_input.obj
 0001:00005d30       _IN_Button12Up             00406d30 f   cl_input.obj
 0001:00005d40       _IN_Button13Down           00406d40 f   cl_input.obj
 0001:00005d50       _IN_Button13Up             00406d50 f   cl_input.obj
 0001:00005d60       _IN_Button14Down           00406d60 f   cl_input.obj
 0001:00005d70       _IN_Button14Up             00406d70 f   cl_input.obj
 0001:00005d80       _IN_Button15Down           00406d80 f   cl_input.obj
 0001:00005d90       _IN_Button15Up             00406d90 f   cl_input.obj
 0001:00005da0       _IN_ButtonDown             00406da0 f   cl_input.obj
 0001:00005db0       _IN_ButtonUp               00406db0 f   cl_input.obj
 0001:00005dc0       _IN_CenterView             00406dc0 f   cl_input.obj
 0001:00005de0       _CL_AdjustAngles           00406de0 f   cl_input.obj
 0001:00005ea0       _CL_KeyMove                00406ea0 f   cl_input.obj
 0001:00006010       _CL_MouseEvent             00407010 f   cl_input.obj
 0001:00006080       _CL_MouseMove              00407080 f   cl_input.obj
 0001:00006290       _CL_CmdButtons             00407290 f   cl_input.obj
 0001:00006300       _CL_FinishMove             00407300 f   cl_input.obj
 0001:00006350       _CL_CreateCmd              00407350 f   cl_input.obj
 0001:000064a0       _CL_CreateNewCommands      004074a0 f   cl_input.obj
 0001:00006530       _CL_ReadyToSendPacket      00407530 f   cl_input.obj
 0001:00006640       _CL_WritePacket            00407640 f   cl_input.obj
 0001:00006910       _CL_SendCmd                00407910 f   cl_input.obj
 0001:00006970       _IN_MLookUp                00407970 f   cl_input.obj
 0001:000069a0       _CL_InitInput              004079a0 f   cl_input.obj
 0001:00006d60       _Field_VariableSizeDraw    00407d60 f   cl_keys.obj
 0001:00006f10       _Field_Draw                00407f10 f   cl_keys.obj
 0001:00006f40       _Field_BigDraw             00407f40 f   cl_keys.obj
 0001:00006f70       _Field_CharEvent           00407f70 f   cl_keys.obj
 0001:00007090       _Key_GetOverstrikeMode     00408090 f   cl_keys.obj
 0001:000070a0       _Key_SetOverstrikeMode     004080a0 f   cl_keys.obj
 0001:000070b0       _Key_IsDown                004080b0 f   cl_keys.obj
 0001:000070d0       _Key_StringToKeynum        004080d0 f   cl_keys.obj
 0001:000071b0       _Key_KeynumToString        004081b0 f   cl_keys.obj
 0001:00007270       _Key_SetBinding            00408270 f   cl_keys.obj
 0001:000072c0       _Key_GetBinding            004082c0 f   cl_keys.obj
 0001:000072e0       _Key_GetKey                004082e0 f   cl_keys.obj
 0001:00007320       _Key_Unbind_f              00408320 f   cl_keys.obj
 0001:00007380       _Key_Unbindall_f           00408380 f   cl_keys.obj
 0001:000073d0       _Key_Bind_f                004083d0 f   cl_keys.obj
 0001:00007540       _Key_WriteBindings         00408540 f   cl_keys.obj
 0001:000075a0       _Key_Bindlist_f            004085a0 f   cl_keys.obj
 0001:000075f0       _CL_InitKeyCommands        004085f0 f   cl_keys.obj
 0001:00007630       _CL_AddKeyUpCommands       00408630 f   cl_keys.obj
 0001:00007700       _CL_CharEvent              00408700 f   cl_keys.obj
 0001:00007770       _Field_Paste               00408770 f   cl_keys.obj
 0001:000077c0       _Field_KeyDownEvent        004087c0 f   cl_keys.obj
 0001:000078f0       _Console_Key               004088f0 f   cl_keys.obj
 0001:00007c00       _Message_Key               00408c00 f   cl_keys.obj
 0001:00007cd0       _CL_KeyEvent               00408cd0 f   cl_keys.obj
 0001:00008040       _Key_ClearStates           00409040 f   cl_keys.obj
 0001:000080e0       _CL_CDDialog               004090e0 f   cl_main.obj
 0001:000080f0       _CL_AddReliableCommand     004090f0 f   cl_main.obj
 0001:00008140       _CL_ChangeReliableCommand  00409140 f   cl_main.obj
 0001:00008190       _CL_WriteDemoMessage       00409190 f   cl_main.obj
 0001:00008200       _CL_StopRecord_f           00409200 f   cl_main.obj
 0001:00008280       _CL_DemoFilename           00409280 f   cl_main.obj
 0001:00008320       _CL_Record_f               00409320 f   cl_main.obj
 0001:000086e0       _CL_StartDemoLoop          004096e0 f   cl_main.obj
 0001:00008700       _CL_NextDemo               00409700 f   cl_main.obj
 0001:00008780       _CL_ShutdownAll            00409780 f   cl_main.obj
 0001:000087c0       _CL_ClearState             004097c0 f   cl_main.obj
 0001:000087e0       _CL_Disconnect             004097e0 f   cl_main.obj
 0001:00008900       _CL_ForwardCommandToServer 00409900 f   cl_main.obj
 0001:00008960       _CL_RequestMotd            00409960 f   cl_main.obj
 0001:00008ac0       _CL_RequestAuthorization   00409ac0 f   cl_main.obj
 0001:00008c60       _CL_ForwardToServer_f      00409c60 f   cl_main.obj
 0001:00008ca0       _CL_Setenv_f               00409ca0 f   cl_main.obj
 0001:00008dc0       _CL_Disconnect_f           00409dc0 f   cl_main.obj
 0001:00008e00       _CL_Reconnect_f            00409e00 f   cl_main.obj
 0001:00008e70       _CL_Connect_f              00409e70 f   cl_main.obj
 0001:00009010       _CL_Rcon_f                 0040a010 f   cl_main.obj
 0001:000091d0       _CL_SendPureChecksums      0040a1d0 f   cl_main.obj
 0001:00009290       _CL_ResetPureClientAtServer 0040a290 f   cl_main.obj
 0001:000092b0       _CL_OpenedPK3List_f        0040a2b0 f   cl_main.obj
 0001:000092d0       _CL_ReferencedPK3List_f    0040a2d0 f   cl_main.obj
 0001:000092f0       _CL_Configstrings_f        0040a2f0 f   cl_main.obj
 0001:00009340       _CL_Clientinfo_f           0040a340 f   cl_main.obj
 0001:00009390       _CL_BeginDownload          0040a390 f   cl_main.obj
 0001:00009430       _CL_CheckForResend         0040a430 f   cl_main.obj
 0001:00009690       _CL_DisconnectPacket       0040a690 f   cl_main.obj
 0001:00009740       _CL_MotdPacket             0040a740 f   cl_main.obj
 0001:00009830       _CL_InitServerInfo         0040a830 f   cl_main.obj
 0001:00009890       _CL_ServersResponsePacket  0040a890 f   cl_main.obj
 0001:00009b30       _CL_CheckTimeout           0040ab30 f   cl_main.obj
 0001:00009bc0       _CL_CheckUserinfo          0040abc0 f   cl_main.obj
 0001:00009c10       _CL_Frame                  0040ac10 f   cl_main.obj
 0001:00009d60       _CL_RefPrintf              0040ad60 f   cl_main.obj
 0001:00009df0       _CL_ShutdownRef            0040adf0 f   cl_main.obj
 0001:00009e10       _CL_InitRenderer           0040ae10 f   cl_main.obj
 0001:00009e70       _CL_StartHunkUsers         0040ae70 f   cl_main.obj
 0001:00009ee0       _CL_RefMalloc              0040aee0 f   cl_main.obj
 0001:00009ef0       _CL_ScaledMilliseconds     0040aef0 f   cl_main.obj
 0001:00009f10       _CL_InitRef                0040af10 f   cl_main.obj
 0001:0000a040       _CL_SetModel_f             0040b040 f   cl_main.obj
 0001:0000a0b0       _CL_Shutdown               0040b0b0 f   cl_main.obj
 0001:0000a4f0       _CL_ServerInfoPacket       0040b4f0 f   cl_main.obj
 0001:0000a8c0       _CL_GetServerStatus        0040b8c0 f   cl_main.obj
 0001:0000aa10       _CL_ServerStatus           0040ba10 f   cl_main.obj
 0001:0000ac60       _CL_ServerStatusResponse   0040bc60 f   cl_main.obj
 0001:0000af50       _CL_LocalServers_f         0040bf50 f   cl_main.obj
 0001:0000b090       _CL_GlobalServers_f        0040c090 f   cl_main.obj
 0001:0000b210       _CL_GetPing                0040c210 f   cl_main.obj
 0001:0000b300       _CL_UpdateServerInfo       0040c300 f   cl_main.obj
 0001:0000b360       _CL_GetPingInfo            0040c360 f   cl_main.obj
 0001:0000b3a0       _CL_ClearPing              0040c3a0 f   cl_main.obj
 0001:0000b3c0       _CL_GetPingQueueCount      0040c3c0 f   cl_main.obj
 0001:0000b410       _CL_GetFreePing            0040c410 f   cl_main.obj
 0001:0000b4e0       _CL_Ping_f                 0040c4e0 f   cl_main.obj
 0001:0000b5d0       _CL_UpdateVisiblePings_f   0040c5d0 f   cl_main.obj
 0001:0000b8f0       _CL_ServerStatus_f         0040c8f0 f   cl_main.obj
 0001:0000ba10       _CL_ShowIP_f               0040ca10 f   cl_main.obj
 0001:0000ba20       _CL_CDKeyValidate          0040ca20 f   cl_main.obj
 0001:0000bb10       _CL_DemoCompleted          0040cb10 f   cl_main.obj
 0001:0000bb80       _CL_ReadDemoMessage        0040cb80 f   cl_main.obj
 0001:0000bc70       _CL_PlayDemo_f             0040cc70 f   cl_main.obj
 0001:0000be80       _CL_FlushMemory            0040ce80 f   cl_main.obj
 0001:0000bee0       _CL_MapLoading             0040cee0 f   cl_main.obj
 0001:0000bfe0       _CL_Vid_Restart_f          0040cfe0 f   cl_main.obj
 0001:0000c0b0       _CL_Snd_Restart_f          0040d0b0 f   cl_main.obj
 0001:0000c0c0       _CL_DownloadsComplete      0040d0c0 f   cl_main.obj
 0001:0000c140       _CL_NextDownload           0040d140 f   cl_main.obj
 0001:0000c1e0       _CL_InitDownloads          0040d1e0 f   cl_main.obj
 0001:0000c270       _CL_ConnectionlessPacket   0040d270 f   cl_main.obj
 0001:0000c6e0       _CL_PacketEvent            0040d6e0 f   cl_main.obj
 0001:0000c880       _CL_Init                   0040d880 f   cl_main.obj
 0001:0000d000       _CL_Netchan_TransmitNextFragment 0040e000 f   cl_net_chan.obj
 0001:0000d010       _CL_Netchan_Transmit       0040e010 f   cl_net_chan.obj
 0001:0000d040       _CL_Netchan_Process        0040e040 f   cl_net_chan.obj
 0001:0000d070       _SHOWNET                   0040e070 f   cl_parse.obj
 0001:0000d0a0       _CL_DeltaEntity            0040e0a0 f   cl_parse.obj
 0001:0000d110       _CL_ParsePacketEntities    0040e110 f   cl_parse.obj
 0001:0000d450       _CL_ParseSnapshot          0040e450 f   cl_parse.obj
 0001:0000d6d0       _CL_SystemInfoChanged      0040e6d0 f   cl_parse.obj
 0001:0000d840       _CL_ParseGamestate         0040e840 f   cl_parse.obj
 0001:0000da00       _CL_ParseDownload          0040ea00 f   cl_parse.obj
 0001:0000dbe0       _CL_ParseCommandString     0040ebe0 f   cl_parse.obj
 0001:0000dc30       _CL_ParseServerMessage     0040ec30 f   cl_parse.obj
 0001:0000ddd0       _SCR_AdjustFrom640         0040edd0 f   cl_scrn.obj
 0001:0000de30       _SCR_FillRect              0040ee30 f   cl_scrn.obj
 0001:0000dea0       _SCR_DrawPic               0040eea0 f   cl_scrn.obj
 0001:0000dff0       _SCR_DrawSmallChar         0040eff0 f   cl_scrn.obj
 0001:0000e090       _SCR_DrawStringExt         0040f090 f   cl_scrn.obj
 0001:0000e1e0       _SCR_DrawBigString         0040f1e0 f   cl_scrn.obj
 0001:0000e230       _SCR_DrawBigStringColor    0040f230 f   cl_scrn.obj
 0001:0000e260       _SCR_DrawSmallStringExt    0040f260 f   cl_scrn.obj
 0001:0000e330       _SCR_GetBigStringWidth     0040f330 f   cl_scrn.obj
 0001:0000e370       _SCR_DrawDemoRecording     0040f370 f   cl_scrn.obj
 0001:0000e400       _SCR_DebugGraph            0040f400 f   cl_scrn.obj
 0001:0000e430       _SCR_DrawDebugGraph        0040f430 f   cl_scrn.obj
 0001:0000e590       _SCR_Init                  0040f590 f   cl_scrn.obj
 0001:0000e620       _SCR_DrawScreenField       0040f620 f   cl_scrn.obj
 0001:0000e800       _SCR_UpdateScreen          0040f800 f   cl_scrn.obj
 0001:0000e8a0       _SCR_DrawNamedPic          0040f8a0 f   cl_scrn.obj
 0001:0000e970       _LAN_LoadCachedServers     0040f970 f   cl_ui.obj
 0001:0000ea80       _LAN_SaveServersToCache    0040fa80 f   cl_ui.obj
 0001:0000f4e0       _LAN_UpdateVisiblePings    004104e0 f   cl_ui.obj
 0001:0000f4f0       _LAN_GetServerStatus       004104f0 f   cl_ui.obj
 0001:0000f5a0       _Key_GetCatcher            004105a0 f   cl_ui.obj
 0001:0000f5b0       _Key_SetCatcher            004105b0 f   cl_ui.obj
 0001:0000f610       _CL_ShutdownUI             00410610 f   cl_ui.obj
 0001:0000f660       _UI_usesUniqueCDKey        00410660 f   cl_ui.obj
 0001:0000f680       _UI_GameCommand            00410680 f   cl_ui.obj
 0001:0000f7a0       _CL_UISystemCalls          004107a0 f   cl_ui.obj
 0001:00010440       _CL_InitUI                 00411440 f   cl_ui.obj
 0001:00010540       _CMod_LoadShaders          00411540 f   cm_load.obj
 0001:000105d0       _CMod_LoadSubmodels        004115d0 f   cm_load.obj
 0001:00010750       _CMod_LoadNodes            00411750 f   cm_load.obj
 0001:000107f0       _CM_BoundBrush             004117f0 f   cm_load.obj
 0001:00010840       _CMod_LoadBrushes          00411840 f   cm_load.obj
 0001:00010940       _CMod_LoadLeafs            00411940 f   cm_load.obj
 0001:00010a40       _CMod_LoadPlanes           00411a40 f   cm_load.obj
 0001:00010b60       _CMod_LoadLeafBrushes      00411b60 f   cm_load.obj
 0001:00010bc0       _CMod_LoadLeafSurfaces     00411bc0 f   cm_load.obj
 0001:00010c20       _CMod_LoadBrushSides       00411c20 f   cm_load.obj
 0001:00010cd0       _CMod_LoadEntityString     00411cd0 f   cm_load.obj
 0001:00010d10       _CMod_LoadVisibility       00411d10 f   cm_load.obj
 0001:00010da0       _CMod_LoadPatches          00411da0 f   cm_load.obj
 0001:00010fb0       _CM_LumpChecksum           00411fb0 f   cm_load.obj
 0001:00010fd0       _CM_Checksum               00411fd0 f   cm_load.obj
 0001:00011100       _CM_ClearMap               00412100 f   cm_load.obj
 0001:00011120       _CM_ClipHandleToModel      00412120 f   cm_load.obj
 0001:000111a0       _CM_InlineModel            004121a0 f   cm_load.obj
 0001:000111d0       _CM_NumClusters            004121d0 f   cm_load.obj
 0001:000111e0       _CM_NumInlineModels        004121e0 f   cm_load.obj
 0001:000111f0       _CM_EntityString           004121f0 f   cm_load.obj
 0001:00011200       _CM_LeafCluster            00412200 f   cm_load.obj
 0001:00011230       _CM_LeafArea               00412230 f   cm_load.obj
 0001:00011260       _CM_InitBoxHull            00412260 f   cm_load.obj
 0001:00011390       _CM_TempBoxModel           00412390 f   cm_load.obj
 0001:000114e0       _CM_ModelBounds            004124e0 f   cm_load.obj
 0001:00011520       _CM_LoadMap                00412520 f   cm_load.obj
 0001:000117b0       _CM_ClearLevelPatches      004127b0 f   cm_patch.obj
 0001:00012090       _CM_PlaneEqual             00413090 f   cm_patch.obj
 0001:00012190       _CM_SnapVector             00413190 f   cm_patch.obj
 0001:00012200       _CM_FindPlane2             00413200 f   cm_patch.obj
 0001:00012970       _CM_AddFacetBevels         00413970 f   cm_patch.obj
 0001:000130c0       _CM_TracePointThroughPatchCollide 004140c0 f   cm_patch.obj
 0001:00013480       _CM_CheckFacetPlane        00414480 f   cm_patch.obj
 0001:000135c0       _CM_TraceThroughPatchCollide 004145c0 f   cm_patch.obj
 0001:00013ae0       _CM_PositionTestInPatchCollide 00414ae0 f   cm_patch.obj
 0001:00013d70       _CM_DrawDebugSurface       00414d70 f   cm_patch.obj
 0001:00014f90       _CM_GeneratePatchCollide   00415f90 f   cm_patch.obj
 0001:00015300       _pw                        00416300 f   cm_polylib.obj
 0001:00015350       _AllocWinding              00416350 f   cm_polylib.obj
 0001:000153b0       _FreeWinding               004163b0 f   cm_polylib.obj
 0001:00015420       _RemoveColinearPoints      00416420 f   cm_polylib.obj
 0001:000155a0       _WindingArea               004165a0 f   cm_polylib.obj
 0001:00015650       _WindingBounds             00416650 f   cm_polylib.obj
 0001:000156f0       _WindingCenter             004166f0 f   cm_polylib.obj
 0001:00015770       _BaseWindingForPlane       00416770 f   cm_polylib.obj
 0001:00015a40       _CopyWinding               00416a40 f   cm_polylib.obj
 0001:00015a70       _ReverseWinding            00416a70 f   cm_polylib.obj
 0001:00015ad0       _ClipWindingEpsilon        00416ad0 f   cm_polylib.obj
 0001:00015ed0       _ChopWindingInPlace        00416ed0 f   cm_polylib.obj
 0001:000161f0       _ChopWinding               004171f0 f   cm_polylib.obj
 0001:00016290       _WindingOnPlaneSide        00417290 f   cm_polylib.obj
 0001:00016330       _AddWindingToConvexHull    00417330 f   cm_polylib.obj
 0001:00016880       _WindingPlane              00417880 f   cm_polylib.obj
 0001:00016920       _CheckWinding              00417920 f   cm_polylib.obj
 0001:00016b90       _CM_PointLeafnum_r         00417b90 f   cm_test.obj
 0001:00016c10       _CM_PointLeafnum           00417c10 f   cm_test.obj
 0001:00016c30       _CM_StoreLeafs             00417c30 f   cm_test.obj
 0001:00016c70       _CM_StoreBrushes           00417c70 f   cm_test.obj
 0001:00016d30       _CM_BoxLeafnums_r          00417d30 f   cm_test.obj
 0001:00016da0       _CM_BoxLeafnums            00417da0 f   cm_test.obj
 0001:00016e20       _CM_BoxBrushes             00417e20 f   cm_test.obj
 0001:00016ea0       _CM_PointContents          00417ea0 f   cm_test.obj
 0001:00017050       _CM_TransformedPointContents 00418050 f   cm_test.obj
 0001:00017160       _CM_ClusterPVS             00418160 f   cm_test.obj
 0001:00017190       _CM_FloodArea_r            00418190 f   cm_test.obj
 0001:00017210       _CM_FloodAreaConnections   00418210 f   cm_test.obj
 0001:00017260       _CM_AdjustAreaPortalState  00418260 f   cm_test.obj
 0001:00017330       _CM_AreasConnected         00418330 f   cm_test.obj
 0001:00017390       _CM_WriteAreaBits          00418390 f   cm_test.obj
 0001:00017420       _RotatePoint               00418420 f   cm_trace.obj
 0001:00017470       _TransposeMatrix           00418470 f   cm_trace.obj
 0001:000174a0       _CM_ProjectPointOntoVector 004184a0 f   cm_trace.obj
 0001:00017530       _CM_VectorDistanceSquared  00418530 f   cm_trace.obj
 0001:00017560       _SquareRootFloat           00418560 f   cm_trace.obj
 0001:000175d0       _CM_TestBoxInBrush         004185d0 f   cm_trace.obj
 0001:000177b0       _CM_TestInLeaf             004187b0 f   cm_trace.obj
 0001:000178c0       _CM_TestCapsuleInCapsule   004188c0 f   cm_trace.obj
 0001:00017b60       _CM_TestBoundingBoxInCapsule 00418b60 f   cm_trace.obj
 0001:00017c70       _CM_PositionTest           00418c70 f   cm_trace.obj
 0001:00017da0       _CM_TraceThroughPatch      00418da0 f   cm_trace.obj
 0001:00017e00       _CM_TraceThroughBrush      00418e00 f   cm_trace.obj
 0001:000182d0       _CM_TraceThroughLeaf       004192d0 f   cm_trace.obj
 0001:00018410       _CM_TraceBoundingBoxThroughCapsule 00419410 f   cm_trace.obj
 0001:00018520       _CM_TraceThroughTree       00419520 f   cm_trace.obj
 0001:00018830       _CreateRotationMatrix      00419830 f   cm_trace.obj
 0001:00018870       _CM_DistanceFromLineSquared 00419870 f   cm_trace.obj
 0001:00018970       _CM_TraceThroughSphere     00419970 f   cm_trace.obj
 0001:00018c60       _CM_TraceThroughVerticalCylinder 00419c60 f   cm_trace.obj
 0001:00018fd0       _CM_TraceCapsuleThroughCapsule 00419fd0 f   cm_trace.obj
 0001:00019270       _CM_Trace                  0041a270 f   cm_trace.obj
 0001:00019940       _CM_BoxTrace               0041a940 f   cm_trace.obj
 0001:00019980       _CM_TransformedBoxTrace    0041a980 f   cm_trace.obj
 0001:00019df0       _Cbuf_Init                 0041adf0 f   cmd.obj
 0001:00019e10       _Cbuf_AddText              0041ae10 f   cmd.obj
 0001:00019e70       _Cbuf_InsertText           0041ae70 f   cmd.obj
 0001:00019f00       _Cmd_Argc                  0041af00 f   cmd.obj
 0001:00019f10       _Cmd_Argv                  0041af10 f   cmd.obj
 0001:00019f30       _Cmd_ArgvBuffer            0041af30 f   cmd.obj
 0001:00019f70       _Cmd_Args                  0041af70 f   cmd.obj
 0001:0001a000       _Cmd_ArgsFrom              0041b000 f   cmd.obj
 0001:0001a090       _Cmd_ArgsBuffer            0041b090 f   cmd.obj
 0001:0001a0b0       _Cmd_Cmd                   0041b0b0 f   cmd.obj
 0001:0001a0c0       _Cmd_TokenizeString        0041b0c0 f   cmd.obj
 0001:0001a1f0       _Cmd_AddCommand            0041b1f0 f   cmd.obj
 0001:0001a290       _Cmd_RemoveCommand         0041b290 f   cmd.obj
 0001:0001a310       _Cmd_CommandCompletion     0041b310 f   cmd.obj
 0001:0001a340       _Cmd_ExecuteString         0041b340 f   cmd.obj
 0001:0001a420       _Cmd_List_f                0041b420 f   cmd.obj
 0001:0001a4a0       _Cmd_Wait_f                0041b4a0 f   cmd.obj
 0001:0001a4d0       _Cbuf_Execute              0041b4d0 f   cmd.obj
 0001:0001a5b0       _Cmd_Exec_f                0041b5b0 f   cmd.obj
 0001:0001a670       _Cmd_Vstr_f                0041b670 f   cmd.obj
 0001:0001a6b0       _Cmd_Echo_f                0041b6b0 f   cmd.obj
 0001:0001a700       _Cmd_Init                  0041b700 f   cmd.obj
 0001:0001a750       _Cbuf_ExecuteText          0041b750 f   cmd.obj
 0001:0001a7c0       _Com_BeginRedirect         0041b7c0 f   common.obj
 0001:0001a7f0       _Com_EndRedirect           0041b7f0 f   common.obj
 0001:0001a830       _Com_Printf                0041b830 f   common.obj
 0001:0001a9e0       _Com_DPrintf               0041b9e0 f   common.obj
 0001:0001aa40       _Com_ParseCommandLine      0041ba40 f   common.obj
 0001:0001aab0       _Com_SafeMode              0041bab0 f   common.obj
 0001:0001ab30       _Com_StartupVariable       0041bb30 f   common.obj
 0001:0001ac00       _Com_AddStartupCommands    0041bc00 f   common.obj
 0001:0001ac70       _Com_StringContains        0041bc70 f   common.obj
 0001:0001ad30       _Com_Filter                0041bd30 f   common.obj
 0001:0001af30       _Com_FilterPath            0041bf30 f   common.obj
 0001:0001afc0       _Com_HashKey               0041bfc0 f   common.obj
 0001:0001b010       _Com_RealTime              0041c010 f   common.obj
 0001:0001b080       _Z_ClearZone               0041c080 f   common.obj
 0001:0001b0d0       _Z_AvailableZoneMemory     0041c0d0 f   common.obj
 0001:0001b0e0       _Z_AvailableMemory         0041c0e0 f   common.obj
 0001:0001b0f0       _Z_LogZoneHeap             0041c0f0 f   common.obj
 0001:0001b220       _Z_LogHeap                 0041c220 f   common.obj
 0001:0001b250       _Com_Meminfo_f             0041c250 f   common.obj
 0001:0001b4b0       _Hunk_Log                  0041c4b0 f   common.obj
 0001:0001b5c0       _Hunk_SmallLog             0041c5c0 f   common.obj
 0001:0001b730       _Hunk_MemoryRemaining      0041c730 f   common.obj
 0001:0001b760       _Hunk_SetMark              0041c760 f   common.obj
 0001:0001b780       _Hunk_ClearToMark          0041c780 f   common.obj
 0001:0001b7a0       _Hunk_CheckMark            0041c7a0 f   common.obj
 0001:0001b7c0       _Hunk_Clear                0041c7c0 f   common.obj
 0001:0001b870       _Hunk_ClearTempMemory      0041c870 f   common.obj
 0001:0001b890       _Hunk_Trash                0041c890 f   common.obj
 0001:0001b8a0       _Com_InitJournaling        0041c8a0 f   common.obj
 0001:0001b980       _Com_InitPushEvent         0041c980 f   common.obj
 0001:0001b9a0       _Com_RunAndTimeServerPacket 0041c9a0 f   common.obj
 0001:0001bae0       _Com_WriteConfigToFile     0041cae0 f   common.obj
 0001:0001bb30       _Com_WriteConfiguration    0041cb30 f   common.obj
 0001:0001bbb0       _Com_WriteConfig_f         0041cbb0 f   common.obj
 0001:0001bc20       _Com_ModifyMsec            0041cc20 f   common.obj
 0001:0001bce0       _Com_Shutdown              0041cce0 f   common.obj
 0001:0001bd20       __copyDWord                0041cd20 f   common.obj
 0001:0001bdb0       _Com_Memset                0041cdb0 f   common.obj
 0001:0001be60       _Com_Memcmp                0041ce60 f   common.obj
 0001:0001bf00       _Com_Prefetch              0041cf00 f   common.obj
 0001:0001bf40       _Q_acos                    0041cf40 f   common.obj
 0001:0001bf70       _Field_Clear               0041cf70 f   common.obj
 0001:0001c180       _Com_Error                 0041d180 f   common.obj
 0001:0001c330       _Com_Quit_f                0041d330 f   common.obj
 0001:0001c3a0       _Info_Print                0041d3a0 f   common.obj
 0001:0001c480       _Z_Free                    0041d480 f   common.obj
 0001:0001c570       _Z_FreeTags                0041d570 f   common.obj
 0001:0001c5c0       _Z_TagMalloc               0041d5c0 f   common.obj
 0001:0001c6a0       _Z_Malloc                  0041d6a0 f   common.obj
 0001:0001c6d0       _S_Malloc                  0041d6d0 f   common.obj
 0001:0001c6e0       _Z_CheckHeap               0041d6e0 f   common.obj
 0001:0001c760       _CopyString                0041d760 f   common.obj
 0001:0001c7d0       _Com_TouchMemory           0041d7d0 f   common.obj
 0001:0001c810       _Com_InitSmallZoneMemory   0041d810 f   common.obj
 0001:0001c8b0       _Com_InitZoneMemory        0041d8b0 f   common.obj
 0001:0001c970       _Com_InitHunkMemory        0041d970 f   common.obj
 0001:0001ca60       _Hunk_Alloc                0041da60 f   common.obj
 0001:0001cba0       _Hunk_AllocateTempMemory   0041dba0 f   common.obj
 0001:0001cc80       _Hunk_FreeTempMemory       0041dc80 f   common.obj
 0001:0001cd00       _Com_GetRealEvent          0041dd00 f   common.obj
 0001:0001ce70       _Com_PushEvent             0041de70 f   common.obj
 0001:0001cf10       _Com_GetEvent              0041df10 f   common.obj
 0001:0001cfb0       _Com_Milliseconds          0041dfb0 f   common.obj
 0001:0001d0b0       _Com_ReadCDKey             0041e0b0 f   common.obj
 0001:0001d160       _Com_AppendCDKey           0041e160 f   common.obj
 0001:0001d230       _Com_Init                  0041e230 f   common.obj
 0001:0001d680       _Com_Memcpy                0041e680 f   common.obj
 0001:0001d7b0       _Field_CompleteCommand     0041e7b0 f   common.obj
 0001:0001d930       _Com_EventLoop             0041e930 f   common.obj
 0001:0001dbd0       _Com_Frame                 0041ebd0 f   common.obj
 0001:0001df20       _Cvar_VariableValue        0041ef20 f   cvar.obj
 0001:0001df60       _Cvar_VariableIntegerValue 0041ef60 f   cvar.obj
 0001:0001dfa0       _Cvar_VariableString       0041efa0 f   cvar.obj
 0001:0001dfe0       _Cvar_VariableStringBuffer 0041efe0 f   cvar.obj
 0001:0001e040       _Cvar_CommandCompletion    0041f040 f   cvar.obj
 0001:0001e070       _Cvar_Get                  0041f070 f   cvar.obj
 0001:0001e280       _Cvar_Set2                 0041f280 f   cvar.obj
 0001:0001e540       _Cvar_Set                  0041f540 f   cvar.obj
 0001:0001e560       _Cvar_SetLatched           0041f560 f   cvar.obj
 0001:0001e580       _Cvar_SetValue             0041f580 f   cvar.obj
 0001:0001e600       _Cvar_Reset                0041f600 f   cvar.obj
 0001:0001e620       _Cvar_SetCheatState        0041f620 f   cvar.obj
 0001:0001e6a0       _Cvar_Command              0041f6a0 f   cvar.obj
 0001:0001e740       _Cvar_Toggle_f             0041f740 f   cvar.obj
 0001:0001e7a0       _Cvar_Set_f                0041f7a0 f   cvar.obj
 0001:0001e890       _Cvar_SetU_f               0041f890 f   cvar.obj
 0001:0001e8d0       _Cvar_SetS_f               0041f8d0 f   cvar.obj
 0001:0001e910       _Cvar_SetA_f               0041f910 f   cvar.obj
 0001:0001e950       _Cvar_Reset_f              0041f950 f   cvar.obj
 0001:0001e980       _Cvar_WriteVariables       0041f980 f   cvar.obj
 0001:0001ea10       _Cvar_List_f               0041fa10 f   cvar.obj
 0001:0001eb60       _Cvar_Restart_f            0041fb60 f   cvar.obj
 0001:0001ebf0       _Cvar_InfoString           0041fbf0 f   cvar.obj
 0001:0001ec30       _Cvar_InfoString_Big       0041fc30 f   cvar.obj
 0001:0001ec70       _Cvar_InfoStringBuffer     0041fc70 f   cvar.obj
 0001:0001eca0       _Cvar_Update               0041fca0 f   cvar.obj
 0001:0001ed50       _Cvar_Init                 0041fd50 f   cvar.obj
 0001:0001edf0       _Cvar_Register             0041fdf0 f   cvar.obj
 0001:0001ee40       _FS_Initialized            0041fe40 f   files.obj
 0001:0001ee50       _FS_PakIsPure              0041fe50 f   files.obj
 0001:0001ee90       _FS_LoadStack              0041fe90 f   files.obj
 0001:0001efa0       _FS_ForceFlush             0041ffa0 f   files.obj
 0001:0001efc0       _FS_filelength             0041ffc0 f   files.obj
 0001:0001f020       _FS_BuildOSPath            00420020 f   files.obj
 0001:0001f260       _FS_FileExists             00420260 f   files.obj
 0001:0001f2a0       _FS_SV_FileExists          004202a0 f   files.obj
 0001:0001f300       _FS_SV_FOpenFileWrite      00420300 f   files.obj
 0001:0001f3e0       _FS_SV_FOpenFileRead       004203e0 f   files.obj
 0001:0001f5e0       _FS_SV_Rename              004205e0 f   files.obj
 0001:0001f6a0       _FS_Rename                 004206a0 f   files.obj
 0001:0001f740       _FS_FCloseFile             00420740 f   files.obj
 0001:0001f7f0       _FS_FOpenFileWrite         004207f0 f   files.obj
 0001:0001f8b0       _FS_FOpenFileAppend        004208b0 f   files.obj
 0001:0001f970       _FS_FilenameCompare        00420970 f   files.obj
 0001:0001f9d0       _FS_ShiftedStrStr          004209d0 f   files.obj
 0001:0001fa30       _FS_FOpenFileRead          00420a30 f   files.obj
 0001:00020120       _FS_Read                   00421120 f   files.obj
 0001:000201f0       _FS_Write                  004211f0 f   files.obj
 0001:000202b0       _FS_Printf                 004212b0 f   files.obj
 0001:00020310       _FS_Seek                   00421310 f   files.obj
 0001:00020480       _FS_FileIsInPAK            00421480 f   files.obj
 0001:000205a0       _FS_FreeFile               004215a0 f   files.obj
 0001:00020600       _FS_WriteFile              00421600 f   files.obj
 0001:00020a50       _FS_ListFilteredFiles      00421a50 f   files.obj
 0001:00020d90       _FS_ListFiles              00421d90 f   files.obj
 0001:00020db0       _FS_FreeFileList           00421db0 f   files.obj
 0001:00020f20       _FS_GetModList             00421f20 f   files.obj
 0001:00021290       _FS_Dir_f                  00422290 f   files.obj
 0001:00021350       _FS_ConvertPath            00422350 f   files.obj
 0001:00021380       _FS_PathCmp                00422380 f   files.obj
 0001:000213f0       _FS_SortFileList           004223f0 f   files.obj
 0001:00021490       _FS_NewDir_f               00422490 f   files.obj
 0001:00021550       _FS_Path_f                 00422550 f   files.obj
 0001:00021630       _FS_TouchFile_f            00422630 f   files.obj
 0001:00021860       _FS_idPak                  00422860 f   files.obj
 0001:000218b0       _FS_ComparePaks            004228b0 f   files.obj
 0001:00021aa0       _FS_Shutdown               00422aa0 f   files.obj
 0001:00021f40       _FS_GamePureChecksum       00422f40 f   files.obj
 0001:00021f90       _FS_LoadedPakChecksums     00422f90 f   files.obj
 0001:00021fe0       _FS_LoadedPakNames         00422fe0 f   files.obj
 0001:00022050       _FS_LoadedPakPureChecksums 00423050 f   files.obj
 0001:000220a0       _FS_ReferencedPakChecksums 004230a0 f   files.obj
 0001:00022110       _FS_ReferencedPakPureChecksums 00423110 f   files.obj
 0001:00022260       _FS_ReferencedPakNames     00423260 f   files.obj
 0001:00022330       _FS_ClearPakReferences     00423330 f   files.obj
 0001:00022370       _FS_PureServerSetLoadedPaks 00423370 f   files.obj
 0001:00022480       _FS_PureServerSetReferencedPaks 00423480 f   files.obj
 0001:00022550       _FS_FOpenFileByMode        00423550 f   files.obj
 0001:00022680       _FS_FTell                  00423680 f   files.obj
 0001:000226c0       _FS_Flush                  004236c0 f   files.obj
 0001:000226e0       _FS_Read2                  004236e0 f   files.obj
 0001:00022750       _FS_ReadFile               00423750 f   files.obj
 0001:00022a00       _FS_GetFileList            00423a00 f   files.obj
 0001:00022ad0       _FS_InitFilesystem         00423ad0 f   files.obj
 0001:00022b70       _FS_Restart                00423b70 f   files.obj
 0001:00022ca0       _FS_ConditionalRestart     00423ca0 f   files.obj
 0001:00022cd0       _Huff_putBit               00423cd0 f   huffman.obj
 0001:00022d20       _Huff_getBit               00423d20 f   huffman.obj
 0001:00022f90       _Huff_addRef               00423f90 f   huffman.obj
 0001:00023130       _Huff_Receive              00424130 f   huffman.obj
 0001:00023190       _Huff_offsetReceive        00424190 f   huffman.obj
 0001:000232a0       _Huff_transmit             004242a0 f   huffman.obj
 0001:00023440       _Huff_offsetTransmit       00424440 f   huffman.obj
 0001:00023480       _Huff_Decompress           00424480 f   huffman.obj
 0001:000236d0       _Huff_Compress             004246d0 f   huffman.obj
 0001:00023800       _Huff_Init                 00424800 f   huffman.obj
 0001:000238e0       _MD4Init                   004248e0 f   md4.obj
 0001:00023ff0       _MD4Update                 00424ff0 f   md4.obj
 0001:000240a0       _MD4Final                  004250a0 f   md4.obj
 0001:00024160       _Com_BlockChecksum         00425160 f   md4.obj
 0001:000241d0       _Com_BlockChecksumKey      004251d0 f   md4.obj
 0001:00024250       _MSG_Clear                 00425250 f   msg.obj
 0001:00024260       _MSG_Bitstream             00425260 f   msg.obj
 0001:00024270       _MSG_BeginReading          00425270 f   msg.obj
 0001:00024280       _MSG_BeginReadingOOB       00425280 f   msg.obj
 0001:000242a0       _MSG_Copy                  004252a0 f   msg.obj
 0001:000242f0       _MSG_WriteBits             004252f0 f   msg.obj
 0001:00024490       _MSG_ReadBits              00425490 f   msg.obj
 0001:000245d0       _MSG_WriteChar             004255d0 f   msg.obj
 0001:000245f0       _MSG_WriteByte             004255f0 f   msg.obj
 0001:00024610       _MSG_WriteData             00425610 f   msg.obj
 0001:00024640       _MSG_WriteShort            00425640 f   msg.obj
 0001:00024660       _MSG_WriteLong             00425660 f   msg.obj
 0001:00024680       _MSG_WriteFloat            00425680 f   msg.obj
 0001:000246a0       _MSG_WriteString           004256a0 f   msg.obj
 0001:00024770       _MSG_WriteBigString        00425770 f   msg.obj
 0001:00024840       _MSG_WriteAngle            00425840 f   msg.obj
 0001:00024870       _MSG_WriteAngle16          00425870 f   msg.obj
 0001:000248a0       _MSG_ReadChar              004258a0 f   msg.obj
 0001:000248d0       _MSG_ReadByte              004258d0 f   msg.obj
 0001:00024900       _MSG_ReadShort             00425900 f   msg.obj
 0001:00024930       _MSG_ReadLong              00425930 f   msg.obj
 0001:00024950       _MSG_ReadFloat             00425950 f   msg.obj
 0001:00024980       _MSG_ReadString            00425980 f   msg.obj
 0001:000249f0       _MSG_ReadBigString         004259f0 f   msg.obj
 0001:00024a50       _MSG_ReadStringLine        00425a50 f   msg.obj
 0001:00024ac0       _MSG_ReadAngle16           00425ac0 f   msg.obj
 0001:00024b00       _MSG_ReadData              00425b00 f   msg.obj
 0001:00024b40       _MSG_WriteDelta            00425b40 f   msg.obj
 0001:00024b90       _MSG_ReadDelta             00425b90 f   msg.obj
 0001:00024bc0       _MSG_WriteDeltaFloat       00425bc0 f   msg.obj
 0001:00024c10       _MSG_ReadDeltaFloat        00425c10 f   msg.obj
 0001:00024c50       _MSG_WriteDeltaKey         00425c50 f   msg.obj
 0001:00024ca0       _MSG_ReadDeltaKey          00425ca0 f   msg.obj
 0001:00024ce0       _MSG_WriteDeltaKeyFloat    00425ce0 f   msg.obj
 0001:00024d30       _MSG_ReadDeltaKeyFloat     00425d30 f   msg.obj
 0001:00024d70       _MSG_WriteDeltaUsercmd     00425d70 f   msg.obj
 0001:00024f30       _MSG_ReadDeltaUsercmd      00425f30 f   msg.obj
 0001:000250a0       _MSG_WriteDeltaUsercmdKey  004260a0 f   msg.obj
 0001:00025300       _MSG_ReadDeltaUsercmdKey   00426300 f   msg.obj
 0001:00025540       _MSG_ReportChangeVectors_f 00426540 f   msg.obj
 0001:00025570       _MSG_WriteDeltaEntity      00426570 f   msg.obj
 0001:000257e0       _MSG_ReadDeltaEntity       004267e0 f   msg.obj
 0001:00025a80       _MSG_WriteDeltaPlayerstate 00426a80 f   msg.obj
 0001:00026050       _MSG_ReadDeltaPlayerstate  00427050 f   msg.obj
 0001:000264d0       _MSG_initHuffman           004274d0 f   msg.obj
 0001:00026530       _MSG_Init                  00427530 f   msg.obj
 0001:00026560       _MSG_InitOOB               00427560 f   msg.obj
 0001:000265a0       _Netchan_Init              004275a0 f   net_chan.obj
 0001:00026610       _Netchan_Setup             00427610 f   net_chan.obj
 0001:00026680       _NET_CompareBaseAdr        00427680 f   net_chan.obj
 0001:00026700       _NET_AdrToString           00427700 f   net_chan.obj
 0001:000267f0       _NET_CompareAdr            004277f0 f   net_chan.obj
 0001:00026890       _NET_IsLocalAddress        00427890 f   net_chan.obj
 0001:000268a0       _NET_GetLoopPacket         004278a0 f   net_chan.obj
 0001:00026930       _NET_SendLoopPacket        00427930 f   net_chan.obj
 0001:00026980       _NET_SendPacket            00427980 f   net_chan.obj
 0001:00026a20       _NET_OutOfBandPrint        00427a20 f   net_chan.obj
 0001:00026ac0       _NET_OutOfBandData         00427ac0 f   net_chan.obj
 0001:00026b60       _NET_StringToAdr           00427b60 f   net_chan.obj
 0001:00026c60       _Netchan_TransmitNextFragment 00427c60 f   net_chan.obj
 0001:00026dc0       _Netchan_Transmit          00427dc0 f   net_chan.obj
 0001:00026f10       _Netchan_Process           00427f10 f   net_chan.obj
 0001:00027250       _Q_rand                    00428250 f   q_math.obj
 0001:00027260       _Q_random                  00428260 f   q_math.obj
 0001:00027290       _Q_crandom                 00428290 f   q_math.obj
 0001:000272c0       _ClampChar                 004282c0 f   q_math.obj
 0001:000272e0       _ClampShort                004282e0 f   q_math.obj
 0001:00027330       _DirToByte                 00428330 f   q_math.obj
 0001:000274f0       _ByteToDir                 004284f0 f   q_math.obj
 0001:00027550       _ColorBytes3               00428550 f   q_math.obj
 0001:00027590       _ColorBytes4               00428590 f   q_math.obj
 0001:00027620       _NormalizeColor            00428620 f   q_math.obj
 0001:00027690       _vectoangles               00428690 f   q_math.obj
 0001:000277a0       _AxisClear                 004287a0 f   q_math.obj
 0001:000277d0       _AxisCopy                  004287d0 f   q_math.obj
 0001:00027810       _ProjectPointOnPlane       00428810 f   q_math.obj
 0001:00027890       _VectorRotate              00428890 f   q_math.obj
 0001:000278f0       _Q_rsqrt                   004288f0 f   q_math.obj
 0001:00027930       _Q_fabs                    00428930 f   q_math.obj
 0001:00027950       _LerpAngle                 00428950 f   q_math.obj
 0001:000279a0       _AngleSubtract             004289a0 f   q_math.obj
 0001:00027a00       _AnglesSubtract            00428a00 f   q_math.obj
 0001:00027a40       _AngleMod                  00428a40 f   q_math.obj
 0001:00027a70       _AngleNormalize360         00428a70 f   q_math.obj
 0001:00027aa0       _AngleNormalize180         00428aa0 f   q_math.obj
 0001:00027ae0       _AngleDelta                00428ae0 f   q_math.obj
 0001:00027b20       _SetPlaneSignbits          00428b20 f   q_math.obj
 0001:00027b70       _BoxOnPlaneSide            00428b70 f   q_math.obj
 0001:00027db0       _RadiusFromBounds          00428db0 f   q_math.obj
 0001:00027e30       _ClearBounds               00428e30 f   q_math.obj
 0001:00027e60       _AddPointToBounds          00428e60 f   q_math.obj
 0001:00027ee0       _VectorNormalize           00428ee0 f   q_math.obj
 0001:00027f40       _VectorNormalize2          00428f40 f   q_math.obj
 0001:00027fb0       __VectorMA                 00428fb0 f   q_math.obj
 0001:00027ff0       __DotProduct               00428ff0 f   q_math.obj
 0001:00028010       __VectorSubtract           00429010 f   q_math.obj
 0001:00028040       __VectorAdd                00429040 f   q_math.obj
 0001:00028070       __VectorCopy               00429070 f   q_math.obj
 0001:00028090       __VectorScale              00429090 f   q_math.obj
 0001:000280c0       _Vector4Scale              004290c0 f   q_math.obj
 0001:000280f0       _Q_log2                    004290f0 f   q_math.obj
 0001:00028110       _MatrixMultiply            00429110 f   q_math.obj
 0001:00028200       _AngleVectors              00429200 f   q_math.obj
 0001:00028340       _PerpendicularVector       00429340 f   q_math.obj
 0001:00028430       _PlaneFromPoints           00429430 f   q_math.obj
 0001:000284e0       _RotatePointAroundVector   004294e0 f   q_math.obj
 0001:000286e0       _RotateAroundDirection     004296e0 f   q_math.obj
 0001:00028770       _AnglesToAxis              00429770 f   q_math.obj
 0001:000287c0       _MakeNormalVectors         004297c0 f   q_math.obj
 0001:00028850       _Com_Clamp                 00429850 f   q_shared.obj
 0001:00028880       _COM_SkipPath              00429880 f   q_shared.obj
 0001:000288b0       _COM_StripExtension        004298b0 f   q_shared.obj
 0001:000288e0       _ShortSwap                 004298e0 f   q_shared.obj
 0001:00028900       _ShortNoSwap               00429900 f   q_shared.obj
 0001:00028910       _LongSwap                  00429910 f   q_shared.obj
 0001:00028940       _LongNoSwap                00429940 f   q_shared.obj
 0001:00028950       _Long64Swap                00429950 f   q_shared.obj
 0001:000289b0       _Long64NoSwap              004299b0 f   q_shared.obj
 0001:000289c0       _FloatSwap                 004299c0 f   q_shared.obj
 0001:00028a00       _FloatNoSwap               00429a00 f   q_shared.obj
 0001:00028a10       _COM_GetCurrentParseLine   00429a10 f   q_shared.obj
 0001:00028a20       _COM_ParseError            00429a20 f   q_shared.obj
 0001:00028a60       _COM_ParseWarning          00429a60 f   q_shared.obj
 0001:00028ae0       _COM_Compress              00429ae0 f   q_shared.obj
 0001:00028be0       _COM_ParseExt              00429be0 f   q_shared.obj
 0001:00028d50       _SkipBracedSection         00429d50 f   q_shared.obj
 0001:00028d90       _SkipRestOfLine            00429d90 f   q_shared.obj
 0001:00028dc0       _Q_isprint                 00429dc0 f   q_shared.obj
 0001:00028de0       _Q_islower                 00429de0 f   q_shared.obj
 0001:00028e00       _Q_isupper                 00429e00 f   q_shared.obj
 0001:00028e20       _Q_isalpha                 00429e20 f   q_shared.obj
 0001:00028e50       _Q_strrchr                 00429e50 f   q_shared.obj
 0001:00028e80       _Q_strncpyz                00429e80 f   q_shared.obj
 0001:00028ee0       _Q_stricmpn                00429ee0 f   q_shared.obj
 0001:00028f60       _Q_strncmp                 00429f60 f   q_shared.obj
 0001:00028fa0       _Q_stricmp                 00429fa0 f   q_shared.obj
 0001:00028fd0       _Q_strlwr                  00429fd0 f   q_shared.obj
 0001:00029000       _Q_strupr                  0042a000 f   q_shared.obj
 0001:00029030       _Q_strcat                  0042a030 f   q_shared.obj
 0001:00029080       _Q_PrintStrlen             0042a080 f   q_shared.obj
 0001:000290c0       _Q_CleanStr                0042a0c0 f   q_shared.obj
 0001:00029110       _Com_sprintf               0042a110 f   q_shared.obj
 0001:00029190       _va                        0042a190 f   q_shared.obj
 0001:000291d0       _Info_ValueForKey          0042a1d0 f   q_shared.obj
 0001:000292d0       _Info_NextPair             0042a2d0 f   q_shared.obj
 0001:00029330       _Info_RemoveKey            0042a330 f   q_shared.obj
 0001:00029430       _Info_RemoveKey_Big        0042a430 f   q_shared.obj
 0001:00029540       _Info_Validate             0042a540 f   q_shared.obj
 0001:00029570       _Info_SetValueForKey       0042a570 f   q_shared.obj
 0001:00029740       _Info_SetValueForKey_Big   0042a740 f   q_shared.obj
 0001:00029910       _COM_DefaultExtension      0042a910 f   q_shared.obj
 0001:00029990       _COM_BeginParseSession     0042a990 f   q_shared.obj
 0001:000299c0       _COM_Parse                 0042a9c0 f   q_shared.obj
 0001:000299d0       _COM_MatchToken            0042a9d0 f   q_shared.obj
 0001:00029a40       _Parse1DMatrix             0042aa40 f   q_shared.obj
 0001:00029ac0       _Parse2DMatrix             0042aac0 f   q_shared.obj
 0001:00029b50       _Parse3DMatrix             0042ab50 f   q_shared.obj
 0001:00029be0       _S_AdpcmEncode             0042abe0 f   snd_adpcm.obj
 0001:00029d40       _S_AdpcmDecode             0042ad40 f   snd_adpcm.obj
 0001:00029e60       _S_AdpcmMemoryNeeded       0042ae60 f   snd_adpcm.obj
 0001:00029eb0       _S_AdpcmGetSamples         0042aeb0 f   snd_adpcm.obj
 0001:00029ef0       _S_AdpcmEncodeSound        0042aef0 f   snd_adpcm.obj
 0001:00029f80       _S_SoundInfo_f             0042af80 f   snd_dma.obj
 0001:0002a0c0       _S_ChannelFree             0042b0c0 f   snd_dma.obj
 0001:0002a0e0       _S_ChannelMalloc           0042b0e0 f   snd_dma.obj
 0001:0002a110       _S_ChannelSetup            0042b110 f   snd_dma.obj
 0001:0002a160       _S_Shutdown                0042b160 f   snd_dma.obj
 0001:0002a310       _S_DefaultSound            0042b310 f   snd_dma.obj
 0001:0002a350       _S_memoryLoad              0042b350 f   snd_dma.obj
 0001:0002a380       _S_SpatializeOrigin        0042b380 f   snd_dma.obj
 0001:0002a4c0       _S_StartSound              0042b4c0 f   snd_dma.obj
 0001:0002a8a0       _S_StartLocalSound         0042b8a0 f   snd_dma.obj
 0001:0002a8f0       _S_ClearSoundBuffer        0042b8f0 f   snd_dma.obj
 0001:0002a990       _S_StopLoopingSound        0042b990 f   snd_dma.obj
 0001:0002a9b0       _S_ClearLoopingSounds      0042b9b0 f   snd_dma.obj
 0001:0002a9f0       _S_AddLoopingSound         0042b9f0 f   snd_dma.obj
 0001:0002abe0       _S_AddRealLoopingSound     0042bbe0 f   snd_dma.obj
 0001:0002acd0       _S_AddLoopSounds           0042bcd0 f   snd_dma.obj
 0001:0002ae70       _S_ByteSwapRawSamples      0042be70 f   snd_dma.obj
 0001:0002ae80       _S_GetRawSamplePointer     0042be80 f   snd_dma.obj
 0001:0002ae90       _S_RawSamples              0042be90 f   snd_dma.obj
 0001:0002b170       _S_UpdateEntityPosition    0042c170 f   snd_dma.obj
 0001:0002b1c0       _S_Respatialize            0042c1c0 f   snd_dma.obj
 0001:0002b2e0       _S_ScanChannelStarts       0042c2e0 f   snd_dma.obj
 0001:0002b350       _S_SoundList_f             0042c350 f   snd_dma.obj
 0001:0002b460       _FGetLittleLong            0042c460 f   snd_dma.obj
 0001:0002b480       _FGetLittleShort           0042c480 f   snd_dma.obj
 0001:0002b4a0       _S_FindWavChunk            0042c4a0 f   snd_dma.obj
 0001:0002b540       _S_StopBackgroundTrack     0042c540 f   snd_dma.obj
 0001:0002b580       _S_StartBackgroundTrack    0042c580 f   snd_dma.obj
 0001:0002b820       _S_UpdateBackgroundTrack   0042c820 f   snd_dma.obj
 0001:0002b9d0       _S_FreeOldestSound         0042c9d0 f   snd_dma.obj
 0001:0002ba60       _S_RegisterSound           0042ca60 f   snd_dma.obj
 0001:0002baf0       _S_StopAllSounds           0042caf0 f   snd_dma.obj
 0001:0002bb30       _S_GetSoundtime            0042cb30 f   snd_dma.obj
 0001:0002bbe0       _S_Update_                 0042cbe0 f   snd_dma.obj
 0001:0002bcf0       _S_Play_f                  0042ccf0 f   snd_dma.obj
 0001:0002bde0       _S_Music_f                 0042cde0 f   snd_dma.obj
 0001:0002be40       _S_Init                    0042ce40 f   snd_dma.obj
 0001:0002c000       _S_DisableSounds           0042d000 f   snd_dma.obj
 0001:0002c050       _S_BeginRegistration       0042d050 f   snd_dma.obj
 0001:0002c0b0       _S_Update                  0042d0b0 f   snd_dma.obj
 0001:0002c140       _SND_free                  0042d140 f   snd_mem.obj
 0001:0002c160       _SND_malloc                0042d160 f   snd_mem.obj
 0001:0002c1c0       _SND_setup                 0042d1c0 f   snd_mem.obj
 0001:0002c690       _S_LoadSound               0042d690 f   snd_mem.obj
 0001:0002c7f0       _S_DisplayFreeMemory       0042d7f0 f   snd_mem.obj
 0001:0002c810       _S_WriteLinearBlastStereo16 0042d810 f   snd_mix.obj
 0001:0002c890       _S_TransferStereo16        0042d890 f   snd_mix.obj
 0001:0002c900       _S_TransferPaintBuffer     0042d900 f   snd_mix.obj
 0001:0002cd60       _S_PaintChannelFromWavelet 0042dd60 f   snd_mix.obj
 0001:0002ce90       _S_PaintChannelFromADPCM   0042de90 f   snd_mix.obj
 0001:0002cfd0       _S_PaintChannelFromMuLaw   0042dfd0 f   snd_mix.obj
 0001:0002d150       _S_PaintChannels           0042e150 f   snd_mix.obj
 0001:0002d460       _daub4                     0042e460 f   snd_wavelet.obj
 0001:0002d870       _wt1                       0042e870 f   snd_wavelet.obj
 0001:0002d8d0       _MuLawEncode               0042e8d0 f   snd_wavelet.obj
 0001:0002d930       _MuLawDecode               0042e930 f   snd_wavelet.obj
 0001:0002d960       _NXPutc                    0042e960 f   snd_wavelet.obj
 0001:0002d980       _encodeWavelet             0042e980 f   snd_wavelet.obj
 0001:0002dbd0       _decodeWavelet             0042ebd0 f   snd_wavelet.obj
 0001:0002dce0       _encodeMuLaw               0042ece0 f   snd_wavelet.obj
 0001:0002de70       _decodeMuLaw               0042ee70 f   snd_wavelet.obj
 0001:0002deb0       _SV_BotAllocateClient      0042eeb0 f   sv_bot.obj
 0001:0002df20       _SV_BotFreeClient          0042ef20 f   sv_bot.obj
 0001:0002df80       _BotDrawDebugPolygons      0042ef80 f   sv_bot.obj
 0001:0002e100       _BotImport_Print           0042f100 f   sv_bot.obj
 0001:0002e210       _BotImport_Trace           0042f210 f   sv_bot.obj
 0001:0002e2c0       _BotImport_EntityTrace     0042f2c0 f   sv_bot.obj
 0001:0002e370       _BotImport_PointContents   0042f370 f   sv_bot.obj
 0001:0002e380       _BotImport_inPVS           0042f380 f   sv_bot.obj
 0001:0002e390       _BotImport_BSPEntityData   0042f390 f   sv_bot.obj
 0001:0002e3a0       _BotImport_BSPModelMinsMaxsOrigin 0042f3a0 f   sv_bot.obj
 0001:0002e480       _BotImport_GetMemory       0042f480 f   sv_bot.obj
 0001:0002e490       _BotImport_FreeMemory      0042f490 f   sv_bot.obj
 0001:0002e4a0       _BotImport_HunkAlloc       0042f4a0 f   sv_bot.obj
 0001:0002e4d0       _BotImport_DebugPolygonCreate 0042f4d0 f   sv_bot.obj
 0001:0002e550       _BotImport_DebugPolygonShow 0042f550 f   sv_bot.obj
 0001:0002e5a0       _BotImport_DebugPolygonDelete 0042f5a0 f   sv_bot.obj
 0001:0002e5c0       _BotImport_DebugLineCreate 0042f5c0 f   sv_bot.obj
 0001:0002e5e0       _BotImport_DebugLineDelete 0042f5e0 f   sv_bot.obj
 0001:0002e600       _BotImport_DebugLineShow   0042f600 f   sv_bot.obj
 0001:0002e7f0       _BotClientCommand          0042f7f0 f   sv_bot.obj
 0001:0002e820       _SV_BotFrame               0042f820 f   sv_bot.obj
 0001:0002e850       _SV_BotLibSetup            0042f850 f   sv_bot.obj
 0001:0002e880       _SV_BotLibShutdown         0042f880 f   sv_bot.obj
 0001:0002e8a0       _SV_BotInitCvars           0042f8a0 f   sv_bot.obj
 0001:0002eae0       _SV_BotInitBotLib          0042fae0 f   sv_bot.obj
 0001:0002ec10       _SV_BotGetConsoleMessage   0042fc10 f   sv_bot.obj
 0001:0002ec80       _SV_BotGetSnapshotEntity   0042fc80 f   sv_bot.obj
 0001:0002fa20       _SV_Heartbeat_f            00430a20 f   sv_ccmds.obj
 0001:0002fae0       _SV_AddOperatorCommands    00430ae0 f   sv_ccmds.obj
 0001:0002fc10       _SV_RemoveOperatorCommands 00430c10 f   sv_ccmds.obj
 0001:0002fc30       _SV_AuthorizeIpPacket      00430c30 f   sv_client.obj
 0001:0002ff00       _SV_SendClientGameState    00430f00 f   sv_client.obj
 0001:000300a0       _SV_ClientEnterWorld       004310a0 f   sv_client.obj
 0001:000301c0       _SV_StopDownload_f         004311c0 f   sv_client.obj
 0001:00030210       _SV_DoneDownload_f         00431210 f   sv_client.obj
 0001:00030240       _SV_BeginDownload_f        00431240 f   sv_client.obj
 0001:00030270       _SV_WriteDownloadToClient  00431270 f   sv_client.obj
 0001:00030760       _SV_UserinfoChanged        00431760 f   sv_client.obj
 0001:00030a00       _SV_ExecuteClientCommand   00431a00 f   sv_client.obj
 0001:00030af0       _SV_ClientThink            00431af0 f   sv_client.obj
 0001:00030b60       _SV_GetChallenge           00431b60 f   sv_client.obj
 0001:00030f70       _SV_DropClient             00431f70 f   sv_client.obj
 0001:00031120       _SV_NextDownload_f         00432120 f   sv_client.obj
 0001:00031770       _SV_ExecuteClientMessage   00432770 f   sv_client.obj
 0001:000318e0       _SV_DirectConnect          004328e0 f   sv_client.obj
 0001:00032250       _SV_GameError              00433250 f   sv_game.obj
 0001:00032270       _SV_GamePrint              00433270 f   sv_game.obj
 0001:00032290       _SV_NumForGentity          00433290 f   sv_game.obj
 0001:000322b0       _SV_GentityNum             004332b0 f   sv_game.obj
 0001:000322d0       _SV_GameClientNum          004332d0 f   sv_game.obj
 0001:000322f0       _SV_SvEntityForGentity     004332f0 f   sv_game.obj
 0001:00032330       _SV_GEntityForSvEntity     00433330 f   sv_game.obj
 0001:00032360       _SV_GameSendServerCommand  00433360 f   sv_game.obj
 0001:000323b0       _SV_GameDropClient         004333b0 f   sv_game.obj
 0001:000323e0       _SV_SetBrushModel          004333e0 f   sv_game.obj
 0001:000324a0       _SV_inPVS                  004334a0 f   sv_game.obj
 0001:00032520       _SV_inPVSIgnorePortals     00433520 f   sv_game.obj
 0001:00032590       _SV_AdjustAreaPortalState  00433590 f   sv_game.obj
 0001:000325f0       _SV_EntityContact          004335f0 f   sv_game.obj
 0001:00032640       _SV_GetServerinfo          00433640 f   sv_game.obj
 0001:00032680       _SV_LocateGameData         00433680 f   sv_game.obj
 0001:000326c0       _SV_GetUsercmd             004336c0 f   sv_game.obj
 0001:00032730       _SV_GameSystemCalls        00433730 f   sv_game.obj
 0001:00034640       _SV_ShutdownGameProgs      00435640 f   sv_game.obj
 0001:000346e0       _SV_RestartGameProgs       004356e0 f   sv_game.obj
 0001:00034730       _SV_InitGameProgs          00435730 f   sv_game.obj
 0001:000347a0       _SV_GameCommand            004357a0 f   sv_game.obj
 0001:000347c0       _SV_SetConfigstring        004357c0 f   sv_init.obj
 0001:000349a0       _SV_GetConfigstring        004359a0 f   sv_init.obj
 0001:00034a10       _SV_SetUserinfo            00435a10 f   sv_init.obj
 0001:00034a90       _SV_GetUserinfo            00435a90 f   sv_init.obj
 0001:00034af0       _SV_CreateBaseline         00435af0 f   sv_init.obj
 0001:00034b40       _SV_BoundMaxClients        00435b40 f   sv_init.obj
 0001:00034ba0       _SV_Startup                00435ba0 f   sv_init.obj
 0001:00034c30       _SV_ChangeMaxClients       00435c30 f   sv_init.obj
 0001:00034de0       _SV_ClearServer            00435de0 f   sv_init.obj
 0001:00034e20       _SV_TouchCGame             00435e20 f   sv_init.obj
 0001:00034e70       _SV_SpawnServer            00435e70 f   sv_init.obj
 0001:00035330       _SV_Init                   00436330 f   sv_init.obj
 0001:000356b0       _SV_FinalMessage           004366b0 f   sv_init.obj
 0001:00035740       _SV_Shutdown               00436740 f   sv_init.obj
 0001:00035800       _SV_ExpandNewlines         00436800 f   sv_main.obj
 0001:00035850       _SV_ReplacePendingServerCommands 00436850 f   sv_main.obj
 0001:00035910       _SV_AddServerCommand       00436910 f   sv_main.obj
 0001:000359d0       _SV_SendServerCommand      004369d0 f   sv_main.obj
 0001:00035aa0       _SV_MasterHeartbeat        00436aa0 f   sv_main.obj
 0001:00035c10       _SV_MasterShutdown         00436c10 f   sv_main.obj
 0001:00035c30       _SVC_Status                00436c30 f   sv_main.obj
 0001:00035e10       _SVC_Info                  00436e10 f   sv_main.obj
 0001:00036060       _SV_FlushRedirect          00437060 f   sv_main.obj
 0001:000360b0       _SVC_RemoteCommand         004370b0 f   sv_main.obj
 0001:00036300       _SV_ConnectionlessPacket   00437300 f   sv_main.obj
 0001:00036560       _SV_PacketEvent            00437560 f   sv_main.obj
 0001:000366f0       _SV_CalcPings              004376f0 f   sv_main.obj
 0001:00036820       _SV_CheckTimeouts          00437820 f   sv_main.obj
 0001:00036900       _SV_CheckPaused            00437900 f   sv_main.obj
 0001:00036990       _SV_Frame                  00437990 f   sv_main.obj
 0001:00036d40       _SV_Netchan_TransmitNextFragment 00437d40 f   sv_net_chan.obj
 0001:00036e00       _SV_Netchan_Transmit       00437e00 f   sv_net_chan.obj
 0001:00036ea0       _SV_Netchan_Process        00437ea0 f   sv_net_chan.obj
 0001:00037160       _SV_UpdateServerCommandsToClient 00438160 f   sv_snapshot.obj
 0001:00037760       _SV_SendMessageToClient    00438760 f   sv_snapshot.obj
 0001:00037890       _SV_SendClientSnapshot     00438890 f   sv_snapshot.obj
 0001:00037950       _SV_SendClientMessages     00438950 f   sv_snapshot.obj
 0001:000379d0       _SV_ClipHandleForEntity    004389d0 f   sv_world.obj
 0001:00037a30       _SV_SectorList_f           00438a30 f   sv_world.obj
 0001:00037a70       _SV_CreateworldSector      00438a70 f   sv_world.obj
 0001:00037b80       _SV_ClearWorld             00438b80 f   sv_world.obj
 0001:00037bd0       _SV_UnlinkEntity           00438bd0 f   sv_world.obj
 0001:00037c30       _SV_LinkEntity             00438c30 f   sv_world.obj
 0001:00038060       _SV_AreaEntities_r         00439060 f   sv_world.obj
 0001:00038180       _SV_AreaEntities           00439180 f   sv_world.obj
 0001:000381c0       _SV_ClipToEntity           004391c0 f   sv_world.obj
 0001:00038260       _SV_ClipMoveToEntities     00439260 f   sv_world.obj
 0001:00038410       _SV_Trace                  00439410 f   sv_world.obj
 0001:000385f0       _SV_PointContents          004395f0 f   sv_world.obj
 0001:00038780       _unzStringFileNameCompare  00439780 f   unzip.obj
 0001:000387e0       _unzlocal_SearchCentralDir 004397e0 f   unzip.obj
 0001:00038910       _unzReOpen                 00439910 f   unzip.obj
 0001:00038960       _unzOpen                   00439960 f   unzip.obj
 0001:00038af0       _unzGetGlobalInfo          00439af0 f   unzip.obj
 0001:00038f20       _unzGetCurrentFileInfo     00439f20 f   unzip.obj
 0001:00038f60       _unzGoToFirstFile          00439f60 f   unzip.obj
 0001:00038fb0       _unzGoToNextFile           00439fb0 f   unzip.obj
 0001:00039020       _unzGetCurrentFileInfoPosition 0043a020 f   unzip.obj
 0001:00039040       _unzSetCurrentFileInfoPosition 0043a040 f   unzip.obj
 0001:00039090       _unzLocateFile             0043a090 f   unzip.obj
 0001:00039370       _unztell                   0043a370 f   unzip.obj
 0001:00039390       _unzeof                    0043a390 f   unzip.obj
 0001:000393c0       _unzGetLocalExtrafield     0043a3c0 f   unzip.obj
 0001:00039450       _unzGetGlobalComment       0043a450 f   unzip.obj
 0001:0003bb80       _unzReadCurrentFile        0043cb80 f   unzip.obj
 0001:0003bd30       _unzCloseCurrentFile       0043cd30 f   unzip.obj
 0001:0003bd90       _unzClose                  0043cd90 f   unzip.obj
 0001:0003bdd0       _unzOpenCurrentFile        0043cdd0 f   unzip.obj
 0001:0003bf00       _VM_VM2C                   0043cf00 f   vm.obj
 0001:0003bf10       _VM_Debug                  0043cf10 f   vm.obj
 0001:0003bf20       _VM_ValueToSymbol          0043cf20 f   vm.obj
 0001:0003bf80       _VM_ValueToFunctionSymbol  0043cf80 f   vm.obj
 0001:0003bfb0       _VM_SymbolToValue          0043cfb0 f   vm.obj
 0001:0003c010       _VM_SymbolForCompiledPointer 0043d010 f   vm.obj
 0001:0003c060       _ParseHex                  0043d060 f   vm.obj
 0001:0003c0c0       _VM_LoadSymbols            0043d0c0 f   vm.obj
 0001:0003c290       _VM_DllSyscall             0043d290 f   vm.obj
 0001:0003c2b0       _VM_Free                   0043d2b0 f   vm.obj
 0001:0003c300       _VM_Clear                  0043d300 f   vm.obj
 0001:0003c350       _VM_ArgPtr                 0043d350 f   vm.obj
 0001:0003c380       _VM_ExplicitArgPtr         0043d380 f   vm.obj
 0001:0003c3b0       _VM_Call                   0043d3b0 f   vm.obj
 0001:0003c4e0       _VM_VmProfile_f            0043d4e0 f   vm.obj
 0001:0003c5f0       _VM_VmInfo_f               0043d5f0 f   vm.obj
 0001:0003c690       _VM_LogSyscalls            0043d690 f   vm.obj
 0001:0003c700       _VM_Init                   0043d700 f   vm.obj
 0001:0003c770       _VM_Create                 0043d770 f   vm.obj
 0001:0003ca80       _VM_Restart                0043da80 f   vm.obj
 0001:0003cc20       _VM_Indent                 0043dc20 f   vm_interpreted.obj
 0001:0003cc50       _VM_StackTrace             0043dc50 f   vm_interpreted.obj
 0001:0003cc90       _VM_PrepareInterpreter     0043dc90 f   vm_interpreted.obj
 0001:0003cde0       _VM_CallInterpreted        0043dde0 f   vm_interpreted.obj
 0001:0003d420       _AsmCall                   0043e420 f   vm_x86.obj
 0001:0003d7d0       _EmitMovEBXEDI             0043e7d0 f   vm_x86.obj
 0001:0003d8a0       _VM_Compile                0043e8a0 f   vm_x86.obj
 0001:0003eda0       _VM_CallCompiled           0043fda0 f   vm_x86.obj
 0001:0003eeb0       _IN_InitWin32Mouse         0043feb0 f   win_input.obj
 0001:0003eec0       _IN_ShutdownWin32Mouse     0043fec0 f   win_input.obj
 0001:0003eed0       _IN_ActivateWin32Mouse     0043fed0 f   win_input.obj
 0001:0003ef90       _IN_DeactivateWin32Mouse   0043ff90 f   win_input.obj
 0001:0003efb0       _IN_Win32Mouse             0043ffb0 f   win_input.obj
 0001:0003f000       _IN_ShutdownDIMouse        00440000 f   win_input.obj
 0001:0003f040       _IN_DeactivateDIMouse      00440040 f   win_input.obj
 0001:0003f050       _IN_DIMouse                00440050 f   win_input.obj
 0001:0003f2d0       _IN_DeactivateMouse        004402d0 f   win_input.obj
 0001:0003f320       _IN_MouseEvent             00440320 f   win_input.obj
 0001:0003f3b0       _IN_MouseMove              004403b0 f   win_input.obj
 0001:0003f430       _IN_Activate               00440430 f   win_input.obj
 0001:0003f450       _IN_ClearStates            00440450 f   win_input.obj
 0001:0003f790       _IN_InitDIMouse            00440790 f   win_input.obj
 0001:0003f940       _IN_ActivateDIMouse        00440940 f   win_input.obj
 0001:0003f980       _IN_ActivateMouse          00440980 f   win_input.obj
 0001:0003f9c0       _IN_StartupMouse           004409c0 f   win_input.obj
 0001:0003fa90       _IN_Startup                00440a90 f   win_input.obj
 0001:0003fac0       _IN_Shutdown               00440ac0 f   win_input.obj
 0001:0003fb30       _IN_Init                   00440b30 f   win_input.obj
 0001:0003fc00       _IN_Frame                  00440c00 f   win_input.obj
 0001:0003fca0       _Spk_Open                  00440ca0 f   win_main.obj
 0001:0003fcc0       _Spk_Close                 00440cc0 f   win_main.obj
 0001:0003fce0       _Spk_Printf                00440ce0 f   win_main.obj
 0001:0003fd50       _Sys_LowPhysicalMemory     00440d50 f   win_main.obj
 0001:0003fd70       _Sys_BeginProfiling        00440d70 f   win_main.obj
 0001:0003fd80       _Sys_Error                 00440d80 f   win_main.obj
 0001:0003fe20       _Sys_Quit                  00440e20 f   win_main.obj
 0001:0003fe40       _Sys_Print                 00440e40 f   win_main.obj
 0001:0003fe50       _Sys_Mkdir                 00440e50 f   win_main.obj
 0001:0003fe60       _Sys_Cwd                   00440e60 f   win_main.obj
 0001:0003fe80       _Sys_DefaultCDPath         00440e80 f   win_main.obj
 0001:0003fe90       _Sys_DefaultBasePath       00440e90 f   win_main.obj
 0001:0003feb0       _Sys_ListFilteredFiles     00440eb0 f   win_main.obj
 0001:00040100       _Sys_ListFiles             00441100 f   win_main.obj
 0001:00040360       _Sys_FreeFileList          00441360 f   win_main.obj
 0001:000403a0       _Sys_ScanForCD             004413a0 f   win_main.obj
 0001:000404a0       _Sys_CheckCD               004414a0 f   win_main.obj
 0001:000404b0       _Sys_GetClipboardData      004414b0 f   win_main.obj
 0001:00040530       _Sys_UnloadDll             00441530 f   win_main.obj
 0001:00040560       _Sys_LoadDll               00441560 f   win_main.obj
 0001:000406c0       _Sys_InitStreamThread      004416c0 f   win_main.obj
 0001:000406d0       _Sys_ShutdownStreamThread  004416d0 f   win_main.obj
 0001:000406e0       _Sys_BeginStreamedFile     004416e0 f   win_main.obj
 0001:000406f0       _Sys_EndStreamedFile       004416f0 f   win_main.obj
 0001:00040700       _Sys_StreamedRead          00441700 f   win_main.obj
 0001:00040720       _Sys_StreamSeek            00441720 f   win_main.obj
 0001:00040730       _Sys_QueEvent              00441730 f   win_main.obj
 0001:000407c0       _Sys_GetEvent              004417c0 f   win_main.obj
 0001:000409e0       _Sys_In_Restart_f          004419e0 f   win_main.obj
 0001:000409f0       _Sys_Net_Restart_f         004419f0 f   win_main.obj
 0001:00040a00       _Sys_Init                  00441a00 f   win_main.obj
 0001:00040de0       _WinMain@16                00441de0 f   win_main.obj
 0001:00040ee0       _NET_ErrorString           00441ee0 f   win_net.obj
 0001:00041130       _NetadrToSockadr           00442130 f   win_net.obj
 0001:000411d0       _SockadrToNetadr           004421d0 f   win_net.obj
 0001:00041230       _Sys_StringToSockaddr      00442230 f   win_net.obj
 0001:00041490       _Sys_StringToAdr           00442490 f   win_net.obj
 0001:000414d0       _Sys_GetPacket             004424d0 f   win_net.obj
 0001:000416a0       _Sys_SendPacket            004426a0 f   win_net.obj
 0001:000417e0       _Sys_IsLANAddress          004427e0 f   win_net.obj
 0001:00041910       _Sys_ShowIP                00442910 f   win_net.obj
 0001:00041960       _NET_IPSocket              00442960 f   win_net.obj
 0001:00041ad0       _NET_OpenSocks             00442ad0 f   win_net.obj
 0001:00041ea0       _NET_GetLocalAddress       00442ea0 f   win_net.obj
 0001:00041fc0       _NET_OpenIP                00442fc0 f   win_net.obj
 0001:00042070       _NET_IPXSocket             00443070 f   win_net.obj
 0001:00042190       _NET_OpenIPX               00443190 f   win_net.obj
 0001:00042320       _NET_Config                00443320 f   win_net.obj
 0001:00042410       _NET_Init                  00443410 f   win_net.obj
 0001:00042460       _NET_Shutdown              00443460 f   win_net.obj
 0001:00042490       _NET_Sleep                 00443490 f   win_net.obj
 0001:000424a0       _NET_Restart               004434a0 f   win_net.obj
 0001:000424b0       _Sys_Milliseconds          004434b0 f   win_shared.obj
 0001:000424e0       _fastftol                  004434e0 f   win_shared.obj
 0001:000424f0       _Sys_SnapVector            004434f0 f   win_shared.obj
 0001:000426d0       _Sys_GetProcessorId        004436d0 f   win_shared.obj
 0001:00042720       _Sys_GetCurrentUser        00443720 f   win_shared.obj
 0001:00042790       _Sys_DefaultHomePath       00443790 f   win_shared.obj
 0001:000427a0       _Sys_DefaultInstallPath    004437a0 f   win_shared.obj
 0001:000427f0       _SNDDMA_Shutdown           004437f0 f   win_snd.obj
 0001:00042930       _SNDDMA_GetDMAPos          00443930 f   win_snd.obj
 0001:00042980       _SNDDMA_BeginPainting      00443980 f   win_snd.obj
 0001:00042a80       _SNDDMA_Submit             00443a80 f   win_snd.obj
 0001:00042ab0       _SNDDMA_Activate           00443ab0 f   win_snd.obj
 0001:00042ae0       _SNDDMA_InitDS             00443ae0 f   win_snd.obj
 0001:00042dd0       _SNDDMA_Init               00443dd0 f   win_snd.obj
 0001:00042e30       _InputLineWndProc@16       00443e30 f   win_syscon.obj
 0001:00042f50       _Sys_DestroyConsole        00443f50 f   win_syscon.obj
 0001:00042f90       _Sys_ShowConsole           00443f90 f   win_syscon.obj
 0001:00043010       _Sys_ConsoleInput          00444010 f   win_syscon.obj
 0001:00043040       _Conbuf_AppendText         00444040 f   win_syscon.obj
 0001:00043190       _Sys_SetErrorText          00444190 f   win_syscon.obj
 0001:00043600       _Sys_CreateConsole         00444600 f   win_syscon.obj
 0001:00043c00       _MainWndProc@16            00444c00 f   win_wndproc.obj
 0001:0004411c       _midiInStart@4             0044511c f   winmm:WINMM.dll
 0001:00044122       _midiInOpen@20             00445122 f   winmm:WINMM.dll
 0001:00044128       _midiInGetDevCapsA@12      00445128 f   winmm:WINMM.dll
 0001:0004412e       _midiInGetNumDevs@0        0044512e f   winmm:WINMM.dll
 0001:00044134       _midiInClose@4             00445134 f   winmm:WINMM.dll
 0001:0004413a       _timeEndPeriod@4           0044513a f   winmm:WINMM.dll
 0001:00044140       _timeGetTime@0             00445140 f   winmm:WINMM.dll
 0001:00044146       _timeBeginPeriod@4         00445146 f   winmm:WINMM.dll
 0001:0004414c       _WSAGetLastError@0         0044514c f   wsock32:WSOCK32.dll
 0001:00044152       _gethostbyname@4           00445152 f   wsock32:WSOCK32.dll
 0001:00044158       _inet_addr@4               00445158 f   wsock32:WSOCK32.dll
 0001:0004415e       _recvfrom@24               0044515e f   wsock32:WSOCK32.dll
 0001:00044164       _sendto@24                 00445164 f   wsock32:WSOCK32.dll
 0001:0004416a       _closesocket@4             0044516a f   wsock32:WSOCK32.dll
 0001:00044170       _bind@12                   00445170 f   wsock32:WSOCK32.dll
 0001:00044176       _htons@4                   00445176 f   wsock32:WSOCK32.dll
 0001:0004417c       _setsockopt@20             0044517c f   wsock32:WSOCK32.dll
 0001:00044182       _ioctlsocket@12            00445182 f   wsock32:WSOCK32.dll
 0001:00044188       _socket@12                 00445188 f   wsock32:WSOCK32.dll
 0001:0004418e       _recv@16                   0044518e f   wsock32:WSOCK32.dll
 0001:00044194       _send@16                   00445194 f   wsock32:WSOCK32.dll
 0001:0004419a       _connect@12                0044519a f   wsock32:WSOCK32.dll
 0001:000441a0       _ntohl@4                   004451a0 f   wsock32:WSOCK32.dll
 0001:000441a6       _gethostname@8             004451a6 f   wsock32:WSOCK32.dll
 0001:000441ac       _WSAStartup@8              004451ac f   wsock32:WSOCK32.dll
[...]
 0001:0006c890       _VectorLengthSquared       0046d890 f   renderer:tr_curve.obj
 0001:0006c8b0       _Transpose                 0046d8b0 f   renderer:tr_curve.obj
 0001:0006ca00       _CrossProduct              0046da00 f   renderer:tr_curve.obj
 0001:0006ca30       _MakeMeshNormals           0046da30 f   renderer:tr_curve.obj
 0001:0006d0e0       _InvertCtrl                0046e0e0 f   renderer:tr_curve.obj
 0001:0006d180       _InvertErrorTable          0046e180 f   renderer:tr_curve.obj
 0001:0006d260       _PutPointsOnCurve          0046e260 f   renderer:tr_curve.obj
 0001:0006e0a0       _TableForFunc              0046f0a0 f   renderer:tr_shade_calc.obj
 0001:0006e100       _VectorLength              0046f100 f   renderer:tr_shade_calc.obj
 0001:0006e130       _VectorNormalizeFast       0046f130 f   renderer:tr_shade_calc.obj
 0001:0006e170       _CrossProduct              0046f170 f   renderer:tr_shade_calc.obj
 0001:0006e710       _GlobalVectorToLocal       0046f710 f   renderer:tr_shade_calc.obj
 0001:0006e780       _AutospriteDeform          0046f780 f   renderer:tr_shade_calc.obj
 0001:0006ea10       _Autosprite2Deform         0046fa10 f   renderer:tr_shade_calc.obj
 0001:0006fa00       _EvalWaveForm              00470a00 f   renderer:tr_shade_calc.obj
 0001:0006fa40       _EvalWaveFormClamped       00470a40 f   renderer:tr_shade_calc.obj
 0001:00070180       _initial_setup             00471180 f   renderer:jdinput.obj
 0001:00070370       _per_scan_setup            00471370 f   renderer:jdinput.obj
 0001:00070510       _latch_quant_tables        00471510 f   renderer:jdinput.obj
 0001:000705c0       _start_input_pass          004715c0 f   renderer:jdinput.obj
 0001:00070600       _consume_markers           00471600 f   renderer:jdinput.obj
 0001:000706c0       _reset_input_controller    004716c0 f   renderer:jdinput.obj
 0001:00070700       _finish_input_pass         00471700 f   renderer:jdinput.obj
 0001:00070770       _get_soi                   00471770 f   renderer:jdmarker.obj
 0001:00070810       _get_sof                   00471810 f   renderer:jdmarker.obj
 0001:00070b20       _get_sos                   00471b20 f   renderer:jdmarker.obj
 0001:00070e10       _get_app0                  00471e10 f   renderer:jdmarker.obj
 0001:00071080       _get_app14                 00472080 f   renderer:jdmarker.obj
 0001:00071210       _get_dac                   00472210 f   renderer:jdmarker.obj
 0001:00071370       _get_dht                   00472370 f   renderer:jdmarker.obj
 0001:00071670       _get_dqt                   00472670 f   renderer:jdmarker.obj
 0001:000718b0       _get_dri                   004728b0 f   renderer:jdmarker.obj
 0001:00071990       _skip_variable             00472990 f   renderer:jdmarker.obj
 0001:00071a30       _next_marker               00472a30 f   renderer:jdmarker.obj
 0001:00071b30       _first_marker              00472b30 f   renderer:jdmarker.obj
 0001:00071bd0       _read_markers              00472bd0 f   renderer:jdmarker.obj
 0001:00071f60       _read_restart_marker       00472f60 f   renderer:jdmarker.obj
 0001:000720f0       _reset_marker_reader       004730f0 f   renderer:jdmarker.obj
 0001:000721e0       _out_of_memory             004731e0 f   renderer:jmemmgr.obj
 0001:00072200       _alloc_small               00473200 f   renderer:jmemmgr.obj
 0001:00072350       _alloc_large               00473350 f   renderer:jmemmgr.obj
 0001:00072410       _alloc_sarray              00473410 f   renderer:jmemmgr.obj
 0001:000724c0       _alloc_barray              004734c0 f   renderer:jmemmgr.obj
 0001:00072570       _request_virt_sarray       00473570 f   renderer:jmemmgr.obj
 0001:000725e0       _request_virt_barray       004735e0 f   renderer:jmemmgr.obj
 0001:00072650       _realize_virt_arrays       00473650 f   renderer:jmemmgr.obj
 0001:000727f0       _do_sarray_io              004737f0 f   renderer:jmemmgr.obj
 0001:00072890       _do_barray_io              00473890 f   renderer:jmemmgr.obj
 0001:00072930       _access_virt_sarray        00473930 f   renderer:jmemmgr.obj
 0001:00072a70       _access_virt_barray        00473a70 f   renderer:jmemmgr.obj
 0001:00072bc0       _free_pool                 00473bc0 f   renderer:jmemmgr.obj
 0001:00072cd0       _self_destruct             00473cd0 f   renderer:jmemmgr.obj
 0001:00072ec0       _use_merged_upsample       00473ec0 f   renderer:jdmaster.obj
 0001:00072f60       _prepare_range_limit_table 00473f60 f   renderer:jdmaster.obj
 0001:00072fe0       _master_selection          00473fe0 f   renderer:jdmaster.obj
 0001:00073160       _prepare_for_output_pass   00474160 f   renderer:jdmaster.obj
 0001:000732a0       _finish_output_pass        004742a0 f   renderer:jdmaster.obj
 0001:00073300       _emit_byte                 00474300 f   renderer:jcmarker.obj
 0001:00073340       _emit_marker               00474340 f   renderer:jcmarker.obj
 0001:000733b0       _emit_2bytes               004743b0 f   renderer:jcmarker.obj
 0001:00073420       _emit_dqt                  00474420 f   renderer:jcmarker.obj
 0001:00073590       _emit_dht                  00474590 f   renderer:jcmarker.obj
 0001:000736f0       _emit_dac                  004746f0 f   renderer:jcmarker.obj
 0001:00073700       _emit_dri                  00474700 f   renderer:jcmarker.obj
 0001:00073730       _emit_sof                  00474730 f   renderer:jcmarker.obj
 0001:000738b0       _emit_sos                  004748b0 f   renderer:jcmarker.obj
 0001:00073a90       _emit_jfif_app0            00474a90 f   renderer:jcmarker.obj
 0001:00073ca0       _emit_adobe_app14          00474ca0 f   renderer:jcmarker.obj
 0001:00073e10       _write_any_marker          00474e10 f   renderer:jcmarker.obj
 0001:00073e80       _write_file_header         00474e80 f   renderer:jcmarker.obj
 0001:00073ec0       _write_frame_header        00474ec0 f   renderer:jcmarker.obj
 0001:00073fa0       _write_scan_header         00474fa0 f   renderer:jcmarker.obj
 0001:00074080       _write_file_trailer        00475080 f   renderer:jcmarker.obj
 0001:000740a0       _write_tables_only         004750a0 f   renderer:jcmarker.obj
 0001:000741f0       _process_data_simple_main  004751f0 f   renderer:jcmainct.obj
 0001:000742a0       _start_pass_main           004752a0 f   renderer:jcmainct.obj
 0001:00074380       _start_iMCU_row            00475380 f   renderer:jccoefct.obj
 0001:000743d0       _compress_data             004753d0 f   renderer:jccoefct.obj
 0001:00074690       _compress_output           00475690 f   renderer:jccoefct.obj
 0001:000748a0       _compress_first_pass       004758a0 f   renderer:jccoefct.obj
 0001:00074ac0       _start_pass_coef           00475ac0 f   renderer:jccoefct.obj
 0001:00074dd0       _dump_buffer               00475dd0 f   renderer:jchuff.obj
 0001:00074e00       _emit_bits                 00475e00 f   renderer:jchuff.obj
 0001:00074ef0       _flush_bits                00475ef0 f   renderer:jchuff.obj
 0001:00074f20       _encode_one_block          00475f20 f   renderer:jchuff.obj
 0001:00075070       _emit_restart              00476070 f   renderer:jchuff.obj
 0001:00075140       _encode_mcu_huff           00476140 f   renderer:jchuff.obj
 0001:000752c0       _finish_pass_huff          004762c0 f   renderer:jchuff.obj
 0001:00075390       _htest_one_block           00476390 f   renderer:jchuff.obj
 0001:00075440       _encode_mcu_gather         00476440 f   renderer:jchuff.obj
 0001:00075770       _finish_pass_gather        00476770 f   renderer:jchuff.obj
 0001:00075860       _start_pass_huff           00476860 f   renderer:jchuff.obj
 0001:00075a60       _dump_buffer               00476a60 f   renderer:jcphuff.obj
 0001:00075aa0       _emit_bits                 00476aa0 f   renderer:jcphuff.obj
 0001:00075be0       _flush_bits                00476be0 f   renderer:jcphuff.obj
 0001:00075c00       _emit_symbol               00476c00 f   renderer:jcphuff.obj
 0001:00075c40       _emit_buffered_bits        00476c40 f   renderer:jcphuff.obj
 0001:00075c70       _emit_eobrun               00476c70 f   renderer:jcphuff.obj
 0001:00075cf0       _emit_restart              00476cf0 f   renderer:jcphuff.obj
 0001:00075e00       _encode_mcu_DC_first       00476e00 f   renderer:jcphuff.obj
 0001:00075f60       _encode_mcu_AC_first       00476f60 f   renderer:jcphuff.obj
 0001:00076140       _encode_mcu_DC_refine      00477140 f   renderer:jcphuff.obj
 0001:00076210       _encode_mcu_AC_refine      00477210 f   renderer:jcphuff.obj
 0001:000764a0       _finish_pass_phuff         004774a0 f   renderer:jcphuff.obj
 0001:000764f0       _finish_pass_gather_phuff  004774f0 f   renderer:jcphuff.obj
 0001:000765d0       _start_pass_phuff          004775d0 f   renderer:jcphuff.obj
 0001:000767d0       _start_pass_fdctmgr        004777d0 f   renderer:jcdctmgr.obj
 0001:000769f0       _forward_DCT_float         004779f0 f   renderer:jcdctmgr.obj
 0001:00077150       _start_pass_prep           00478150 f   renderer:jcprepct.obj
 0001:000771a0       _expand_bottom_edge        004781a0 f   renderer:jcprepct.obj
 0001:000771d0       _pre_process_data          004781d0 f   renderer:jcprepct.obj
 0001:000773e0       _pre_process_context       004783e0 f   renderer:jcprepct.obj
 0001:000776c0       _create_context_buffer     004786c0 f   renderer:jcprepct.obj
 0001:000778c0       _start_pass_downsample     004788c0 f   renderer:jcsample.obj
 0001:000778d0       _expand_right_edge         004788d0 f   renderer:jcsample.obj
 0001:00077930       _sep_downsample            00478930 f   renderer:jcsample.obj
 0001:000779c0       _int_downsample            004789c0 f   renderer:jcsample.obj
 0001:00077af0       _fullsize_downsample       00478af0 f   renderer:jcsample.obj
 0001:00077b40       _h2v1_downsample           00478b40 f   renderer:jcsample.obj
 0001:00077be0       _h2v2_downsample           00478be0 f   renderer:jcsample.obj
 0001:00077cc0       _h2v2_smooth_downsample    00478cc0 f   renderer:jcsample.obj
 0001:00077f50       _fullsize_smooth_downsample 00478f50 f   renderer:jcsample.obj
 0001:00078250       _rgb_ycc_start             00479250 f   renderer:jccolor.obj
 0001:00078330       _rgb_ycc_convert           00479330 f   renderer:jccolor.obj
 0001:00078450       _rgb_gray_convert          00479450 f   renderer:jccolor.obj
 0001:00078500       _cmyk_ycck_convert         00479500 f   renderer:jccolor.obj
 0001:00078660       _grayscale_convert         00479660 f   renderer:jccolor.obj
 0001:000786d0       _null_convert              004796d0 f   renderer:jccolor.obj
 0001:00078760       _null_method               00479760 f   renderer:jccolor.obj
 0001:000789b0       _initial_setup             004799b0 f   renderer:jcmaster.obj
 0001:00078b80       _validate_script           00479b80 f   renderer:jcmaster.obj
 0001:00078f50       _select_scan_parameters    00479f50 f   renderer:jcmaster.obj
 0001:00079040       _per_scan_setup            0047a040 f   renderer:jcmaster.obj
 0001:00079210       _prepare_for_pass          0047a210 f   renderer:jcmaster.obj
 0001:000793a0       _pass_startup              0047a3a0 f   renderer:jcmaster.obj
 0001:000793d0       _finish_pass_master        0047a3d0 f   renderer:jcmaster.obj
 0001:00079660       _alloc_funny_pointers      0047a660 f   renderer:jdmainct.obj
 0001:00079710       _make_funny_pointers       0047a710 f   renderer:jdmainct.obj
 0001:00079860       _set_wraparound_pointers   0047a860 f   renderer:jdmainct.obj
 0001:00079940       _set_bottom_pointers       0047a940 f   renderer:jdmainct.obj
 0001:000799e0       _process_data_simple_main  0047a9e0 f   renderer:jdmainct.obj
 0001:00079a50       _process_data_context_main 0047aa50 f   renderer:jdmainct.obj
 0001:00079b90       _start_pass_main           0047ab90 f   renderer:jdmainct.obj
 0001:00079cd0       _start_iMCU_row            0047acd0 f   renderer:jdcoefct.obj
 0001:00079d20       _start_input_pass          0047ad20 f   renderer:jdcoefct.obj
 0001:00079d40       _start_output_pass         0047ad40 f   renderer:jdcoefct.obj
 0001:00079d50       _decompress_onepass        0047ad50 f   renderer:jdcoefct.obj
 0001:00079ff0       _dummy_consume_data        0047aff0 f   renderer:jdcoefct.obj
 0001:0007a4a0       _process_restart           0047b4a0 f   renderer:jdhuff.obj
 0001:0007a520       _decode_mcu                0047b520 f   renderer:jdhuff.obj
 0001:0007a960       _start_pass_huff_decoder   0047b960 f   renderer:jdhuff.obj
 0001:0007ab00       _start_pass                0047bb00 f   renderer:jddctmgr.obj
 0001:0007ada0       _post_process_1pass        0047bda0 f   renderer:jdpostct.obj
 0001:0007ae20       _start_pass_dpost          0047be20 f   renderer:jdpostct.obj
 0001:0007af10       _start_pass_upsample       0047bf10 f   renderer:jdsample.obj
 0001:0007af30       _sep_upsample              0047bf30 f   renderer:jdsample.obj
 0001:0007b010       _fullsize_upsample         0047c010 f   renderer:jdsample.obj
 0001:0007b020       _noop_upsample             0047c020 f   renderer:jdsample.obj
 0001:0007b030       _int_upsample              0047c030 f   renderer:jdsample.obj
 0001:0007b130       _h2v1_upsample             0047c130 f   renderer:jdsample.obj
 0001:0007b190       _h2v2_upsample             0047c190 f   renderer:jdsample.obj
 0001:0007b210       _h2v1_fancy_upsample       0047c210 f   renderer:jdsample.obj
 0001:0007b2d0       _h2v2_fancy_upsample       0047c2d0 f   renderer:jdsample.obj
 0001:0007b5f0       _build_ycc_rgb_table       0047c5f0 f   renderer:jdcolor.obj
 0001:0007b6c0       _ycc_rgb_convert           0047c6c0 f   renderer:jdcolor.obj
 0001:0007b7e0       _null_convert              0047c7e0 f   renderer:jdcolor.obj
 0001:0007b860       _grayscale_convert         0047c860 f   renderer:jdcolor.obj
 0001:0007b890       _ycck_cmyk_convert         0047c890 f   renderer:jdcolor.obj
 0001:0007b9e0       _start_pass_dcolor         0047c9e0 f   renderer:jdcolor.obj
 0001:0007d4a0       _Init_AAS_Export           0047e4a0 f   botlib:be_interface.obj
 0001:0007d540       _Init_EA_Export            0047e540 f   botlib:be_interface.obj
 0001:0007d5f0       _Init_AI_Export            0047e5f0 f   botlib:be_interface.obj
 0001:0007db70       _VectorLength              0047eb70 f   botlib:be_ai_move.obj
 0001:0007dba0       _VectorLengthSquared       0047eba0 f   botlib:be_ai_move.obj
 0001:00088540       _VectorLength              00489540 f   botlib:be_ai_goal.obj
 0001:000927e0       _VectorCompare             004937e0 f   botlib:be_aas_entity.obj
 0001:00092820       _VectorLength              00493820 f   botlib:be_aas_entity.obj
 0001:00093410       _VectorCompare             00494410 f   botlib:be_aas_move.obj
 0001:00093450       _VectorLength              00494450 f   botlib:be_aas_move.obj
 0001:000950d0       _VectorLength              004960d0 f   botlib:be_aas_routealt.obj
 0001:000957c0       _VectorLength              004967c0 f   botlib:be_aas_route.obj
 0001:00098440       _VectorLength              00499440 f   botlib:be_aas_reach.obj
 0001:000987b0       _VectorInverse             004997b0 f   botlib:be_aas_reach.obj
 0001:000987d0       _CrossProduct              004997d0 f   botlib:be_aas_reach.obj
 0001:000a2560       _VectorLength              004a3560 f   botlib:be_aas_sample.obj
 0001:000a26f0       _VectorInverse             004a36f0 f   botlib:be_aas_sample.obj
 0001:000a2710       _CrossProduct              004a3710 f   botlib:be_aas_sample.obj
 0001:000a90e0       _CrossProduct              004aa0e0 f   botlib:be_aas_debug.obj
 0001:000aaeb0       _$$$00001                  004abeb0 f   LIBC:strchr.obj
 0001:000ab03b       _store_dt                  004ac03b f   LIBC:asctime.obj
 0001:000ab46c       $$$00001                   004ac46c f   LIBC:longjmp.obj
 0001:000ab4e5       $$$00003                   004ac4e5 f   LIBC:longjmp.obj
 0001:000ab6af       $$$00002                   004ac6af f   LIBC:setjmp3.obj
 0001:000abd6b       _flsall                    004acd6b f   LIBC:fflush.obj
 0001:000abdf0       _swap                      004acdf0 f   LIBC:qsort.obj
 0001:000abe10       _shortsort                 004ace10 f   LIBC:qsort.obj
 0001:000ac22a       __initterm                 004ad22a f   LIBC:crt0dat.obj
 0001:000ac242       __initterm_e               004ad242 f   LIBC:crt0dat.obj
 0001:000ac2ca       _doexit                    004ad2ca f   LIBC:crt0dat.obj
 0001:000ac82c       _fast_error_exit           004ad82c f   LIBC:wincrt0.obj
 0001:000ac850       _check_managed_app         004ad850 f   LIBC:wincrt0.obj
 0001:000acacf       _$$$00002                  004adacf f   LIBC:pow.obj
 0001:000acfd3       __shift                    004adfd3 f   LIBC:cvt.obj
 0001:000ad0e1       __cftoe_g                  004ae0e1 f   LIBC:cvt.obj
 0001:000ad1e5       __cftof_g                  004ae1e5 f   LIBC:cvt.obj
 0001:000ad6d0       _has_osfxsr_set            004ae6d0 f   LIBC:cpu_disp.obj
 0001:000ad9f8       _strncnt                   004ae9f8 f   LIBC:a_map.obj
 0001:000ae0e1       _write_char                004af0e1 f   LIBC:output.obj
 0001:000ae114       _write_multi_char          004af114 f   LIBC:output.obj
 0001:000ae138       _write_string              004af138 f   LIBC:output.obj
 0001:000ae16f       _get_int_arg               004af16f f   LIBC:output.obj
 0001:000ae178       _get_int64_arg             004af178 f   LIBC:output.obj
 0001:000ae184       _get_short_arg             004af184 f   LIBC:output.obj
 0001:000aeb0c       __hextodec                 004afb0c f   LIBC:input.obj
 0001:000aeb3e       __inc                      004afb3e f   LIBC:input.obj
 0001:000aeb54       __un_inc                   004afb54 f   LIBC:input.obj
 0001:000aeb61       __whiteout                 004afb61 f   LIBC:input.obj
 0001:000afc38       _cvtdate                   004b0c38 f   LIBC:tzset.obj
 0001:000b0183       _$$$00003                  004b1183 f   LIBC:87disp.obj
 0001:000b044c       $$$00001                   004b144c f   LIBC:exsup.obj
 0001:000b046c       $$$00003                   004b146c f   LIBC:exsup.obj
 0001:000b046c       __unwind_handler           004b146c f   LIBC:exsup.obj
 0001:000b048e       $$$00005                   004b148e f   LIBC:exsup.obj
 0001:000b04f6       $$$00007                   004b14f6 f   LIBC:exsup.obj
 0001:000b053a       $$$00011                   004b153a f   LIBC:exsup.obj
 0001:000b2928       _report_failure            004b3928 f   LIBC:secchk.obj
 0001:000b2c4f       _xcptlookup                004b3c4f f   LIBC:winxfltr.obj
 0001:000b2f36       _parse_cmdline             004b3f36 f   LIBC:stdargv.obj
 0001:000b33bd       $$$00003                   004b43bd f   LIBC:exsup3.obj
 0001:000b3f10       _$$$00001                  004b4f10 f   LIBC:87tran.obj
 0001:000b42e7       _wfindenv                  004b52e7 f   LIBC:wsetenv.obj
 0001:000b4338       _copy_environ              004b5338 f   LIBC:wsetenv.obj
 0001:000b4665       _findenv                   004b5665 f   LIBC:setenv.obj
 0001:000b46b2       _copy_environ              004b56b2 f   LIBC:setenv.obj
 0001:000b4f24       __abstract_cw              004b5f24 f   LIBC:ieee87.obj
 0001:000b4fb6       __hw_cw                    004b5fb6 f   LIBC:ieee87.obj
 0001:000b5044       __abstract_sw              004b6044 f   LIBC:ieee87.obj
 0001:000b52a0       _getSystemCP               004b62a0 f   LIBC:mbctype.obj
 0001:000b52e6       _CPtoLCID                  004b62e6 f   LIBC:mbctype.obj
 0001:000b5315       _setSBCS                   004b6315 f   LIBC:mbctype.obj
 0001:000b533e       _setSBUpLow                004b633e f   LIBC:mbctype.obj
 0001:000b5bd0       __get_fname                004b6bd0 f   LIBC:fpexcept.obj
 0001:000b6424       _strncnt                   004b7424 f   LIBC:a_cmp.obj
 0001:000b7b76       _x_ismbbtype               004b8b76 f   LIBC:ismbbyte.obj
 0001:000b9db3       _wcsncnt                   004badb3 f   LIBC:w_cmp.obj
