 qagamex86

 Timestamp is 54ce9801 (Sun Feb 01 15:17:53 2015)

 Preferred load address is 20000000

 Start         Length     Name                   Class
 0001:00000000 00037336H .text                   CODE
 0002:00000000 000000e0H .idata$5                DATA
 0002:000000e0 000064e8H .rdata                  DATA
 0002:000065d0 00000008H .rdata$sxdata           DATA
 0002:000065d8 00000004H .rtc$IAA                DATA
 0002:000065dc 00000004H .rtc$IZZ                DATA
 0002:000065e0 00000004H .rtc$TAA                DATA
 0002:000065e4 00000004H .rtc$TZZ                DATA
 0002:000065e8 00000014H .idata$2                DATA
 0002:000065fc 00000014H .idata$3                DATA
 0002:00006610 000000e0H .idata$4                DATA
 0002:000066f0 000003e4H .idata$6                DATA
 0002:00006ae0 0000005aH .edata                  DATA
 0003:00000000 00000004H .CRT$XCA                DATA
 0003:00000004 00000004H .CRT$XCAA               DATA
 0003:00000008 00000004H .CRT$XCZ                DATA
 0003:0000000c 00000004H .CRT$XIA                DATA
 0003:00000010 00000010H .CRT$XIC                DATA
 0003:00000020 00000004H .CRT$XIZ                DATA
 0003:00000024 00000004H .CRT$XPA                DATA
 0003:00000028 00000004H .CRT$XPX                DATA
 0003:0000002c 00000004H .CRT$XPZ                DATA
 0003:00000030 00000004H .CRT$XTA                DATA
 0003:00000034 00000004H .CRT$XTZ                DATA
 0003:00000040 00002334H .data                   DATA
 0003:00002380 0014e8a0H .bss                    DATA

  Address         Publics by Value              Rva+Base     Lib:Object

 0000:00000000       __except_list              00000000     <absolute>
 0000:00000002       ___safe_se_handler_count   00000002     <absolute>
 0001:00000000       _BotNumActivePlayers       20001000 f   ai_chat.obj
 0001:000000d0       _BotIsFirstInRankings      200010d0 f   ai_chat.obj
 0001:000001e0       _BotIsLastInRankings       200011e0 f   ai_chat.obj
 0001:000002f0       _BotFirstClientInRankings  200012f0 f   ai_chat.obj
 0001:00000400       _BotLastClientInRankings   20001400 f   ai_chat.obj
 0001:00000510       _BotRandomOpponentName     20001510 f   ai_chat.obj
 0001:00000670       _BotMapTitle               20001670 f   ai_chat.obj
 0001:000006c0       _BotWeaponNameForMeansOfDeath 200016c0 f   ai_chat.obj
 0001:00000770       _BotRandomWeaponName       20001770 f   ai_chat.obj
 0001:00000800       _BotVisibleEnemies         20001800 f   ai_chat.obj
 0001:000008d0       _BotValidChatPosition      200018d0 f   ai_chat.obj
 0001:00000a60       _BotChat_EnterGame         20001a60 f   ai_chat.obj
 0001:00000b70       _BotChat_ExitGame          20001b70 f   ai_chat.obj
 0001:00000c70       _BotChat_StartLevel        20001c70 f   ai_chat.obj
 0001:00000d70       _BotChat_EndLevel          20001d70 f   ai_chat.obj
 0001:00000f40       _BotChat_Death             20001f40 f   ai_chat.obj
 0001:000012c0       _BotChat_Kill              200022c0 f   ai_chat.obj
 0001:000014c0       _BotChat_EnemySuicide      200024c0 f   ai_chat.obj
 0001:000015d0       _BotChat_HitTalking        200025d0 f   ai_chat.obj
 0001:00001750       _BotChat_HitNoDeath        20002750 f   ai_chat.obj
 0001:00001900       _BotChat_HitNoKill         20002900 f   ai_chat.obj
 0001:00001a70       _BotChat_Random            20002a70 f   ai_chat.obj
 0001:00001cc0       _BotChatTime               20002cc0 f   ai_chat.obj
 0001:00001cf0       _BotGetItemTeamGoal        20002cf0 f   ai_cmd.obj
 0001:00001d50       _BotGetMessageTeamGoal     20002d50 f   ai_cmd.obj
 0001:00001da0       _BotGetTime                20002da0 f   ai_cmd.obj
 0001:00001eb0       _FindClientByName          20002eb0 f   ai_cmd.obj
 0001:00001f60       _FindEnemyByName           20002f60 f   ai_cmd.obj
 0001:00002040       _NumPlayersOnSameTeam      20003040 f   ai_cmd.obj
 0001:000020e0       _BotGetPatrolWaypoints     200030e0 f   ai_cmd.obj
 0001:00002300       _BotAddressedToBot         20003300 f   ai_cmd.obj
 0001:00002560       _BotMatch_HelpAccompany    20003560 f   ai_cmd.obj
 0001:000028d0       _BotMatch_DefendKeyArea    200038d0 f   ai_cmd.obj
 0001:00002a00       _BotMatch_GetItem          20003a00 f   ai_cmd.obj
 0001:00002b00       _BotMatch_Camp             20003b00 f   ai_cmd.obj
 0001:00002dd0       _BotMatch_Patrol           20003dd0 f   ai_cmd.obj
 0001:00002ed0       _BotMatch_GetFlag          20003ed0 f   ai_cmd.obj
 0001:00002fd0       _BotMatch_RushBase         20003fd0 f   ai_cmd.obj
 0001:000030c0       _BotMatch_TaskPreference   200040c0 f   ai_cmd.obj
 0001:000031c0       _BotMatch_ReturnFlag       200041c0 f   ai_cmd.obj
 0001:00003290       _BotMatch_JoinSubteam      20004290 f   ai_cmd.obj
 0001:00003340       _BotMatch_LeaveSubteam     20004340 f   ai_cmd.obj
 0001:000033e0       _BotMatch_WhichTeam        200043e0 f   ai_cmd.obj
 0001:00003460       _BotMatch_CheckPoint       20004460 f   ai_cmd.obj
 0001:00003650       _BotMatch_FormationSpace   20004650 f   ai_cmd.obj
 0001:00003700       _BotMatch_Dismiss          20004700 f   ai_cmd.obj
 0001:000037a0       _BotMatch_Suicide          200047a0 f   ai_cmd.obj
 0001:00003820       _BotMatch_StartTeamLeaderShip 20004820 f   ai_cmd.obj
 0001:000038d0       _BotMatch_StopTeamLeaderShip 200048d0 f   ai_cmd.obj
 0001:00003990       _BotMatch_WhoIsTeamLeader  20004990 f   ai_cmd.obj
 0001:000039f0       _BotMatch_WhatAreYouDoing  200049f0 f   ai_cmd.obj
 0001:00003bd0       _BotMatch_WhatIsMyCommand  20004bd0 f   ai_cmd.obj
 0001:00003c10       _BotNearestVisibleItem     20004c10 f   ai_cmd.obj
 0001:00003d30       _BotMatch_WhereAreYou      20004d30 f   ai_cmd.obj
 0001:00003f60       _BotMatch_LeadTheWay       20004f60 f   ai_cmd.obj
 0001:00004180       _BotMatch_Kill             20005180 f   ai_cmd.obj
 0001:00004290       _BotMatch_CTF              20005290 f   ai_cmd.obj
 0001:000043f0       _BotMatch_EnterGame        200053f0 f   ai_cmd.obj
 0001:00004430       _BotMatch_NewLeader        20005430 f   ai_cmd.obj
 0001:00004480       _BotMatchMessage           20005480 f   ai_cmd.obj
 0001:00004930       _BotResetNodeSwitches      20005930 f   ai_dmnet.obj
 0001:00004940       _BotDumpNodeSwitches       20005940 f   ai_dmnet.obj
 0001:000049c0       _BotRecordNodeSwitch       200059c0 f   ai_dmnet.obj
 0001:00004a30       _BotGetAirGoal             20005a30 f   ai_dmnet.obj
 0001:00004bd0       _BotGoForAir               20005bd0 f   ai_dmnet.obj
 0001:00004ce0       _BotNearbyGoal             20005ce0 f   ai_dmnet.obj
 0001:00004d80       _BotReachedGoal            20005d80 f   ai_dmnet.obj
 0001:00004ec0       _BotGetItemLongTermGoal    20005ec0 f   ai_dmnet.obj
 0001:00004f90       _BotGetLongTermGoal        20005f90 f   ai_dmnet.obj
 0001:000066f0       _BotLongTermGoal           200076f0 f   ai_dmnet.obj
 0001:00006b20       _AINode_Observer           20007b20 f   ai_dmnet.obj
 0001:00006b70       _AINode_Respawn            20007b70 f   ai_dmnet.obj
 0001:00006c50       _BotSelectActivateWeapon   20007c50 f   ai_dmnet.obj
 0001:00006d10       _BotClearPath              20007d10 f   ai_dmnet.obj
 0001:00007080       _AIEnter_Battle_SuicidalFight 20008080 f   ai_dmnet.obj
 0001:000070d0       _AIEnter_Battle_NBG        200080d0 f   ai_dmnet.obj
 0001:00007100       _AIEnter_Respawn           20008100 f   ai_dmnet.obj
 0001:000071e0       _AINode_Battle_Retreat     200081e0 f   ai_dmnet.obj
 0001:00007710       _AIEnter_Battle_Retreat    20008710 f   ai_dmnet.obj
 0001:00007740       _AINode_Battle_Chase       20008740 f   ai_dmnet.obj
 0001:00007c00       _AIEnter_Battle_Chase      20008c00 f   ai_dmnet.obj
 0001:00007c40       _AINode_Battle_Fight       20008c40 f   ai_dmnet.obj
 0001:000080d0       _AIEnter_Battle_Fight      200090d0 f   ai_dmnet.obj
 0001:00008110       _AINode_Seek_NBG           20009110 f   ai_dmnet.obj
 0001:000084f0       _AIEnter_Seek_NBG          200094f0 f   ai_dmnet.obj
 0001:00008590       _AINode_Seek_LTG           20009590 f   ai_dmnet.obj
 0001:00008b10       _AIEnter_Seek_LTG          20009b10 f   ai_dmnet.obj
 0001:00008bb0       _AINode_Stand              20009bb0 f   ai_dmnet.obj
 0001:00008cc0       _AIEnter_Stand             20009cc0 f   ai_dmnet.obj
 0001:00008d00       _AINode_Intermission       20009d00 f   ai_dmnet.obj
 0001:00008d80       _AIEnter_Intermission      20009d80 f   ai_dmnet.obj
 0001:00008de0       _AINode_Seek_ActivateEntity 20009de0 f   ai_dmnet.obj
 0001:000093a0       _AINode_Battle_NBG         2000a3a0 f   ai_dmnet.obj
 0001:000097b0       _AIEnter_Seek_ActivateEntity 2000a7b0 f   ai_dmnet.obj
 0001:000097e0       _BotSetUserInfo            2000a7e0 f   ai_dmq3.obj
 0001:00009840       _BotCTFCarryingFlag        2000a840 f   ai_dmq3.obj
 0001:00009880       _BotTeam                   2000a880 f   ai_dmq3.obj
 0001:00009910       _BotOppositeTeam           2000a910 f   ai_dmq3.obj
 0001:00009940       _EntityIsDead              2000a940 f   ai_dmq3.obj
 0001:00009980       _EntityCarriesFlag         2000a980 f   ai_dmq3.obj
 0001:000099a0       _EntityIsInvisible         2000a9a0 f   ai_dmq3.obj
 0001:000099c0       _EntityIsShooting          2000a9c0 f   ai_dmq3.obj
 0001:000099d0       _BotRememberLastOrderedTask 2000a9d0 f   ai_dmq3.obj
 0001:00009a20       _BotRefuseOrder            2000aa20 f   ai_dmq3.obj
 0001:00009a90       _BotCTFRetreatGoals        2000aa90 f   ai_dmq3.obj
 0001:00009b00       _BotPointAreaNum           2000ab00 f   ai_dmq3.obj
 0001:00009b60       _ClientName                2000ab60 f   ai_dmq3.obj
 0001:00009bf0       _ClientFromName            2000abf0 f   ai_dmq3.obj
 0001:00009c90       _stristr                   2000ac90 f   ai_dmq3.obj
 0001:00009d00       _EasyClientName            2000ad00 f   ai_dmq3.obj
 0001:00009ec0       _BotSynonymContext         2000aec0 f   ai_dmq3.obj
 0001:00009ef0       _BotChooseWeapon           2000aef0 f   ai_dmq3.obj
 0001:00009f60       _BotSetupForMovement       2000af60 f   ai_dmq3.obj
 0001:0000a070       _BotUpdateInventory        2000b070 f   ai_dmq3.obj
 0001:0000a160       _BotUpdateBattleInventory  2000b160 f   ai_dmq3.obj
 0001:0000a1d0       _BotBattleUseItems         2000b1d0 f   ai_dmq3.obj
 0001:0000a240       _BotIsDead                 2000b240 f   ai_dmq3.obj
 0001:0000a250       _BotIsObserver             2000b250 f   ai_dmq3.obj
 0001:0000a2b0       _BotIntermission           2000b2b0 f   ai_dmq3.obj
 0001:0000a2e0       _BotInLavaOrSlime          2000b2e0 f   ai_dmq3.obj
 0001:0000a320       _BotCreateWayPoint         2000b320 f   ai_dmq3.obj
 0001:0000a3b0       _BotFindWayPoint           2000b3b0 f   ai_dmq3.obj
 0001:0000a3f0       _BotFreeWaypoints          2000b3f0 f   ai_dmq3.obj
 0001:0000a420       _TeamPlayIsOn              2000b420 f   ai_dmq3.obj
 0001:0000a430       _BotAggression             2000b430 f   ai_dmq3.obj
 0001:0000a550       _BotWantsToRetreat         2000b550 f   ai_dmq3.obj
 0001:0000a5e0       _BotWantsToChase           2000b5e0 f   ai_dmq3.obj
 0001:0000a670       _BotCanAndWantsToRocketJump 2000b670 f   ai_dmq3.obj
 0001:0000a6f0       _BotHasPersistantPowerupAndWeapon 2000b6f0 f   ai_dmq3.obj
 0001:0000a7c0       _BotGoCamp                 2000b7c0 f   ai_dmq3.obj
 0001:0000a890       _BotWantsToCamp            2000b890 f   ai_dmq3.obj
 0001:0000aa60       _BotDontAvoid              2000ba60 f   ai_dmq3.obj
 0001:0000aac0       _BotGoForPowerups          2000bac0 f   ai_dmq3.obj
 0001:0000ab10       _BotRoamGoal               2000bb10 f   ai_dmq3.obj
 0001:0000adf0       _BotAttackMove             2000bdf0 f   ai_dmq3.obj
 0001:0000b350       _BotSameTeam               2000c350 f   ai_dmq3.obj
 0001:0000b410       _InFieldOfVision           2000c410 f   ai_dmq3.obj
 0001:0000b4e0       _BotEntityVisible          2000c4e0 f   ai_dmq3.obj
 0001:0000b8e0       _BotFindEnemy              2000c8e0 f   ai_dmq3.obj
 0001:0000bcf0       _BotTeamFlagCarrierVisible 2000ccf0 f   ai_dmq3.obj
 0001:0000bda0       _BotTeamFlagCarrier        2000cda0 f   ai_dmq3.obj
 0001:0000be20       _BotEnemyFlagCarrierVisible 2000ce20 f   ai_dmq3.obj
 0001:0000bed0       _BotCheckAttack            2000ced0 f   ai_dmq3.obj
 0001:0000c350       _BotMapScripts             2000d350 f   ai_dmq3.obj
 0001:0000c670       _BotSetMovedir             2000d670 f   ai_dmq3.obj
 0001:0000c730       _BotModelMinsMaxs          2000d730 f   ai_dmq3.obj
 0001:0000c820       _BotFuncButtonActivateGoal 2000d820 f   ai_dmq3.obj
 0001:0000cfe0       _BotFuncDoorActivateGoal   2000dfe0 f   ai_dmq3.obj
 0001:0000d100       _BotTriggerMultipleActivateGoal 2000e100 f   ai_dmq3.obj
 0001:0000d2b0       _BotPushOntoActivateGoalStack 2000e2b0 f   ai_dmq3.obj
 0001:0000d430       _BotEnableActivateGoalAreas 2000e430 f   ai_dmq3.obj
 0001:0000d490       _BotIsGoingToActivateEntity 2000e490 f   ai_dmq3.obj
 0001:0000d510       _BotGetActivateGoal        2000e510 f   ai_dmq3.obj
 0001:0000dcb0       _BotGoForActivateGoal      2000ecb0 f   ai_dmq3.obj
 0001:0000dd60       _BotRandomMove             2000ed60 f   ai_dmq3.obj
 0001:0000ddf0       _BotAIBlocked              2000edf0 f   ai_dmq3.obj
 0001:0000e0b0       _BotAIPredictObstacles     2000f0b0 f   ai_dmq3.obj
 0001:0000e240       _BotCheckConsoleMessages   2000f240 f   ai_dmq3.obj
 0001:0000e5d0       _BotCheckEvents            2000f5d0 f   ai_dmq3.obj
 0001:0000e910       _BotCheckSnapshot          2000f910 f   ai_dmq3.obj
 0001:0000e9d0       _BotAlternateRoute         2000f9d0 f   ai_dmq3.obj
 0001:0000ea50       _BotGetAlternateRouteGoal  2000fa50 f   ai_dmq3.obj
 0001:0000eb30       _BotDeathmatchAI           2000fb30 f   ai_dmq3.obj
 0001:0000ee50       _BotSetupDeathmatchAI      2000fe50 f   ai_dmq3.obj
 0001:0000f020       _BotSetLastOrderedTask     20010020 f   ai_dmq3.obj
 0001:0000f160       _BotCTFSeekGoals           20010160 f   ai_dmq3.obj
 0001:0000f870       _BotTeamGoals              20010870 f   ai_dmq3.obj
 0001:0000f8e0       _ClientOnSameTeamFromName  200108e0 f   ai_dmq3.obj
 0001:0000f9a0       _BotPopFromActivateGoalStack 200109a0 f   ai_dmq3.obj
 0001:0000f9f0       _BotClearActivateGoalStack 200109f0 f   ai_dmq3.obj
 0001:0000faa0       _BotAI_Print               20010aa0 f   ai_main.obj
 0001:0000fb80       _BotAI_Trace               20010b80 f   ai_main.obj
 0001:0000fc20       _BotAI_GetClientState      20010c20 f   ai_main.obj
 0001:0000fc60       _BotAI_GetEntityState      20010c60 f   ai_main.obj
 0001:0000fcc0       _BotAI_GetSnapshotEntity   20010cc0 f   ai_main.obj
 0001:0000fd00       _BotAI_BotInitialChat      20010d00 f   ai_main.obj
 0001:0000fda0       _BotSetInfoConfigString    20010da0 f   ai_main.obj
 0001:000100b0       _BotUpdateInfoConfigStrings 200110b0 f   ai_main.obj
 0001:00010160       _BotInterbreedBots         20011160 f   ai_main.obj
 0001:000102b0       _BotWriteInterbreeded      200112b0 f   ai_main.obj
 0001:00010510       _BotInterbreedEndMatch     20011510 f   ai_main.obj
 0001:00010590       _BotEntityInfo             20011590 f   ai_main.obj
 0001:000105a0       _NumBots                   200115a0 f   ai_main.obj
 0001:000105b0       _BotTeamLeader             200115b0 f   ai_main.obj
 0001:000105e0       _BotChangeViewAngle        200115e0 f   ai_main.obj
 0001:000106b0       _BotChangeViewAngles       200116b0 f   ai_main.obj
 0001:00010940       _BotInputToUserCommand     20011940 f   ai_main.obj
 0001:00010bb0       _BotUpdateInput            20011bb0 f   ai_main.obj
 0001:00010c90       _RemoveColorEscapeSequences 20011c90 f   ai_main.obj
 0001:00010ce0       _BotAI                     20011ce0 f   ai_main.obj
 0001:00011000       _BotScheduleBotThink       20012000 f   ai_main.obj
 0001:000110a0       _BotWriteSessionData       200120a0 f   ai_main.obj
 0001:00011170       _BotAIShutdownClient       20012170 f   ai_main.obj
 0001:00011250       _BotResetState             20012250 f   ai_main.obj
 0001:000113d0       _BotAILoadMap              200123d0 f   ai_main.obj
 0001:00011450       _BotInitLibrary            20012450 f   ai_main.obj
 0001:000118b0       _BotAISetup                200128b0 f   ai_main.obj
 0001:00011a10       _BotAIShutdown             20012a10 f   ai_main.obj
 0001:00011a60       _BotInterbreeding          20012a60 f   ai_main.obj
 0001:00011b50       _BotAIStartFrame           20012b50 f   ai_main.obj
 0001:00012040       _BotNumTeamMates           20013040 f   ai_team.obj
 0001:00012120       _BotClientTravelTimeToGoal 20013120 f   ai_team.obj
 0001:00012180       _BotSortTeamMatesByBaseTravelTime 20013180 f   ai_team.obj
 0001:00012350       _BotSetTeamMateTaskPreference 20013350 f   ai_team.obj
 0001:000123a0       _BotGetTeamMateTaskPreference 200133a0 f   ai_team.obj
 0001:000123f0       _BotSortTeamMatesByTaskPreference 200133f0 f   ai_team.obj
 0001:00012500       _BotSayTeamOrderAlways     20013500 f   ai_team.obj
 0001:000125a0       _BotCTFOrders_BothFlagsNotAtBase 200135a0 f   ai_team.obj
 0001:00012890       _BotCTFOrders_FlagNotAtBase 20013890 f   ai_team.obj
 0001:00012c80       _BotCTFOrders_EnemyFlagNotAtBase 20013c80 f   ai_team.obj
 0001:00012f30       _BotCTFOrders_BothFlagsAtBase 20013f30 f   ai_team.obj
 0001:00013320       _BotCTFOrders              20014320 f   ai_team.obj
 0001:000133a0       _BotCreateGroup            200143a0 f   ai_team.obj
 0001:00013440       _BotTeamOrders             20014440 f   ai_team.obj
 0001:000135e0       _FindHumanTeamLeader       200145e0 f   ai_team.obj
 0001:00013660       _BotTeamAI                 20014660 f   ai_team.obj
 0001:00013a10       _BotVoiceChat_GetFlag      20014a10 f   ai_vcmd.obj
 0001:00013ad0       _BotVoiceChat_Offense      20014ad0 f   ai_vcmd.obj
 0001:00013b70       _BotVoiceChat_Defend       20014b70 f   ai_vcmd.obj
 0001:00013c40       _BotVoiceChat_DefendFlag   20014c40 f   ai_vcmd.obj
 0001:00013c50       _BotVoiceChat_Patrol       20014c50 f   ai_vcmd.obj
 0001:00013cb0       _BotVoiceChat_Camp         20014cb0 f   ai_vcmd.obj
 0001:00013e20       _BotVoiceChat_FollowMe     20014e20 f   ai_vcmd.obj
 0001:00013fb0       _BotVoiceChat_FollowFlagCarrier 20014fb0 f   ai_vcmd.obj
 0001:00013fe0       _BotVoiceChat_ReturnFlag   20014fe0 f   ai_vcmd.obj
 0001:00014070       _BotVoiceChat_StartLeader  20015070 f   ai_vcmd.obj
 0001:00014090       _BotVoiceChat_StopLeader   20015090 f   ai_vcmd.obj
 0001:000140e0       _BotVoiceChat_WhoIsLeader  200150e0 f   ai_vcmd.obj
 0001:00014160       _BotVoiceChat_WantOnDefense 20015160 f   ai_vcmd.obj
 0001:000141e0       _BotVoiceChat_WantOnOffense 200151e0 f   ai_vcmd.obj
 0001:00014260       _BG_FindItemForPowerup     20015260 f   bg_misc.obj
 0001:000142b0       _BG_FindItemForWeapon      200152b0 f   bg_misc.obj
 0001:00014300       _BG_FindItem               20015300 f   bg_misc.obj
 0001:00014340       _BG_CanItemBeGrabbed       20015340 f   bg_misc.obj
 0001:000144d0       _BG_EvaluateTrajectory     200154d0 f   bg_misc.obj
 0001:00014660       _BG_EvaluateTrajectoryDelta 20015660 f   bg_misc.obj
 0001:00014760       _BG_AddPredictableEventToPlayerstate 20015760 f   bg_misc.obj
 0001:00014790       _BG_TouchJumpPad           20015790 f   bg_misc.obj
 0001:00014840       _BG_PlayerStateToEntityState 20015840 f   bg_misc.obj
 0001:00014ab0       _BG_PlayerStateToEntityStateExtraPolate 20015ab0 f   bg_misc.obj
 0001:00014d30       _BG_PlayerTouchesItem      20015d30 f   bg_misc.obj
 0001:00014dd0       _PM_AddEvent               20015dd0 f   bg_pmove.obj
 0001:00014df0       _PM_AddTouchEnt            20015df0 f   bg_pmove.obj
 0001:00014ed0       _PM_ClipVelocity           20015ed0 f   bg_pmove.obj
 0001:000172a0       _PM_UpdateViewAngles       200182a0 f   bg_pmove.obj
 0001:00017370       _PmoveSingle               20018370 f   bg_pmove.obj
 0001:000176d0       _Pmove                     200186d0 f   bg_pmove.obj
 0001:00017760       _PM_SlideMove              20018760 f   bg_slidemove.obj
 0001:00017e50       _PM_StepSlideMove          20018e50 f   bg_slidemove.obj
 0001:000181a0       _P_DamageFeedback          200191a0 f   g_active.obj
 0001:000182d0       _P_WorldEffects            200192d0 f   g_active.obj
 0001:00018480       _ClientImpacts             20019480 f   g_active.obj
 0001:00018520       _G_TouchTriggers           20019520 f   g_active.obj
 0001:00018730       _SpectatorThink            20019730 f   g_active.obj
 0001:00018820       _ClientInactivityTimer     20019820 f   g_active.obj
 0001:00018930       _ClientTimerActions        20019930 f   g_active.obj
 0001:00018a50       _ClientIntermissionThink   20019a50 f   g_active.obj
 0001:00018a90       _ClientEvents              20019a90 f   g_active.obj
 0001:00018c80       _SendPendingPredictableEvents 20019c80 f   g_active.obj
 0001:00018d30       _ClientThink_real          20019d30 f   g_active.obj
 0001:000191f0       _ClientThink               2001a1f0 f   g_active.obj
 0001:00019250       _G_RunClient               2001a250 f   g_active.obj
 0001:00019290       _SpectatorClientEndFrame   2001a290 f   g_active.obj
 0001:000193a0       _ClientEndFrame            2001a3a0 f   g_active.obj
 0001:00019530       _UpdateTournamentInfo      2001a530 f   g_arenas.obj
 0001:00019ff0       _SpawnModelsOnVictoryPads  2001aff0 f   g_arenas.obj
 0001:0001a110       _Svcmd_AbortPodium_f       2001b110 f   g_arenas.obj
 0001:0001a140       _G_ParseInfos              2001b140 f   g_bot.obj
 0001:0001a530       _G_GetArenaInfoByMap       2001b530 f   g_bot.obj
 0001:0001a5f0       _G_AddRandomBot            2001b5f0 f   g_bot.obj
 0001:0001a860       _G_RemoveRandomBot         2001b860 f   g_bot.obj
 0001:0001a900       _G_CountHumanPlayers       2001b900 f   g_bot.obj
 0001:0001a960       _G_CountBotPlayers         2001b960 f   g_bot.obj
 0001:0001aa00       _G_CheckMinimumPlayers     2001ba00 f   g_bot.obj
 0001:0001ab80       _G_CheckBotSpawn           2001bb80 f   g_bot.obj
 0001:0001ac50       _Svcmd_BotList_f           2001bc50 f   g_bot.obj
 0001:0001b170       _G_GetBotInfoByName        2001c170 f   g_bot.obj
 0001:0001b1c0       _G_InitBots                2001c1c0 f   g_bot.obj
 0001:0001b6f0       _Svcmd_AddBot_f            2001c6f0 f   g_bot.obj
 0001:0001b840       _SP_info_player_deathmatch 2001c840 f   g_client.obj
 0001:0001b8a0       _SP_info_player_start      2001c8a0 f   g_client.obj
 0001:0001b8c0       _SpotWouldTelefrag         2001c8c0 f   g_client.obj
 0001:0001b980       _SelectRandomFurthestSpawnPoint 2001c980 f   g_client.obj
 0001:0001bc40       _SelectSpawnPoint          2001cc40 f   g_client.obj
 0001:0001bc50       _SelectInitialSpawnPoint   2001cc50 f   g_client.obj
 0001:0001bcf0       _InitBodyQue               2001ccf0 f   g_client.obj
 0001:0001bd30       _BodySink                  2001cd30 f   g_client.obj
 0001:0001bd80       _CopyToBodyQue             2001cd80 f   g_client.obj
 0001:0001bfe0       _SetClientViewAngle        2001cfe0 f   g_client.obj
 0001:0001c090       _TeamCount                 2001d090 f   g_client.obj
 0001:0001c0e0       _TeamLeader                2001d0e0 f   g_client.obj
 0001:0001c130       _PickTeam                  2001d130 f   g_client.obj
 0001:0001c230       _ClientUserinfoChanged     2001d230 f   g_client.obj
 0001:0001c730       _ClientConnect             2001d730 f   g_client.obj
 0001:0001c8a0       _ClientDisconnect          2001d8a0 f   g_client.obj
 0001:0001ca80       _PersReadClient            2001da80 f   g_client.obj
 0001:0001cac0       _PersReadEntity            2001dac0 f   g_client.obj
 0001:0001cb00       _G_LoadPersistant          2001db00 f   g_client.obj
 0001:0001cbd0       _ClientSpawn               2001dbd0 f   g_client.obj
 0001:0001d1c0       _respawn                   2001e1c0 f   g_client.obj
 0001:0001d1e0       _ClientBegin               2001e1e0 f   g_client.obj
 0001:0001d270       _DeathmatchScoreboardMessage 2001e270 f   g_cmds.obj
 0001:0001d440       _Cmd_Score_f               2001e440 f   g_cmds.obj
 0001:0001d450       _CheatsOk                  2001e450 f   g_cmds.obj
 0001:0001d4e0       _ConcatArgs                2001e4e0 f   g_cmds.obj
 0001:0001d590       _SanitizeString            2001e590 f   g_cmds.obj
 0001:0001d5e0       _ClientNumberFromString    2001e5e0 f   g_cmds.obj
 0001:0001d7a0       _Cmd_Give_f                2001e7a0 f   g_cmds.obj
 0001:0001da00       _Cmd_God_f                 2001ea00 f   g_cmds.obj
 0001:0001da70       _Cmd_Notarget_f            2001ea70 f   g_cmds.obj
 0001:0001dae0       _Cmd_Noclip_f              2001eae0 f   g_cmds.obj
 0001:0001db50       _Cmd_LevelShot_f           2001eb50 f   g_cmds.obj
 0001:0001dbd0       _Cmd_TeamTask_f            2001ebd0 f   g_cmds.obj
 0001:0001dc70       _Cmd_Kill_f                2001ec70 f   g_cmds.obj
 0001:0001dcc0       _BroadcastTeamChange       2001ecc0 f   g_cmds.obj
 0001:0001dd40       _SetTeam                   2001ed40 f   g_cmds.obj
 0001:0001e070       _StopFollowing             2001f070 f   g_cmds.obj
 0001:0001e0e0       _Cmd_Team_f                2001f0e0 f   g_cmds.obj
 0001:0001e270       _Cmd_Follow_f              2001f270 f   g_cmds.obj
 0001:0001e370       _Cmd_FollowCycle_f         2001f370 f   g_cmds.obj
 0001:0001e510       _G_Say                     2001f510 f   g_cmds.obj
 0001:0001e8f0       _G_Voice                   2001f8f0 f   g_cmds.obj
 0001:0001ec80       _Cmd_GameCommand_f         2001fc80 f   g_cmds.obj
 0001:0001ed20       _Cmd_Where_f               2001fd20 f   g_cmds.obj
 0001:0001ed60       _Cmd_CallVote_f            2001fd60 f   g_cmds.obj
 0001:0001f350       _Cmd_Vote_f                20020350 f   g_cmds.obj
 0001:0001f4b0       _Cmd_CallTeamVote_f        200204b0 f   g_cmds.obj
 0001:0001fa80       _Cmd_TeamVote_f            20020a80 f   g_cmds.obj
 0001:0001fc00       _Cmd_SetViewpos_f          20020c00 f   g_cmds.obj
 0001:0001fd20       _ClientCommand             20020d20 f   g_cmds.obj
 0001:00020470       _AddScore                  20021470 f   g_combat.obj
 0001:000204f0       _TossClientItems           200214f0 f   g_combat.obj
 0001:00020600       _LookAtKiller              20021600 f   g_combat.obj
 0001:00020690       _GibEntity                 20021690 f   g_combat.obj
 0001:00020720       _body_die                  20021720 f   g_combat.obj
 0001:00020750       _CheckAlmostCapture        20021750 f   g_combat.obj
 0001:00020840       _CheckAlmostScored         20021840 f   g_combat.obj
 0001:000208f0       _player_die                200218f0 f   g_combat.obj
 0001:00020de0       _CheckArmor                20021de0 f   g_combat.obj
 0001:00020e40       _G_Damage                  20021e40 f   g_combat.obj
 0001:000212a0       _CanDamage                 200222a0 f   g_combat.obj
 0001:000214e0       _G_RadiusDamage            200224e0 f   g_combat.obj
 0001:00021720       _Pickup_Powerup            20022720 f   g_items.obj
 0001:000218f0       _Pickup_Holdable           200228f0 f   g_items.obj
 0001:00021950       _Pickup_Ammo               20022950 f   g_items.obj
 0001:000219c0       _Pickup_Weapon             200229c0 f   g_items.obj
 0001:00021ab0       _Pickup_Health             20022ab0 f   g_items.obj
 0001:00021b30       _Pickup_Armor              20022b30 f   g_items.obj
 0001:00021b80       _RespawnItem               20022b80 f   g_items.obj
 0001:00021ce0       _Touch_Item                20022ce0 f   g_items.obj
 0001:00021fd0       _LaunchItem                20022fd0 f   g_items.obj
 0001:00022110       _Drop_Item                 20023110 f   g_items.obj
 0001:000221c0       _Use_Item                  200231c0 f   g_items.obj
 0001:000221d0       _FinishSpawningItem        200231d0 f   g_items.obj
 0001:000223c0       _G_CheckTeamItems          200233c0 f   g_items.obj
 0001:00022460       _SaveRegisteredItems       20023460 f   g_items.obj
 0001:000224c0       _G_SpawnItem               200234c0 f   g_items.obj
 0001:000225c0       _G_BounceItem              200235c0 f   g_items.obj
 0001:00022740       _G_RunItem                 20023740 f   g_items.obj
 0001:00022880       _ClearRegisteredItems      20023880 f   g_items.obj
 0001:00022910       _G_Printf                  20023910 f   g_main.obj
 0001:00022940       _G_Error                   20023940 f   g_main.obj
 0001:00022970       _G_FindTeams               20023970 f   g_main.obj
 0001:00022af0       _G_RegisterCvars           20023af0 f   g_main.obj
 0001:00022b60       _G_UpdateCvars             20023b60 f   g_main.obj
 0001:00022bd0       _Com_Error                 20023bd0 f   g_main.obj
 0001:00022c10       _Com_Printf                20023c10 f   g_main.obj
 0001:00022c50       _RemoveTournamentLoser     20023c50 f   g_main.obj
 0001:00022ca0       _AdjustTournamentScores    20023ca0 f   g_main.obj
 0001:00022d10       _SortRanks                 20023d10 f   g_main.obj
 0001:00022df0       _SendScoreboardMessageToAllClients 20023df0 f   g_main.obj
 0001:00022e50       _MoveClientToIntermission  20023e50 f   g_main.obj
 0001:00022f40       _FindIntermissionPoint     20023f40 f   g_main.obj
 0001:00023000       _BeginIntermission         20024000 f   g_main.obj
 0001:00023090       _ExitLevel                 20024090 f   g_main.obj
 0001:00023190       _G_LogPrintf               20024190 f   g_main.obj
 0001:00023260       _LogExit                   20024260 f   g_main.obj
 0001:00023340       _CheckIntermissionExit     20024340 f   g_main.obj
 0001:00023480       _ScoreIsTied               20024480 f   g_main.obj
 0001:000234e0       _CheckExitRules            200244e0 f   g_main.obj
 0001:00023690       _PrintTeam                 20024690 f   g_main.obj
 0001:000236e0       _SetLeader                 200246e0 f   g_main.obj
 0001:000237e0       _CheckTeamLeader           200247e0 f   g_main.obj
 0001:000238a0       _G_RunThink                200248a0 f   g_main.obj
 0001:00023900       _G_RunFrame                20024900 f   g_main.obj
 0001:00023b30       _G_InitGame                20024b30 f   g_main.obj
 0001:00023d70       _G_ShutdownGame            20024d70 f   g_main.obj
 0001:00023dd0       _CalculateRanks            20024dd0 f   g_main.obj
 0001:000240f0       _vmMain                    200250f0 f   g_main.obj
 0001:000241f0       _G_Alloc                   200251f0 f   g_mem.obj
 0001:00024260       _G_InitMemory              20025260 f   g_mem.obj
 0001:00024270       _Svcmd_GameMem_f           20025270 f   g_mem.obj
 0001:00024290       _SP_misc_model             20025290 f   g_misc.obj
 0001:00024290       _SP_light                  20025290 f   g_misc.obj
 0001:00024290       _SP_info_null              20025290 f   g_misc.obj
 0001:000242a0       _TeleportPlayer            200252a0 f   g_misc.obj
 0001:00024400       _locateCamera              20025400 f   g_misc.obj
 0001:00024510       _SP_misc_portal_surface    20025510 f   g_misc.obj
 0001:00024590       _SP_misc_portal_camera     20025590 f   g_misc.obj
 0001:000245f0       _BotSetTeamStatus          200255f0 f   ai_dmq3.obj
 0001:000245f0       _BotVoiceChat              200255f0 f   ai_team.obj
 0001:000245f0       _SP_shooter_rocket         200255f0 f   g_misc.obj
 0001:000245f0       _SP_shooter_grenade        200255f0 f   g_misc.obj
 0001:000245f0       _SP_shooter_plasma         200255f0 f   g_misc.obj
 0001:000245f0       _BotVoiceChatOnly          200255f0 f   ai_team.obj
 0001:000245f0       _BotVoiceChat_Dummy        200255f0 f   ai_vcmd.obj
 0001:000245f0       _SP_team_CTF_bluespawn     200255f0 f   g_team.obj
 0001:000245f0       _SP_team_CTF_blueplayer    200255f0 f   g_team.obj
 0001:000245f0       _SP_team_CTF_redplayer     200255f0 f   g_team.obj
 0001:000245f0       _SP_misc_teleporter_dest   200255f0 f   g_misc.obj
 0001:000245f0       _SP_team_CTF_redspawn      200255f0 f   g_team.obj
 0001:000245f0       _SP_info_player_intermission 200255f0 f   g_client.obj
 0001:00024600       _fire_hand                 20025600 f   g_missile.obj
 0001:00024750       _G_BounceMissile           20025750 f   g_missile.obj
 0001:000248b0       _G_MissileImpact           200258b0 f   g_missile.obj
 0001:00024c90       _G_RunMissile              20025c90 f   g_missile.obj
 0001:00024de0       _G_TestEntityPosition      20025de0 f   g_mover.obj
 0001:00024e50       _SetMoverState             20025e50 f   g_mover.obj
 0001:00024fc0       _MatchTeam                 20025fc0 f   g_mover.obj
 0001:00024ff0       _ReturnToPos1              20025ff0 f   g_mover.obj
 0001:000250f0       _Reached_BinaryMover       200260f0 f   g_mover.obj
 0001:00025260       _Use_BinaryMover           20026260 f   g_mover.obj
 0001:00025390       _InitMover                 20026390 f   g_mover.obj
 0001:000255d0       _Blocked_Door              200265d0 f   g_mover.obj
 0001:00025740       _Touch_DoorTrigger         20026740 f   g_mover.obj
 0001:000257a0       _Think_SpawnNewDoorTrigger 200267a0 f   g_mover.obj
 0001:00025950       _Think_MatchTeam           20026950 f   g_mover.obj
 0001:00025980       _SP_func_door              20026980 f   g_mover.obj
 0001:00025be0       _Touch_Plat                20026be0 f   g_mover.obj
 0001:00025c20       _Touch_PlatCenterTrigger   20026c20 f   g_mover.obj
 0001:00025c60       _SpawnPlatTrigger          20026c60 f   g_mover.obj
 0001:00025db0       _SP_func_plat              20026db0 f   g_mover.obj
 0001:00025f10       _Touch_Button              20026f10 f   g_mover.obj
 0001:00025f40       _SP_func_button            20026f40 f   g_mover.obj
 0001:000260d0       _Think_BeginMoving         200270d0 f   g_mover.obj
 0001:000260f0       _Reached_Train             200270f0 f   g_mover.obj
 0001:00026300       _Think_SetupTrainTargets   20027300 f   g_mover.obj
 0001:000263e0       _SP_path_corner            200273e0 f   g_mover.obj
 0001:00026410       _SP_func_train             20027410 f   g_mover.obj
 0001:000264d0       _SP_func_static            200274d0 f   g_mover.obj
 0001:00026520       _SP_func_rotating          20027520 f   g_mover.obj
 0001:000265f0       _SP_func_bobbing           200275f0 f   g_mover.obj
 0001:000266f0       _SP_func_pendulum          200276f0 f   g_mover.obj
 0001:00026800       _G_TryPushingEntity        20027800 f   g_mover.obj
 0001:00026be0       _G_MoverPush               20027be0 f   g_mover.obj
 0001:000270b0       _G_MoverTeam               200280b0 f   g_mover.obj
 0001:00027250       _G_RunMover                20028250 f   g_mover.obj
 0001:00027290       _G_WriteClientSessionData  20028290 f   g_session.obj
 0001:00027310       _G_ReadSessionData         20028310 f   g_session.obj
 0001:000273c0       _G_InitSessionData         200283c0 f   g_session.obj
 0001:00027480       _G_InitWorldSession        20028480 f   g_session.obj
 0001:000274d0       _G_WriteSessionData        200284d0 f   g_session.obj
 0001:00027530       _G_SpawnString             20028530 f   g_spawn.obj
 0001:000275a0       _G_SpawnFloat              200285a0 f   g_spawn.obj
 0001:000275d0       _G_SpawnInt                200285d0 f   g_spawn.obj
 0001:00027600       _G_SpawnVector             20028600 f   g_spawn.obj
 0001:00027640       _G_CallSpawn               20028640 f   g_spawn.obj
 0001:00027740       _G_NewString               20028740 f   g_spawn.obj
 0001:000277a0       _G_ParseField              200287a0 f   g_spawn.obj
 0001:000278e0       _G_SpawnGEntityFromSpawnVars 200288e0 f   g_spawn.obj
 0001:00027a60       _G_AddSpawnVarToken        20028a60 f   g_spawn.obj
 0001:00027ad0       _G_ParseSpawnVars          20028ad0 f   g_spawn.obj
 0001:00027bf0       _SP_worldspawn             20028bf0 f   g_spawn.obj
 0001:00027d90       _G_SpawnEntitiesFromString 20028d90 f   g_spawn.obj
 0001:00027fd0       _G_FilterPacket            20028fd0 f   g_svcmds.obj
 0001:000280f0       _G_ProcessIPBans           200290f0 f   g_svcmds.obj
 0001:00028160       _Svcmd_AddIP_f             20029160 f   g_svcmds.obj
 0001:000281b0       _Svcmd_RemoveIP_f          200291b0 f   g_svcmds.obj
 0001:00028270       _Svcmd_EntityList_f        20029270 f   g_svcmds.obj
 0001:00028400       _ClientForString           20029400 f   g_svcmds.obj
 0001:000284e0       _Svcmd_ForceTeam_f         200294e0 f   g_svcmds.obj
 0001:00028560       _ConsoleCommand            20029560 f   g_svcmds.obj
 0001:00028730       _dllEntry                  20029730 f   g_syscalls.obj
 0001:00028740       _trap_Printf               20029740 f   g_syscalls.obj
 0001:00028760       _trap_Error                20029760 f   g_syscalls.obj
 0001:00028780       _trap_Milliseconds         20029780 f   g_syscalls.obj
 0001:00028790       _trap_Argc                 20029790 f   g_syscalls.obj
 0001:000287a0       _trap_Argv                 200297a0 f   g_syscalls.obj
 0001:000287c0       _trap_FS_FOpenFile         200297c0 f   g_syscalls.obj
 0001:000287e0       _trap_FS_Read              200297e0 f   g_syscalls.obj
 0001:00028800       _trap_FS_Write             20029800 f   g_syscalls.obj
 0001:00028820       _trap_FS_FCloseFile        20029820 f   g_syscalls.obj
 0001:00028840       _trap_FS_GetFileList       20029840 f   g_syscalls.obj
 0001:00028860       _trap_SendConsoleCommand   20029860 f   g_syscalls.obj
 0001:00028880       _trap_Cvar_Register        20029880 f   g_syscalls.obj
 0001:000288a0       _trap_Cvar_Update          200298a0 f   g_syscalls.obj
 0001:000288c0       _trap_Cvar_Set             200298c0 f   g_syscalls.obj
 0001:000288e0       _trap_Cvar_VariableIntegerValue 200298e0 f   g_syscalls.obj
 0001:00028900       _trap_Cvar_VariableStringBuffer 20029900 f   g_syscalls.obj
 0001:00028920       _trap_LocateGameData       20029920 f   g_syscalls.obj
 0001:00028950       _trap_DropClient           20029950 f   g_syscalls.obj
 0001:00028970       _trap_SendServerCommand    20029970 f   g_syscalls.obj
 0001:00028990       _trap_SetConfigstring      20029990 f   g_syscalls.obj
 0001:000289b0       _trap_GetConfigstring      200299b0 f   g_syscalls.obj
 0001:000289d0       _trap_GetUserinfo          200299d0 f   g_syscalls.obj
 0001:000289f0       _trap_SetUserinfo          200299f0 f   g_syscalls.obj
 0001:00028a10       _trap_GetServerinfo        20029a10 f   g_syscalls.obj
 0001:00028a30       _trap_SetBrushModel        20029a30 f   g_syscalls.obj
 0001:00028a50       _trap_Trace                20029a50 f   g_syscalls.obj
 0001:00028a80       _trap_PointContents        20029a80 f   g_syscalls.obj
 0001:00028aa0       _trap_InPVS                20029aa0 f   g_syscalls.obj
 0001:00028ac0       _trap_AdjustAreaPortalState 20029ac0 f   g_syscalls.obj
 0001:00028ae0       _trap_LinkEntity           20029ae0 f   g_syscalls.obj
 0001:00028b00       _trap_UnlinkEntity         20029b00 f   g_syscalls.obj
 0001:00028b20       _trap_EntitiesInBox        20029b20 f   g_syscalls.obj
 0001:00028b40       _trap_EntityContact        20029b40 f   g_syscalls.obj
 0001:00028b60       _trap_BotAllocateClient    20029b60 f   g_syscalls.obj
 0001:00028b70       _trap_GetUsercmd           20029b70 f   g_syscalls.obj
 0001:00028b90       _trap_GetEntityToken       20029b90 f   g_syscalls.obj
 0001:00028bb0       _trap_SnapVector           20029bb0 f   g_syscalls.obj
 0001:00028bd0       _trap_BotLibSetup          20029bd0 f   g_syscalls.obj
 0001:00028be0       _trap_BotLibShutdown       20029be0 f   g_syscalls.obj
 0001:00028bf0       _trap_BotLibVarSet         20029bf0 f   g_syscalls.obj
 0001:00028c10       _trap_BotLibStartFrame     20029c10 f   g_syscalls.obj
 0001:00028c30       _trap_BotLibLoadMap        20029c30 f   g_syscalls.obj
 0001:00028c50       _trap_BotLibUpdateEntity   20029c50 f   g_syscalls.obj
 0001:00028c70       _trap_BotGetSnapshotEntity 20029c70 f   g_syscalls.obj
 0001:00028c90       _trap_BotGetServerCommand  20029c90 f   g_syscalls.obj
 0001:00028cb0       _trap_BotUserCommand       20029cb0 f   g_syscalls.obj
 0001:00028cd0       _trap_AAS_EntityInfo       20029cd0 f   g_syscalls.obj
 0001:00028cf0       _trap_AAS_Initialized      20029cf0 f   g_syscalls.obj
 0001:00028d00       _trap_AAS_PresenceTypeBoundingBox 20029d00 f   g_syscalls.obj
 0001:00028d20       _trap_AAS_Time             20029d20 f   g_syscalls.obj
 0001:00028d40       _trap_AAS_PointAreaNum     20029d40 f   g_syscalls.obj
 0001:00028d60       _trap_AAS_TraceAreas       20029d60 f   g_syscalls.obj
 0001:00028d90       _trap_AAS_BBoxAreas        20029d90 f   g_syscalls.obj
 0001:00028dc0       _trap_AAS_AreaInfo         20029dc0 f   g_syscalls.obj
 0001:00028de0       _trap_AAS_PointContents    20029de0 f   g_syscalls.obj
 0001:00028e00       _trap_AAS_NextBSPEntity    20029e00 f   g_syscalls.obj
 0001:00028e20       _trap_AAS_ValueForBSPEpairKey 20029e20 f   g_syscalls.obj
 0001:00028e50       _trap_AAS_VectorForBSPEpairKey 20029e50 f   g_syscalls.obj
 0001:00028e70       _trap_AAS_FloatForBSPEpairKey 20029e70 f   g_syscalls.obj
 0001:00028e90       _trap_AAS_IntForBSPEpairKey 20029e90 f   g_syscalls.obj
 0001:00028eb0       _trap_AAS_AreaReachability 20029eb0 f   g_syscalls.obj
 0001:00028ed0       _trap_AAS_AreaTravelTimeToGoalArea 20029ed0 f   g_syscalls.obj
 0001:00028f00       _trap_AAS_EnableRoutingArea 20029f00 f   g_syscalls.obj
 0001:00028f20       _trap_AAS_PredictRoute     20029f20 f   g_syscalls.obj
 0001:00028f70       _trap_AAS_Swimming         20029f70 f   g_syscalls.obj
 0001:00028f90       _trap_EA_SayTeam           20029f90 f   g_syscalls.obj
 0001:00028fb0       _trap_EA_Command           20029fb0 f   g_syscalls.obj
 0001:00028fd0       _trap_EA_Action            20029fd0 f   g_syscalls.obj
 0001:00028ff0       _trap_EA_Gesture           20029ff0 f   g_syscalls.obj
 0001:00029010       _trap_EA_Talk              2002a010 f   g_syscalls.obj
 0001:00029030       _trap_EA_Attack            2002a030 f   g_syscalls.obj
 0001:00029050       _trap_EA_Use               2002a050 f   g_syscalls.obj
 0001:00029070       _trap_EA_Respawn           2002a070 f   g_syscalls.obj
 0001:00029090       _trap_EA_Crouch            2002a090 f   g_syscalls.obj
 0001:000290b0       _trap_EA_SelectWeapon      2002a0b0 f   g_syscalls.obj
 0001:000290d0       _trap_EA_View              2002a0d0 f   g_syscalls.obj
 0001:000290f0       _trap_EA_GetInput          2002a0f0 f   g_syscalls.obj
 0001:00029120       _trap_EA_ResetInput        2002a120 f   g_syscalls.obj
 0001:00029140       _trap_BotFreeCharacter     2002a140 f   g_syscalls.obj
 0001:00029160       _trap_Characteristic_BFloat 2002a160 f   g_syscalls.obj
 0001:000291a0       _trap_Characteristic_BInteger 2002a1a0 f   g_syscalls.obj
 0001:000291d0       _trap_Characteristic_String 2002a1d0 f   g_syscalls.obj
 0001:00029200       _trap_BotFreeChatState     2002a200 f   g_syscalls.obj
 0001:00029220       _trap_BotQueueConsoleMessage 2002a220 f   g_syscalls.obj
 0001:00029240       _trap_BotRemoveConsoleMessage 2002a240 f   g_syscalls.obj
 0001:00029260       _trap_BotNextConsoleMessage 2002a260 f   g_syscalls.obj
 0001:00029280       _trap_BotNumConsoleMessages 2002a280 f   g_syscalls.obj
 0001:000292a0       _trap_BotInitialChat       2002a2a0 f   g_syscalls.obj
 0001:000292f0       _trap_BotReplyChat         2002a2f0 f   g_syscalls.obj
 0001:00029340       _trap_BotEnterChat         2002a340 f   g_syscalls.obj
 0001:00029360       _trap_BotGetChatMessage    2002a360 f   g_syscalls.obj
 0001:00029380       _trap_BotFindMatch         2002a380 f   g_syscalls.obj
 0001:000293a0       _trap_BotMatchVariable     2002a3a0 f   g_syscalls.obj
 0001:000293d0       _trap_UnifyWhiteSpaces     2002a3d0 f   g_syscalls.obj
 0001:000293f0       _trap_BotReplaceSynonyms   2002a3f0 f   g_syscalls.obj
 0001:00029410       _trap_BotSetChatGender     2002a410 f   g_syscalls.obj
 0001:00029430       _trap_BotSetChatName       2002a430 f   g_syscalls.obj
 0001:00029450       _trap_BotResetGoalState    2002a450 f   g_syscalls.obj
 0001:00029470       _trap_BotResetAvoidGoals   2002a470 f   g_syscalls.obj
 0001:00029490       _trap_BotRemoveFromAvoidGoals 2002a490 f   g_syscalls.obj
 0001:000294b0       _trap_BotPushGoal          2002a4b0 f   g_syscalls.obj
 0001:000294d0       _trap_BotPopGoal           2002a4d0 f   g_syscalls.obj
 0001:000294f0       _trap_BotEmptyGoalStack    2002a4f0 f   g_syscalls.obj
 0001:00029510       _trap_BotDumpAvoidGoals    2002a510 f   g_syscalls.obj
 0001:00029530       _trap_BotDumpGoalStack     2002a530 f   g_syscalls.obj
 0001:00029550       _trap_BotGoalName          2002a550 f   g_syscalls.obj
 0001:00029570       _trap_BotGetTopGoal        2002a570 f   g_syscalls.obj
 0001:00029590       _trap_BotGetSecondGoal     2002a590 f   g_syscalls.obj
 0001:000295b0       _trap_BotChooseLTGItem     2002a5b0 f   g_syscalls.obj
 0001:000295e0       _trap_BotChooseNBGItem     2002a5e0 f   g_syscalls.obj
 0001:00029620       _trap_BotTouchingGoal      2002a620 f   g_syscalls.obj
 0001:00029640       _trap_BotItemGoalInVisButNotVisible 2002a640 f   g_syscalls.obj
 0001:00029670       _trap_BotGetLevelItemGoal  2002a670 f   g_syscalls.obj
 0001:00029690       _trap_BotGetNextCampSpotGoal 2002a690 f   g_syscalls.obj
 0001:000296b0       _trap_BotSetAvoidGoalTime  2002a6b0 f   g_syscalls.obj
 0001:000296e0       _trap_BotUpdateEntityItems 2002a6e0 f   g_syscalls.obj
 0001:000296f0       _trap_BotInterbreedGoalFuzzyLogic 2002a6f0 f   g_syscalls.obj
 0001:00029710       _trap_BotSaveGoalFuzzyLogic 2002a710 f   g_syscalls.obj
 0001:00029730       _trap_BotMutateGoalFuzzyLogic 2002a730 f   g_syscalls.obj
 0001:00029750       _trap_BotFreeGoalState     2002a750 f   g_syscalls.obj
 0001:00029770       _trap_BotResetMoveState    2002a770 f   g_syscalls.obj
 0001:00029790       _trap_BotAddAvoidSpot      2002a790 f   g_syscalls.obj
 0001:000297c0       _trap_BotMoveToGoal        2002a7c0 f   g_syscalls.obj
 0001:000297f0       _trap_BotMoveInDirection   2002a7f0 f   g_syscalls.obj
 0001:00029820       _trap_BotResetAvoidReach   2002a820 f   g_syscalls.obj
 0001:00029840       _trap_BotResetLastAvoidReach 2002a840 f   g_syscalls.obj
 0001:00029860       _trap_BotMovementViewTarget 2002a860 f   g_syscalls.obj
 0001:00029890       _trap_BotFreeMoveState     2002a890 f   g_syscalls.obj
 0001:000298b0       _trap_BotInitMoveState     2002a8b0 f   g_syscalls.obj
 0001:000298d0       _trap_BotChooseBestFightWeapon 2002a8d0 f   g_syscalls.obj
 0001:000298f0       _trap_BotGetWeaponInfo     2002a8f0 f   g_syscalls.obj
 0001:00029910       _trap_BotFreeWeaponState   2002a910 f   g_syscalls.obj
 0001:00029930       _trap_BotResetWeaponState  2002a930 f   g_syscalls.obj
 0001:00029950       _trap_GeneticParentsAndChildSelection 2002a950 f   g_syscalls.obj
 0001:00029980       _Use_Target_Give           2002a980 f   g_target.obj
 0001:00029a20       _SP_target_give            2002aa20 f   g_target.obj
 0001:00029a30       _Use_target_remove_powerups 2002aa30 f   g_target.obj
 0001:00029a90       _SP_target_remove_powerups 2002aa90 f   g_target.obj
 0001:00029aa0       _Think_Target_Delay        2002aaa0 f   g_target.obj
 0001:00029ac0       _Use_Target_Delay          2002aac0 f   g_target.obj
 0001:00029b20       _SP_target_delay           2002ab20 f   g_target.obj
 0001:00029b80       _Use_Target_Score          2002ab80 f   g_target.obj
 0001:00029ba0       _SP_target_score           2002aba0 f   g_target.obj
 0001:00029bd0       _Use_Target_Print          2002abd0 f   g_target.obj
 0001:00029ca0       _SP_target_print           2002aca0 f   g_target.obj
 0001:00029cb0       _Use_Target_Speaker        2002acb0 f   g_target.obj
 0001:00029d40       _SP_target_speaker         2002ad40 f   g_target.obj
 0001:00029e90       _target_laser_think        2002ae90 f   g_target.obj
 0001:0002a000       _target_laser_use          2002b000 f   g_target.obj
 0001:0002a050       _target_laser_start        2002b050 f   g_target.obj
 0001:0002a130       _SP_target_laser           2002b130 f   g_target.obj
 0001:0002a150       _target_teleporter_use     2002b150 f   g_target.obj
 0001:0002a1a0       _SP_target_teleporter      2002b1a0 f   g_target.obj
 0001:0002a1e0       _target_relay_use          2002b1e0 f   g_target.obj
 0001:0002a260       _SP_target_relay           2002b260 f   g_target.obj
 0001:0002a270       _target_kill_use           2002b270 f   g_target.obj
 0001:0002a290       _SP_target_kill            2002b290 f   g_target.obj
 0001:0002a2a0       _SP_target_position        2002b2a0 f   g_target.obj
 0001:0002a2a0       _SP_info_camp              2002b2a0 f   g_misc.obj
 0001:0002a2a0       _SP_info_notnull           2002b2a0 f   g_misc.obj
 0001:0002a370       _SP_target_location        2002b370 f   g_target.obj
 0001:0002a3a0       _TeamName                  2002b3a0 f   g_team.obj
 0001:0002a400       _PrintMsg                  2002b400 f   g_team.obj
 0001:0002a4b0       _AddTeamScore              2002b4b0 f   g_team.obj
 0001:0002a5b0       _OnSameTeam                2002b5b0 f   g_team.obj
 0001:0002a5f0       _Team_SetFlagStatus        2002b5f0 f   g_team.obj
 0001:0002a6a0       _Team_CheckDroppedItem     2002b6a0 f   g_team.obj
 0001:0002a7b0       _Team_ForceGesture         2002b7b0 f   g_team.obj
 0001:0002a850       _Team_FragBonuses          2002b850 f   g_team.obj
 0001:0002ade0       _Team_CheckHurtCarrier     2002bde0 f   g_team.obj
 0001:0002ae70       _Team_ResetFlag            2002be70 f   g_team.obj
 0001:0002af00       _Team_TakeFlagSound        2002bf00 f   g_team.obj
 0001:0002afa0       _Team_CaptureFlagSound     2002bfa0 f   g_team.obj
 0001:0002afe0       _Team_ReturnFlag           2002bfe0 f   g_team.obj
 0001:0002b0a0       _Team_FreeEntity           2002c0a0 f   g_team.obj
 0001:0002b1d0       _Team_DroppedFlagThink     2002c1d0 f   g_team.obj
 0001:0002b250       _Team_TouchOurFlag         2002c250 f   g_team.obj
 0001:0002b580       _Team_TouchEnemyFlag       2002c580 f   g_team.obj
 0001:0002b630       _Pickup_Team               2002c630 f   g_team.obj
 0001:0002b6c0       _Team_GetLocation          2002c6c0 f   g_team.obj
 0001:0002b780       _Team_GetLocationMsg       2002c780 f   g_team.obj
 0001:0002b820       _SelectRandomTeamSpawnPoint 2002c820 f   g_team.obj
 0001:0002b8f0       _SelectCTFSpawnPoint       2002c8f0 f   g_team.obj
 0001:0002b950       _Team_InitGame             2002c950 f   g_team.obj
 0001:0002ba50       _multi_wait                2002ca50 f   g_trigger.obj
 0001:0002ba60       _multi_trigger             2002ca60 f   g_trigger.obj
 0001:0002bb50       _Use_Multi                 2002cb50 f   g_trigger.obj
 0001:0002bb70       _Touch_Multi               2002cb70 f   g_trigger.obj
 0001:0002bb90       _trigger_always_think      2002cb90 f   g_trigger.obj
 0001:0002bbb0       _SP_trigger_always         2002cbb0 f   g_trigger.obj
 0001:0002bbd0       _trigger_push_touch        2002cbd0 f   g_trigger.obj
 0001:0002bbf0       _AimAtTarget               2002cbf0 f   g_trigger.obj
 0001:0002bcf0       _Use_target_push           2002ccf0 f   g_trigger.obj
 0001:0002bd70       _SP_target_push            2002cd70 f   g_trigger.obj
 0001:0002be50       _trigger_teleporter_touch  2002ce50 f   g_trigger.obj
 0001:0002bec0       _hurt_use                  2002cec0 f   g_trigger.obj
 0001:0002bee0       _hurt_touch                2002cee0 f   g_trigger.obj
 0001:0002bf60       _func_timer_think          2002cf60 f   g_trigger.obj
 0001:0002bfc0       _func_timer_use            2002cfc0 f   g_trigger.obj
 0001:0002bff0       _SP_func_timer             2002cff0 f   g_trigger.obj
 0001:0002c0a0       _InitTrigger               2002d0a0 f   g_trigger.obj
 0001:0002c120       _SP_trigger_multiple       2002d120 f   g_trigger.obj
 0001:0002c1b0       _SP_trigger_push           2002d1b0 f   g_trigger.obj
 0001:0002c210       _SP_trigger_teleport       2002d210 f   g_trigger.obj
 0001:0002c270       _SP_trigger_hurt           2002d270 f   g_trigger.obj
 0001:0002c2e0       _AddRemap                  2002d2e0 f   g_utils.obj
 0001:0002c3a0       _BuildShaderStateConfig    2002d3a0 f   g_utils.obj
 0001:0002c430       _G_FindConfigstringIndex   2002d430 f   g_utils.obj
 0001:0002c520       _G_ModelIndex              2002d520 f   g_utils.obj
 0001:0002c540       _G_SoundIndex              2002d540 f   g_utils.obj
 0001:0002c560       _G_TeamCommand             2002d560 f   g_utils.obj
 0001:0002c5d0       _G_Find                    2002d5d0 f   g_utils.obj
 0001:0002c660       _G_PickTarget              2002d660 f   g_utils.obj
 0001:0002c6f0       _G_UseTargets              2002d6f0 f   g_utils.obj
 0001:0002c7c0       _vtos                      2002d7c0 f   g_utils.obj
 0001:0002c810       _G_SetMovedir              2002d810 f   g_utils.obj
 0001:0002c8f0       _vectoyaw                  2002d8f0 f   g_utils.obj
 0001:0002c970       _G_InitGentity             2002d970 f   g_utils.obj
 0001:0002c9c0       _G_Spawn                   2002d9c0 f   g_utils.obj
 0001:0002caf0       _G_FreeEntity              2002daf0 f   g_utils.obj
 0001:0002cb40       _G_KillBox                 2002db40 f   g_utils.obj
 0001:0002cc10       _G_AddPredictableEvent     2002dc10 f   g_utils.obj
 0001:0002cc40       _G_AddEvent                2002dc40 f   g_utils.obj
 0001:0002ccf0       _G_SetOrigin               2002dcf0 f   g_utils.obj
 0001:0002cd40       _G_TempEntity              2002dd40 f   g_utils.obj
 0001:0002ce10       _G_Sound                   2002de10 f   g_utils.obj
 0001:0002ce30       _SnapVectorTowards         2002de30 f   g_weapon.obj
 0001:0002ce80       _Weapon_Hand_Fire          2002de80 f   g_weapon.obj
 0001:0002cef0       _Weapon_HookFree           2002def0 f   g_weapon.obj
 0001:0002cf30       _Weapon_HookThink          2002df30 f   g_weapon.obj
 0001:0002d020       _LogAccuracyHit            2002e020 f   g_weapon.obj
 0001:0002d070       _CalcMuzzlePoint           2002e070 f   g_weapon.obj
 0001:0002d110       _CalcMuzzlePointOrigin     2002e110 f   g_weapon.obj
 0001:0002d1b0       _FireWeapon                2002e1b0 f   g_weapon.obj
 0001:0002d250       _Laser_Think               2002e250 f   g_weapon.obj
 0001:0002d250       _Info_Think                2002e250 f   g_weapon.obj
 0001:0002d3e0       _Info_Gen                  2002e3e0 f   g_weapon.obj
 0001:0002d4b0       _Laser_Gen                 2002e4b0 f   g_weapon.obj
 0001:0002d550       _DirToByte                 2002e550 f   q_math.obj
 0001:0002d710       _vectoangles               2002e710 f   q_math.obj
 0001:0002d820       _AngleMod                  2002e820 f   q_math.obj
 0001:0002d850       _AngleNormalize180         2002e850 f   q_math.obj
 0001:0002d890       _RadiusFromBounds          2002e890 f   q_math.obj
 0001:0002d910       _AddPointToBounds          2002e910 f   q_math.obj
 0001:0002d990       _VectorNormalize           2002e990 f   q_math.obj
 0001:0002d9f0       _VectorNormalize2          2002e9f0 f   q_math.obj
 0001:0002da60       _AngleVectors              2002ea60 f   q_math.obj
 0001:0002dba0       _COM_ParseExt              2002eba0 f   q_shared.obj
 0001:0002dd10       _Q_strrchr                 2002ed10 f   q_shared.obj
 0001:0002dd40       _Q_strncpyz                2002ed40 f   q_shared.obj
 0001:0002dda0       _Q_stricmpn                2002eda0 f   q_shared.obj
 0001:0002de20       _Q_stricmp                 2002ee20 f   q_shared.obj
 0001:0002de50       _Q_strcat                  2002ee50 f   q_shared.obj
 0001:0002dea0       _Q_CleanStr                2002eea0 f   q_shared.obj
 0001:0002def0       _Com_sprintf               2002eef0 f   q_shared.obj
 0001:0002df70       _va                        2002ef70 f   q_shared.obj
 0001:0002dfb0       _Info_ValueForKey          2002efb0 f   q_shared.obj
 0001:0002e0b0       _Info_RemoveKey            2002f0b0 f   q_shared.obj
 0001:0002e1b0       _Info_Validate             2002f1b0 f   q_shared.obj
 0001:0002e1e0       _Info_SetValueForKey       2002f1e0 f   q_shared.obj
 0001:0002e3b0       _COM_Parse                 2002f3b0 f   q_shared.obj
 0001:0002e3c0       _atol                      2002f3c0 f   LIBC:atox.obj
 0001:0002e418       _atoi                      2002f418 f   LIBC:atox.obj
 0001:0002e41d       _srand                     2002f41d f   LIBC:rand.obj
 0001:0002e427       _rand                      2002f427 f   LIBC:rand.obj
 0001:0002e44a       __fpclear                  2002f44a f   LIBC:fpinit.obj
 0001:0002e44b       __cfltcvt_init             2002f44b f   LIBC:fpinit.obj
 0001:0002e483       __fpmath                   2002f483 f   LIBC:fpinit.obj
 0001:0002e4a4       __ftol2                    2002f4a4 f   LIBC:ftol2.obj
 0001:0002e520       _strncpy                   2002f520 f   LIBC:strncpy.obj
 0001:0002e644       _atof                      2002f644 f   LIBC:atof.obj
 0001:0002e68f       _sscanf                    2002f68f f   LIBC:sscanf.obj
 0001:0002e6c3       _toupper                   2002f6c3 f   LIBC:toupper.obj
 0001:0002e7a0       _memmove                   2002f7a0 f   LIBC:memmove.obj
 0001:0002eae0       _strstr                    2002fae0 f   LIBC:strstr.obj
 0001:0002eb66       _vsprintf                  2002fb66 f   LIBC:vsprintf.obj
 0001:0002ebd0       _strchr                    2002fbd0 f   LIBC:strchr.obj
 0001:0002ebd6       ___from_strstr_to_strchr   2002fbd6     LIBC:strchr.obj
 0001:0002ec90       __chkstk                   2002fc90 f   LIBC:chkstk.obj
 0001:0002ec90       __alloca_probe             2002fc90     LIBC:chkstk.obj
 0001:0002eccd       _tolower                   2002fccd f   LIBC:tolower.obj
 0001:0002edb0       _ceil                      2002fdb0 f   LIBC:ceil_pentium4.obj
 0001:0002edf0       __ceil_pentium4            2002fdf0 f   LIBC:ceil_pentium4.obj
 0001:0002ef40       _qsort                     2002ff40 f   LIBC:qsort.obj
 0001:0002f1c3       __CRT_INIT@12              200301c3 f   LIBC:dllcrt0.obj
 0001:0002f2ce       __DllMainCRTStartup@12     200302ce f   LIBC:dllcrt0.obj
 0001:0002f3b2       __amsg_exit                200303b2 f   LIBC:dllcrt0.obj
 0001:0002f3e5       __ismbcspace               200303e5 f   LIBC:ismbspc.obj
 0001:0002f480       __allmul                   20030480 f   LIBC:llmul.obj
 0001:0002f4b4       __forcdecpt                200304b4 f   LIBC:cvt.obj
 0001:0002f50c       __cropzeros                2003050c f   LIBC:cvt.obj
 0001:0002f557       __positive                 20030557 f   LIBC:cvt.obj
 0001:0002f571       __fassign                  20030571 f   LIBC:cvt.obj
 0001:0002f5cc       __cftoe                    200305cc f   LIBC:cvt.obj
 0001:0002f6bd       __cftof                    200306bd f   LIBC:cvt.obj
 0001:0002f79a       __cftog                    2003079a f   LIBC:cvt.obj
 0001:0002f844       __cfltcvt                  20030844 f   LIBC:cvt.obj
 0001:0002f895       __setdefaultprecision      20030895 f   LIBC:fp8.obj
 0001:0002f8a7       __ms_p5_test_fdiv          200308a7 f   LIBC:testfdiv.obj
 0001:0002f8e7       __ms_p5_mp_test_fdiv       200308e7 f   LIBC:testfdiv.obj
 0001:0002f910       __fltin                    20030910 f   LIBC:cfin.obj
 0001:0002f9b0       _strlen                    200309b0 f   LIBC:strlen.obj
 0001:0002fa3b       __isctype                  20030a3b f   LIBC:isctype.obj
 0001:0002fb01       __input                    20030b01 f   LIBC:input.obj
 0001:00030968       ___crtLCMapStringA         20031968 f   LIBC:a_map.obj
 0001:00030d24       __flsbuf                   20031d24 f   LIBC:_flsbuf.obj
 0001:00030ec8       __output                   20031ec8 f   LIBC:output.obj
 0001:000316c2       ___libm_error_support      200326c2 f   LIBC:libm_error.obj
 0001:00031983       ___sse2_available_init     20032983 f   LIBC:cpu_disp.obj
 0001:00031a51       __ceil_default             20032a51 f   LIBC:ceil.obj
 0001:00031b24       ___crtExitProcess          20032b24 f   LIBC:crt0dat.obj
 0001:00031b54       __cinit                    20032b54 f   LIBC:crt0dat.obj
 0001:00031c7f       __exit                     20032c7f f   LIBC:crt0dat.obj
 0001:00031c90       __cexit                    20032c90 f   LIBC:crt0dat.obj
 0001:00031c9f       __ioinit                   20032c9f f   LIBC:ioinit.obj
 0001:00031e4a       __ioterm                   20032e4a f   LIBC:ioinit.obj
 0001:00031e6d       __setenvp                  20032e6d f   LIBC:stdenvp.obj
 0001:000320a0       __setargv                  200330a0 f   LIBC:stdargv.obj
 0001:00032142       ___heap_select             20033142 f   LIBC:heapinit.obj
 0001:0003215c       __heap_init                2003315c f   LIBC:heapinit.obj
 0001:000321ad       __heap_term                200331ad f   LIBC:heapinit.obj
 0001:0003222c       ___crtGetEnvironmentStringsA 2003322c f   LIBC:a_env.obj
 0001:0003234e       __RTC_Initialize           2003334e f   LIBC:initsect.obj
 0001:00032392       __RTC_Terminate            20033392 f   LIBC:initsect.obj
 0001:000323d6       __XcptFilter               200333d6 f   LIBC:winxfltr.obj
 0001:00032547       ___CppXcptFilter           20033547 f   LIBC:winxfltr.obj
 0001:00032562       _DllMain@12                20033562 f   LIBC:dllmain.obj
 0001:00032584       __SEH_prolog               20033584 f   LIBC:sehprolg.obj
 0001:000325bf       __SEH_epilog               200335bf f   LIBC:sehprolg.obj
 0001:000325d8       __except_handler3          200335d8 f   LIBC:exsup3.obj
 0001:000326be       __seh_longjmp_unwind@4     200336be f   LIBC:exsup3.obj
 0001:000326d9       __NMSG_WRITE               200336d9 f   LIBC:crt0msg.obj
 0001:00032850       __FF_MSGBANNER             20033850 f   LIBC:crt0msg.obj
 0001:00032889       ___crtGetStringTypeA       20033889 f   LIBC:a_str.obj
 0001:00032c27       __setmbcp                  20033c27 f   LIBC:mbctype.obj
 0001:00032e0d       ___initmbctable            20033e0d f   LIBC:mbctype.obj
 0001:00032e2b       __ZeroTail                 20033e2b f   LIBC:intrncvt.obj
 0001:00032e5d       __IncMan                   20033e5d f   LIBC:intrncvt.obj
 0001:00032eaa       __RoundMan                 20033eaa f   LIBC:intrncvt.obj
 0001:00032f1c       __CopyMan                  20033f1c f   LIBC:intrncvt.obj
 0001:00032f37       __IsZeroMan                20033f37 f   LIBC:intrncvt.obj
 0001:00032f50       __ShrMan                   20033f50 f   LIBC:intrncvt.obj
 0001:00032fcb       __ld12cvt                  20033fcb f   LIBC:intrncvt.obj
 0001:00033123       __ld12tod                  20034123 f   LIBC:intrncvt.obj
 0001:00033139       __ld12tof                  20034139 f   LIBC:intrncvt.obj
 0001:0003314f       __atodbl                   2003414f f   LIBC:intrncvt.obj
 0001:0003318c       __atoflt                   2003418c f   LIBC:intrncvt.obj
 0001:000331d0       _strcpy                    200341d0 f   LIBC:strcat.obj
 0001:000331e0       _strcat                    200341e0 f   LIBC:strcat.obj
 0001:000332c8       __fptostr                  200342c8 f   LIBC:_fptostr.obj
 0001:0003333f       ___dtold                   2003433f f   LIBC:cfout.obj
 0001:000333f9       __fltout                   200343f9 f   LIBC:cfout.obj
 0001:00033470       _memset                    20034470 f   LIBC:memset.obj
 0001:000334d0       __fptrap                   200344d0 f   LIBC:crt0fp.obj
 0001:000335f9       __control87                200345f9 f   LIBC:ieee87.obj
 0001:0003362b       __controlfp                2003462b f   LIBC:ieee87.obj
 0001:00033641       ___strgtold12              20034641 f   LIBC:strgtold.obj
 0001:00033af9       @__security_check_cookie@4 20034af9 f   LIBC:secchk.obj
 0001:00033b07       __filbuf                   20034b07 f   LIBC:_filbuf.obj
 0001:00033be5       _ungetc                    20034be5 f   LIBC:ungetc.obj
 0001:00033c51       _isspace                   20034c51 f   LIBC:_ctype.obj
 0001:00033c7a       _free                      20034c7a f   LIBC:free.obj
 0001:00033cb2       _mbtowc                    20034cb2 f   LIBC:mbtowc.obj
 0001:00033d7a       __heap_alloc               20034d7a f   LIBC:malloc.obj
 0001:00033dc0       __nh_malloc                20034dc0 f   LIBC:malloc.obj
 0001:00033dec       _malloc                    20034dec f   LIBC:malloc.obj
 0001:00033dfe       __resetstkoflw             20034dfe f   LIBC:resetstk.obj
 0001:00033ee1       ___ansicp                  20034ee1 f   LIBC:convrtcp.obj
 0001:00033f24       ___convertcp               20034f24 f   LIBC:convrtcp.obj
 0001:000340ed       __lseek                    200350ed f   LIBC:lseek.obj
 0001:00034179       __write                    20035179 f   LIBC:write.obj
 0001:00034369       __getbuf                   20035369 f   LIBC:_getbuf.obj
 0001:000343ad       __isatty                   200353ad f   LIBC:isatty.obj
 0001:000343d4       ___initstdio               200353d4 f   LIBC:_file.obj
 0001:0003447a       ___endstdio                2003547a f   LIBC:_file.obj
 0001:0003448e       _wctomb                    2003548e f   LIBC:wctomb.obj
 0001:00034500       __aulldvrm                 20035500 f   LIBC:ulldvrm.obj
 0001:00034595       __matherr                  20035595 f   LIBC:matherr.obj
 0001:000345a0       _strncmp                   200355a0 f   LIBC:strncmp.obj
 0001:000345d9       __raise_exc                200355d9 f   LIBC:fpexcept.obj
 0001:0003487e       __handle_exc               2003587e f   LIBC:fpexcept.obj
 0001:00034aa2       __set_errno                20035aa2 f   LIBC:fpexcept.obj
 0001:00034ac8       __errcode                  20035ac8 f   LIBC:fpexcept.obj
 0001:00034af5       __umatherr                 20035af5 f   LIBC:fpexcept.obj
 0001:00034b95       __handle_qnan1             20035b95 f   LIBC:fpexcept.obj
 0001:00034be7       __except1                  20035be7 f   LIBC:fpexcept.obj
 0001:00034c9f       __frnd                     20035c9f f   LIBC:frnd.obj
 0001:00034cb0       __set_exp                  20035cb0 f   LIBC:util.obj
 0001:00034cda       __sptype                   20035cda f   LIBC:util.obj
 0001:00034d35       __decomp                   20035d35 f   LIBC:util.obj
 0001:00034df1       __statfp                   20035df1 f   LIBC:fpctrl.obj
 0001:00034dfc       __clrfp                    20035dfc f   LIBC:fpctrl.obj
 0001:00034e08       __ctrlfp                   20035e08 f   LIBC:fpctrl.obj
 0001:00034e2c       __set_statfp               20035e2c f   LIBC:fpctrl.obj
 0001:00034e82       __onexit                   20035e82 f   LIBC:onexit.obj
 0001:00034f04       _atexit                    20035f04 f   LIBC:onexit.obj
 0001:00034f16       ___onexitinit              20035f16 f   LIBC:onexit.obj
 0001:00034f3e       ___sbh_heap_init           20035f3e f   LIBC:sbheap.obj
 0001:00034f86       ___sbh_find_block          20035f86 f   LIBC:sbheap.obj
 0001:00034fb1       ___sbh_free_block          20035fb1 f   LIBC:sbheap.obj
 0001:000352c9       ___sbh_alloc_new_region    200362c9 f   LIBC:sbheap.obj
 0001:00035380       ___sbh_alloc_new_group     20036380 f   LIBC:sbheap.obj
 0001:00035486       ___sbh_resize_block        20036486 f   LIBC:sbheap.obj
 0001:00035765       ___sbh_alloc_block         20036765 f   LIBC:sbheap.obj
 0001:00035a70       _memcpy                    20036a70 f   LIBC:memcpy.obj
 0001:00035db0       __global_unwind2           20036db0 f   LIBC:exsup.obj
 0001:00035df2       __local_unwind2            20036df2 f   LIBC:exsup.obj
 0001:00035e4a       __NLG_Return2              20036e4a     LIBC:exsup.obj
 0001:00035e5a       __abnormal_termination     20036e5a f   LIBC:exsup.obj
 0001:00035e7d       __NLG_Notify1              20036e7d f   LIBC:exsup.obj
 0001:00035e86       __NLG_Notify               20036e86 f   LIBC:exsup.obj
 0001:00035e99       __NLG_Dispatch             20036e99     LIBC:exsup.obj
 0001:00035e9e       __ValidateEH3RN            20036e9e f   LIBC:eh3valid.obj
 0001:000360c7       ___crtMessageBoxA          200370c7 f   LIBC:crtmbox.obj
 0001:000361c0       _calloc                    200371c0 f   LIBC:calloc.obj
 0001:0003623b       ___addl                    2003723b f   LIBC:mantold.obj
 0001:0003625c       ___add_12                  2003725c f   LIBC:mantold.obj
 0001:000362ba       ___shl_12                  200372ba f   LIBC:mantold.obj
 0001:000362e8       ___shr_12                  200372e8 f   LIBC:mantold.obj
 0001:00036315       ___mtold12                 20037315 f   LIBC:mantold.obj
 0001:000363f3       _$I10_OUTPUT               200373f3 f   LIBC:x10fout.obj
 0001:00036681       ___ld12mul                 20037681 f   LIBC:tenpow.obj
 0001:000368b3       ___multtenpow12            200378b3 f   LIBC:tenpow.obj
 0001:00036939       ___security_init_cookie    20037939 f   LIBC:seccinit.obj
 0001:0003699f       ___security_error_handler  2003799f f   LIBC:secfail.obj
 0001:00036ae7       __read                     20037ae7 f   LIBC:read.obj
 0001:00036cd5       __callnewh                 20037cd5 f   LIBC:handler.obj
 0001:00036cf0       __dosmaperr                20037cf0 f   LIBC:dosmap.obj
 0001:00036d4f       __free_osfhnd              20037d4f f   LIBC:osfinfo.obj
 0001:00036dc9       __get_osfhandle            20037dc9 f   LIBC:osfinfo.obj
 0001:00036e05       __lseeki64                 20037e05 f   LIBC:lseeki64.obj
 0001:00036ea4       __fcloseall                20037ea4 f   LIBC:closeall.obj
 0001:00036efc       __flush                    20037efc f   LIBC:fflush.obj
 0001:00036f59       _fflush                    20037f59 f   LIBC:fflush.obj
 0001:00037001       __flushall                 20038001 f   LIBC:fflush.obj
 0001:0003700a       _realloc                   2003800a f   LIBC:realloc.obj
 0001:0003716c       __msize                    2003816c f   LIBC:msize.obj
 0001:000371a4       _fclose                    200381a4 f   LIBC:fclose.obj
 0001:000371fa       __commit                   200381fa f   LIBC:commit.obj
 0001:00037251       __close                    20038251 f   LIBC:close.obj
 0001:00037304       __freebuf                  20038304 f   LIBC:_freebuf.obj
 0001:00037330       _RtlUnwind@16              20038330 f   kernel32:KERNEL32.dll
 0002:00000000       __imp__GetCommandLineA@0   20039000     kernel32:KERNEL32.dll
 0002:00000004       __imp__GetVersionExA@4     20039004     kernel32:KERNEL32.dll
 0002:00000008       __imp__GetProcAddress@8    20039008     kernel32:KERNEL32.dll
 0002:0000000c       __imp__GetModuleHandleA@4  2003900c     kernel32:KERNEL32.dll
 0002:00000010       __imp__LCMapStringA@24     20039010     kernel32:KERNEL32.dll
 0002:00000014       __imp__WideCharToMultiByte@32 20039014     kernel32:KERNEL32.dll
 0002:00000018       __imp__MultiByteToWideChar@24 20039018     kernel32:KERNEL32.dll
 0002:0000001c       __imp__GetLastError@0      2003901c     kernel32:KERNEL32.dll
 0002:00000020       __imp__LCMapStringW@24     20039020     kernel32:KERNEL32.dll
 0002:00000024       __imp__ExitProcess@4       20039024     kernel32:KERNEL32.dll
 0002:00000028       __imp__TerminateProcess@8  20039028     kernel32:KERNEL32.dll
 0002:0000002c       __imp__GetCurrentProcess@0 2003902c     kernel32:KERNEL32.dll
 0002:00000030       __imp__SetHandleCount@4    20039030     kernel32:KERNEL32.dll
 0002:00000034       __imp__GetStdHandle@4      20039034     kernel32:KERNEL32.dll
 0002:00000038       __imp__GetFileType@4       20039038     kernel32:KERNEL32.dll
 0002:0000003c       __imp__GetStartupInfoA@4   2003903c     kernel32:KERNEL32.dll
 0002:00000040       __imp__GetModuleFileNameA@12 20039040     kernel32:KERNEL32.dll
 0002:00000044       __imp__HeapDestroy@4       20039044     kernel32:KERNEL32.dll
 0002:00000048       __imp__HeapCreate@12       20039048     kernel32:KERNEL32.dll
 0002:0000004c       __imp__VirtualFree@12      2003904c     kernel32:KERNEL32.dll
 0002:00000050       __imp__HeapFree@12         20039050     kernel32:KERNEL32.dll
 0002:00000054       __imp__FreeEnvironmentStringsA@4 20039054     kernel32:KERNEL32.dll
 0002:00000058       __imp__GetEnvironmentStrings@0 20039058     kernel32:KERNEL32.dll
 0002:0000005c       __imp__FreeEnvironmentStringsW@4 2003905c     kernel32:KERNEL32.dll
 0002:00000060       __imp__GetEnvironmentStringsW@0 20039060     kernel32:KERNEL32.dll
 0002:00000064       __imp__UnhandledExceptionFilter@4 20039064     kernel32:KERNEL32.dll
 0002:00000068       __imp__DisableThreadLibraryCalls@4 20039068     kernel32:KERNEL32.dll
 0002:0000006c       __imp__WriteFile@20        2003906c     kernel32:KERNEL32.dll
 0002:00000070       __imp__GetStringTypeA@20   20039070     kernel32:KERNEL32.dll
 0002:00000074       __imp__GetStringTypeW@16   20039074     kernel32:KERNEL32.dll
 0002:00000078       __imp__GetACP@0            20039078     kernel32:KERNEL32.dll
 0002:0000007c       __imp__GetOEMCP@0          2003907c     kernel32:KERNEL32.dll
 0002:00000080       __imp__GetCPInfo@8         20039080     kernel32:KERNEL32.dll
 0002:00000084       __imp__HeapAlloc@12        20039084     kernel32:KERNEL32.dll
 0002:00000088       __imp__VirtualProtect@16   20039088     kernel32:KERNEL32.dll
 0002:0000008c       __imp__VirtualAlloc@16     2003908c     kernel32:KERNEL32.dll
 0002:00000090       __imp__GetSystemInfo@4     20039090     kernel32:KERNEL32.dll
 0002:00000094       __imp__VirtualQuery@12     20039094     kernel32:KERNEL32.dll
 0002:00000098       __imp__GetLocaleInfoA@16   20039098     kernel32:KERNEL32.dll
 0002:0000009c       __imp__SetFilePointer@16   2003909c     kernel32:KERNEL32.dll
 0002:000000a0       __imp__RaiseException@16   200390a0     kernel32:KERNEL32.dll
 0002:000000a4       __imp__HeapReAlloc@16      200390a4     kernel32:KERNEL32.dll
 0002:000000a8       __imp__RtlUnwind@16        200390a8     kernel32:KERNEL32.dll
 0002:000000ac       __imp__InterlockedExchange@8 200390ac     kernel32:KERNEL32.dll
 0002:000000b0       __imp__LoadLibraryA@4      200390b0     kernel32:KERNEL32.dll
 0002:000000b4       __imp__QueryPerformanceCounter@4 200390b4     kernel32:KERNEL32.dll
 0002:000000b8       __imp__GetTickCount@0      200390b8     kernel32:KERNEL32.dll
 0002:000000bc       __imp__GetCurrentThreadId@0 200390bc     kernel32:KERNEL32.dll
 0002:000000c0       __imp__GetCurrentProcessId@0 200390c0     kernel32:KERNEL32.dll
 0002:000000c4       __imp__GetSystemTimeAsFileTime@4 200390c4     kernel32:KERNEL32.dll
 0002:000000c8       __imp__ReadFile@20         200390c8     kernel32:KERNEL32.dll
 0002:000000cc       __imp__SetStdHandle@8      200390cc     kernel32:KERNEL32.dll
 0002:000000d0       __imp__HeapSize@12         200390d0     kernel32:KERNEL32.dll
 0002:000000d4       __imp__FlushFileBuffers@4  200390d4     kernel32:KERNEL32.dll
 0002:000000d8       __imp__CloseHandle@4       200390d8     kernel32:KERNEL32.dll
 0002:000000dc       \177KERNEL32_NULL_THUNK_DATA 200390dc     kernel32:KERNEL32.dll
 0002:000000e0       ??_C@_01PFHFFBPC@t?$AA@    200390e0     ai_chat.obj
 0002:000000e4       ??_C@_01EFFIKLCJ@n?$AA@    200390e4     ai_chat.obj
 0002:000000e8       ??_C@_0O@OCOCOONB@sv_maxclients?$AA@ 200390e8     ai_chat.obj
 0002:000000f8       __real@38000100            200390f8     ai_chat.obj
 0002:000000fc       ??_C@_07KMNEBLH@mapname?$AA@ 200390fc     ai_chat.obj
 0002:00000104       ??_C@_0BB@FPHHFAJG@?$FLunknown?5weapon?$FN?$AA@ 20039104     ai_chat.obj
 0002:00000118       ??_C@_04JBBMMDIF@Hand?$AA@ 20039118     ai_chat.obj
 0002:00000120       ??_C@_06PNKEMFGD@BFG10K?$AA@ 20039120     ai_chat.obj
 0002:00000128       ??_C@_0O@HOCKKNKE@Lightning?5Gun?$AA@ 20039128     ai_chat.obj
 0002:00000138       ??_C@_07NMJDHEIK@Railgun?$AA@ 20039138     ai_chat.obj
 0002:00000140       ??_C@_09MBHKGILD@Plasmagun?$AA@ 20039140     ai_chat.obj
 0002:0000014c       ??_C@_0BA@DJIGCIDL@Rocket?5Launcher?$AA@ 2003914c     ai_chat.obj
 0002:0000015c       ??_C@_0BB@GIEOMMBO@Grenade?5Launcher?$AA@ 2003915c     ai_chat.obj
 0002:00000170       ??_C@_0L@KDNGMPND@Machinegun?$AA@ 20039170     ai_chat.obj
 0002:0000017c       ??_C@_08ELAHAPJB@Gauntlet?$AA@ 2003917c     ai_chat.obj
 0002:00000188       ??_C@_07DGIAOJJ@Shotgun?$AA@ 20039188     ai_chat.obj
 0002:00000190       __real@4021cccccccccccd    20039190     ai_chat.obj
 0002:00000198       __real@00000000            20039198     ai_chat.obj
 0002:0000019c       __real@41200000            2003919c     ai_chat.obj
 0002:000001a0       __real@3f800000            200391a0     ai_chat.obj
 0002:000001a4       __real@42000000            200391a4     ai_chat.obj
 0002:000001a8       __real@41c00000            200391a8     ai_chat.obj
 0002:000001ac       ??_C@_0L@PKHLIBCF@game_enter?$AA@ 200391ac     ai_chat.obj
 0002:000001b8       ??_C@_0O@IGAOFANI@?$FLinvalid?5var?$FN?$AA@ 200391b8     ai_chat.obj
 0002:000001c8       __real@41c80000            200391c8     ai_chat.obj
 0002:000001cc       ??_C@_09PIOCENHO@game_exit?$AA@ 200391cc     ai_chat.obj
 0002:000001d8       ??_C@_0M@CJNDJGDH@level_start?$AA@ 200391d8     ai_chat.obj
 0002:000001e4       ??_C@_06IMDBNOMM@vtaunt?$AA@ 200391e4     ai_chat.obj
 0002:000001ec       ??_C@_09PILOJEEK@level_end?$AA@ 200391ec     ai_chat.obj
 0002:000001f8       ??_C@_0P@LPKGAAGE@level_end_lose?$AA@ 200391f8     ai_chat.obj
 0002:00000208       ??_C@_0BC@GKFLFIDK@level_end_victory?$AA@ 20039208     ai_chat.obj
 0002:0000021c       ??_C@_0O@EGKCFKBF@death_suicide?$AA@ 2003921c     ai_chat.obj
 0002:0000022c       ??_C@_0N@INLGGPBP@death_praise?$AA@ 2003922c     ai_chat.obj
 0002:0000023c       ??_C@_0N@EPKIJPHK@death_insult?$AA@ 2003923c     ai_chat.obj
 0002:0000024c       ??_C@_09HPMGADCC@death_bfg?$AA@ 2003924c     ai_chat.obj
 0002:00000258       ??_C@_0L@OLPOCBHN@death_rail?$AA@ 20039258     ai_chat.obj
 0002:00000264       ??_C@_0P@GODBEIFH@death_gauntlet?$AA@ 20039264     ai_chat.obj
 0002:00000278       __real@3fe0000000000000    20039278     ai_chat.obj
 0002:00000280       ??_C@_0P@CLLHBMMH@death_telefrag?$AA@ 20039280     ai_chat.obj
 0002:00000290       ??_C@_0P@FHLBDKHM@death_cratered?$AA@ 20039290     ai_chat.obj
 0002:000002a0       ??_C@_0L@JGPKJCJO@death_lava?$AA@ 200392a0     ai_chat.obj
 0002:000002ac       ??_C@_0M@ENLBBGB@death_slime?$AA@ 200392ac     ai_chat.obj
 0002:000002b8       ??_C@_0M@BCPGKKBA@death_drown?$AA@ 200392b8     ai_chat.obj
 0002:000002c4       ??_C@_0P@LLJEDFBD@death_teammate?$AA@ 200392c4     ai_chat.obj
 0002:000002d4       ??_C@_07PANFCHNN@?$FLworld?$FN?$AA@ 200392d4     ai_chat.obj
 0002:000002dc       ??_C@_0M@NDKPNHB@kill_praise?$AA@ 200392dc     ai_chat.obj
 0002:000002e8       ??_C@_0M@MPCEANBE@kill_insult?$AA@ 200392e8     ai_chat.obj
 0002:000002f4       ??_C@_0O@MOMICIAK@kill_telefrag?$AA@ 200392f4     ai_chat.obj
 0002:00000304       ??_C@_09HNPOIBHL@kill_rail?$AA@ 20039304     ai_chat.obj
 0002:00000310       ??_C@_0O@ILEOHMJK@kill_gauntlet?$AA@ 20039310     ai_chat.obj
 0002:00000320       ??_C@_0O@FOOLABNO@kill_teammate?$AA@ 20039320     ai_chat.obj
 0002:00000330       ??_C@_0O@CCLFCPCH@enemy_suicide?$AA@ 20039330     ai_chat.obj
 0002:00000340       ??_C@_0M@GJHANCBL@hit_talking?$AA@ 20039340     ai_chat.obj
 0002:0000034c       ??_C@_0M@NEMKKKCP@hit_nodeath?$AA@ 2003934c     ai_chat.obj
 0002:00000358       ??_C@_0L@HALGAHGK@hit_nokill?$AA@ 20039358     ai_chat.obj
 0002:00000364       ??_C@_0O@BCFFFDNI@random_insult?$AA@ 20039364     ai_chat.obj
 0002:00000374       ??_C@_0M@DCDJELGA@random_misc?$AA@ 20039374     ai_chat.obj
 0002:00000380       __real@3fd0000000000000    20039380     ai_chat.obj
 0002:00000388       __real@3fb999999999999a    20039388     ai_chat.obj
 0002:00000390       __real@40000000            20039390     ai_chat.obj
 0002:00000398       __real@404e000000000000    20039398     ai_cmd.obj
 0002:000003a0       __real@44e10000            200393a0     ai_cmd.obj
 0002:000003a4       __real@44160000            200393a4     ai_cmd.obj
 0002:000003a8       __real@4cbebc20            200393a8     ai_cmd.obj
 0002:000003ac       ??_C@_0CC@BCALNIDF@I?5need?5more?5key?5points?5to?5patrol@ 200393ac     ai_cmd.obj
[...]
 0003:00001908       ___nullstring              20041908     LIBC:output.obj
 0003:0000190c       ___wnullstring             2004190c     LIBC:output.obj
 0003:00001910       __pmatherr                 20041910     LIBC:libm_error.obj
 0003:00001918       ___badioinfo               20041918     LIBC:ioinit.obj
 0003:00001920       __amblksiz                 20041920     LIBC:heapinit.obj
 0003:00001928       __XcptActTab               20041928     LIBC:winxfltr.obj
 0003:000019a0       __First_FPE_Indx           200419a0     LIBC:winxfltr.obj
 0003:000019a4       __Num_FPE                  200419a4     LIBC:winxfltr.obj
 0003:000019a8       __XcptActTabCount          200419a8     LIBC:winxfltr.obj
 0003:000019ac       __fpecode                  200419ac     LIBC:winxfltr.obj
 0003:00001b70       ___security_cookie         20041b70     LIBC:seccook.obj
 0003:00001b78       __iob                      20041b78     LIBC:_file.obj
 0003:00001e00       __matherr_flag             20041e00     LIBC:matherr.obj
 0003:00001ef8       __d_inf                    20041ef8     LIBC:util.obj
 0003:00001f00       __d_ind                    20041f00     LIBC:util.obj
 0003:00001f08       __d_max                    20041f08     LIBC:util.obj
 0003:00001f10       __d_min                    20041f10     LIBC:util.obj
 0003:00001f18       __d_mzero                  20041f18     LIBC:util.obj
 0003:00001f40       __NLG_Destination          20041f40     LIBC:exsup.obj
 0003:000020b8       __pow10pos                 200420b8     LIBC:constpow.obj
 0003:00002218       __pow10neg                 20042218     LIBC:constpow.obj
 0003:000024a8       _c_pmove                   200424a8     bg_pmove.obj
 0003:00047ab8       _remapCount                20087ab8     g_utils.obj
 0003:00047b2c       _vec3_origin               20087b2c     q_math.obj
 0003:0005dd48       ___fastflag                2009dd48     LIBC:fpinit.obj
 0003:0005dd4c       __adjust_fdiv              2009dd4c     LIBC:fpinit.obj
 0003:0005dd54       __aenvptr                  2009dd54     LIBC:dllcrt0.obj
 0003:0005dd58       __wenvptr                  2009dd58     LIBC:dllcrt0.obj
 0003:0005dd5c       ___error_mode              2009dd5c     LIBC:dllcrt0.obj
 0003:0005dd60       ___app_type                2009dd60     LIBC:dllcrt0.obj
 0003:0005dd94       ___lc_handle               2009dd94     LIBC:nlsdata2.obj
 0003:0005ddac       ___lc_codepage             2009ddac     LIBC:nlsdata2.obj
 0003:0005ddb0       ___lc_collate_cp           2009ddb0     LIBC:nlsdata2.obj
 0003:0005ddb4       _errno                     2009ddb4     LIBC:crt0dat.obj
 0003:0005ddb8       __doserrno                 2009ddb8     LIBC:crt0dat.obj
 0003:0005ddbc       __umaskval                 2009ddbc     LIBC:crt0dat.obj
 0003:0005ddc0       __osplatform               2009ddc0     LIBC:crt0dat.obj
 0003:0005ddc4       __osver                    2009ddc4     LIBC:crt0dat.obj
 0003:0005ddc8       __winver                   2009ddc8     LIBC:crt0dat.obj
 0003:0005ddcc       __winmajor                 2009ddcc     LIBC:crt0dat.obj
 0003:0005ddd0       __winminor                 2009ddd0     LIBC:crt0dat.obj
 0003:0005ddd4       ___argc                    2009ddd4     LIBC:crt0dat.obj
 0003:0005ddd8       ___argv                    2009ddd8     LIBC:crt0dat.obj
 0003:0005dddc       ___wargv                   2009dddc     LIBC:crt0dat.obj
 0003:0005dde0       __environ                  2009dde0     LIBC:crt0dat.obj
 0003:0005dde4       ___initenv                 2009dde4     LIBC:crt0dat.obj
 0003:0005dde8       __wenviron                 2009dde8     LIBC:crt0dat.obj
 0003:0005ddec       ___winitenv                2009ddec     LIBC:crt0dat.obj
 0003:0005ddf0       __pgmptr                   2009ddf0     LIBC:crt0dat.obj
 0003:0005ddf4       __wpgmptr                  2009ddf4     LIBC:crt0dat.obj
 0003:0005ddf8       __exitflag                 2009ddf8     LIBC:crt0dat.obj
 0003:0005ddfc       __C_Termination_Done       2009ddfc     LIBC:crt0dat.obj
 0003:0005de00       __C_Exit_Done              2009de00     LIBC:crt0dat.obj
 0003:0005df14       __pxcptinfoptrs            2009df14     LIBC:winxfltr.obj
 0003:0005df18       __adbgmsg                  2009df18     LIBC:crt0msg.obj
 0003:0005df50       __cflush                   2009df50     LIBC:_file.obj
 0003:0005dfbc       ?_pnhHeap@@3P6AHI@ZA       2009dfbc     LIBC:handler.obj
 0003:0005dfc0       __newmode                  2009dfc0     LIBC:_newmode.obj
 0003:0005dfe0       _remappedShaders           2009dfe0     <common>
 0003:000621e0       _teamgame                  200a21e0     <common>
 0003:00062220       _pushed                    200a2220     <common>
 0003:0006a220       _pushed_p                  200aa220     <common>
 0003:0006a240       _g_password                200aa240     <common>
 0003:0006a360       _g_smoothClients           200aa360     <common>
 0003:0006a480       _g_friendlyFire            200aa480     <common>
 0003:0006a5a0       _g_podiumDist              200aa5a0     <common>
 0003:0006a6c0       _g_gravity                 200aa6c0     <common>
 0003:0006a7e0       _g_filterBan               200aa7e0     <common>
 0003:0006a900       _g_entities                200aa900     <common>
 0003:00136900       _g_restarted               20176900     <common>
 0003:00136a20       _g_quadfactor              20176a20     <common>
 0003:00136b40       _g_debugMove               20176b40     <common>
 0003:00136c60       _g_weaponTeamRespawn       20176c60     <common>
 0003:00136d80       _g_fraglimit               20176d80     <common>
 0003:00136ea0       _g_dmflags                 20176ea0     <common>
 0003:00136fc0       _g_maxclients              20176fc0     <common>
 0003:001370e0       _pmove_msec                201770e0     <common>
 0003:00137200       _g_synchronousClients      20177200     <common>
 0003:00137320       _g_knockback               20177320     <common>
 0003:00137440       _g_warmup                  20177440     <common>
 0003:00137560       _g_weaponRespawn           20177560     <common>
 0003:00137680       _g_allowVote               20177680     <common>
 0003:001377a0       _g_debugAlloc              201777a0     <common>
 0003:001378c0       _g_dedicated               201778c0     <common>
 0003:001379e0       _g_rankings                201779e0     <common>
 0003:00137b00       _g_timelimit               20177b00     <common>
 0003:00137c20       _g_needpass                20177c20     <common>
 0003:00137d40       _g_blood                   20177d40     <common>
 0003:00137e60       _g_listEntity              20177e60     <common>
 0003:00137f80       _g_inactivity              20177f80     <common>
 0003:001380a0       _g_cheats                  201780a0     <common>
 0003:001381c0       _g_maxGameClients          201781c0     <common>
 0003:001382e0       _g_speed                   201782e0     <common>
 0003:00138400       _g_log                     20178400     <common>
 0003:00138520       _g_teamForceBalance        20178520     <common>
 0003:00138640       _g_banIPs                  20178640     <common>
 0003:00138760       _g_gametype                20178760     <common>
 0003:00138880       _g_capturelimit            20178880     <common>
 0003:001389a0       _pmove_fixed               201789a0     <common>
 0003:00138ac0       _g_doWarmup                20178ac0     <common>
 0003:00138be0       _g_logSync                 20178be0     <common>
 0003:00138d00       _g_teamAutoJoin            20178d00     <common>
 0003:00138e20       _g_podiumDrop              20178e20     <common>
 0003:00138f40       _g_motd                    20178f40     <common>
 0003:00139060       _g_debugDamage             20179060     <common>
 0003:00139180       _g_clients                 20179180     <common>
 0003:00145580       _g_forcerespawn            20185580     <common>
 0003:001456a0       _level                     201856a0     <common>
 0003:00147aa0       _itemRegistered            20187aa0     <common>
 0003:00147ea0       _bot_minplayers            20187ea0     <common>
 0003:00147fb0       _g_numArenas               20187fb0     <common>
 0003:00147fb4       _podium1                   20187fb4     <common>
 0003:00147fb8       _podium3                   20187fb8     <common>
 0003:00147fbc       _podium2                   20187fbc     <common>
 0003:00147fc0       _pml                       20187fc0     <common>
 0003:0014804c       _pm                        2018804c     <common>
 0003:00148060       _ctftaskpreferences        20188060     <common>
 0003:00148a60       _bot_interbreedcycle       20188a60     <common>
 0003:00148b80       _bot_saveroutingcache      20188b80     <common>
 0003:00148ca0       _bot_interbreedbots        20188ca0     <common>
 0003:00148dc0       _bot_memorydump            20188dc0     <common>
 0003:00148ed0       _bot_interbreed            20188ed0     <common>
 0003:00148ed4       _floattime                 20188ed4     <common>
 0003:00148ee0       _botstates                 20188ee0     <common>
 0003:00148fe0       _bot_interbreedchar        20188fe0     <common>
 0003:00149100       _bot_developer             20189100     <common>
 0003:00149220       _bot_report                20189220     <common>
 0003:00149340       _bot_interbreedwrite       20189340     <common>
 0003:00149460       _bot_testsolid             20189460     <common>
 0003:00149570       _regularupdate_time        20189570     <common>
 0003:00149574       _numbots                   20189574     <common>
 0003:00149580       _bot_testclusters          20189580     <common>
 0003:00149690       _bot_interbreedmatchcount  20189690     <common>
 0003:001496a0       _bot_pause                 201896a0     <common>
 0003:001497c0       _bot_thinktime             201897c0     <common>
 0003:001498e0       _blue_altroutegoals        201898e0     <common>
 0003:00149be0       _bot_nochat                20189be0     <common>
 0003:00149d00       _bot_challenge             20189d00     <common>
 0003:00149e20       _bot_rocketjump            20189e20     <common>
 0003:00149f40       _ctf_redflag               20189f40     <common>
 0003:00149f78       _botai_freewaypoints       20189f78     <common>
 0003:00149f80       _bot_testrchat             20189f80     <common>
 0003:0014a0a0       _bot_grapple               2018a0a0     <common>
 0003:0014a1b0       _altroutegoals_setup       2018a1b0     <common>
 0003:0014a1c0       _lastteleport_origin       2018a1c0     <common>
 0003:0014a1cc       _lastteleport_time         2018a1cc     <common>
 0003:0014a1d0       _blue_numaltroutegoals     2018a1d0     <common>
 0003:0014a1e0       _bot_predictobstacles      2018a1e0     <common>
 0003:0014a2f0       _maxclients                2018a2f0     <common>
 0003:0014a300       _g_spSkill                 2018a300     <common>
 0003:0014a420       _red_altroutegoals         2018a420     <common>
 0003:0014a720       _bot_fastchat              2018a720     <common>
 0003:0014a840       _ctf_blueflag              2018a840     <common>
 0003:0014a878       _max_bspmodelindex         2018a878     <common>
 0003:0014a87c       _red_numaltroutegoals      2018a87c     <common>
 0003:0014a880       _gametype                  2018a880     <common>
 0003:0014a8a0       _botai_waypoints           2018a8a0     <common>
 0003:0014daa0       _numnodeswitches           2018daa0     <common>
 0003:0014dac0       _nodeswitch                2018dac0     <common>
 0003:0014f780       _notleader                 2018f780     <common>
 0003:0014f880       ___sbh_pHeaderDefer        2018f880     <common>
 0003:0014f884       ___sbh_cntHeaderList       2018f884     <common>
 0003:0014f888       ___sbh_pHeaderList         2018f888     <common>
 0003:0014f88c       ___sbh_threshold           2018f88c     <common>
 0003:0014f890       ___sbh_pHeaderScan         2018f890     <common>
 0003:0014f894       ___sbh_sizeHeaderList      2018f894     <common>
 0003:0014f898       ___sbh_indGroupDefer       2018f898     <common>
 0003:0014f89c       ___piob                    2018f89c     <common>
 0003:0014f8a0       __bufin                    2018f8a0     <common>
 0003:001508a0       __nstream                  201908a0     <common>
 0003:001508a4       ___mblcid                  201908a4     <common>
 0003:001508a8       ___ismbcodepage            201908a8     <common>
 0003:001508c0       __mbctype                  201908c0     <common>
 0003:001509c4       ___mbcodepage              201909c4     <common>
 0003:001509d0       ___mbulinfo                201909d0     <common>
 0003:001509e0       __mbcasemap                201909e0     <common>
 0003:00150ae0       __crtheap                  20190ae0     <common>
 0003:00150ae4       ___active_heap             20190ae4     <common>
 0003:00150ae8       __nhandle                  20190ae8     <common>
 0003:00150b00       ___pioinfo                 20190b00     <common>
 0003:00150c00       ___env_initialized         20190c00     <common>
 0003:00150c04       ___onexitend               20190c04     <common>
 0003:00150c08       ___onexitbegin             20190c08     <common>
 0003:00150c0c       ___mbctype_initialized     20190c0c     <common>
 0003:00150c10       ___use_sse2_mathfcns       20190c10     <common>
 0003:00150c14       ___sse2_available          20190c14     <common>
 0003:00150c18       __acmdln                   20190c18     <common>
 0003:00150c1c       __pRawDllMain              20190c1c     <common>

 entry point at        0001:0002f2ce

 Static symbols

 0001:00004b90       _VectorCompare             20005b90 f   ai_dmnet.obj
 0001:00004cc0       _VectorLengthSquared       20005cc0 f   ai_dmnet.obj
 0001:00004cc0       _VectorLengthSquared       20005cc0 f   ai_dmnet.obj
 0001:00014e30       _PM_StartTorsoAnim         20015e30 f   bg_pmove.obj
 0001:00014e50       _PM_ContinueLegsAnim       20015e50 f   bg_pmove.obj
 0001:00014e90       _PM_ForceLegsAnim          20015e90 f   bg_pmove.obj
 0001:00014f30       _PM_Friction               20015f30 f   bg_pmove.obj
 0001:00015060       _PM_Accelerate             20016060 f   bg_pmove.obj
 0001:000150e0       _PM_CmdScale               200160e0 f   bg_pmove.obj
 0001:00015170       _PM_SetMovementDir         20016170 f   bg_pmove.obj
 0001:00015240       _PM_CheckJump              20016240 f   bg_pmove.obj
 0001:00015300       _PM_CheckWaterJump         20016300 f   bg_pmove.obj
 0001:00015460       _PM_WaterJumpMove          20016460 f   bg_pmove.obj
 0001:000154b0       _PM_WaterMove              200164b0 f   bg_pmove.obj
 0001:000156d0       _PM_FlyMove                200166d0 f   bg_pmove.obj
 0001:000157e0       _PM_AirMove                200167e0 f   bg_pmove.obj
 0001:00015960       _PM_HandMove               20016960 f   bg_pmove.obj
 0001:00015a90       _PM_WalkMove               20016a90 f   bg_pmove.obj
 0001:00015e20       _PM_DeadMove               20016e20 f   bg_pmove.obj
 0001:00015ee0       _PM_NoclipMove             20016ee0 f   bg_pmove.obj
 0001:000160e0       _PM_FootstepForSurface     200170e0 f   bg_pmove.obj
 0001:00016100       _PM_CrashLand              20017100 f   bg_pmove.obj
 0001:00016300       _PM_CorrectAllSolid        20017300 f   bg_pmove.obj
 0001:000164c0       _PM_GroundTraceMissed      200174c0 f   bg_pmove.obj
 0001:000165d0       _PM_GroundTrace            200175d0 f   bg_pmove.obj
 0001:00016840       _PM_SetWaterLevel          20017840 f   bg_pmove.obj
 0001:00016960       _PM_CheckDuck              20017960 f   bg_pmove.obj
 0001:00016b80       _PM_Footsteps              20017b80 f   bg_pmove.obj
 0001:00016d90       _PM_WaterEvents            20017d90 f   bg_pmove.obj
 0001:00016e30       _PM_BeginWeaponChange      20017e30 f   bg_pmove.obj
 0001:00016ea0       _PM_FinishWeaponChange     20017ea0 f   bg_pmove.obj
 0001:00016f20       _PM_TorsoAnimation         20017f20 f   bg_pmove.obj
 0001:00016fa0       _PM_Weapon                 20017fa0 f   bg_pmove.obj
 0001:000171c0       _PM_Animate                200181c0 f   bg_pmove.obj
 0001:00017210       _PM_DropTimers             20018210 f   bg_pmove.obj
 0001:00019710       _SpawnModelOnVictoryPad    2001a710 f   g_arenas.obj
 0001:000199d0       _CelebrateStop             2001a9d0 f   g_arenas.obj
 0001:00019a00       _CelebrateStart            2001aa00 f   g_arenas.obj
 0001:00019a50       _PodiumPlacementThink      2001aa50 f   g_arenas.obj
 0001:00019e80       _SpawnPodium               2001ae80 f   g_arenas.obj
 0001:0001a310       _G_LoadArenasFromFile      2001b310 f   g_bot.obj
 0001:0001a3e0       _G_LoadArenas              2001b3e0 f   g_bot.obj
 0001:0001a580       _PlayerIntroSound          2001b580 f   g_bot.obj
 0001:0001ac00       _AddBotToSpawnQueue        2001bc00 f   g_bot.obj
 0001:0001ae30       _G_SpawnBots               2001be30 f   g_bot.obj
 0001:0001af70       _G_LoadBotsFromFile        2001bf70 f   g_bot.obj
 0001:0001b040       _G_LoadBots                2001c040 f   g_bot.obj
 0001:0001b330       _G_AddBot                  2001c330 f   g_bot.obj
 0001:0001c180       _ClientCleanName           2001d180 f   g_client.obj
 0001:0001e450       _G_SayTo                   2001f450 f   g_cmds.obj
 0001:0001e770       _Cmd_Tell_f                2001f770 f   g_cmds.obj
 0001:0001e840       _G_VoiceTo                 2001f840 f   g_cmds.obj
 0001:0001e990       _Cmd_VoiceTell_f           2001f990 f   g_cmds.obj
 0001:0001ea60       _Cmd_VoiceTaunt_f          2001fa60 f   g_cmds.obj
 0001:00025650       _Touch_DoorTriggerSpectator 20026650 f   g_mover.obj
 0001:00027df0       _StringToFilter            20028df0 f   g_svcmds.obj
 0001:00027ea0       _UpdateIPBans              20028ea0 f   g_svcmds.obj
 0001:00028080       _AddIP                     20029080 f   g_svcmds.obj
 0001:0002a2c0       _target_location_linkup    2002b2c0 f   g_target.obj
 0001:0002a3d0       _VectorLength              2002b3d0 f   g_team.obj
 0001:0002ebc0       _$$$00001                  2002fbc0 f   LIBC:strchr.obj
 0001:0002eed0       _shortsort                 2002fed0 f   LIBC:qsort.obj
 0001:0002f5af       __shift                    200305af f   LIBC:cvt.obj
 0001:0002fab9       __hextodec                 20030ab9 f   LIBC:input.obj
 0001:0002faeb       __inc                      20030aeb f   LIBC:input.obj
 0001:00030e3a       _write_char                20031e3a f   LIBC:output.obj
 0001:00030e6d       _write_multi_char          20031e6d f   LIBC:output.obj
 0001:00030e91       _write_string              20031e91 f   LIBC:output.obj
 0001:0003194e       _has_osfxsr_set            2003294e f   LIBC:cpu_disp.obj
 0001:00031bbe       _doexit                    20032bbe f   LIBC:crt0dat.obj
 0001:00031f34       _parse_cmdline             20032f34 f   LIBC:stdargv.obj
 0001:000326d9       $$$00003                   200336d9 f   LIBC:exsup3.obj
 0001:00032a43       _CPtoLCID                  20033a43 f   LIBC:mbctype.obj
 0001:00032a72       _setSBCS                   20033a72 f   LIBC:mbctype.obj
 0001:00032a9b       _setSBUpLow                20033a9b f   LIBC:mbctype.obj
 0001:000334d9       __abstract_cw              200344d9 f   LIBC:ieee87.obj
 0001:0003356b       __hw_cw                    2003456b f   LIBC:ieee87.obj
 0001:00033ac8       _report_failure            20034ac8 f   LIBC:secchk.obj
 0001:00035db0       $$$00001                   20036db0 f   LIBC:exsup.obj
 0001:00035dd0       __unwind_handler           20036dd0 f   LIBC:exsup.obj
 0001:00035dd0       $$$00003                   20036dd0 f   LIBC:exsup.obj
 0001:00035df2       $$$00005                   20036df2 f   LIBC:exsup.obj
 0001:00035e5a       $$$00007                   20036e5a f   LIBC:exsup.obj
 0001:00035e9e       $$$00011                   20036e9e f   LIBC:exsup.obj
 0001:00036f94       _flsall                    20037f94 f   LIBC:fflush.obj
