 qagamex86

 Timestamp is 54b9fe4e (Sat Jan 17 00:16:46 2015)

 Preferred load address is 20000000

 Start         Length     Name                   Class
 0001:00000000 00039a06H .text                   CODE
 0002:00000000 000000e0H .idata$5                DATA
 0002:000000e0 00006ba8H .rdata                  DATA
 0002:00006c90 00000008H .rdata$sxdata           DATA
 0002:00006c98 00000004H .rtc$IAA                DATA
 0002:00006c9c 00000004H .rtc$IZZ                DATA
 0002:00006ca0 00000004H .rtc$TAA                DATA
 0002:00006ca4 00000004H .rtc$TZZ                DATA
 0002:00006ca8 00000014H .idata$2                DATA
 0002:00006cbc 00000014H .idata$3                DATA
 0002:00006cd0 000000e0H .idata$4                DATA
 0002:00006db0 000003e4H .idata$6                DATA
 0002:000071a0 0000005aH .edata                  DATA
 0003:00000000 00000004H .CRT$XCA                DATA
 0003:00000004 00000004H .CRT$XCAA               DATA
 0003:00000008 00000004H .CRT$XCZ                DATA
 0003:0000000c 00000004H .CRT$XIA                DATA
 0003:00000010 00000010H .CRT$XIC                DATA
 0003:00000020 00000004H .CRT$XIZ                DATA
 0003:00000024 00000004H .CRT$XPA                DATA
 0003:00000028 00000004H .CRT$XPX                DATA
 0003:0000002c 00000004H .CRT$XPZ                DATA
 0003:00000030 00000004H .CRT$XTA                DATA
 0003:00000034 00000004H .CRT$XTZ                DATA
 0003:00000040 000026c4H .data                   DATA
 0003:00002720 0014c8a0H .bss                    DATA

  Address         Publics by Value              Rva+Base     Lib:Object

 0000:00000000       __except_list              00000000     <absolute>
 0000:00000002       ___safe_se_handler_count   00000002     <absolute>
 0001:00000000       _BotNumActivePlayers       20001000 f   ai_chat.obj
 0001:000000d0       _BotIsFirstInRankings      200010d0 f   ai_chat.obj
 0001:000001e0       _BotIsLastInRankings       200011e0 f   ai_chat.obj
 0001:000002f0       _BotFirstClientInRankings  200012f0 f   ai_chat.obj
 0001:00000400       _BotLastClientInRankings   20001400 f   ai_chat.obj
 0001:00000510       _BotRandomOpponentName     20001510 f   ai_chat.obj
 0001:00000670       _BotMapTitle               20001670 f   ai_chat.obj
 0001:000006c0       _BotWeaponNameForMeansOfDeath 200016c0 f   ai_chat.obj
 0001:00000760       _BotRandomWeaponName       20001760 f   ai_chat.obj
 0001:000007f0       _BotVisibleEnemies         200017f0 f   ai_chat.obj
 0001:000008c0       _BotValidChatPosition      200018c0 f   ai_chat.obj
 0001:00000a50       _BotChat_EnterGame         20001a50 f   ai_chat.obj
 0001:00000b60       _BotChat_ExitGame          20001b60 f   ai_chat.obj
 0001:00000c60       _BotChat_StartLevel        20001c60 f   ai_chat.obj
 0001:00000d60       _BotChat_EndLevel          20001d60 f   ai_chat.obj
 0001:00000f30       _BotChat_Death             20001f30 f   ai_chat.obj
 0001:000012b0       _BotChat_Kill              200022b0 f   ai_chat.obj
 0001:000014b0       _BotChat_EnemySuicide      200024b0 f   ai_chat.obj
 0001:000015c0       _BotChat_HitTalking        200025c0 f   ai_chat.obj
 0001:00001740       _BotChat_HitNoDeath        20002740 f   ai_chat.obj
 0001:000018f0       _BotChat_HitNoKill         200028f0 f   ai_chat.obj
 0001:00001a60       _BotChat_Random            20002a60 f   ai_chat.obj
 0001:00001cb0       _BotChatTime               20002cb0 f   ai_chat.obj
 0001:00001ce0       _BotGetItemTeamGoal        20002ce0 f   ai_cmd.obj
 0001:00001d40       _BotGetMessageTeamGoal     20002d40 f   ai_cmd.obj
 0001:00001d90       _BotGetTime                20002d90 f   ai_cmd.obj
 0001:00001ea0       _FindClientByName          20002ea0 f   ai_cmd.obj
 0001:00001f50       _FindEnemyByName           20002f50 f   ai_cmd.obj
 0001:00002030       _NumPlayersOnSameTeam      20003030 f   ai_cmd.obj
 0001:000020d0       _BotGetPatrolWaypoints     200030d0 f   ai_cmd.obj
 0001:000022f0       _BotAddressedToBot         200032f0 f   ai_cmd.obj
 0001:00002550       _BotMatch_HelpAccompany    20003550 f   ai_cmd.obj
 0001:000028c0       _BotMatch_DefendKeyArea    200038c0 f   ai_cmd.obj
 0001:000029f0       _BotMatch_GetItem          200039f0 f   ai_cmd.obj
 0001:00002af0       _BotMatch_Camp             20003af0 f   ai_cmd.obj
 0001:00002dc0       _BotMatch_Patrol           20003dc0 f   ai_cmd.obj
 0001:00002ec0       _BotMatch_GetFlag          20003ec0 f   ai_cmd.obj
 0001:00002fc0       _BotMatch_RushBase         20003fc0 f   ai_cmd.obj
 0001:000030b0       _BotMatch_TaskPreference   200040b0 f   ai_cmd.obj
 0001:000031b0       _BotMatch_ReturnFlag       200041b0 f   ai_cmd.obj
 0001:00003280       _BotMatch_JoinSubteam      20004280 f   ai_cmd.obj
 0001:00003330       _BotMatch_LeaveSubteam     20004330 f   ai_cmd.obj
 0001:000033d0       _BotMatch_WhichTeam        200043d0 f   ai_cmd.obj
 0001:00003450       _BotMatch_CheckPoint       20004450 f   ai_cmd.obj
 0001:00003640       _BotMatch_FormationSpace   20004640 f   ai_cmd.obj
 0001:000036f0       _BotMatch_Dismiss          200046f0 f   ai_cmd.obj
 0001:00003790       _BotMatch_Suicide          20004790 f   ai_cmd.obj
 0001:00003810       _BotMatch_StartTeamLeaderShip 20004810 f   ai_cmd.obj
 0001:000038c0       _BotMatch_StopTeamLeaderShip 200048c0 f   ai_cmd.obj
 0001:00003980       _BotMatch_WhoIsTeamLeader  20004980 f   ai_cmd.obj
 0001:000039e0       _BotMatch_WhatAreYouDoing  200049e0 f   ai_cmd.obj
 0001:00003bc0       _BotMatch_WhatIsMyCommand  20004bc0 f   ai_cmd.obj
 0001:00003c00       _BotNearestVisibleItem     20004c00 f   ai_cmd.obj
 0001:00003d20       _BotMatch_WhereAreYou      20004d20 f   ai_cmd.obj
 0001:00003f50       _BotMatch_LeadTheWay       20004f50 f   ai_cmd.obj
 0001:00004170       _BotMatch_Kill             20005170 f   ai_cmd.obj
 0001:00004280       _BotMatch_CTF              20005280 f   ai_cmd.obj
 0001:000043e0       _BotMatch_EnterGame        200053e0 f   ai_cmd.obj
 0001:00004420       _BotMatch_NewLeader        20005420 f   ai_cmd.obj
 0001:00004470       _BotMatchMessage           20005470 f   ai_cmd.obj
 0001:00004920       _BotResetNodeSwitches      20005920 f   ai_dmnet.obj
 0001:00004930       _BotDumpNodeSwitches       20005930 f   ai_dmnet.obj
 0001:000049b0       _BotRecordNodeSwitch       200059b0 f   ai_dmnet.obj
 0001:00004a20       _BotGetAirGoal             20005a20 f   ai_dmnet.obj
 0001:00004bc0       _BotGoForAir               20005bc0 f   ai_dmnet.obj
 0001:00004cd0       _BotNearbyGoal             20005cd0 f   ai_dmnet.obj
 0001:00004d70       _BotReachedGoal            20005d70 f   ai_dmnet.obj
 0001:00004eb0       _BotGetItemLongTermGoal    20005eb0 f   ai_dmnet.obj
 0001:00004f80       _BotGetLongTermGoal        20005f80 f   ai_dmnet.obj
 0001:000066e0       _BotLongTermGoal           200076e0 f   ai_dmnet.obj
 0001:00006b10       _AINode_Observer           20007b10 f   ai_dmnet.obj
 0001:00006b60       _AINode_Respawn            20007b60 f   ai_dmnet.obj
 0001:00006c40       _BotSelectActivateWeapon   20007c40 f   ai_dmnet.obj
 0001:00006d00       _BotClearPath              20007d00 f   ai_dmnet.obj
 0001:00007070       _AIEnter_Battle_SuicidalFight 20008070 f   ai_dmnet.obj
 0001:000070c0       _AIEnter_Battle_NBG        200080c0 f   ai_dmnet.obj
 0001:000070f0       _AIEnter_Respawn           200080f0 f   ai_dmnet.obj
 0001:000071d0       _AINode_Battle_Retreat     200081d0 f   ai_dmnet.obj
 0001:00007710       _AIEnter_Battle_Retreat    20008710 f   ai_dmnet.obj
 0001:00007740       _AINode_Battle_Chase       20008740 f   ai_dmnet.obj
 0001:00007c10       _AIEnter_Battle_Chase      20008c10 f   ai_dmnet.obj
 0001:00007c50       _AINode_Battle_Fight       20008c50 f   ai_dmnet.obj
 0001:000080f0       _AIEnter_Battle_Fight      200090f0 f   ai_dmnet.obj
 0001:00008130       _AINode_Seek_NBG           20009130 f   ai_dmnet.obj
 0001:00008510       _AIEnter_Seek_NBG          20009510 f   ai_dmnet.obj
 0001:000085b0       _AINode_Seek_LTG           200095b0 f   ai_dmnet.obj
 0001:00008b30       _AIEnter_Seek_LTG          20009b30 f   ai_dmnet.obj
 0001:00008bd0       _AINode_Stand              20009bd0 f   ai_dmnet.obj
 0001:00008ce0       _AIEnter_Stand             20009ce0 f   ai_dmnet.obj
 0001:00008d20       _AINode_Intermission       20009d20 f   ai_dmnet.obj
 0001:00008da0       _AIEnter_Intermission      20009da0 f   ai_dmnet.obj
 0001:00008e00       _AINode_Seek_ActivateEntity 20009e00 f   ai_dmnet.obj
 0001:000093c0       _AINode_Battle_NBG         2000a3c0 f   ai_dmnet.obj
 0001:000097d0       _AIEnter_Seek_ActivateEntity 2000a7d0 f   ai_dmnet.obj
 0001:00009800       _BotSetUserInfo            2000a800 f   ai_dmq3.obj
 0001:00009860       _BotCTFCarryingFlag        2000a860 f   ai_dmq3.obj
 0001:000098a0       _BotTeam                   2000a8a0 f   ai_dmq3.obj
 0001:00009930       _BotOppositeTeam           2000a930 f   ai_dmq3.obj
 0001:00009960       _EntityIsDead              2000a960 f   ai_dmq3.obj
 0001:000099a0       _EntityCarriesFlag         2000a9a0 f   ai_dmq3.obj
 0001:000099c0       _EntityIsInvisible         2000a9c0 f   ai_dmq3.obj
 0001:000099e0       _EntityIsShooting          2000a9e0 f   ai_dmq3.obj
 0001:000099f0       _BotRememberLastOrderedTask 2000a9f0 f   ai_dmq3.obj
 0001:00009a40       _BotRefuseOrder            2000aa40 f   ai_dmq3.obj
 0001:00009ab0       _BotCTFRetreatGoals        2000aab0 f   ai_dmq3.obj
 0001:00009b20       _BotPointAreaNum           2000ab20 f   ai_dmq3.obj
 0001:00009b80       _ClientName                2000ab80 f   ai_dmq3.obj
 0001:00009c10       _ClientFromName            2000ac10 f   ai_dmq3.obj
 0001:00009cb0       _stristr                   2000acb0 f   ai_dmq3.obj
 0001:00009d20       _EasyClientName            2000ad20 f   ai_dmq3.obj
 0001:00009ee0       _BotSynonymContext         2000aee0 f   ai_dmq3.obj
 0001:00009f10       _BotChooseWeapon           2000af10 f   ai_dmq3.obj
 0001:00009f80       _BotSetupForMovement       2000af80 f   ai_dmq3.obj
 0001:0000a090       _BotUpdateInventory        2000b090 f   ai_dmq3.obj
 0001:0000a260       _BotUpdateBattleInventory  2000b260 f   ai_dmq3.obj
 0001:0000a2d0       _BotBattleUseItems         2000b2d0 f   ai_dmq3.obj
 0001:0000a340       _BotIsDead                 2000b340 f   ai_dmq3.obj
 0001:0000a350       _BotIsObserver             2000b350 f   ai_dmq3.obj
 0001:0000a3b0       _BotIntermission           2000b3b0 f   ai_dmq3.obj
 0001:0000a3e0       _BotInLavaOrSlime          2000b3e0 f   ai_dmq3.obj
 0001:0000a420       _BotCreateWayPoint         2000b420 f   ai_dmq3.obj
 0001:0000a4b0       _BotFindWayPoint           2000b4b0 f   ai_dmq3.obj
 0001:0000a4f0       _BotFreeWaypoints          2000b4f0 f   ai_dmq3.obj
 0001:0000a520       _TeamPlayIsOn              2000b520 f   ai_dmq3.obj
 0001:0000a530       _BotAggression             2000b530 f   ai_dmq3.obj
 0001:0000a650       _BotWantsToRetreat         2000b650 f   ai_dmq3.obj
 0001:0000a6e0       _BotWantsToChase           2000b6e0 f   ai_dmq3.obj
 0001:0000a770       _BotCanAndWantsToRocketJump 2000b770 f   ai_dmq3.obj
 0001:0000a7f0       _BotHasPersistantPowerupAndWeapon 2000b7f0 f   ai_dmq3.obj
 0001:0000a8c0       _BotGoCamp                 2000b8c0 f   ai_dmq3.obj
 0001:0000a990       _BotWantsToCamp            2000b990 f   ai_dmq3.obj
 0001:0000ab60       _BotDontAvoid              2000bb60 f   ai_dmq3.obj
 0001:0000abc0       _BotGoForPowerups          2000bbc0 f   ai_dmq3.obj
 0001:0000ac10       _BotRoamGoal               2000bc10 f   ai_dmq3.obj
 0001:0000aef0       _BotAttackMove             2000bef0 f   ai_dmq3.obj
 0001:0000b450       _BotSameTeam               2000c450 f   ai_dmq3.obj
 0001:0000b510       _InFieldOfVision           2000c510 f   ai_dmq3.obj
 0001:0000b5e0       _BotEntityVisible          2000c5e0 f   ai_dmq3.obj
 0001:0000b9e0       _BotFindEnemy              2000c9e0 f   ai_dmq3.obj
 0001:0000bdf0       _BotTeamFlagCarrierVisible 2000cdf0 f   ai_dmq3.obj
 0001:0000bea0       _BotTeamFlagCarrier        2000cea0 f   ai_dmq3.obj
 0001:0000bf20       _BotEnemyFlagCarrierVisible 2000cf20 f   ai_dmq3.obj
 0001:0000bfd0       _BotAimAtEnemy             2000cfd0 f   ai_dmq3.obj
 0001:0000cef0       _BotCheckAttack            2000def0 f   ai_dmq3.obj
 0001:0000d370       _BotMapScripts             2000e370 f   ai_dmq3.obj
 0001:0000d690       _BotSetMovedir             2000e690 f   ai_dmq3.obj
 0001:0000d750       _BotModelMinsMaxs          2000e750 f   ai_dmq3.obj
 0001:0000d840       _BotFuncButtonActivateGoal 2000e840 f   ai_dmq3.obj
 0001:0000e000       _BotFuncDoorActivateGoal   2000f000 f   ai_dmq3.obj
 0001:0000e120       _BotTriggerMultipleActivateGoal 2000f120 f   ai_dmq3.obj
 0001:0000e2d0       _BotPushOntoActivateGoalStack 2000f2d0 f   ai_dmq3.obj
 0001:0000e450       _BotEnableActivateGoalAreas 2000f450 f   ai_dmq3.obj
 0001:0000e4b0       _BotIsGoingToActivateEntity 2000f4b0 f   ai_dmq3.obj
 0001:0000e530       _BotGetActivateGoal        2000f530 f   ai_dmq3.obj
 0001:0000ecd0       _BotGoForActivateGoal      2000fcd0 f   ai_dmq3.obj
 0001:0000ed80       _BotRandomMove             2000fd80 f   ai_dmq3.obj
 0001:0000ee10       _BotAIBlocked              2000fe10 f   ai_dmq3.obj
 0001:0000f0d0       _BotAIPredictObstacles     200100d0 f   ai_dmq3.obj
 0001:0000f260       _BotCheckConsoleMessages   20010260 f   ai_dmq3.obj
 0001:0000f5f0       _BotCheckEvents            200105f0 f   ai_dmq3.obj
 0001:0000f930       _BotCheckSnapshot          20010930 f   ai_dmq3.obj
 0001:0000fa20       _BotAlternateRoute         20010a20 f   ai_dmq3.obj
 0001:0000faa0       _BotGetAlternateRouteGoal  20010aa0 f   ai_dmq3.obj
 0001:0000fb80       _BotDeathmatchAI           20010b80 f   ai_dmq3.obj
 0001:0000fea0       _BotSetupDeathmatchAI      20010ea0 f   ai_dmq3.obj
 0001:00010070       _BotSetLastOrderedTask     20011070 f   ai_dmq3.obj
 0001:000101b0       _BotCTFSeekGoals           200111b0 f   ai_dmq3.obj
 0001:000108c0       _BotTeamGoals              200118c0 f   ai_dmq3.obj
 0001:00010930       _ClientOnSameTeamFromName  20011930 f   ai_dmq3.obj
 0001:000109f0       _BotPopFromActivateGoalStack 200119f0 f   ai_dmq3.obj
 0001:00010a40       _BotClearActivateGoalStack 20011a40 f   ai_dmq3.obj
 0001:00010af0       _BotAI_Print               20011af0 f   ai_main.obj
 0001:00010bd0       _BotAI_Trace               20011bd0 f   ai_main.obj
 0001:00010c70       _BotAI_GetClientState      20011c70 f   ai_main.obj
 0001:00010cb0       _BotAI_GetEntityState      20011cb0 f   ai_main.obj
 0001:00010d10       _BotAI_GetSnapshotEntity   20011d10 f   ai_main.obj
 0001:00010d50       _BotAI_BotInitialChat      20011d50 f   ai_main.obj
 0001:00010df0       _BotSetInfoConfigString    20011df0 f   ai_main.obj
 0001:00011100       _BotUpdateInfoConfigStrings 20012100 f   ai_main.obj
 0001:000111b0       _BotInterbreedBots         200121b0 f   ai_main.obj
 0001:00011300       _BotWriteInterbreeded      20012300 f   ai_main.obj
 0001:00011560       _BotInterbreedEndMatch     20012560 f   ai_main.obj
 0001:000115e0       _BotEntityInfo             200125e0 f   ai_main.obj
 0001:000115f0       _NumBots                   200125f0 f   ai_main.obj
 0001:00011600       _BotTeamLeader             20012600 f   ai_main.obj
 0001:00011630       _BotChangeViewAngle        20012630 f   ai_main.obj
 0001:00011700       _BotChangeViewAngles       20012700 f   ai_main.obj
 0001:00011990       _BotInputToUserCommand     20012990 f   ai_main.obj
 0001:00011c00       _BotUpdateInput            20012c00 f   ai_main.obj
 0001:00011ce0       _RemoveColorEscapeSequences 20012ce0 f   ai_main.obj
 0001:00011d30       _BotAI                     20012d30 f   ai_main.obj
 0001:00012050       _BotScheduleBotThink       20013050 f   ai_main.obj
 0001:000120f0       _BotWriteSessionData       200130f0 f   ai_main.obj
 0001:000121c0       _BotAIShutdownClient       200131c0 f   ai_main.obj
 0001:000122a0       _BotResetState             200132a0 f   ai_main.obj
 0001:00012420       _BotAILoadMap              20013420 f   ai_main.obj
 0001:000124a0       _BotInitLibrary            200134a0 f   ai_main.obj
 0001:00012900       _BotAISetup                20013900 f   ai_main.obj
 0001:00012a60       _BotAIShutdown             20013a60 f   ai_main.obj
 0001:00012ab0       _BotInterbreeding          20013ab0 f   ai_main.obj
 0001:00012ba0       _BotAIStartFrame           20013ba0 f   ai_main.obj
 0001:00013090       _BotNumTeamMates           20014090 f   ai_team.obj
 0001:00013170       _BotClientTravelTimeToGoal 20014170 f   ai_team.obj
 0001:000131d0       _BotSortTeamMatesByBaseTravelTime 200141d0 f   ai_team.obj
 0001:000133a0       _BotSetTeamMateTaskPreference 200143a0 f   ai_team.obj
 0001:000133f0       _BotGetTeamMateTaskPreference 200143f0 f   ai_team.obj
 0001:00013440       _BotSortTeamMatesByTaskPreference 20014440 f   ai_team.obj
 0001:00013550       _BotSayTeamOrderAlways     20014550 f   ai_team.obj
 0001:000135f0       _BotCTFOrders_BothFlagsNotAtBase 200145f0 f   ai_team.obj
 0001:000138e0       _BotCTFOrders_FlagNotAtBase 200148e0 f   ai_team.obj
 0001:00013cd0       _BotCTFOrders_EnemyFlagNotAtBase 20014cd0 f   ai_team.obj
 0001:00013f80       _BotCTFOrders_BothFlagsAtBase 20014f80 f   ai_team.obj
 0001:00014370       _BotCTFOrders              20015370 f   ai_team.obj
 0001:000143f0       _BotCreateGroup            200153f0 f   ai_team.obj
 0001:00014490       _BotTeamOrders             20015490 f   ai_team.obj
 0001:00014630       _FindHumanTeamLeader       20015630 f   ai_team.obj
 0001:000146b0       _BotTeamAI                 200156b0 f   ai_team.obj
 0001:00014a60       _BotVoiceChat_GetFlag      20015a60 f   ai_vcmd.obj
 0001:00014b20       _BotVoiceChat_Offense      20015b20 f   ai_vcmd.obj
 0001:00014bc0       _BotVoiceChat_Defend       20015bc0 f   ai_vcmd.obj
 0001:00014c90       _BotVoiceChat_DefendFlag   20015c90 f   ai_vcmd.obj
 0001:00014ca0       _BotVoiceChat_Patrol       20015ca0 f   ai_vcmd.obj
 0001:00014d00       _BotVoiceChat_Camp         20015d00 f   ai_vcmd.obj
 0001:00014e70       _BotVoiceChat_FollowMe     20015e70 f   ai_vcmd.obj
 0001:00015000       _BotVoiceChat_FollowFlagCarrier 20016000 f   ai_vcmd.obj
 0001:00015030       _BotVoiceChat_ReturnFlag   20016030 f   ai_vcmd.obj
 0001:000150c0       _BotVoiceChat_StartLeader  200160c0 f   ai_vcmd.obj
 0001:000150e0       _BotVoiceChat_StopLeader   200160e0 f   ai_vcmd.obj
 0001:00015130       _BotVoiceChat_WhoIsLeader  20016130 f   ai_vcmd.obj
 0001:000151b0       _BotVoiceChat_WantOnDefense 200161b0 f   ai_vcmd.obj
 0001:00015230       _BotVoiceChat_WantOnOffense 20016230 f   ai_vcmd.obj
 0001:000152b0       _BotVoiceChat_Dummy        200162b0 f   ai_vcmd.obj
 0001:000152b0       _SP_info_player_intermission 200162b0 f   g_client.obj
 0001:000152b0       _SP_team_CTF_redplayer     200162b0 f   g_team.obj
 0001:000152b0       _BotVoiceChat              200162b0 f   ai_team.obj
 0001:000152b0       _BotVoiceChatOnly          200162b0 f   ai_team.obj
 0001:000152b0       _SP_team_CTF_redspawn      200162b0 f   g_team.obj
 0001:000152b0       _SP_team_CTF_bluespawn     200162b0 f   g_team.obj
 0001:000152b0       _BotSetTeamStatus          200162b0 f   ai_dmq3.obj
 0001:000152b0       _SP_misc_teleporter_dest   200162b0 f   g_misc.obj
 0001:000152b0       _SP_team_CTF_blueplayer    200162b0 f   g_team.obj
 0001:000152c0       _BG_FindItemForPowerup     200162c0 f   bg_misc.obj
 0001:00015310       _BG_FindItemForWeapon      20016310 f   bg_misc.obj
 0001:00015360       _BG_FindItem               20016360 f   bg_misc.obj
 0001:000153a0       _BG_CanItemBeGrabbed       200163a0 f   bg_misc.obj
 0001:00015530       _BG_EvaluateTrajectory     20016530 f   bg_misc.obj
 0001:000156c0       _BG_EvaluateTrajectoryDelta 200166c0 f   bg_misc.obj
 0001:000157c0       _BG_AddPredictableEventToPlayerstate 200167c0 f   bg_misc.obj
 0001:000157f0       _BG_TouchJumpPad           200167f0 f   bg_misc.obj
 0001:000158a0       _BG_PlayerStateToEntityState 200168a0 f   bg_misc.obj
 0001:00015b10       _BG_PlayerStateToEntityStateExtraPolate 20016b10 f   bg_misc.obj
 0001:00015d90       _BG_PlayerTouchesItem      20016d90 f   bg_misc.obj
 0001:00015e30       _PM_AddEvent               20016e30 f   bg_pmove.obj
 0001:00015e50       _PM_AddTouchEnt            20016e50 f   bg_pmove.obj
 0001:00015f30       _PM_ClipVelocity           20016f30 f   bg_pmove.obj
 0001:00018370       _PM_UpdateViewAngles       20019370 f   bg_pmove.obj
 0001:00018440       _PmoveSingle               20019440 f   bg_pmove.obj
 0001:000187a0       _Pmove                     200197a0 f   bg_pmove.obj
 0001:00018830       _PM_SlideMove              20019830 f   bg_slidemove.obj
 0001:00018f20       _PM_StepSlideMove          20019f20 f   bg_slidemove.obj
 0001:00019270       _P_DamageFeedback          2001a270 f   g_active.obj
 0001:000193a0       _P_WorldEffects            2001a3a0 f   g_active.obj
 0001:00019550       _ClientImpacts             2001a550 f   g_active.obj
 0001:000195f0       _G_TouchTriggers           2001a5f0 f   g_active.obj
 0001:00019800       _SpectatorThink            2001a800 f   g_active.obj
 0001:000198f0       _ClientInactivityTimer     2001a8f0 f   g_active.obj
 0001:00019a00       _ClientTimerActions        2001aa00 f   g_active.obj
 0001:00019b20       _ClientIntermissionThink   2001ab20 f   g_active.obj
 0001:00019b60       _ClientEvents              2001ab60 f   g_active.obj
 0001:00019d50       _SendPendingPredictableEvents 2001ad50 f   g_active.obj
 0001:00019e00       _ClientThink_real          2001ae00 f   g_active.obj
 0001:0001a2c0       _ClientThink               2001b2c0 f   g_active.obj
 0001:0001a320       _G_RunClient               2001b320 f   g_active.obj
 0001:0001a360       _SpectatorClientEndFrame   2001b360 f   g_active.obj
 0001:0001a470       _ClientEndFrame            2001b470 f   g_active.obj
 0001:0001a600       _UpdateTournamentInfo      2001b600 f   g_arenas.obj
 0001:0001b0b0       _SpawnModelsOnVictoryPads  2001c0b0 f   g_arenas.obj
 0001:0001b1d0       _Svcmd_AbortPodium_f       2001c1d0 f   g_arenas.obj
 0001:0001b200       _G_ParseInfos              2001c200 f   g_bot.obj
 0001:0001b5f0       _G_GetArenaInfoByMap       2001c5f0 f   g_bot.obj
 0001:0001b6b0       _G_AddRandomBot            2001c6b0 f   g_bot.obj
 0001:0001b920       _G_RemoveRandomBot         2001c920 f   g_bot.obj
 0001:0001b9c0       _G_CountHumanPlayers       2001c9c0 f   g_bot.obj
 0001:0001ba20       _G_CountBotPlayers         2001ca20 f   g_bot.obj
 0001:0001bac0       _G_CheckMinimumPlayers     2001cac0 f   g_bot.obj
 0001:0001bc40       _G_CheckBotSpawn           2001cc40 f   g_bot.obj
 0001:0001bd10       _Svcmd_BotList_f           2001cd10 f   g_bot.obj
 0001:0001c230       _G_GetBotInfoByName        2001d230 f   g_bot.obj
 0001:0001c280       _G_InitBots                2001d280 f   g_bot.obj
 0001:0001c7b0       _Svcmd_AddBot_f            2001d7b0 f   g_bot.obj
 0001:0001c900       _SP_info_player_deathmatch 2001d900 f   g_client.obj
 0001:0001c960       _SP_info_player_start      2001d960 f   g_client.obj
 0001:0001c980       _SpotWouldTelefrag         2001d980 f   g_client.obj
 0001:0001ca40       _SelectRandomFurthestSpawnPoint 2001da40 f   g_client.obj
 0001:0001cd00       _SelectSpawnPoint          2001dd00 f   g_client.obj
 0001:0001cd10       _SelectInitialSpawnPoint   2001dd10 f   g_client.obj
 0001:0001cdb0       _InitBodyQue               2001ddb0 f   g_client.obj
 0001:0001cdf0       _BodySink                  2001ddf0 f   g_client.obj
 0001:0001ce40       _CopyToBodyQue             2001de40 f   g_client.obj
 0001:0001d0a0       _SetClientViewAngle        2001e0a0 f   g_client.obj
 0001:0001d150       _TeamCount                 2001e150 f   g_client.obj
 0001:0001d1a0       _TeamLeader                2001e1a0 f   g_client.obj
 0001:0001d1f0       _PickTeam                  2001e1f0 f   g_client.obj
 0001:0001d2f0       _ClientUserinfoChanged     2001e2f0 f   g_client.obj
 0001:0001d7f0       _ClientConnect             2001e7f0 f   g_client.obj
 0001:0001d960       _ClientDisconnect          2001e960 f   g_client.obj
 0001:0001db40       _PersReadClient            2001eb40 f   g_client.obj
 0001:0001db80       _PersReadEntity            2001eb80 f   g_client.obj
 0001:0001dbc0       _G_LoadPersistant          2001ebc0 f   g_client.obj
 0001:0001dc90       _ClientSpawn               2001ec90 f   g_client.obj
 0001:0001e280       _respawn                   2001f280 f   g_client.obj
 0001:0001e2a0       _ClientBegin               2001f2a0 f   g_client.obj
 0001:0001e330       _DeathmatchScoreboardMessage 2001f330 f   g_cmds.obj
 0001:0001e500       _Cmd_Score_f               2001f500 f   g_cmds.obj
 0001:0001e510       _CheatsOk                  2001f510 f   g_cmds.obj
 0001:0001e590       _ConcatArgs                2001f590 f   g_cmds.obj
 0001:0001e640       _SanitizeString            2001f640 f   g_cmds.obj
 0001:0001e690       _ClientNumberFromString    2001f690 f   g_cmds.obj
 0001:0001e840       _Cmd_Give_f                2001f840 f   g_cmds.obj
 0001:0001eaa0       _Cmd_God_f                 2001faa0 f   g_cmds.obj
 0001:0001eb00       _Cmd_Notarget_f            2001fb00 f   g_cmds.obj
 0001:0001eb60       _Cmd_Noclip_f              2001fb60 f   g_cmds.obj
 0001:0001ebd0       _Cmd_LevelShot_f           2001fbd0 f   g_cmds.obj
 0001:0001ec40       _Cmd_TeamTask_f            2001fc40 f   g_cmds.obj
 0001:0001ece0       _Cmd_Kill_f                2001fce0 f   g_cmds.obj
 0001:0001ed30       _BroadcastTeamChange       2001fd30 f   g_cmds.obj
 0001:0001edb0       _SetTeam                   2001fdb0 f   g_cmds.obj
 0001:0001f0e0       _StopFollowing             200200e0 f   g_cmds.obj
 0001:0001f150       _Cmd_Team_f                20020150 f   g_cmds.obj
 0001:0001f2d0       _Cmd_Follow_f              200202d0 f   g_cmds.obj
 0001:0001f3d0       _Cmd_FollowCycle_f         200203d0 f   g_cmds.obj
 0001:0001f570       _G_Say                     20020570 f   g_cmds.obj
 0001:0001f950       _G_Voice                   20020950 f   g_cmds.obj
 0001:0001fce0       _Cmd_GameCommand_f         20020ce0 f   g_cmds.obj
 0001:0001fd80       _Cmd_Where_f               20020d80 f   g_cmds.obj
 0001:0001fdc0       _Cmd_CallVote_f            20020dc0 f   g_cmds.obj
 0001:00020380       _Cmd_Vote_f                20021380 f   g_cmds.obj
 0001:000204d0       _Cmd_CallTeamVote_f        200214d0 f   g_cmds.obj
 0001:00020a80       _Cmd_TeamVote_f            20021a80 f   g_cmds.obj
 0001:00020be0       _Cmd_SetViewpos_f          20021be0 f   g_cmds.obj
 0001:00020d00       _ClientCommand             20021d00 f   g_cmds.obj
 0001:00021450       _AddScore                  20022450 f   g_combat.obj
 0001:000214d0       _TossClientItems           200224d0 f   g_combat.obj
 0001:000215f0       _LookAtKiller              200225f0 f   g_combat.obj
 0001:00021680       _GibEntity                 20022680 f   g_combat.obj
 0001:00021710       _body_die                  20022710 f   g_combat.obj
 0001:00021740       _CheckAlmostCapture        20022740 f   g_combat.obj
 0001:00021830       _CheckAlmostScored         20022830 f   g_combat.obj
 0001:000218e0       _player_die                200228e0 f   g_combat.obj
 0001:00021dc0       _CheckArmor                20022dc0 f   g_combat.obj
 0001:00021e20       _G_Damage                  20022e20 f   g_combat.obj
 0001:00022280       _CanDamage                 20023280 f   g_combat.obj
 0001:000224c0       _G_RadiusDamage            200234c0 f   g_combat.obj
 0001:00022700       _Pickup_Powerup            20023700 f   g_items.obj
 0001:000228d0       _Pickup_Holdable           200238d0 f   g_items.obj
 0001:00022930       _Pickup_Ammo               20023930 f   g_items.obj
 0001:000229a0       _Pickup_Weapon             200239a0 f   g_items.obj
 0001:00022a90       _Pickup_Health             20023a90 f   g_items.obj
 0001:00022b10       _Pickup_Armor              20023b10 f   g_items.obj
 0001:00022b60       _RespawnItem               20023b60 f   g_items.obj
 0001:00022cc0       _Touch_Item                20023cc0 f   g_items.obj
 0001:00022fb0       _LaunchItem                20023fb0 f   g_items.obj
 0001:000230f0       _Drop_Item                 200240f0 f   g_items.obj
 0001:000231a0       _Use_Item                  200241a0 f   g_items.obj
 0001:000231b0       _FinishSpawningItem        200241b0 f   g_items.obj
 0001:000233a0       _G_CheckTeamItems          200243a0 f   g_items.obj
 0001:00023440       _RegisterItem              20024440 f   g_items.obj
 0001:00023480       _SaveRegisteredItems       20024480 f   g_items.obj
 0001:000234e0       _G_SpawnItem               200244e0 f   g_items.obj
 0001:000235e0       _G_BounceItem              200245e0 f   g_items.obj
 0001:00023760       _G_RunItem                 20024760 f   g_items.obj
 0001:000238a0       _ClearRegisteredItems      200248a0 f   g_items.obj
 0001:00023930       _G_Printf                  20024930 f   g_main.obj
 0001:00023960       _G_Error                   20024960 f   g_main.obj
 0001:00023990       _G_FindTeams               20024990 f   g_main.obj
 0001:00023b10       _G_RegisterCvars           20024b10 f   g_main.obj
 0001:00023b80       _G_UpdateCvars             20024b80 f   g_main.obj
 0001:00023bf0       _Com_Error                 20024bf0 f   g_main.obj
 0001:00023c30       _Com_Printf                20024c30 f   g_main.obj
 0001:00023c70       _RemoveTournamentLoser     20024c70 f   g_main.obj
 0001:00023cc0       _AdjustTournamentScores    20024cc0 f   g_main.obj
 0001:00023d30       _SortRanks                 20024d30 f   g_main.obj
 0001:00023e10       _SendScoreboardMessageToAllClients 20024e10 f   g_main.obj
 0001:00023e70       _MoveClientToIntermission  20024e70 f   g_main.obj
 0001:00023f60       _FindIntermissionPoint     20024f60 f   g_main.obj
 0001:00024020       _BeginIntermission         20025020 f   g_main.obj
 0001:000240b0       _ExitLevel                 200250b0 f   g_main.obj
 0001:000241b0       _G_LogPrintf               200251b0 f   g_main.obj
 0001:00024280       _LogExit                   20025280 f   g_main.obj
 0001:00024360       _CheckIntermissionExit     20025360 f   g_main.obj
 0001:000244a0       _ScoreIsTied               200254a0 f   g_main.obj
 0001:00024500       _CheckExitRules            20025500 f   g_main.obj
 0001:000246b0       _PrintTeam                 200256b0 f   g_main.obj
 0001:00024700       _SetLeader                 20025700 f   g_main.obj
 0001:00024800       _CheckTeamLeader           20025800 f   g_main.obj
 0001:000248c0       _G_RunThink                200258c0 f   g_main.obj
 0001:00024920       _G_RunFrame                20025920 f   g_main.obj
 0001:00024b50       _G_InitGame                20025b50 f   g_main.obj
 0001:00024d90       _G_ShutdownGame            20025d90 f   g_main.obj
 0001:00024df0       _CalculateRanks            20025df0 f   g_main.obj
 0001:00025110       _vmMain                    20026110 f   g_main.obj
 0001:00025210       _G_Alloc                   20026210 f   g_mem.obj
 0001:00025280       _G_InitMemory              20026280 f   g_mem.obj
 0001:00025290       _Svcmd_GameMem_f           20026290 f   g_mem.obj
 0001:000252b0       _TeleportPlayer            200262b0 f   g_misc.obj
 0001:00025410       _SP_misc_model             20026410 f   g_misc.obj
 0001:00025410       _SP_light                  20026410 f   g_misc.obj
 0001:00025410       _SP_info_null              20026410 f   g_misc.obj
 0001:00025420       _locateCamera              20026420 f   g_misc.obj
 0001:00025530       _SP_misc_portal_surface    20026530 f   g_misc.obj
 0001:000255b0       _SP_misc_portal_camera     200265b0 f   g_misc.obj
 0001:00025610       _Use_Shooter               20026610 f   g_misc.obj
 0001:00025810       _InitShooter               20026810 f   g_misc.obj
 0001:000258b0       _SP_shooter_rocket         200268b0 f   g_misc.obj
 0001:000258c0       _SP_shooter_plasma         200268c0 f   g_misc.obj
 0001:000258d0       _SP_shooter_grenade        200268d0 f   g_misc.obj
 0001:000258e0       _G_ExplodeMissile          200268e0 f   g_missile.obj
 0001:000259f0       _fire_plasma               200269f0 f   g_missile.obj
 0001:00025b40       _fire_grenade              20026b40 f   g_missile.obj
 0001:00025ca0       _fire_bfg                  20026ca0 f   g_missile.obj
 0001:00025e00       _fire_rocket               20026e00 f   g_missile.obj
 0001:00025f60       _fire_grapple              20026f60 f   g_missile.obj
 0001:000260b0       _G_BounceMissile           200270b0 f   g_missile.obj
 0001:00026210       _G_MissileImpact           20027210 f   g_missile.obj
 0001:000265f0       _G_RunMissile              200275f0 f   g_missile.obj
 0001:00026740       _G_TestEntityPosition      20027740 f   g_mover.obj
 0001:000267b0       _SetMoverState             200277b0 f   g_mover.obj
 0001:00026920       _MatchTeam                 20027920 f   g_mover.obj
 0001:00026950       _ReturnToPos1              20027950 f   g_mover.obj
 0001:00026a50       _Reached_BinaryMover       20027a50 f   g_mover.obj
 0001:00026bc0       _Use_BinaryMover           20027bc0 f   g_mover.obj
 0001:00026cf0       _InitMover                 20027cf0 f   g_mover.obj
 0001:00026f30       _Blocked_Door              20027f30 f   g_mover.obj
 0001:000270a0       _Touch_DoorTrigger         200280a0 f   g_mover.obj
 0001:00027100       _Think_SpawnNewDoorTrigger 20028100 f   g_mover.obj
 0001:000272b0       _Think_MatchTeam           200282b0 f   g_mover.obj
 0001:000272e0       _SP_func_door              200282e0 f   g_mover.obj
 0001:00027540       _Touch_Plat                20028540 f   g_mover.obj
 0001:00027580       _Touch_PlatCenterTrigger   20028580 f   g_mover.obj
 0001:000275c0       _SpawnPlatTrigger          200285c0 f   g_mover.obj
 0001:00027710       _SP_func_plat              20028710 f   g_mover.obj
 0001:00027870       _Touch_Button              20028870 f   g_mover.obj
 0001:000278a0       _SP_func_button            200288a0 f   g_mover.obj
 0001:00027a30       _Think_BeginMoving         20028a30 f   g_mover.obj
 0001:00027a50       _Reached_Train             20028a50 f   g_mover.obj
 0001:00027c60       _Think_SetupTrainTargets   20028c60 f   g_mover.obj
 0001:00027d40       _SP_path_corner            20028d40 f   g_mover.obj
 0001:00027d70       _SP_func_train             20028d70 f   g_mover.obj
 0001:00027e30       _SP_func_static            20028e30 f   g_mover.obj
 0001:00027e80       _SP_func_rotating          20028e80 f   g_mover.obj
 0001:00027f50       _SP_func_bobbing           20028f50 f   g_mover.obj
 0001:00028050       _SP_func_pendulum          20029050 f   g_mover.obj
 0001:00028160       _G_TryPushingEntity        20029160 f   g_mover.obj
 0001:00028540       _G_MoverPush               20029540 f   g_mover.obj
 0001:00028a10       _G_MoverTeam               20029a10 f   g_mover.obj
 0001:00028bb0       _G_RunMover                20029bb0 f   g_mover.obj
 0001:00028bf0       _G_WriteClientSessionData  20029bf0 f   g_session.obj
 0001:00028c70       _G_ReadSessionData         20029c70 f   g_session.obj
 0001:00028d20       _G_InitSessionData         20029d20 f   g_session.obj
 0001:00028de0       _G_InitWorldSession        20029de0 f   g_session.obj
 0001:00028e30       _G_WriteSessionData        20029e30 f   g_session.obj
 0001:00028e90       _G_SpawnString             20029e90 f   g_spawn.obj
 0001:00028f00       _G_SpawnFloat              20029f00 f   g_spawn.obj
 0001:00028f30       _G_SpawnInt                20029f30 f   g_spawn.obj
 0001:00028f60       _G_SpawnVector             20029f60 f   g_spawn.obj
 0001:00028fa0       _G_CallSpawn               20029fa0 f   g_spawn.obj
 0001:000290a0       _G_NewString               2002a0a0 f   g_spawn.obj
 0001:00029100       _G_ParseField              2002a100 f   g_spawn.obj
 0001:00029240       _G_SpawnGEntityFromSpawnVars 2002a240 f   g_spawn.obj
 0001:000293c0       _G_AddSpawnVarToken        2002a3c0 f   g_spawn.obj
 0001:00029430       _G_ParseSpawnVars          2002a430 f   g_spawn.obj
 0001:00029550       _SP_worldspawn             2002a550 f   g_spawn.obj
 0001:000296f0       _G_SpawnEntitiesFromString 2002a6f0 f   g_spawn.obj
 0001:00029930       _G_FilterPacket            2002a930 f   g_svcmds.obj
 0001:00029a50       _G_ProcessIPBans           2002aa50 f   g_svcmds.obj
 0001:00029ac0       _Svcmd_AddIP_f             2002aac0 f   g_svcmds.obj
 0001:00029b10       _Svcmd_RemoveIP_f          2002ab10 f   g_svcmds.obj
 0001:00029bd0       _Svcmd_EntityList_f        2002abd0 f   g_svcmds.obj
 0001:00029d60       _ClientForString           2002ad60 f   g_svcmds.obj
 0001:00029e40       _Svcmd_ForceTeam_f         2002ae40 f   g_svcmds.obj
 0001:00029ec0       _ConsoleCommand            2002aec0 f   g_svcmds.obj
 0001:0002a090       _dllEntry                  2002b090 f   g_syscalls.obj
 0001:0002a0a0       _trap_Printf               2002b0a0 f   g_syscalls.obj
 0001:0002a0c0       _trap_Error                2002b0c0 f   g_syscalls.obj
 0001:0002a0e0       _trap_Milliseconds         2002b0e0 f   g_syscalls.obj
 0001:0002a0f0       _trap_Argc                 2002b0f0 f   g_syscalls.obj
 0001:0002a100       _trap_Argv                 2002b100 f   g_syscalls.obj
 0001:0002a120       _trap_FS_FOpenFile         2002b120 f   g_syscalls.obj
 0001:0002a140       _trap_FS_Read              2002b140 f   g_syscalls.obj
 0001:0002a160       _trap_FS_Write             2002b160 f   g_syscalls.obj
 0001:0002a180       _trap_FS_FCloseFile        2002b180 f   g_syscalls.obj
 0001:0002a1a0       _trap_FS_GetFileList       2002b1a0 f   g_syscalls.obj
 0001:0002a1c0       _trap_SendConsoleCommand   2002b1c0 f   g_syscalls.obj
 0001:0002a1e0       _trap_Cvar_Register        2002b1e0 f   g_syscalls.obj
 0001:0002a200       _trap_Cvar_Update          2002b200 f   g_syscalls.obj
 0001:0002a220       _trap_Cvar_Set             2002b220 f   g_syscalls.obj
 0001:0002a240       _trap_Cvar_VariableIntegerValue 2002b240 f   g_syscalls.obj
 0001:0002a260       _trap_Cvar_VariableStringBuffer 2002b260 f   g_syscalls.obj
 0001:0002a280       _trap_LocateGameData       2002b280 f   g_syscalls.obj
 0001:0002a2b0       _trap_DropClient           2002b2b0 f   g_syscalls.obj
 0001:0002a2d0       _trap_SendServerCommand    2002b2d0 f   g_syscalls.obj
 0001:0002a2f0       _trap_SetConfigstring      2002b2f0 f   g_syscalls.obj
 0001:0002a310       _trap_GetConfigstring      2002b310 f   g_syscalls.obj
 0001:0002a330       _trap_GetUserinfo          2002b330 f   g_syscalls.obj
 0001:0002a350       _trap_SetUserinfo          2002b350 f   g_syscalls.obj
 0001:0002a370       _trap_GetServerinfo        2002b370 f   g_syscalls.obj
 0001:0002a390       _trap_SetBrushModel        2002b390 f   g_syscalls.obj
 0001:0002a3b0       _trap_Trace                2002b3b0 f   g_syscalls.obj
 0001:0002a3e0       _trap_PointContents        2002b3e0 f   g_syscalls.obj
 0001:0002a400       _trap_InPVS                2002b400 f   g_syscalls.obj
 0001:0002a420       _trap_AdjustAreaPortalState 2002b420 f   g_syscalls.obj
 0001:0002a440       _trap_LinkEntity           2002b440 f   g_syscalls.obj
 0001:0002a460       _trap_UnlinkEntity         2002b460 f   g_syscalls.obj
 0001:0002a480       _trap_EntitiesInBox        2002b480 f   g_syscalls.obj
 0001:0002a4a0       _trap_EntityContact        2002b4a0 f   g_syscalls.obj
 0001:0002a4c0       _trap_BotAllocateClient    2002b4c0 f   g_syscalls.obj
 0001:0002a4d0       _trap_GetUsercmd           2002b4d0 f   g_syscalls.obj
 0001:0002a4f0       _trap_GetEntityToken       2002b4f0 f   g_syscalls.obj
 0001:0002a510       _trap_SnapVector           2002b510 f   g_syscalls.obj
 0001:0002a530       _trap_BotLibSetup          2002b530 f   g_syscalls.obj
 0001:0002a540       _trap_BotLibShutdown       2002b540 f   g_syscalls.obj
 0001:0002a550       _trap_BotLibVarSet         2002b550 f   g_syscalls.obj
 0001:0002a570       _trap_BotLibStartFrame     2002b570 f   g_syscalls.obj
 0001:0002a590       _trap_BotLibLoadMap        2002b590 f   g_syscalls.obj
 0001:0002a5b0       _trap_BotLibUpdateEntity   2002b5b0 f   g_syscalls.obj
 0001:0002a5d0       _trap_BotGetSnapshotEntity 2002b5d0 f   g_syscalls.obj
 0001:0002a5f0       _trap_BotGetServerCommand  2002b5f0 f   g_syscalls.obj
 0001:0002a610       _trap_BotUserCommand       2002b610 f   g_syscalls.obj
 0001:0002a630       _trap_AAS_EntityInfo       2002b630 f   g_syscalls.obj
 0001:0002a650       _trap_AAS_Initialized      2002b650 f   g_syscalls.obj
 0001:0002a660       _trap_AAS_PresenceTypeBoundingBox 2002b660 f   g_syscalls.obj
 0001:0002a680       _trap_AAS_Time             2002b680 f   g_syscalls.obj
 0001:0002a6a0       _trap_AAS_PointAreaNum     2002b6a0 f   g_syscalls.obj
 0001:0002a6c0       _trap_AAS_TraceAreas       2002b6c0 f   g_syscalls.obj
 0001:0002a6f0       _trap_AAS_BBoxAreas        2002b6f0 f   g_syscalls.obj
 0001:0002a720       _trap_AAS_AreaInfo         2002b720 f   g_syscalls.obj
 0001:0002a740       _trap_AAS_PointContents    2002b740 f   g_syscalls.obj
 0001:0002a760       _trap_AAS_NextBSPEntity    2002b760 f   g_syscalls.obj
 0001:0002a780       _trap_AAS_ValueForBSPEpairKey 2002b780 f   g_syscalls.obj
 0001:0002a7b0       _trap_AAS_VectorForBSPEpairKey 2002b7b0 f   g_syscalls.obj
 0001:0002a7d0       _trap_AAS_FloatForBSPEpairKey 2002b7d0 f   g_syscalls.obj
 0001:0002a7f0       _trap_AAS_IntForBSPEpairKey 2002b7f0 f   g_syscalls.obj
 0001:0002a810       _trap_AAS_AreaReachability 2002b810 f   g_syscalls.obj
 0001:0002a830       _trap_AAS_AreaTravelTimeToGoalArea 2002b830 f   g_syscalls.obj
 0001:0002a860       _trap_AAS_EnableRoutingArea 2002b860 f   g_syscalls.obj
 0001:0002a880       _trap_AAS_PredictRoute     2002b880 f   g_syscalls.obj
 0001:0002a8d0       _trap_AAS_Swimming         2002b8d0 f   g_syscalls.obj
 0001:0002a8f0       _trap_AAS_PredictClientMovement 2002b8f0 f   g_syscalls.obj
 0001:0002a950       _trap_EA_SayTeam           2002b950 f   g_syscalls.obj
 0001:0002a970       _trap_EA_Command           2002b970 f   g_syscalls.obj
 0001:0002a990       _trap_EA_Action            2002b990 f   g_syscalls.obj
 0001:0002a9b0       _trap_EA_Gesture           2002b9b0 f   g_syscalls.obj
 0001:0002a9d0       _trap_EA_Talk              2002b9d0 f   g_syscalls.obj
 0001:0002a9f0       _trap_EA_Attack            2002b9f0 f   g_syscalls.obj
 0001:0002aa10       _trap_EA_Use               2002ba10 f   g_syscalls.obj
 0001:0002aa30       _trap_EA_Respawn           2002ba30 f   g_syscalls.obj
 0001:0002aa50       _trap_EA_Crouch            2002ba50 f   g_syscalls.obj
 0001:0002aa70       _trap_EA_SelectWeapon      2002ba70 f   g_syscalls.obj
 0001:0002aa90       _trap_EA_View              2002ba90 f   g_syscalls.obj
 0001:0002aab0       _trap_EA_GetInput          2002bab0 f   g_syscalls.obj
 0001:0002aae0       _trap_EA_ResetInput        2002bae0 f   g_syscalls.obj
 0001:0002ab00       _trap_BotFreeCharacter     2002bb00 f   g_syscalls.obj
 0001:0002ab20       _trap_Characteristic_BFloat 2002bb20 f   g_syscalls.obj
 0001:0002ab60       _trap_Characteristic_BInteger 2002bb60 f   g_syscalls.obj
 0001:0002ab90       _trap_Characteristic_String 2002bb90 f   g_syscalls.obj
 0001:0002abc0       _trap_BotFreeChatState     2002bbc0 f   g_syscalls.obj
 0001:0002abe0       _trap_BotQueueConsoleMessage 2002bbe0 f   g_syscalls.obj
 0001:0002ac00       _trap_BotRemoveConsoleMessage 2002bc00 f   g_syscalls.obj
 0001:0002ac20       _trap_BotNextConsoleMessage 2002bc20 f   g_syscalls.obj
 0001:0002ac40       _trap_BotNumConsoleMessages 2002bc40 f   g_syscalls.obj
 0001:0002ac60       _trap_BotInitialChat       2002bc60 f   g_syscalls.obj
 0001:0002acb0       _trap_BotReplyChat         2002bcb0 f   g_syscalls.obj
 0001:0002ad00       _trap_BotEnterChat         2002bd00 f   g_syscalls.obj
 0001:0002ad20       _trap_BotGetChatMessage    2002bd20 f   g_syscalls.obj
 0001:0002ad40       _trap_BotFindMatch         2002bd40 f   g_syscalls.obj
 0001:0002ad60       _trap_BotMatchVariable     2002bd60 f   g_syscalls.obj
 0001:0002ad90       _trap_UnifyWhiteSpaces     2002bd90 f   g_syscalls.obj
 0001:0002adb0       _trap_BotReplaceSynonyms   2002bdb0 f   g_syscalls.obj
 0001:0002add0       _trap_BotSetChatGender     2002bdd0 f   g_syscalls.obj
 0001:0002adf0       _trap_BotSetChatName       2002bdf0 f   g_syscalls.obj
 0001:0002ae10       _trap_BotResetGoalState    2002be10 f   g_syscalls.obj
 0001:0002ae30       _trap_BotResetAvoidGoals   2002be30 f   g_syscalls.obj
 0001:0002ae50       _trap_BotRemoveFromAvoidGoals 2002be50 f   g_syscalls.obj
 0001:0002ae70       _trap_BotPushGoal          2002be70 f   g_syscalls.obj
 0001:0002ae90       _trap_BotPopGoal           2002be90 f   g_syscalls.obj
 0001:0002aeb0       _trap_BotEmptyGoalStack    2002beb0 f   g_syscalls.obj
 0001:0002aed0       _trap_BotDumpAvoidGoals    2002bed0 f   g_syscalls.obj
 0001:0002aef0       _trap_BotDumpGoalStack     2002bef0 f   g_syscalls.obj
 0001:0002af10       _trap_BotGoalName          2002bf10 f   g_syscalls.obj
 0001:0002af30       _trap_BotGetTopGoal        2002bf30 f   g_syscalls.obj
 0001:0002af50       _trap_BotGetSecondGoal     2002bf50 f   g_syscalls.obj
 0001:0002af70       _trap_BotChooseLTGItem     2002bf70 f   g_syscalls.obj
 0001:0002afa0       _trap_BotChooseNBGItem     2002bfa0 f   g_syscalls.obj
 0001:0002afe0       _trap_BotTouchingGoal      2002bfe0 f   g_syscalls.obj
 0001:0002b000       _trap_BotItemGoalInVisButNotVisible 2002c000 f   g_syscalls.obj
 0001:0002b030       _trap_BotGetLevelItemGoal  2002c030 f   g_syscalls.obj
 0001:0002b050       _trap_BotGetNextCampSpotGoal 2002c050 f   g_syscalls.obj
 0001:0002b070       _trap_BotSetAvoidGoalTime  2002c070 f   g_syscalls.obj
 0001:0002b0a0       _trap_BotUpdateEntityItems 2002c0a0 f   g_syscalls.obj
 0001:0002b0b0       _trap_BotInterbreedGoalFuzzyLogic 2002c0b0 f   g_syscalls.obj
 0001:0002b0d0       _trap_BotSaveGoalFuzzyLogic 2002c0d0 f   g_syscalls.obj
 0001:0002b0f0       _trap_BotMutateGoalFuzzyLogic 2002c0f0 f   g_syscalls.obj
 0001:0002b110       _trap_BotFreeGoalState     2002c110 f   g_syscalls.obj
 0001:0002b130       _trap_BotResetMoveState    2002c130 f   g_syscalls.obj
 0001:0002b150       _trap_BotAddAvoidSpot      2002c150 f   g_syscalls.obj
 0001:0002b180       _trap_BotMoveToGoal        2002c180 f   g_syscalls.obj
 0001:0002b1b0       _trap_BotMoveInDirection   2002c1b0 f   g_syscalls.obj
 0001:0002b1e0       _trap_BotResetAvoidReach   2002c1e0 f   g_syscalls.obj
 0001:0002b200       _trap_BotResetLastAvoidReach 2002c200 f   g_syscalls.obj
 0001:0002b220       _trap_BotMovementViewTarget 2002c220 f   g_syscalls.obj
 0001:0002b250       _trap_BotPredictVisiblePosition 2002c250 f   g_syscalls.obj
 0001:0002b280       _trap_BotFreeMoveState     2002c280 f   g_syscalls.obj
 0001:0002b2a0       _trap_BotInitMoveState     2002c2a0 f   g_syscalls.obj
 0001:0002b2c0       _trap_BotChooseBestFightWeapon 2002c2c0 f   g_syscalls.obj
 0001:0002b2e0       _trap_BotGetWeaponInfo     2002c2e0 f   g_syscalls.obj
 0001:0002b300       _trap_BotFreeWeaponState   2002c300 f   g_syscalls.obj
 0001:0002b320       _trap_BotResetWeaponState  2002c320 f   g_syscalls.obj
 0001:0002b340       _trap_GeneticParentsAndChildSelection 2002c340 f   g_syscalls.obj
 0001:0002b370       _Use_Target_Give           2002c370 f   g_target.obj
 0001:0002b410       _SP_target_give            2002c410 f   g_target.obj
 0001:0002b420       _Use_target_remove_powerups 2002c420 f   g_target.obj
 0001:0002b480       _SP_target_remove_powerups 2002c480 f   g_target.obj
 0001:0002b490       _Think_Target_Delay        2002c490 f   g_target.obj
 0001:0002b4b0       _Use_Target_Delay          2002c4b0 f   g_target.obj
 0001:0002b510       _SP_target_delay           2002c510 f   g_target.obj
 0001:0002b570       _Use_Target_Score          2002c570 f   g_target.obj
 0001:0002b590       _SP_target_score           2002c590 f   g_target.obj
 0001:0002b5c0       _Use_Target_Print          2002c5c0 f   g_target.obj
 0001:0002b690       _SP_target_print           2002c690 f   g_target.obj
 0001:0002b6a0       _Use_Target_Speaker        2002c6a0 f   g_target.obj
 0001:0002b730       _SP_target_speaker         2002c730 f   g_target.obj
 0001:0002b880       _target_laser_think        2002c880 f   g_target.obj
 0001:0002b9f0       _target_laser_use          2002c9f0 f   g_target.obj
 0001:0002ba40       _target_laser_start        2002ca40 f   g_target.obj
 0001:0002bb20       _SP_target_laser           2002cb20 f   g_target.obj
 0001:0002bb40       _target_teleporter_use     2002cb40 f   g_target.obj
 0001:0002bb90       _SP_target_teleporter      2002cb90 f   g_target.obj
 0001:0002bbd0       _target_relay_use          2002cbd0 f   g_target.obj
 0001:0002bc50       _SP_target_relay           2002cc50 f   g_target.obj
 0001:0002bc60       _target_kill_use           2002cc60 f   g_target.obj
 0001:0002bc80       _SP_target_kill            2002cc80 f   g_target.obj
 0001:0002bc90       _SP_info_notnull           2002cc90 f   g_misc.obj
 0001:0002bc90       _SP_target_position        2002cc90 f   g_target.obj
 0001:0002bc90       _SP_info_camp              2002cc90 f   g_misc.obj
 0001:0002bd60       _SP_target_location        2002cd60 f   g_target.obj
 0001:0002bd90       _TeamName                  2002cd90 f   g_team.obj
 0001:0002bdf0       _PrintMsg                  2002cdf0 f   g_team.obj
 0001:0002bea0       _AddTeamScore              2002cea0 f   g_team.obj
 0001:0002bfa0       _OnSameTeam                2002cfa0 f   g_team.obj
 0001:0002bfe0       _Team_SetFlagStatus        2002cfe0 f   g_team.obj
 0001:0002c090       _Team_CheckDroppedItem     2002d090 f   g_team.obj
 0001:0002c1a0       _Team_ForceGesture         2002d1a0 f   g_team.obj
 0001:0002c240       _Team_FragBonuses          2002d240 f   g_team.obj
 0001:0002c7d0       _Team_CheckHurtCarrier     2002d7d0 f   g_team.obj
 0001:0002c860       _Team_ResetFlag            2002d860 f   g_team.obj
 0001:0002c8f0       _Team_TakeFlagSound        2002d8f0 f   g_team.obj
 0001:0002c990       _Team_CaptureFlagSound     2002d990 f   g_team.obj
 0001:0002c9d0       _Team_ReturnFlag           2002d9d0 f   g_team.obj
 0001:0002ca90       _Team_FreeEntity           2002da90 f   g_team.obj
 0001:0002cbc0       _Team_DroppedFlagThink     2002dbc0 f   g_team.obj
 0001:0002cc40       _Team_TouchOurFlag         2002dc40 f   g_team.obj
 0001:0002cf70       _Team_TouchEnemyFlag       2002df70 f   g_team.obj
 0001:0002d020       _Pickup_Team               2002e020 f   g_team.obj
 0001:0002d0b0       _Team_GetLocation          2002e0b0 f   g_team.obj
 0001:0002d170       _Team_GetLocationMsg       2002e170 f   g_team.obj
 0001:0002d210       _SelectRandomTeamSpawnPoint 2002e210 f   g_team.obj
 0001:0002d2e0       _SelectCTFSpawnPoint       2002e2e0 f   g_team.obj
 0001:0002d340       _Team_InitGame             2002e340 f   g_team.obj
 0001:0002d440       _multi_wait                2002e440 f   g_trigger.obj
 0001:0002d450       _multi_trigger             2002e450 f   g_trigger.obj
 0001:0002d540       _Use_Multi                 2002e540 f   g_trigger.obj
 0001:0002d560       _Touch_Multi               2002e560 f   g_trigger.obj
 0001:0002d580       _trigger_always_think      2002e580 f   g_trigger.obj
 0001:0002d5a0       _SP_trigger_always         2002e5a0 f   g_trigger.obj
 0001:0002d5c0       _trigger_push_touch        2002e5c0 f   g_trigger.obj
 0001:0002d5e0       _AimAtTarget               2002e5e0 f   g_trigger.obj
 0001:0002d6e0       _Use_target_push           2002e6e0 f   g_trigger.obj
 0001:0002d760       _SP_target_push            2002e760 f   g_trigger.obj
 0001:0002d840       _trigger_teleporter_touch  2002e840 f   g_trigger.obj
 0001:0002d8b0       _hurt_use                  2002e8b0 f   g_trigger.obj
 0001:0002d8d0       _hurt_touch                2002e8d0 f   g_trigger.obj
 0001:0002d950       _func_timer_think          2002e950 f   g_trigger.obj
 0001:0002d9b0       _func_timer_use            2002e9b0 f   g_trigger.obj
 0001:0002d9e0       _SP_func_timer             2002e9e0 f   g_trigger.obj
 0001:0002da90       _InitTrigger               2002ea90 f   g_trigger.obj
 0001:0002db10       _SP_trigger_multiple       2002eb10 f   g_trigger.obj
 0001:0002dba0       _SP_trigger_push           2002eba0 f   g_trigger.obj
 0001:0002dc00       _SP_trigger_teleport       2002ec00 f   g_trigger.obj
 0001:0002dc60       _SP_trigger_hurt           2002ec60 f   g_trigger.obj
 0001:0002dcd0       _AddRemap                  2002ecd0 f   g_utils.obj
 0001:0002dd90       _BuildShaderStateConfig    2002ed90 f   g_utils.obj
 0001:0002de20       _G_FindConfigstringIndex   2002ee20 f   g_utils.obj
 0001:0002df10       _G_ModelIndex              2002ef10 f   g_utils.obj
 0001:0002df30       _G_SoundIndex              2002ef30 f   g_utils.obj
 0001:0002df50       _G_TeamCommand             2002ef50 f   g_utils.obj
 0001:0002dfc0       _G_Find                    2002efc0 f   g_utils.obj
 0001:0002e050       _G_PickTarget              2002f050 f   g_utils.obj
 0001:0002e0e0       _G_UseTargets              2002f0e0 f   g_utils.obj
 0001:0002e1b0       _vtos                      2002f1b0 f   g_utils.obj
 0001:0002e200       _G_SetMovedir              2002f200 f   g_utils.obj
 0001:0002e2e0       _vectoyaw                  2002f2e0 f   g_utils.obj
 0001:0002e360       _G_InitGentity             2002f360 f   g_utils.obj
 0001:0002e3a0       _G_Spawn                   2002f3a0 f   g_utils.obj
 0001:0002e4d0       _G_FreeEntity              2002f4d0 f   g_utils.obj
 0001:0002e520       _G_KillBox                 2002f520 f   g_utils.obj
 0001:0002e5f0       _G_AddPredictableEvent     2002f5f0 f   g_utils.obj
 0001:0002e620       _G_AddEvent                2002f620 f   g_utils.obj
 0001:0002e6d0       _G_SetOrigin               2002f6d0 f   g_utils.obj
 0001:0002e720       _G_TempEntity              2002f720 f   g_utils.obj
 0001:0002e7f0       _G_Sound                   2002f7f0 f   g_utils.obj
 0001:0002e810       _SnapVectorTowards         2002f810 f   g_weapon.obj
 0001:0002e860       _BFG_Fire                  2002f860 f   g_weapon.obj
 0001:0002e8b0       _weapon_grenadelauncher_fire 2002f8b0 f   g_weapon.obj
 0001:0002e920       _Weapon_RocketLauncher_Fire 2002f920 f   g_weapon.obj
 0001:0002e970       _Weapon_Plasmagun_Fire     2002f970 f   g_weapon.obj
 0001:0002e9c0       _Weapon_GrapplingHook_Fire 2002f9c0 f   g_weapon.obj
 0001:0002ea30       _Weapon_HookFree           2002fa30 f   g_weapon.obj
 0001:0002ea70       _Weapon_HookThink          2002fa70 f   g_weapon.obj
 0001:0002eb60       _LogAccuracyHit            2002fb60 f   g_weapon.obj
 0001:0002ebb0       _CalcMuzzlePoint           2002fbb0 f   g_weapon.obj
 0001:0002ec50       _CalcMuzzlePointOrigin     2002fc50 f   g_weapon.obj
 0001:0002ecf0       _Laser_Think               2002fcf0 f   g_weapon.obj
 0001:0002ecf0       _Info_Think                2002fcf0 f   g_weapon.obj
 0001:0002ee80       _Bullet_Fire               2002fe80 f   g_weapon.obj
 0001:0002f0b0       _ShotgunPellet             200300b0 f   g_weapon.obj
 0001:0002f180       _ShotgunPattern            20030180 f   g_weapon.obj
 0001:0002f2f0       _weapon_supershotgun_fire  200302f0 f   g_weapon.obj
 0001:0002f3a0       _weapon_railgun_fire       200303a0 f   g_weapon.obj
 0001:0002f650       _Weapon_LightningFire      20030650 f   g_weapon.obj
 0001:0002f7b0       _FireWeapon                200307b0 f   g_weapon.obj
 0001:0002f910       _Info_Gen                  20030910 f   g_weapon.obj
 0001:0002f9e0       _Laser_Gen                 200309e0 f   g_weapon.obj
 0001:0002fa80       _Q_crandom                 20030a80 f   q_math.obj
 0001:0002fab0       _DirToByte                 20030ab0 f   q_math.obj
 0001:0002fc70       _vectoangles               20030c70 f   q_math.obj
 0001:0002fd80       _ProjectPointOnPlane       20030d80 f   q_math.obj
 0001:0002fe00       _AngleMod                  20030e00 f   q_math.obj
 0001:0002fe30       _AngleNormalize180         20030e30 f   q_math.obj
 0001:0002fe70       _RadiusFromBounds          20030e70 f   q_math.obj
 0001:0002fef0       _AddPointToBounds          20030ef0 f   q_math.obj
 0001:0002ff70       _VectorNormalize           20030f70 f   q_math.obj
 0001:0002ffd0       _VectorNormalize2          20030fd0 f   q_math.obj
 0001:00030040       _AngleVectors              20031040 f   q_math.obj
 0001:00030180       _PerpendicularVector       20031180 f   q_math.obj
 0001:00030270       _COM_ParseExt              20031270 f   q_shared.obj
 0001:000303e0       _Q_strrchr                 200313e0 f   q_shared.obj
 0001:00030410       _Q_strncpyz                20031410 f   q_shared.obj
 0001:00030470       _Q_stricmpn                20031470 f   q_shared.obj
 0001:000304f0       _Q_stricmp                 200314f0 f   q_shared.obj
 0001:00030520       _Q_strcat                  20031520 f   q_shared.obj
 0001:00030570       _Q_CleanStr                20031570 f   q_shared.obj
 0001:000305c0       _Com_sprintf               200315c0 f   q_shared.obj
 0001:00030640       _va                        20031640 f   q_shared.obj
 0001:00030680       _Info_ValueForKey          20031680 f   q_shared.obj
 0001:00030780       _Info_RemoveKey            20031780 f   q_shared.obj
 0001:00030880       _Info_Validate             20031880 f   q_shared.obj
 0001:000308b0       _Info_SetValueForKey       200318b0 f   q_shared.obj
 0001:00030a80       _COM_Parse                 20031a80 f   q_shared.obj
 0001:00030a90       _atol                      20031a90 f   LIBC:atox.obj
 0001:00030ae8       _atoi                      20031ae8 f   LIBC:atox.obj
 0001:00030aed       _srand                     20031aed f   LIBC:rand.obj
 0001:00030af7       _rand                      20031af7 f   LIBC:rand.obj
 0001:00030b1a       __fpclear                  20031b1a f   LIBC:fpinit.obj
 0001:00030b1b       __cfltcvt_init             20031b1b f   LIBC:fpinit.obj
 0001:00030b53       __fpmath                   20031b53 f   LIBC:fpinit.obj
 0001:00030b74       __ftol2                    20031b74 f   LIBC:ftol2.obj
 0001:00030bf0       _strncpy                   20031bf0 f   LIBC:strncpy.obj
 0001:00030d14       _atof                      20031d14 f   LIBC:atof.obj
 0001:00030d5f       _sscanf                    20031d5f f   LIBC:sscanf.obj
 0001:00030d93       _toupper                   20031d93 f   LIBC:toupper.obj
 0001:00030e70       _memmove                   20031e70 f   LIBC:memmove.obj
 0001:000311b0       _strstr                    200321b0 f   LIBC:strstr.obj
 0001:00031236       _vsprintf                  20032236 f   LIBC:vsprintf.obj
 0001:000312a0       _strchr                    200322a0 f   LIBC:strchr.obj
 0001:000312a6       ___from_strstr_to_strchr   200322a6     LIBC:strchr.obj
 0001:00031360       __alloca_probe             20032360     LIBC:chkstk.obj
 0001:00031360       __chkstk                   20032360 f   LIBC:chkstk.obj
 0001:0003139d       _tolower                   2003239d f   LIBC:tolower.obj
 0001:00031480       _ceil                      20032480 f   LIBC:ceil_pentium4.obj
 0001:000314c0       __ceil_pentium4            200324c0 f   LIBC:ceil_pentium4.obj
 0001:00031610       _qsort                     20032610 f   LIBC:qsort.obj
 0001:00031893       __CRT_INIT@12              20032893 f   LIBC:dllcrt0.obj
 0001:0003199e       __DllMainCRTStartup@12     2003299e f   LIBC:dllcrt0.obj
 0001:00031a82       __amsg_exit                20032a82 f   LIBC:dllcrt0.obj
 0001:00031ab5       __ismbcspace               20032ab5 f   LIBC:ismbspc.obj
 0001:00031b50       __allmul                   20032b50 f   LIBC:llmul.obj
 0001:00031b84       __forcdecpt                20032b84 f   LIBC:cvt.obj
 0001:00031bdc       __cropzeros                20032bdc f   LIBC:cvt.obj
 0001:00031c27       __positive                 20032c27 f   LIBC:cvt.obj
 0001:00031c41       __fassign                  20032c41 f   LIBC:cvt.obj
 0001:00031c9c       __cftoe                    20032c9c f   LIBC:cvt.obj
 0001:00031d8d       __cftof                    20032d8d f   LIBC:cvt.obj
 0001:00031e6a       __cftog                    20032e6a f   LIBC:cvt.obj
 0001:00031f14       __cfltcvt                  20032f14 f   LIBC:cvt.obj
 0001:00031f65       __setdefaultprecision      20032f65 f   LIBC:fp8.obj
 0001:00031f77       __ms_p5_test_fdiv          20032f77 f   LIBC:testfdiv.obj
 0001:00031fb7       __ms_p5_mp_test_fdiv       20032fb7 f   LIBC:testfdiv.obj
 0001:00031fe0       __fltin                    20032fe0 f   LIBC:cfin.obj
 0001:00032080       _strlen                    20033080 f   LIBC:strlen.obj
 0001:0003210b       __isctype                  2003310b f   LIBC:isctype.obj
 0001:000321d1       __input                    200331d1 f   LIBC:input.obj
 0001:00033038       ___crtLCMapStringA         20034038 f   LIBC:a_map.obj
 0001:000333f4       __flsbuf                   200343f4 f   LIBC:_flsbuf.obj
 0001:00033598       __output                   20034598 f   LIBC:output.obj
 0001:00033d92       ___libm_error_support      20034d92 f   LIBC:libm_error.obj
 0001:00034053       ___sse2_available_init     20035053 f   LIBC:cpu_disp.obj
 0001:00034121       __ceil_default             20035121 f   LIBC:ceil.obj
 0001:000341f4       ___crtExitProcess          200351f4 f   LIBC:crt0dat.obj
 0001:00034224       __cinit                    20035224 f   LIBC:crt0dat.obj
 0001:0003434f       __exit                     2003534f f   LIBC:crt0dat.obj
 0001:00034360       __cexit                    20035360 f   LIBC:crt0dat.obj
 0001:0003436f       __ioinit                   2003536f f   LIBC:ioinit.obj
 0001:0003451a       __ioterm                   2003551a f   LIBC:ioinit.obj
 0001:0003453d       __setenvp                  2003553d f   LIBC:stdenvp.obj
 0001:00034770       __setargv                  20035770 f   LIBC:stdargv.obj
 0001:00034812       ___heap_select             20035812 f   LIBC:heapinit.obj
 0001:0003482c       __heap_init                2003582c f   LIBC:heapinit.obj
 0001:0003487d       __heap_term                2003587d f   LIBC:heapinit.obj
 0001:000348fc       ___crtGetEnvironmentStringsA 200358fc f   LIBC:a_env.obj
 0001:00034a1e       __RTC_Initialize           20035a1e f   LIBC:initsect.obj
 0001:00034a62       __RTC_Terminate            20035a62 f   LIBC:initsect.obj
 0001:00034aa6       __XcptFilter               20035aa6 f   LIBC:winxfltr.obj
 0001:00034c17       ___CppXcptFilter           20035c17 f   LIBC:winxfltr.obj
 0001:00034c32       _DllMain@12                20035c32 f   LIBC:dllmain.obj
 0001:00034c54       __SEH_prolog               20035c54 f   LIBC:sehprolg.obj
 0001:00034c8f       __SEH_epilog               20035c8f f   LIBC:sehprolg.obj
 0001:00034ca8       __except_handler3          20035ca8 f   LIBC:exsup3.obj
 0001:00034d8e       __seh_longjmp_unwind@4     20035d8e f   LIBC:exsup3.obj
 0001:00034da9       __NMSG_WRITE               20035da9 f   LIBC:crt0msg.obj
 0001:00034f20       __FF_MSGBANNER             20035f20 f   LIBC:crt0msg.obj
 0001:00034f59       ___crtGetStringTypeA       20035f59 f   LIBC:a_str.obj
 0001:000352f7       __setmbcp                  200362f7 f   LIBC:mbctype.obj
 0001:000354dd       ___initmbctable            200364dd f   LIBC:mbctype.obj
 0001:000354fb       __ZeroTail                 200364fb f   LIBC:intrncvt.obj
 0001:0003552d       __IncMan                   2003652d f   LIBC:intrncvt.obj
 0001:0003557a       __RoundMan                 2003657a f   LIBC:intrncvt.obj
 0001:000355ec       __CopyMan                  200365ec f   LIBC:intrncvt.obj
 0001:00035607       __IsZeroMan                20036607 f   LIBC:intrncvt.obj
 0001:00035620       __ShrMan                   20036620 f   LIBC:intrncvt.obj
 0001:0003569b       __ld12cvt                  2003669b f   LIBC:intrncvt.obj
 0001:000357f3       __ld12tod                  200367f3 f   LIBC:intrncvt.obj
 0001:00035809       __ld12tof                  20036809 f   LIBC:intrncvt.obj
 0001:0003581f       __atodbl                   2003681f f   LIBC:intrncvt.obj
 0001:0003585c       __atoflt                   2003685c f   LIBC:intrncvt.obj
 0001:000358a0       _strcpy                    200368a0 f   LIBC:strcat.obj
 0001:000358b0       _strcat                    200368b0 f   LIBC:strcat.obj
 0001:00035998       __fptostr                  20036998 f   LIBC:_fptostr.obj
 0001:00035a0f       ___dtold                   20036a0f f   LIBC:cfout.obj
 0001:00035ac9       __fltout                   20036ac9 f   LIBC:cfout.obj
 0001:00035b40       _memset                    20036b40 f   LIBC:memset.obj
 0001:00035ba0       __fptrap                   20036ba0 f   LIBC:crt0fp.obj
 0001:00035cc9       __control87                20036cc9 f   LIBC:ieee87.obj
 0001:00035cfb       __controlfp                20036cfb f   LIBC:ieee87.obj
 0001:00035d11       ___strgtold12              20036d11 f   LIBC:strgtold.obj
 0001:000361c9       @__security_check_cookie@4 200371c9 f   LIBC:secchk.obj
 0001:000361d7       __filbuf                   200371d7 f   LIBC:_filbuf.obj
 0001:000362b5       _ungetc                    200372b5 f   LIBC:ungetc.obj
 0001:00036321       _isspace                   20037321 f   LIBC:_ctype.obj
 0001:0003634a       _free                      2003734a f   LIBC:free.obj
 0001:00036382       _mbtowc                    20037382 f   LIBC:mbtowc.obj
 0001:0003644a       __heap_alloc               2003744a f   LIBC:malloc.obj
 0001:00036490       __nh_malloc                20037490 f   LIBC:malloc.obj
 0001:000364bc       _malloc                    200374bc f   LIBC:malloc.obj
 0001:000364ce       __resetstkoflw             200374ce f   LIBC:resetstk.obj
 0001:000365b1       ___ansicp                  200375b1 f   LIBC:convrtcp.obj
 0001:000365f4       ___convertcp               200375f4 f   LIBC:convrtcp.obj
 0001:000367bd       __lseek                    200377bd f   LIBC:lseek.obj
 0001:00036849       __write                    20037849 f   LIBC:write.obj
 0001:00036a39       __getbuf                   20037a39 f   LIBC:_getbuf.obj
 0001:00036a7d       __isatty                   20037a7d f   LIBC:isatty.obj
 0001:00036aa4       ___initstdio               20037aa4 f   LIBC:_file.obj
 0001:00036b4a       ___endstdio                20037b4a f   LIBC:_file.obj
 0001:00036b5e       _wctomb                    20037b5e f   LIBC:wctomb.obj
 0001:00036bd0       __aulldvrm                 20037bd0 f   LIBC:ulldvrm.obj
 0001:00036c65       __matherr                  20037c65 f   LIBC:matherr.obj
 0001:00036c70       _strncmp                   20037c70 f   LIBC:strncmp.obj
 0001:00036ca9       __raise_exc                20037ca9 f   LIBC:fpexcept.obj
 0001:00036f4e       __handle_exc               20037f4e f   LIBC:fpexcept.obj
 0001:00037172       __set_errno                20038172 f   LIBC:fpexcept.obj
 0001:00037198       __errcode                  20038198 f   LIBC:fpexcept.obj
 0001:000371c5       __umatherr                 200381c5 f   LIBC:fpexcept.obj
 0001:00037265       __handle_qnan1             20038265 f   LIBC:fpexcept.obj
 0001:000372b7       __except1                  200382b7 f   LIBC:fpexcept.obj
 0001:0003736f       __frnd                     2003836f f   LIBC:frnd.obj
 0001:00037380       __set_exp                  20038380 f   LIBC:util.obj
 0001:000373aa       __sptype                   200383aa f   LIBC:util.obj
 0001:00037405       __decomp                   20038405 f   LIBC:util.obj
 0001:000374c1       __statfp                   200384c1 f   LIBC:fpctrl.obj
 0001:000374cc       __clrfp                    200384cc f   LIBC:fpctrl.obj
 0001:000374d8       __ctrlfp                   200384d8 f   LIBC:fpctrl.obj
 0001:000374fc       __set_statfp               200384fc f   LIBC:fpctrl.obj
 0001:00037552       __onexit                   20038552 f   LIBC:onexit.obj
 0001:000375d4       _atexit                    200385d4 f   LIBC:onexit.obj
 0001:000375e6       ___onexitinit              200385e6 f   LIBC:onexit.obj
 0001:0003760e       ___sbh_heap_init           2003860e f   LIBC:sbheap.obj
 0001:00037656       ___sbh_find_block          20038656 f   LIBC:sbheap.obj
 0001:00037681       ___sbh_free_block          20038681 f   LIBC:sbheap.obj
 0001:00037999       ___sbh_alloc_new_region    20038999 f   LIBC:sbheap.obj
 0001:00037a50       ___sbh_alloc_new_group     20038a50 f   LIBC:sbheap.obj
 0001:00037b56       ___sbh_resize_block        20038b56 f   LIBC:sbheap.obj
 0001:00037e35       ___sbh_alloc_block         20038e35 f   LIBC:sbheap.obj
 0001:00038140       _memcpy                    20039140 f   LIBC:memcpy.obj
 0001:00038480       __global_unwind2           20039480 f   LIBC:exsup.obj
 0001:000384c2       __local_unwind2            200394c2 f   LIBC:exsup.obj
 0001:0003851a       __NLG_Return2              2003951a     LIBC:exsup.obj
 0001:0003852a       __abnormal_termination     2003952a f   LIBC:exsup.obj
 0001:0003854d       __NLG_Notify1              2003954d f   LIBC:exsup.obj
 0001:00038556       __NLG_Notify               20039556 f   LIBC:exsup.obj
 0001:00038569       __NLG_Dispatch             20039569     LIBC:exsup.obj
 0001:0003856e       __ValidateEH3RN            2003956e f   LIBC:eh3valid.obj
 0001:00038797       ___crtMessageBoxA          20039797 f   LIBC:crtmbox.obj
 0001:00038890       _calloc                    20039890 f   LIBC:calloc.obj
 0001:0003890b       ___addl                    2003990b f   LIBC:mantold.obj
 0001:0003892c       ___add_12                  2003992c f   LIBC:mantold.obj
 0001:0003898a       ___shl_12                  2003998a f   LIBC:mantold.obj
 0001:000389b8       ___shr_12                  200399b8 f   LIBC:mantold.obj
 0001:000389e5       ___mtold12                 200399e5 f   LIBC:mantold.obj
 0001:00038ac3       _$I10_OUTPUT               20039ac3 f   LIBC:x10fout.obj
 0001:00038d51       ___ld12mul                 20039d51 f   LIBC:tenpow.obj
 0001:00038f83       ___multtenpow12            20039f83 f   LIBC:tenpow.obj
 0001:00039009       ___security_init_cookie    2003a009 f   LIBC:seccinit.obj
 0001:0003906f       ___security_error_handler  2003a06f f   LIBC:secfail.obj
 0001:000391b7       __read                     2003a1b7 f   LIBC:read.obj
 0001:000393a5       __callnewh                 2003a3a5 f   LIBC:handler.obj
 0001:000393c0       __dosmaperr                2003a3c0 f   LIBC:dosmap.obj
 0001:0003941f       __free_osfhnd              2003a41f f   LIBC:osfinfo.obj
 0001:00039499       __get_osfhandle            2003a499 f   LIBC:osfinfo.obj
 0001:000394d5       __lseeki64                 2003a4d5 f   LIBC:lseeki64.obj
 0001:00039574       __fcloseall                2003a574 f   LIBC:closeall.obj
 0001:000395cc       __flush                    2003a5cc f   LIBC:fflush.obj
 0001:00039629       _fflush                    2003a629 f   LIBC:fflush.obj
 0001:000396d1       __flushall                 2003a6d1 f   LIBC:fflush.obj
 0001:000396da       _realloc                   2003a6da f   LIBC:realloc.obj
 0001:0003983c       __msize                    2003a83c f   LIBC:msize.obj
 0001:00039874       _fclose                    2003a874 f   LIBC:fclose.obj
 0001:000398ca       __commit                   2003a8ca f   LIBC:commit.obj
 0001:00039921       __close                    2003a921 f   LIBC:close.obj
 0001:000399d4       __freebuf                  2003a9d4 f   LIBC:_freebuf.obj
 0001:00039a00       _RtlUnwind@16              2003aa00 f   kernel32:KERNEL32.dll
 0002:00000000       __imp__GetCommandLineA@0   2003b000     kernel32:KERNEL32.dll
 0002:00000004       __imp__GetVersionExA@4     2003b004     kernel32:KERNEL32.dll
 0002:00000008       __imp__GetProcAddress@8    2003b008     kernel32:KERNEL32.dll
 0002:0000000c       __imp__GetModuleHandleA@4  2003b00c     kernel32:KERNEL32.dll
 0002:00000010       __imp__LCMapStringA@24     2003b010     kernel32:KERNEL32.dll
 0002:00000014       __imp__WideCharToMultiByte@32 2003b014     kernel32:KERNEL32.dll
 0002:00000018       __imp__MultiByteToWideChar@24 2003b018     kernel32:KERNEL32.dll
 0002:0000001c       __imp__GetLastError@0      2003b01c     kernel32:KERNEL32.dll
 0002:00000020       __imp__LCMapStringW@24     2003b020     kernel32:KERNEL32.dll
 0002:00000024       __imp__ExitProcess@4       2003b024     kernel32:KERNEL32.dll
 0002:00000028       __imp__TerminateProcess@8  2003b028     kernel32:KERNEL32.dll
 0002:0000002c       __imp__GetCurrentProcess@0 2003b02c     kernel32:KERNEL32.dll
 0002:00000030       __imp__SetHandleCount@4    2003b030     kernel32:KERNEL32.dll
 0002:00000034       __imp__GetStdHandle@4      2003b034     kernel32:KERNEL32.dll
 0002:00000038       __imp__GetFileType@4       2003b038     kernel32:KERNEL32.dll
 0002:0000003c       __imp__GetStartupInfoA@4   2003b03c     kernel32:KERNEL32.dll
 0002:00000040       __imp__GetModuleFileNameA@12 2003b040     kernel32:KERNEL32.dll
 0002:00000044       __imp__HeapDestroy@4       2003b044     kernel32:KERNEL32.dll
 0002:00000048       __imp__HeapCreate@12       2003b048     kernel32:KERNEL32.dll
 0002:0000004c       __imp__VirtualFree@12      2003b04c     kernel32:KERNEL32.dll
 0002:00000050       __imp__HeapFree@12         2003b050     kernel32:KERNEL32.dll
 0002:00000054       __imp__FreeEnvironmentStringsA@4 2003b054     kernel32:KERNEL32.dll
 0002:00000058       __imp__GetEnvironmentStrings@0 2003b058     kernel32:KERNEL32.dll
 0002:0000005c       __imp__FreeEnvironmentStringsW@4 2003b05c     kernel32:KERNEL32.dll
 0002:00000060       __imp__GetEnvironmentStringsW@0 2003b060     kernel32:KERNEL32.dll
 0002:00000064       __imp__UnhandledExceptionFilter@4 2003b064     kernel32:KERNEL32.dll
 0002:00000068       __imp__DisableThreadLibraryCalls@4 2003b068     kernel32:KERNEL32.dll
 0002:0000006c       __imp__WriteFile@20        2003b06c     kernel32:KERNEL32.dll
 0002:00000070       __imp__GetStringTypeA@20   2003b070     kernel32:KERNEL32.dll
 0002:00000074       __imp__GetStringTypeW@16   2003b074     kernel32:KERNEL32.dll
 0002:00000078       __imp__GetACP@0            2003b078     kernel32:KERNEL32.dll
 0002:0000007c       __imp__GetOEMCP@0          2003b07c     kernel32:KERNEL32.dll
 0002:00000080       __imp__GetCPInfo@8         2003b080     kernel32:KERNEL32.dll
 0002:00000084       __imp__HeapAlloc@12        2003b084     kernel32:KERNEL32.dll
 0002:00000088       __imp__VirtualProtect@16   2003b088     kernel32:KERNEL32.dll
 0002:0000008c       __imp__VirtualAlloc@16     2003b08c     kernel32:KERNEL32.dll
 0002:00000090       __imp__GetSystemInfo@4     2003b090     kernel32:KERNEL32.dll
 0002:00000094       __imp__VirtualQuery@12     2003b094     kernel32:KERNEL32.dll
 0002:00000098       __imp__GetLocaleInfoA@16   2003b098     kernel32:KERNEL32.dll
 0002:0000009c       __imp__SetFilePointer@16   2003b09c     kernel32:KERNEL32.dll
 0002:000000a0       __imp__RaiseException@16   2003b0a0     kernel32:KERNEL32.dll
 0002:000000a4       __imp__HeapReAlloc@16      2003b0a4     kernel32:KERNEL32.dll
 0002:000000a8       __imp__RtlUnwind@16        2003b0a8     kernel32:KERNEL32.dll
 0002:000000ac       __imp__InterlockedExchange@8 2003b0ac     kernel32:KERNEL32.dll
 0002:000000b0       __imp__LoadLibraryA@4      2003b0b0     kernel32:KERNEL32.dll
 0002:000000b4       __imp__QueryPerformanceCounter@4 2003b0b4     kernel32:KERNEL32.dll
 0002:000000b8       __imp__GetTickCount@0      2003b0b8     kernel32:KERNEL32.dll
 0002:000000bc       __imp__GetCurrentThreadId@0 2003b0bc     kernel32:KERNEL32.dll
 0002:000000c0       __imp__GetCurrentProcessId@0 2003b0c0     kernel32:KERNEL32.dll
 0002:000000c4       __imp__GetSystemTimeAsFileTime@4 2003b0c4     kernel32:KERNEL32.dll
 0002:000000c8       __imp__ReadFile@20         2003b0c8     kernel32:KERNEL32.dll
 0002:000000cc       __imp__SetStdHandle@8      2003b0cc     kernel32:KERNEL32.dll
 0002:000000d0       __imp__HeapSize@12         2003b0d0     kernel32:KERNEL32.dll
 0002:000000d4       __imp__FlushFileBuffers@4  2003b0d4     kernel32:KERNEL32.dll
 0002:000000d8       __imp__CloseHandle@4       2003b0d8     kernel32:KERNEL32.dll
 0002:000000dc       \177KERNEL32_NULL_THUNK_DATA 2003b0dc     kernel32:KERNEL32.dll
 0002:000000e0       ??_C@_01PFHFFBPC@t?$AA@    2003b0e0     ai_chat.obj
 0002:000000e4       ??_C@_01EFFIKLCJ@n?$AA@    2003b0e4     ai_chat.obj
 0002:000000e8       ??_C@_0O@OCOCOONB@sv_maxclients?$AA@ 2003b0e8     ai_chat.obj
 0002:000000f8       __real@38000100            2003b0f8     ai_chat.obj
 0002:000000fc       ??_C@_07KMNEBLH@mapname?$AA@ 2003b0fc     ai_chat.obj
 0002:00000104       ??_C@_0BB@FPHHFAJG@?$FLunknown?5weapon?$FN?$AA@ 2003b104     ai_chat.obj
 0002:00000118       ??_C@_07MKHABLGK@Grapple?$AA@ 2003b118     ai_chat.obj
 0002:00000120       ??_C@_06PNKEMFGD@BFG10K?$AA@ 2003b120     ai_chat.obj
 0002:00000128       ??_C@_0O@HOCKKNKE@Lightning?5Gun?$AA@ 2003b128     ai_chat.obj
 0002:00000138       ??_C@_07NMJDHEIK@Railgun?$AA@ 2003b138     ai_chat.obj
 0002:00000140       ??_C@_09MBHKGILD@Plasmagun?$AA@ 2003b140     ai_chat.obj
 0002:0000014c       ??_C@_0BA@DJIGCIDL@Rocket?5Launcher?$AA@ 2003b14c     ai_chat.obj
 0002:0000015c       ??_C@_0BB@GIEOMMBO@Grenade?5Launcher?$AA@ 2003b15c     ai_chat.obj
 0002:00000170       ??_C@_0L@KDNGMPND@Machinegun?$AA@ 2003b170     ai_chat.obj
 0002:0000017c       ??_C@_08ELAHAPJB@Gauntlet?$AA@ 2003b17c     ai_chat.obj
 0002:00000188       ??_C@_07DGIAOJJ@Shotgun?$AA@ 2003b188     ai_chat.obj
 0002:00000190       __real@4021cccccccccccd    2003b190     ai_chat.obj
 0002:00000198       __real@00000000            2003b198     ai_chat.obj
 0002:0000019c       __real@41200000            2003b19c     ai_chat.obj
 0002:000001a0       __real@3f800000            2003b1a0     ai_chat.obj
 0002:000001a4       __real@42000000            2003b1a4     ai_chat.obj
 0002:000001a8       __real@41c00000            2003b1a8     ai_chat.obj
 0002:000001ac       ??_C@_0L@PKHLIBCF@game_enter?$AA@ 2003b1ac     ai_chat.obj
 0002:000001b8       ??_C@_0O@IGAOFANI@?$FLinvalid?5var?$FN?$AA@ 2003b1b8     ai_chat.obj
 0002:000001c8       __real@41c80000            2003b1c8     ai_chat.obj
 0002:000001cc       ??_C@_09PIOCENHO@game_exit?$AA@ 2003b1cc     ai_chat.obj
 0002:000001d8       ??_C@_0M@CJNDJGDH@level_start?$AA@ 2003b1d8     ai_chat.obj
 0002:000001e4       ??_C@_06IMDBNOMM@vtaunt?$AA@ 2003b1e4     ai_chat.obj
 0002:000001ec       ??_C@_09PILOJEEK@level_end?$AA@ 2003b1ec     ai_chat.obj
 0002:000001f8       ??_C@_0P@LPKGAAGE@level_end_lose?$AA@ 2003b1f8     ai_chat.obj
 0002:00000208       ??_C@_0BC@GKFLFIDK@level_end_victory?$AA@ 2003b208     ai_chat.obj
 0002:0000021c       ??_C@_0O@EGKCFKBF@death_suicide?$AA@ 2003b21c     ai_chat.obj
 0002:0000022c       ??_C@_0N@INLGGPBP@death_praise?$AA@ 2003b22c     ai_chat.obj
 0002:0000023c       ??_C@_0N@EPKIJPHK@death_insult?$AA@ 2003b23c     ai_chat.obj
 0002:0000024c       ??_C@_09HPMGADCC@death_bfg?$AA@ 2003b24c     ai_chat.obj
 0002:00000258       ??_C@_0L@OLPOCBHN@death_rail?$AA@ 2003b258     ai_chat.obj
 0002:00000264       ??_C@_0P@GODBEIFH@death_gauntlet?$AA@ 2003b264     ai_chat.obj
 0002:00000278       __real@3fe0000000000000    2003b278     ai_chat.obj
 0002:00000280       ??_C@_0P@CLLHBMMH@death_telefrag?$AA@ 2003b280     ai_chat.obj
 0002:00000290       ??_C@_0P@FHLBDKHM@death_cratered?$AA@ 2003b290     ai_chat.obj
 0002:000002a0       ??_C@_0L@JGPKJCJO@death_lava?$AA@ 2003b2a0     ai_chat.obj
 0002:000002ac       ??_C@_0M@ENLBBGB@death_slime?$AA@ 2003b2ac     ai_chat.obj
 0002:000002b8       ??_C@_0M@BCPGKKBA@death_drown?$AA@ 2003b2b8     ai_chat.obj
[...]
 0003:00001ca0       __pmatherr                 20044ca0     LIBC:libm_error.obj
 0003:00001ca8       ___badioinfo               20044ca8     LIBC:ioinit.obj
 0003:00001cb0       __amblksiz                 20044cb0     LIBC:heapinit.obj
 0003:00001cb8       __XcptActTab               20044cb8     LIBC:winxfltr.obj
 0003:00001d30       __First_FPE_Indx           20044d30     LIBC:winxfltr.obj
 0003:00001d34       __Num_FPE                  20044d34     LIBC:winxfltr.obj
 0003:00001d38       __XcptActTabCount          20044d38     LIBC:winxfltr.obj
 0003:00001d3c       __fpecode                  20044d3c     LIBC:winxfltr.obj
 0003:00001f00       ___security_cookie         20044f00     LIBC:seccook.obj
 0003:00001f08       __iob                      20044f08     LIBC:_file.obj
 0003:00002190       __matherr_flag             20045190     LIBC:matherr.obj
 0003:00002288       __d_inf                    20045288     LIBC:util.obj
 0003:00002290       __d_ind                    20045290     LIBC:util.obj
 0003:00002298       __d_max                    20045298     LIBC:util.obj
 0003:000022a0       __d_min                    200452a0     LIBC:util.obj
 0003:000022a8       __d_mzero                  200452a8     LIBC:util.obj
 0003:000022d0       __NLG_Destination          200452d0     LIBC:exsup.obj
 0003:00002448       __pow10pos                 20045448     LIBC:constpow.obj
 0003:000025a8       __pow10neg                 200455a8     LIBC:constpow.obj
 0003:00002848       _c_pmove                   20045848     bg_pmove.obj
 0003:00047e58       _remapCount                2008ae58     g_utils.obj
 0003:00047ecc       _vec3_origin               2008aecc     q_math.obj
 0003:0005e0e8       ___fastflag                200a10e8     LIBC:fpinit.obj
 0003:0005e0ec       __adjust_fdiv              200a10ec     LIBC:fpinit.obj
 0003:0005e0f4       __aenvptr                  200a10f4     LIBC:dllcrt0.obj
 0003:0005e0f8       __wenvptr                  200a10f8     LIBC:dllcrt0.obj
 0003:0005e0fc       ___error_mode              200a10fc     LIBC:dllcrt0.obj
 0003:0005e100       ___app_type                200a1100     LIBC:dllcrt0.obj
 0003:0005e134       ___lc_handle               200a1134     LIBC:nlsdata2.obj
 0003:0005e14c       ___lc_codepage             200a114c     LIBC:nlsdata2.obj
 0003:0005e150       ___lc_collate_cp           200a1150     LIBC:nlsdata2.obj
 0003:0005e154       _errno                     200a1154     LIBC:crt0dat.obj
 0003:0005e158       __doserrno                 200a1158     LIBC:crt0dat.obj
 0003:0005e15c       __umaskval                 200a115c     LIBC:crt0dat.obj
 0003:0005e160       __osplatform               200a1160     LIBC:crt0dat.obj
 0003:0005e164       __osver                    200a1164     LIBC:crt0dat.obj
 0003:0005e168       __winver                   200a1168     LIBC:crt0dat.obj
 0003:0005e16c       __winmajor                 200a116c     LIBC:crt0dat.obj
 0003:0005e170       __winminor                 200a1170     LIBC:crt0dat.obj
 0003:0005e174       ___argc                    200a1174     LIBC:crt0dat.obj
 0003:0005e178       ___argv                    200a1178     LIBC:crt0dat.obj
 0003:0005e17c       ___wargv                   200a117c     LIBC:crt0dat.obj
 0003:0005e180       __environ                  200a1180     LIBC:crt0dat.obj
 0003:0005e184       ___initenv                 200a1184     LIBC:crt0dat.obj
 0003:0005e188       __wenviron                 200a1188     LIBC:crt0dat.obj
 0003:0005e18c       ___winitenv                200a118c     LIBC:crt0dat.obj
 0003:0005e190       __pgmptr                   200a1190     LIBC:crt0dat.obj
 0003:0005e194       __wpgmptr                  200a1194     LIBC:crt0dat.obj
 0003:0005e198       __exitflag                 200a1198     LIBC:crt0dat.obj
 0003:0005e19c       __C_Termination_Done       200a119c     LIBC:crt0dat.obj
 0003:0005e1a0       __C_Exit_Done              200a11a0     LIBC:crt0dat.obj
 0003:0005e2b4       __pxcptinfoptrs            200a12b4     LIBC:winxfltr.obj
 0003:0005e2b8       __adbgmsg                  200a12b8     LIBC:crt0msg.obj
 0003:0005e2f0       __cflush                   200a12f0     LIBC:_file.obj
 0003:0005e35c       ?_pnhHeap@@3P6AHI@ZA       200a135c     LIBC:handler.obj
 0003:0005e360       __newmode                  200a1360     LIBC:_newmode.obj
 0003:0005e380       _remappedShaders           200a1380     <common>
 0003:00062580       _teamgame                  200a5580     <common>
 0003:000625c0       _pushed                    200a55c0     <common>
 0003:0006a5c0       _pushed_p                  200ad5c0     <common>
 0003:0006a5e0       _g_password                200ad5e0     <common>
 0003:0006a700       _g_smoothClients           200ad700     <common>
 0003:0006a820       _g_friendlyFire            200ad820     <common>
 0003:0006a940       _g_podiumDist              200ad940     <common>
 0003:0006aa60       _g_gravity                 200ada60     <common>
 0003:0006ab80       _g_filterBan               200adb80     <common>
 0003:0006aca0       _g_entities                200adca0     <common>
 0003:00134ca0       _g_restarted               20177ca0     <common>
 0003:00134dc0       _g_quadfactor              20177dc0     <common>
 0003:00134ee0       _g_debugMove               20177ee0     <common>
 0003:00135000       _g_weaponTeamRespawn       20178000     <common>
 0003:00135120       _g_fraglimit               20178120     <common>
 0003:00135240       _g_dmflags                 20178240     <common>
 0003:00135360       _g_maxclients              20178360     <common>
 0003:00135480       _pmove_msec                20178480     <common>
 0003:001355a0       _g_synchronousClients      201785a0     <common>
 0003:001356c0       _g_knockback               201786c0     <common>
 0003:001357e0       _g_warmup                  201787e0     <common>
 0003:00135900       _g_weaponRespawn           20178900     <common>
 0003:00135a20       _g_allowVote               20178a20     <common>
 0003:00135b40       _g_debugAlloc              20178b40     <common>
 0003:00135c60       _g_dedicated               20178c60     <common>
 0003:00135d80       _g_rankings                20178d80     <common>
 0003:00135ea0       _g_timelimit               20178ea0     <common>
 0003:00135fc0       _g_needpass                20178fc0     <common>
 0003:001360e0       _g_blood                   201790e0     <common>
 0003:00136200       _g_listEntity              20179200     <common>
 0003:00136320       _g_inactivity              20179320     <common>
 0003:00136440       _g_cheats                  20179440     <common>
 0003:00136560       _g_maxGameClients          20179560     <common>
 0003:00136680       _g_speed                   20179680     <common>
 0003:001367a0       _g_log                     201797a0     <common>
 0003:001368c0       _g_teamForceBalance        201798c0     <common>
 0003:001369e0       _g_banIPs                  201799e0     <common>
 0003:00136b00       _g_gametype                20179b00     <common>
 0003:00136c20       _g_capturelimit            20179c20     <common>
 0003:00136d40       _pmove_fixed               20179d40     <common>
 0003:00136e60       _g_doWarmup                20179e60     <common>
 0003:00136f80       _g_logSync                 20179f80     <common>
 0003:001370a0       _g_teamAutoJoin            2017a0a0     <common>
 0003:001371c0       _g_podiumDrop              2017a1c0     <common>
 0003:001372e0       _g_motd                    2017a2e0     <common>
 0003:00137400       _g_debugDamage             2017a400     <common>
 0003:00137520       _g_clients                 2017a520     <common>
 0003:00143920       _g_forcerespawn            20186920     <common>
 0003:00143a40       _level                     20186a40     <common>
 0003:00145e40       _itemRegistered            20188e40     <common>
 0003:00146240       _bot_minplayers            20189240     <common>
 0003:00146350       _g_numArenas               20189350     <common>
 0003:00146354       _podium1                   20189354     <common>
 0003:00146358       _podium3                   20189358     <common>
 0003:0014635c       _podium2                   2018935c     <common>
 0003:00146360       _pml                       20189360     <common>
 0003:001463ec       _pm                        201893ec     <common>
 0003:00146400       _ctftaskpreferences        20189400     <common>
 0003:00146e00       _bot_interbreedcycle       20189e00     <common>
 0003:00146f20       _bot_saveroutingcache      20189f20     <common>
 0003:00147040       _bot_interbreedbots        2018a040     <common>
 0003:00147160       _bot_memorydump            2018a160     <common>
 0003:00147270       _bot_interbreed            2018a270     <common>
 0003:00147274       _floattime                 2018a274     <common>
 0003:00147280       _botstates                 2018a280     <common>
 0003:00147380       _bot_interbreedchar        2018a380     <common>
 0003:001474a0       _bot_developer             2018a4a0     <common>
 0003:001475c0       _bot_report                2018a5c0     <common>
 0003:001476e0       _bot_interbreedwrite       2018a6e0     <common>
 0003:00147800       _bot_testsolid             2018a800     <common>
 0003:00147910       _regularupdate_time        2018a910     <common>
 0003:00147914       _numbots                   2018a914     <common>
 0003:00147920       _bot_testclusters          2018a920     <common>
 0003:00147a30       _bot_interbreedmatchcount  2018aa30     <common>
 0003:00147a40       _bot_pause                 2018aa40     <common>
 0003:00147b60       _bot_thinktime             2018ab60     <common>
 0003:00147c80       _blue_altroutegoals        2018ac80     <common>
 0003:00147f80       _bot_nochat                2018af80     <common>
 0003:001480a0       _bot_challenge             2018b0a0     <common>
 0003:001481c0       _bot_rocketjump            2018b1c0     <common>
 0003:001482e0       _ctf_redflag               2018b2e0     <common>
 0003:00148318       _botai_freewaypoints       2018b318     <common>
 0003:00148320       _bot_testrchat             2018b320     <common>
 0003:00148440       _bot_grapple               2018b440     <common>
 0003:00148550       _altroutegoals_setup       2018b550     <common>
 0003:00148560       _lastteleport_origin       2018b560     <common>
 0003:0014856c       _lastteleport_time         2018b56c     <common>
 0003:00148570       _blue_numaltroutegoals     2018b570     <common>
 0003:00148580       _bot_predictobstacles      2018b580     <common>
 0003:00148690       _maxclients                2018b690     <common>
 0003:001486a0       _g_spSkill                 2018b6a0     <common>
 0003:001487c0       _red_altroutegoals         2018b7c0     <common>
 0003:00148ac0       _bot_fastchat              2018bac0     <common>
 0003:00148be0       _ctf_blueflag              2018bbe0     <common>
 0003:00148c18       _max_bspmodelindex         2018bc18     <common>
 0003:00148c1c       _red_numaltroutegoals      2018bc1c     <common>
 0003:00148c20       _gametype                  2018bc20     <common>
 0003:00148c40       _botai_waypoints           2018bc40     <common>
 0003:0014be40       _numnodeswitches           2018ee40     <common>
 0003:0014be60       _nodeswitch                2018ee60     <common>
 0003:0014db20       _notleader                 20190b20     <common>
 0003:0014dc20       ___sbh_pHeaderDefer        20190c20     <common>
 0003:0014dc24       ___sbh_cntHeaderList       20190c24     <common>
 0003:0014dc28       ___sbh_pHeaderList         20190c28     <common>
 0003:0014dc2c       ___sbh_threshold           20190c2c     <common>
 0003:0014dc30       ___sbh_pHeaderScan         20190c30     <common>
 0003:0014dc34       ___sbh_sizeHeaderList      20190c34     <common>
 0003:0014dc38       ___sbh_indGroupDefer       20190c38     <common>
 0003:0014dc3c       ___piob                    20190c3c     <common>
 0003:0014dc40       __bufin                    20190c40     <common>
 0003:0014ec40       __nstream                  20191c40     <common>
 0003:0014ec44       ___mblcid                  20191c44     <common>
 0003:0014ec48       ___ismbcodepage            20191c48     <common>
 0003:0014ec60       __mbctype                  20191c60     <common>
 0003:0014ed64       ___mbcodepage              20191d64     <common>
 0003:0014ed70       ___mbulinfo                20191d70     <common>
 0003:0014ed80       __mbcasemap                20191d80     <common>
 0003:0014ee80       __crtheap                  20191e80     <common>
 0003:0014ee84       ___active_heap             20191e84     <common>
 0003:0014ee88       __nhandle                  20191e88     <common>
 0003:0014eea0       ___pioinfo                 20191ea0     <common>
 0003:0014efa0       ___env_initialized         20191fa0     <common>
 0003:0014efa4       ___onexitend               20191fa4     <common>
 0003:0014efa8       ___onexitbegin             20191fa8     <common>
 0003:0014efac       ___mbctype_initialized     20191fac     <common>
 0003:0014efb0       ___use_sse2_mathfcns       20191fb0     <common>
 0003:0014efb4       ___sse2_available          20191fb4     <common>
 0003:0014efb8       __acmdln                   20191fb8     <common>
 0003:0014efbc       __pRawDllMain              20191fbc     <common>

 entry point at        0001:0003199e

 Static symbols

 0001:00004b80       _VectorCompare             20005b80 f   ai_dmnet.obj
 0001:00004cb0       _VectorLengthSquared       20005cb0 f   ai_dmnet.obj
 0001:00004cb0       _VectorLengthSquared       20005cb0 f   ai_dmnet.obj
 0001:00015e90       _PM_StartTorsoAnim         20016e90 f   bg_pmove.obj
 0001:00015eb0       _PM_ContinueLegsAnim       20016eb0 f   bg_pmove.obj
 0001:00015ef0       _PM_ForceLegsAnim          20016ef0 f   bg_pmove.obj
 0001:00015f90       _PM_Friction               20016f90 f   bg_pmove.obj
 0001:000160c0       _PM_Accelerate             200170c0 f   bg_pmove.obj
 0001:00016140       _PM_CmdScale               20017140 f   bg_pmove.obj
 0001:000161d0       _PM_SetMovementDir         200171d0 f   bg_pmove.obj
 0001:000162a0       _PM_CheckJump              200172a0 f   bg_pmove.obj
 0001:00016360       _PM_CheckWaterJump         20017360 f   bg_pmove.obj
 0001:000164c0       _PM_WaterJumpMove          200174c0 f   bg_pmove.obj
 0001:00016510       _PM_WaterMove              20017510 f   bg_pmove.obj
 0001:00016730       _PM_FlyMove                20017730 f   bg_pmove.obj
 0001:00016840       _PM_AirMove                20017840 f   bg_pmove.obj
 0001:000169c0       _PM_GrappleMove            200179c0 f   bg_pmove.obj
 0001:00016af0       _PM_WalkMove               20017af0 f   bg_pmove.obj
 0001:00016e80       _PM_DeadMove               20017e80 f   bg_pmove.obj
 0001:00016f40       _PM_NoclipMove             20017f40 f   bg_pmove.obj
 0001:00017140       _PM_FootstepForSurface     20018140 f   bg_pmove.obj
 0001:00017160       _PM_CrashLand              20018160 f   bg_pmove.obj
 0001:00017360       _PM_CorrectAllSolid        20018360 f   bg_pmove.obj
 0001:00017520       _PM_GroundTraceMissed      20018520 f   bg_pmove.obj
 0001:00017630       _PM_GroundTrace            20018630 f   bg_pmove.obj
 0001:000178a0       _PM_SetWaterLevel          200188a0 f   bg_pmove.obj
 0001:000179c0       _PM_CheckDuck              200189c0 f   bg_pmove.obj
 0001:00017be0       _PM_Footsteps              20018be0 f   bg_pmove.obj
 0001:00017df0       _PM_WaterEvents            20018df0 f   bg_pmove.obj
 0001:00017e90       _PM_BeginWeaponChange      20018e90 f   bg_pmove.obj
 0001:00017f00       _PM_FinishWeaponChange     20018f00 f   bg_pmove.obj
 0001:00017f70       _PM_TorsoAnimation         20018f70 f   bg_pmove.obj
 0001:00017ff0       _PM_Weapon                 20018ff0 f   bg_pmove.obj
 0001:00018290       _PM_Animate                20019290 f   bg_pmove.obj
 0001:000182e0       _PM_DropTimers             200192e0 f   bg_pmove.obj
 0001:0001a7e0       _SpawnModelOnVictoryPad    2001b7e0 f   g_arenas.obj
 0001:0001aaa0       _CelebrateStop             2001baa0 f   g_arenas.obj
 0001:0001aad0       _CelebrateStart            2001bad0 f   g_arenas.obj
 0001:0001ab20       _PodiumPlacementThink      2001bb20 f   g_arenas.obj
 0001:0001af50       _SpawnPodium               2001bf50 f   g_arenas.obj
 0001:0001b3d0       _G_LoadArenasFromFile      2001c3d0 f   g_bot.obj
 0001:0001b4a0       _G_LoadArenas              2001c4a0 f   g_bot.obj
 0001:0001b640       _PlayerIntroSound          2001c640 f   g_bot.obj
 0001:0001bcc0       _AddBotToSpawnQueue        2001ccc0 f   g_bot.obj
 0001:0001bef0       _G_SpawnBots               2001cef0 f   g_bot.obj
 0001:0001c030       _G_LoadBotsFromFile        2001d030 f   g_bot.obj
 0001:0001c100       _G_LoadBots                2001d100 f   g_bot.obj
 0001:0001c3f0       _G_AddBot                  2001d3f0 f   g_bot.obj
 0001:0001d240       _ClientCleanName           2001e240 f   g_client.obj
 0001:0001f4b0       _G_SayTo                   200204b0 f   g_cmds.obj
 0001:0001f7d0       _Cmd_Tell_f                200207d0 f   g_cmds.obj
 0001:0001f8a0       _G_VoiceTo                 200208a0 f   g_cmds.obj
 0001:0001f9f0       _Cmd_VoiceTell_f           200209f0 f   g_cmds.obj
 0001:0001fac0       _Cmd_VoiceTaunt_f          20020ac0 f   g_cmds.obj
 0001:000257e0       _InitShooter_Finish        200267e0 f   g_misc.obj
 0001:00026fb0       _Touch_DoorTriggerSpectator 20027fb0 f   g_mover.obj
 0001:00029750       _StringToFilter            2002a750 f   g_svcmds.obj
 0001:00029800       _UpdateIPBans              2002a800 f   g_svcmds.obj
 0001:000299e0       _AddIP                     2002a9e0 f   g_svcmds.obj
 0001:0002bcb0       _target_location_linkup    2002ccb0 f   g_target.obj
 0001:0002bdc0       _VectorLength              2002cdc0 f   g_team.obj
 0001:0002bdc0       _VectorLength              2002cdc0 f   g_team.obj
 0001:00031290       _$$$00001                  20032290 f   LIBC:strchr.obj
 0001:000315a0       _shortsort                 200325a0 f   LIBC:qsort.obj
 0001:00031c7f       __shift                    20032c7f f   LIBC:cvt.obj
 0001:00032189       __hextodec                 20033189 f   LIBC:input.obj
 0001:000321bb       __inc                      200331bb f   LIBC:input.obj
 0001:0003350a       _write_char                2003450a f   LIBC:output.obj
 0001:0003353d       _write_multi_char          2003453d f   LIBC:output.obj
 0001:00033561       _write_string              20034561 f   LIBC:output.obj
 0001:0003401e       _has_osfxsr_set            2003501e f   LIBC:cpu_disp.obj
 0001:0003428e       _doexit                    2003528e f   LIBC:crt0dat.obj
 0001:00034604       _parse_cmdline             20035604 f   LIBC:stdargv.obj
 0001:00034da9       $$$00003                   20035da9 f   LIBC:exsup3.obj
 0001:00035113       _CPtoLCID                  20036113 f   LIBC:mbctype.obj
 0001:00035142       _setSBCS                   20036142 f   LIBC:mbctype.obj
 0001:0003516b       _setSBUpLow                2003616b f   LIBC:mbctype.obj
 0001:00035ba9       __abstract_cw              20036ba9 f   LIBC:ieee87.obj
 0001:00035c3b       __hw_cw                    20036c3b f   LIBC:ieee87.obj
 0001:00036198       _report_failure            20037198 f   LIBC:secchk.obj
 0001:00038480       $$$00001                   20039480 f   LIBC:exsup.obj
 0001:000384a0       __unwind_handler           200394a0 f   LIBC:exsup.obj
 0001:000384a0       $$$00003                   200394a0 f   LIBC:exsup.obj
 0001:000384c2       $$$00005                   200394c2 f   LIBC:exsup.obj
 0001:0003852a       $$$00007                   2003952a f   LIBC:exsup.obj
 0001:0003856e       $$$00011                   2003956e f   LIBC:exsup.obj
 0001:00039664       _flsall                    2003a664 f   LIBC:fflush.obj
